12-19 22:07:15.518  3588  3643 V ActivityManager: 	at com.android.server.am.ActiveServices.startServiceLocked(ActiveServices.java:478)
12-19 22:07:15.518  3588  3643 V ActivityManager: 	at com.android.server.am.ActivityManagerService.startService(ActivityManagerService.java:18278)
12-19 22:07:15.518  3588  3643 V ActivityManager: 	at android.app.IActivityManager$Stub.onTransact(IActivityManager.java:528)
12-19 22:07:15.518  3588  3643 V ActivityManager: 	at com.android.server.am.ActivityManagerService.onTransact(ActivityManagerService.java:2919)
12-19 22:07:15.518  3588  3643 V ActivityManager: 	at android.os.Binder.execTransact(Binder.java:697)
12-19 22:07:15.518  3588  3643 V ActivityManager: Top bg start is ServiceRecord{d6eb539 u0 com.android.providers.media/.MediaScannerService}, can delay others up to 256896
12-19 22:07:15.512  3588  3643 V ActivityManager: <<< DONE EXECUTING ServiceRecord{d6eb539 u0 com.android.providers.media/.MediaScannerService}: nesting=2, inDestroying=false, app=ProcessRecord{670b77e 5007:com.android.providers.media/u0a11}
12-19 22:07:15.372  5007  5007 D AutoLinkMediaScanner: sendMessage volume:external,path:/storage/emulated/0
12-19 22:07:15.371  5007  5060 D AutoLinkMediaScanner: start scanning volume external: [/storage/emulated/0]
12-19 22:07:15.370  3588  3871 V ActivityManager: <<< DONE EXECUTING ServiceRecord{d6eb539 u0 com.android.providers.media/.MediaScannerService}: nesting=1, inDestroying=false, app=ProcessRecord{670b77e 5007:com.android.providers.media/u0a11}
12-19 22:07:15.370  3588  3871 V ActivityManager: Nesting at 0 of com.android.providers.media/.MediaScannerService
12-19 22:07:15.370  3588  3871 V ActivityManager: No more executingServices of com.android.providers.media/.MediaScannerService
12-19 22:07:15.360  5007  5060 W MediaScanner: <fastProcessDirectory> path : /storage/emulated/0
12-19 22:07:15.360  5007  5060 W MediaScanner: <doFastProcessDirectory> path : /storage/emulated/0/
12-19 22:07:15.360  5007  5060 W MediaScanner: <doFastProcessDirectoryEntry> path : /storage/emulated/0/
12-19 22:07:15.360  5007  5060 W MediaScanner: <doFastProcessDirectory> path : /storage/emulated/0/Pictures/
12-19 22:07:15.359  5007  5060 W MediaScanner: <doFastProcessDirectoryEntry> path : /storage/emulated/0/Pictures/
12-19 22:07:15.359  5007  5060 I chatty  : uid=10011(com.android.providers.media) AutoLinkMediaSc identical 2 lines
12-19 22:07:15.359  5007  5060 W MediaScanner: <doFastProcessDirectoryEntry> path : /storage/emulated/0/Pictures/
12-19 22:07:15.359  5007  5060 W MediaScanner: <doFastProcessDirectory> path : /storage/emulated/0/Download/
12-19 22:07:15.359  5007  5060 W MediaScanner: <doFastProcessDirectoryEntry> path : /storage/emulated/0/Download/
12-19 22:07:15.359  5007  5060 I chatty  : uid=10011(com.android.providers.media) AutoLinkMediaSc identical 1 line
12-19 22:07:15.359  5007  5060 W MediaScanner: <doFastProcessDirectoryEntry> path : /storage/emulated/0/Download/
12-19 22:07:15.359  5007  5060 W MediaScanner: <doFastProcessDirectory> path : /storage/emulated/0/Movies/
12-19 22:07:15.359  5007  5060 W MediaScanner: <doFastProcessDirectoryEntry> path : /storage/emulated/0/Movies/
12-19 22:07:15.359  5007  5060 I chatty  : uid=10011(com.android.providers.media) AutoLinkMediaSc identical 1 line
12-19 22:07:15.359  5007  5060 W MediaScanner: <doFastProcessDirectoryEntry> path : /storage/emulated/0/Movies/
12-19 22:07:15.359  5007  5060 W MediaScanner: <doFastProcessDirectory> path : /storage/emulated/0/DCIM/
12-19 22:07:15.359  5007  5060 W MediaScanner: <doFastProcessDirectoryEntry> path : /storage/emulated/0/DCIM/
12-19 22:07:15.359  5007  5060 I chatty  : uid=10011(com.android.providers.media) AutoLinkMediaSc identical 1 line
12-19 22:07:15.358  5007  5060 W MediaScanner: <doFastProcessDirectoryEntry> path : /storage/emulated/0/DCIM/
12-19 22:07:15.358  5007  5060 W MediaScanner: <doFastProcessDirectory> path : /storage/emulated/0/Android/
12-19 22:07:15.358  5007  5060 W MediaScanner: <doFastProcessDirectoryEntry> path : /storage/emulated/0/Android/
12-19 22:07:15.358  5007  5060 I chatty  : uid=10011(com.android.providers.media) AutoLinkMediaSc identical 1 line
12-19 22:07:15.358  5007  5060 W MediaScanner: <doFastProcessDirectoryEntry> path : /storage/emulated/0/Android/
12-19 22:07:15.358  5007  5060 W MediaScanner: <doFastProcessDirectory> path : /storage/emulated/0/Android/data/
12-19 22:07:15.358  5007  5060 W MediaScanner: <doFastProcessDirectoryEntry> path : /storage/emulated/0/Android/data/.nomedia
12-19 22:07:15.358  5007  5060 W MediaScanner: <doFastProcessDirectoryEntry> path : /storage/emulated/0/Android/data/.nomedia
12-19 22:07:15.358  5007  5060 W MediaScanner: <doFastProcessDirectory> path : /storage/emulated/0/Ringtones/
12-19 22:07:15.358  5007  5060 W MediaScanner: <doFastProcessDirectoryEntry> path : /storage/emulated/0/Ringtones/
12-19 22:07:15.358  5007  5060 I chatty  : uid=10011(com.android.providers.media) AutoLinkMediaSc identical 1 line
12-19 22:07:15.358  5007  5060 W MediaScanner: <doFastProcessDirectoryEntry> path : /storage/emulated/0/Ringtones/
12-19 22:07:15.358  5007  5060 W MediaScanner: <doFastProcessDirectory> path : /storage/emulated/0/Podcasts/
12-19 22:07:15.358  5007  5060 W MediaScanner: <doFastProcessDirectoryEntry> path : /storage/emulated/0/Podcasts/
12-19 22:07:15.358  5007  5060 I chatty  : uid=10011(com.android.providers.media) AutoLinkMediaSc identical 1 line
12-19 22:07:15.358  5007  5060 W MediaScanner: <doFastProcessDirectoryEntry> path : /storage/emulated/0/Podcasts/
12-19 22:07:15.357  5007  5060 W MediaScanner: <doFastProcessDirectory> path : /storage/emulated/0/Music/
12-19 22:07:15.357  5007  5060 W MediaScanner: <doFastProcessDirectoryEntry> path : /storage/emulated/0/Music/
12-19 22:07:15.357  5007  5060 W MediaScanner: <doFastProcessDirectoryEntry> path : /storage/emulated/0/Music/
12-19 22:07:15.351  5007  5060 I AutoLinkMediaScanner: FastScan addMediaFile type:1,path:/storage/emulated/0/Music/Beyond - 1991-life.mp3,size:1
12-19 22:07:15.351  5007  5060 W MediaScanner: <doFastProcessDirectoryEntry> path : /storage/emulated/0/Music/Beyond - 1991-life.mp3
12-19 22:07:15.351  5007  5060 W MediaScanner: <doFastProcessDirectoryEntry> path : /storage/emulated/0/Music/Beyond - 1991-life.mp3
12-19 22:07:15.351  5007  5060 W MediaScanner: <doFastProcessDirectory> path : /storage/emulated/0/Notifications/
12-19 22:07:15.351  5007  5060 W MediaScanner: <doFastProcessDirectoryEntry> path : /storage/emulated/0/Notifications/
12-19 22:07:15.351  5007  5060 I chatty  : uid=10011(com.android.providers.media) AutoLinkMediaSc identical 1 line
12-19 22:07:15.351  5007  5060 W MediaScanner: <doFastProcessDirectoryEntry> path : /storage/emulated/0/Notifications/
12-19 22:07:15.351  5007  5060 W MediaScanner: <doFastProcessDirectory> path : /storage/emulated/0/Alarms/
12-19 22:07:15.350  5007  5060 W MediaScanner: <doFastProcessDirectoryEntry> path : /storage/emulated/0/Alarms/
12-19 22:07:15.350  5007  5060 W MediaScanner: <doFastProcessDirectoryEntry> path : /storage/emulated/0/Alarms/
12-19 22:07:15.349  5007  5060 D MediaScanner:  fast scan: 13ms
12-19 22:07:15.348  5007  5060 W MediaScanner: <clearCancelScan>
12-19 22:07:15.347  5007  5060 D AutoLinkMediaScanner: done scanning volume external
12-19 22:07:15.330  5007  5061 V MediaScanner: scanFile: /storage/emulated/0/Android/data/.nomedia took 3
12-19 22:07:15.328  5007  5061 V MediaScanner: scanFile: /storage/emulated/0/Music/Beyond - 1991-life.mp3 took 1
12-19 22:07:15.321  5007  5061 V MediaScanner: pruneDeadThumbnailFiles... android.content.ContentProviderClient$CursorWrapperInner@b66ab4d
12-19 22:07:15.320  5007  5061 V MediaScanner: /pruneDeadThumbnailFiles... android.content.ContentProviderClient$CursorWrapperInner@b66ab4d
12-19 22:07:15.319  5007  5061 W MediaScanner: <clearCancelScan>
[  270.883836] sd 0:0:0:0: [sda] Attached SCSI removable disk

























12-19 22:07:44.651  4902  4915 V vold    : ----------------
12-19 22:07:44.650  4902  4915 V vold    : handleBlockEvent with action 1
12-19 22:07:44.650  4902  4915 D NetlinkEvent: NL param 'DEVPATH=/devices/platform/5b110000.cdns3/xhci-cdns3/usb1/1-1/1-1.3/1-1.3:1.0/host0/target0:0:0/0:0:0:0/block/sda'
12-19 22:07:44.650  4902  4915 D NetlinkEvent: NL param 'MAJOR=8'
12-19 22:07:44.650  4902  4915 D NetlinkEvent: NL param 'MINOR=0'
12-19 22:07:44.650  4902  4915 D NetlinkEvent: NL param 'DEVNAME=sda'
12-19 22:07:44.650  4902  4915 D NetlinkEvent: NL param 'DEVTYPE=disk'

12-19 22:07:44.643  4902  4915 V vold    : /system/bin/sgdisk
12-19 22:07:44.643  4902  4915 V vold    :     --android-dump
12-19 22:07:44.643  4902  4915 V vold    :     /dev/block/vold/disk:8,0
12-19 22:07:44.599  4902  4915 V vold    : DISK mbr
12-19 22:07:44.599  4902  4915 V vold    : 
12-19 22:07:44.599  4902  4915 V vold    : PART 1 c
12-19 22:07:44.599  4902  4915 V vold    : 

12-19 22:07:44.646  3588  3726 D VoldConnector: RCV <- {640 disk:8,0 8}
12-19 22:07:44.643  3588  3726 D VoldConnector: RCV <- {641 disk:8,0 16025387008}
12-19 22:07:44.642  3588  3726 D VoldConnector: RCV <- {642 disk:8,0 General }
12-19 22:07:44.641  3588  3726 D VoldConnector: RCV <- {644 disk:8,0 /sys//devices/platform/5b110000.cdns3/xhci-cdns3/usb1/1-1/1-1.3/1-1.3:1.0/host0/target0:0:0/0:0:0:0/block/sda}















12-19 22:07:44.596  4902  4915 V vold    : ----------------
12-19 22:07:44.596  4902  4915 V vold    : handleBlockEvent with action 1
12-19 22:07:44.596  4902  4915 D NetlinkEvent: NL param 'DEVPATH=/devices/platform/5b110000.cdns3/xhci-cdns3/usb1/1-1/1-1.3/1-1.3:1.0/host0/target0:0:0/0:0:0:0/block/sda/sda1'
12-19 22:07:44.596  4902  4915 D NetlinkEvent: NL param 'MAJOR=8'
12-19 22:07:44.596  4902  4915 D NetlinkEvent: NL param 'MINOR=1'
12-19 22:07:44.596  4902  4915 D NetlinkEvent: NL param 'DEVNAME=sda1'
12-19 22:07:44.595  4902  4915 D NetlinkEvent: NL param 'DEVTYPE=partition'
12-19 22:07:44.595  4902  4915 D NetlinkEvent: NL param 'PARTN=1'


12-19 22:07:44.596  3588  3726 D VoldConnector: RCV <- {650 public:8,1 0 "disk:8,0" ""}	//SND
12-19 22:07:44.595  3588  3726 D VoldConnector: RCV <- {651 public:8,1 0}
12-19 22:07:44.594  3588  3725 D VoldConnector: SND -> {31 volume mount public:8,1 2 0}

12-19 22:07:44.594  3588  3726 D VoldConnector: RCV <- {643 disk:8,0}


12-19 22:07:44.594  3588  3726 D VoldConnector: RCV <- {651 public:8,1 1}




12-19 22:07:44.594  4902  4917 V vold    : /system/bin/blkid
12-19 22:07:44.594  4902  4917 V vold    :     -c
12-19 22:07:44.594  4902  4917 V vold    :     /dev/null
12-19 22:07:44.594  4902  4917 V vold    :     -s
12-19 22:07:44.594  4902  4917 V vold    :     TYPE
12-19 22:07:44.594  4902  4917 V vold    :     -s
12-19 22:07:44.594  4902  4917 V vold    :     UUID
12-19 22:07:44.594  4902  4917 V vold    :     -s
12-19 22:07:44.594  4902  4917 V vold    :     LABEL
12-19 22:07:44.594  4902  4917 V vold    :     /dev/block/vold/public:8,1

12-19 22:07:44.524  4902  4917 V vold    : /dev/block/vold/public:8,1: UUID="5243-5977" TYPE="vfat" 
12-19 22:07:44.524  4902  4917 V vold    : 
12-19 22:07:44.522  3588  3726 D VoldConnector: RCV <- {652 public:8,1 vfat}
12-19 22:07:44.521  3588  3726 D VoldConnector: RCV <- {653 public:8,1 5243-5977}
12-19 22:07:44.521  3588  3726 D VoldConnector: RCV <- {654 public:8,1 }



12-19 22:07:44.521  4902  4917 V vold    : /system/bin/fsck_msdos
12-19 22:07:44.521  4902  4917 V vold    :     -p
12-19 22:07:44.521  4902  4917 V vold    :     -f
12-19 22:07:44.521  4902  4917 V vold    :     /dev/block/vold/public:8,1
12-19 22:07:44.495  4902  4917 I fsck_msdos: ** /dev/block/vold/public:8,1
12-19 22:07:44.492  4902  4917 I fsck_msdos: ** Phase 1 - Read FAT (compare skipped)
12-19 22:07:44.492  4902  4917 I fsck_msdos: Attempting to allocate 7633 KB for FAT
12-19 22:07:44.128  4902  4917 I fsck_msdos: ** Phase 2 - Check Cluster Chains
12-19 22:07:44.047  4902  4917 I fsck_msdos: ** Phase 3 - Checking Directories
12-19 22:07:45.304  4902  4917 I fsck_msdos: ** Phase 4 - Checking for Lost Files
12-19 22:07:45.283  4902  4917 I fsck_msdos: 1625 files, 1906472 free (1811173 clusters)
12-19 22:07:45.272  4902  4917 I Vold    : Filesystem check completed OK




12-19 22:07:45.271  3588  3726 D VoldConnector: RCV <- {656 public:8,1 /mnt/media_rw/5243-5977}
12-19 22:07:45.270  3588  3726 D VoldConnector: RCV <- {655 public:8,1 /storage/5243-5977}
12-19 22:07:45.239  4902  4917 V vold    : Waiting for FUSE to spin up...
12-19 22:07:45.219  5131  5131 W /system/bin/sdcard: Device explicitly enabled sdcardfs
12-19 22:07:45.189  4902  4917 V vold    : Waiting for FUSE to spin up...
12-19 22:07:45.138  3588  3726 D VoldConnector: RCV <- {651 public:8,1 2}
12-19 22:07:45.137  3588  3726 D VoldConnector: RCV <- {200 31 Command succeeded}
12-19 22:07:45.137  3588  3725 E VoldConnector: NDC Command {31 volume mount public:8,1 2 0} took too long (1457ms)

[  272.267658] FAT-fs (sda1): Volume was not properly unmounted. Some data may be corrupt. Please run fsck.
[  272.313952] sdcardfs version 2.0
[  272.322828] sdcardfs: dev_name -> /mnt/media_rw/5243-5977
[  272.330302] sdcardfs: options -> fsuid=1023,fsgid=1023,mask=6,userid=0,gid=1015
[  272.337633] sdcardfs: mnt -> ffff800071f9a3a0
[  272.342160] sdcardfs: mounted on top of /mnt/media_rw/5243-5977 type vfat
[  272.349861] Remount options were mask=18,gid=9997 for vfsmnt ffff80001f2008e0.
[  272.357128] sdcardfs : options - debug:1
[  272.361072] sdcardfs : options - gid:9997
[  272.365100] sdcardfs : options - mask:18
[  272.369404] Remount options were mask=18,gid=9997 for vfsmnt ffff80001f1b1520.
[  272.376660] sdcardfs : options - debug:1
[  272.380609] sdcardfs : options - gid:9997
[  272.384640] sdcardfs : options - mask:18