10-11 17:03:20.448  1769  1801 V AudioFlinger: registerClient() client 0xee409060, pid 3368
10-11 17:03:20.448  1769  1801 V AudioFlinger_Thread: sendConfigEvent_l() num events 1 event 0
10-11 17:03:20.448  1769  1801 V AudioFlinger_Thread: sendConfigEvent_l() num events 1 event 0
10-11 17:03:20.449  1769  1804 V AudioFlinger_Thread: thread 0xedd031c0 type MIXER TID 1804 threadLoop() mSleepTimeUs:0 mMixerStatus:2
10-11 17:03:20.449  1769  1806 V AudioFlinger_Thread: thread 0xedb83780 type MIXER TID 1806 waking up
10-11 17:03:20.449  1769  1806 V AudioFlinger_Thread: acquireWakeLock_l() AudioOut_15 status 0
10-11 17:03:20.449  1769  1806 D AudioFlinger_Thread: updateWakeLockUids_l AudioOut_15 uids:
10-11 17:03:20.449  1769  1806 V AudioFlinger_Thread: updateWakeLockUids_l() AudioOut_15 status 0
10-11 17:03:20.449  1769  1806 V AudioFlinger_Thread: thread 0xedb83780 type MIXER TID 1806 threadLoop()
10-11 17:03:20.449  1769  1806 V AudioFlinger_Thread: processConfigEvents_l() remaining events 1
10-11 17:03:20.449  1769  1806 V AudioFlinger_Thread: PlaybackThread::ioConfigChanged, thread 0xedb83780, event 0
10-11 17:03:20.450  1769  1806 V AudioFlinger_Thread: processConfigEvents_l() DONE thread 0xedb83780
10-11 17:03:20.450  1769  1806 V AudioFlinger_Thread: getTimestamp error - no valid kernel position
10-11 17:03:20.450  1769  1806 V AudioFlinger_Thread: thread 0xedb83780 type MIXER TID 1806 threadLoop() mBytesRemaining:0
10-11 17:03:20.450  1769  1806 V AudioFlinger_Thread: thread 0xedb83780 type MIXER TID 1806 threadLoop() mSleepTimeUs:10500 mMixerStatus:0
10-11 17:03:20.451  1769  1801 V AudioFlinger: createRecord() output.sessionId:33 output.selectedDeviceId:0 output.flags:0
10-11 17:03:20.451  1769  1801 V AudioPolicyIntefaceImpl: getInputForAttr (0,0,8,0x0,) 0 33 3368 0 MLS_AUDIO_RECORD (44100,0xC,1) 0x0 0 0
10-11 17:03:20.452  1769  1801 V APM_AudioPolicyManager: getInputForAttr() source 8, sampling rate 44100, format 0x1, channel mask 0xc,session 33, flags 0
10-11 17:03:20.452  1769  1801 V APM_AudioPolicyManager: getInputForAttr() tags()
10-11 17:03:20.452  1769  1801 V APM_AudioPolicyManager: getInputForAttr() availableDeviceTypes(0x104) selectedDeviceFromMix(0)
10-11 17:03:20.452  1769  1801 V APM_AudioPolicyManager: getInputForAttr() device 0x80000100
10-11 17:03:20.452  1769  1801 I AudioFlinger: openInput() this 0xee7be000, module 34 Device 0x80000100, SamplingRate 48000, Format 0x000001, Channels 0xc, flags 0,addr 0
10-11 17:03:20.458  1769  1801 V AudioFlinger: openInput_l() openInputStream returned input 0xee413460, devices 0x80000100, SamplingRate 48000, Format 0x1, Channels 0xc, flags 0, status 0 addr 0
10-11 17:03:20.460  1769  1801 V AudioFlinger_Thread: 0xec383ec0 RecordThread params: mChannelCount=2, mFormat=0x1, mFrameSize=4, mBufferSize=4096, mFrameCount=1024
10-11 17:03:20.460  1769  1801 V AudioFlinger_Thread: 0xec383ec0 kUseFastCapture = Static, (1024 * 1000) / 48000 vs 12, initFastCapture = 0
10-11 17:03:20.461  1769  1801 V AudioFlinger: openInput_l() created record thread: ID 30 thread 0xec383ec0
10-11 17:03:20.461  1769  1806 V AudioFlinger_Thread: thread 0xedb83780 type MIXER TID 1806 threadLoop()
10-11 17:03:20.461  1769  1806 V AudioFlinger_Thread: getTimestamp error - no valid kernel position
10-11 17:03:20.461  1769  1806 V AudioFlinger_Thread: thread 0xedb83780 type MIXER TID 1806 threadLoop() mBytesRemaining:0
10-11 17:03:20.461  1769  1806 V AudioFlinger_Thread: thread 0xedb83780 type MIXER TID 1806 threadLoop() mSleepTimeUs:10500 mMixerStatus:0
10-11 17:03:20.461  1769  3374 I AudioFlinger_Thread: AudioFlinger's thread 0xec383ec0 tid=3374 ready to run
10-11 17:03:20.461  1769  1801 V AudioPolicyService: AudioCommandThread() adding update audio port list
10-11 17:03:20.461  1769  1801 V AudioPolicyService: inserting command: 9 at index 0, num commands 0
10-11 17:03:20.462  1769  1799 V AudioPolicyService: AudioCommandThread() processing update audio port list
10-11 17:03:20.462  1769  1799 V AudioPolicyService: AudioCommandThread() going to sleep
10-11 17:03:20.462  1769  1801 V APM_AudioPolicyManager: getInputForAttr() returns input 30 type 1 selectedDeviceId 10
10-11 17:03:20.462  1769  1801 V AudioPolicyIntefaceImpl: getInputForAttr inputType:1 
10-11 17:03:20.462  1769  1801 V AudioFlinger: createRecord() lSessionId: 33 input 30
10-11 17:03:20.462  1769  1801 V AudioFlinger: createRecord() output.selectedDeviceId: 10 portId 12
10-11 17:03:20.462  1769  1769 V APM_AudioPolicyManager: listAudioPorts() role 0 type 0 num_ports 0 ports 0xee797140
10-11 17:03:20.462  1769  3374 V AudioFlinger_Thread: acquireWakeLock_l() AudioIn_1E status 0
10-11 17:03:20.462  1769  1769 V APM_AudioPolicyManager: listAudioPorts() got 0 ports needed 7
10-11 17:03:20.462  1769  3374 D AudioFlinger_Thread: updateWakeLockUids_l AudioIn_1E uids:
10-11 17:03:20.462  1769  3374 V AudioFlinger_Thread: updateWakeLockUids_l() AudioIn_1E status 0
10-11 17:03:20.462  1769  1980 V APM_AudioPolicyManager: listAudioPorts() role 0 type 0 num_ports 0 ports 0xee7971a8
10-11 17:03:20.462  1769  1980 V APM_AudioPolicyManager: listAudioPorts() got 0 ports needed 7
10-11 17:03:20.462  1769  1769 V APM_AudioPolicyManager: listAudioPorts() role 0 type 0 num_ports 7 ports 0xee7f8000
10-11 17:03:20.463  1769  1769 V APM_AudioPolicyManager: listAudioPorts() got 7 ports needed 7
10-11 17:03:20.463  1769  1980 V APM_AudioPolicyManager: listAudioPorts() role 0 type 0 num_ports 7 ports 0xede85800
10-11 17:03:20.463  1769  3374 V AudioFlinger_Thread: releaseWakeLock_l() AudioIn_1E
10-11 17:03:20.463  1769  1980 V APM_AudioPolicyManager: listAudioPorts() got 7 ports needed 7
10-11 17:03:20.463  1769  3374 V AudioFlinger_Thread: RecordThread: loop stopping
10-11 17:03:20.466  1769  1801 V AudioFlinger: getOrphanEffectChain_l session 33 index -2
10-11 17:03:20.467  1769  1801 V AudioFlinger: acquiring 33 from 3368, for -1
10-11 17:03:20.467  1769  1801 V AudioFlinger:  added new entry for 33
10-11 17:03:20.467  1769  1801 V AudioFlinger_Track: RecordHandle::start()
10-11 17:03:20.467  1769  1801 V AudioFlinger_Thread: RecordThread::start event 0, triggerSession 0
10-11 17:03:20.467  1769  1801 V APM_AudioPolicyManager: AudioPolicyManager::startInput(input:30, session:33, silenced:0, concurrency:0)
10-11 17:03:20.467  1769  1801 V APM_AudioPolicyManager: getInputForAttr() availableDeviceTypes(0x104) selectedDeviceFromMix(0)
10-11 17:03:20.467  1769  1801 V AudioPolicyService: AudioCommandThread() adding create patch delay 0
10-11 17:03:20.467  1769  1801 V AudioPolicyService: inserting command: 7 at index 0, num commands 0
10-11 17:03:20.467  1769  1798 V AudioPolicyService: AudioCommandThread() processing create audio patch
10-11 17:03:20.468  1769  1798 V AudioFlinger_Thread: sendConfigEvent_l() num events 1 event 3
10-11 17:03:20.468  1769  3374 V AudioFlinger_Thread: RecordThread: loop starting
10-11 17:03:20.468  1769  3374 V AudioFlinger_Thread: acquireWakeLock_l() AudioIn_1E status 0
10-11 17:03:20.468  1769  3374 D AudioFlinger_Thread: updateWakeLockUids_l AudioIn_1E uids:0 
10-11 17:03:20.468  1769  3374 V AudioFlinger_Thread: updateWakeLockUids_l() AudioIn_1E status 0
10-11 17:03:20.468  1769  3374 V AudioFlinger_Thread: processConfigEvents_l() remaining events 1
10-11 17:03:20.469  1769  3374 V AudioFlinger_Thread: sendConfigEvent_l() num events 1 event 0
10-11 17:03:20.469  1769  3374 V AudioFlinger_Thread: processConfigEvents_l() remaining events 1
10-11 17:03:20.469  1769  3374 V AudioFlinger_Thread: processConfigEvents_l() DONE thread 0xec383ec0
10-11 17:03:20.470  1769  1798 V AudioPolicyService: AudioCommandThread() going to sleep
10-11 17:03:20.470  1769  1801 V APM_AudioPolicyManager: setInputDevice() createAudioPatch returned 0 patchHandle 28
10-11 17:03:20.471  1769  1801 V AudioPolicyService: AudioCommandThread() adding recording configuration update event 1, source 8 uid 0
10-11 17:03:20.471  1769  1801 V AudioPolicyService: inserting command: 13 at index 0, num commands 0
10-11 17:03:20.471  1769  1801 V AudioPolicyService: AudioCommandThread() adding update audio patch list
10-11 17:03:20.471  1769  1799 V AudioPolicyService: AudioCommandThread() processing recording configuration update
10-11 17:03:20.471  1769  1801 V AudioPolicyService: inserting command: 10 at index 0, num commands 0
10-11 17:03:20.471  1769  1799 V AudioPolicyService: AudioCommandThread() processing update audio patch list
10-11 17:03:20.471  1769  1801 V APM_AudioPolicyManager: setDeviceConnectionStateInt() device: 0x8000, state 1, address 0 name remote-submix
10-11 17:03:20.471  1769  1801 V APM_AudioPolicyManager: setDeviceConnectionState() connecting device 8000
10-11 17:03:20.471  1769  1799 V AudioPolicyService: AudioCommandThread() going to sleep
10-11 17:03:20.471  1769  1801 V AudioPolicyService: AudioCommandThread() adding set parameter string 0=;connect=32768, io 0 ,delay 0
10-11 17:03:20.471  1769  1801 V AudioPolicyService: inserting command: 3 at index 0, num commands 0
10-11 17:03:20.471  1769  1798 V AudioPolicyService: AudioCommandThread() processing set parameters string 0=;connect=32768, io 0
10-11 17:03:20.471  1769  1798 V AudioFlinger: setParameters(): io 0, keyvalue 0=;connect=32768, calling pid 1769 calling uid 1041
10-11 17:03:20.471  1769  1798 V AudioFlinger: setParameters: filtered keyvalue 0=;connect=32768
10-11 17:03:20.472  1769  1804 V AudioFlinger_Thread: thread 0xedd031c0 type MIXER TID 1804 threadLoop()
10-11 17:03:20.472  1769  1806 V AudioFlinger_Thread: thread 0xedb83780 type MIXER TID 1806 threadLoop()
10-11 17:03:20.472  1769  1804 V AudioFlinger_Thread: processConfigEvents_l() remaining events 1
10-11 17:03:20.472  1769  1804 V AudioFlinger_Thread: PlaybackThread::ioConfigChanged, thread 0xedd031c0, event 0
10-11 17:03:20.472  1769  1804 V AudioFlinger_Thread: processConfigEvents_l() DONE thread 0xedd031c0
10-11 17:03:20.472  1769  1806 V AudioFlinger_Thread: getTimestamp error - no valid kernel position
10-11 17:03:20.472  1769  1804 V AudioFlinger_Thread: getTimestamp error - no valid kernel position
10-11 17:03:20.472  1769  1806 V AudioFlinger_Thread: thread 0xedb83780 type MIXER TID 1806 threadLoop() mBytesRemaining:0
10-11 17:03:20.472  1769  1804 V AudioFlinger_Thread: track 0 s=00071019 [OK] on thread 0xedd031c0
10-11 17:03:20.472  1769  1806 V AudioFlinger_Thread: thread 0xedb83780 type MIXER TID 1806 threadLoop() mSleepTimeUs:10500 mMixerStatus:0
10-11 17:03:20.472  1769  1804 V AudioFlinger_Thread: thread 0xedd031c0 type MIXER TID 1804 threadLoop() mBytesRemaining:0
10-11 17:03:20.473  1769  1804 V AudioFlinger_Thread: thread 0xedd031c0 type MIXER TID 1804 threadLoop() mSleepTimeUs:0 mMixerStatus:2
10-11 17:03:20.474  1769  1798 V AudioPolicyService: AudioCommandThread() going to sleep
10-11 17:03:20.474  1769  1801 V APM_AudioPolicyManager: checkOutputsForDevice(): adding profile 0 from module r_submix
10-11 17:03:20.474  1769  1801 V APM_AudioPolicyManager:   found 1 profiles, 0 outputs
10-11 17:03:20.474  1769  1801 V APM_AudioPolicyManager: opening output for device 00008000 with params 0 profile 0xee7c3640 name r_submix output
10-11 17:03:20.474  1769  1801 I AudioFlinger: openOutput() this 0xee7be000, module 34 Device 0x8000, SamplingRate 48000, Format 0x000001, Channels 0x3, flags 0,addr 0
10-11 17:03:20.476  1769  1801 V AudioFlinger: openOutput_l() openOutputStream returned output 0xee438348, devices 0x8000, SamplingRate 48000, Format 0x1, Channels 0x3, flags 0, status 0 addr 0
10-11 17:03:20.477  1769  1801 I AudioFlinger_Thread: HAL output buffer size 1024 frames, normal sink buffer size 1024 frames
10-11 17:03:20.477  1769  1801 V AudioFlinger_Thread: MixerThread() id=29 device=0x8000 type=MIXER
10-11 17:03:20.477  1769  1801 V AudioFlinger_Thread: mSampleRate=48000, mChannelMask=0x3, mChannelCount=2, mFormat=0x1, mFrameSize=4, mFrameCount=1024, mNormalFrameCount=1024
10-11 17:03:20.478  1769  1801 V AudioFlinger: openOutput_l() created mixer output: ID 29 thread 0xec183500
10-11 17:03:20.478  1769  1801 V AudioFlinger_Thread: PlaybackThread::ioConfigChanged, thread 0xec183500, event 1
10-11 17:03:20.478  1769  3375 I AudioFlinger_Thread: AudioFlinger's thread 0xec183500 tid=3375 ready to run
10-11 17:03:20.479  1769  1801 V AudioPolicyService: AudioCommandThread() adding set parameter string mix=0, io 29 ,delay 0
10-11 17:03:20.479  1769  1801 V AudioPolicyService: inserting command: 3 at index 0, num commands 0
10-11 17:03:20.479  1769  1798 V AudioPolicyService: AudioCommandThread() processing set parameters string mix=0, io 29
10-11 17:03:20.479  1769  1798 V AudioFlinger: setParameters(): io 29, keyvalue mix=0, calling pid 1769 calling uid 1041
10-11 17:03:20.479  1769  1798 V AudioFlinger: setParameters: filtered keyvalue mix=0
10-11 17:03:20.479  1769  1798 V AudioFlinger_Thread: ThreadBase::setParameters() mix=0
10-11 17:03:20.480  1769  3375 V AudioFlinger_Thread: acquireWakeLock_l() AudioOut_1D status 0
10-11 17:03:20.480  1769  3375 D AudioFlinger_Thread: updateWakeLockUids_l AudioOut_1D uids:
10-11 17:03:20.481  1769  3375 V AudioFlinger_Thread: updateWakeLockUids_l() AudioOut_1D status 0

10-11 17:03:20.481  1769  3375 D AudioFlinger_Thread: ro.audio.silent will be ignored for threads on AUDIO_DEVICE_OUT_REMOTE_SUBMIX



10-11 17:03:20.481  1769  3375 V AudioFlinger_Thread: thread 0xec183500 type MIXER TID 3375 threadLoop()
10-11 17:03:20.481  1769  1798 V AudioFlinger_Thread: sendConfigEvent_l() num events 1 event 2
10-11 17:03:20.481  1769  3375 V AudioFlinger_Thread: processConfigEvents_l() remaining events 1
10-11 17:03:20.481  1769  3375 V AudioFlinger_Thread: processConfigEvents_l() DONE thread 0xec183500
10-11 17:03:20.482  1769  3375 V AudioFlinger_Thread: Audio hardware entering standby, mixer 0xec183500, suspend count 0
10-11 17:03:20.482  1769  3375 V AudioFlinger_Thread: releaseWakeLock_l() AudioOut_1D
10-11 17:03:20.482  1769  3375 V AudioFlinger_Thread: thread 0xec183500 type MIXER TID 3375 going to sleep
10-11 17:03:20.482  1769  1798 V AudioPolicyService: AudioCommandThread() going to sleep
10-11 17:03:20.482  1769  1801 V AudioPolicyService: AudioCommandThread() adding set volume stream 0, volume 0.508023, output 29
10-11 17:03:20.482  1769  1801 V AudioPolicyService: inserting command: 2 at index 0, num commands 0
10-11 17:03:20.482  1769  1798 V AudioPolicyService: AudioCommandThread() processing set volume stream 0,                             volume 0.508023, output 29
10-11 17:03:20.482  1769  3375 V AudioFlinger_Thread: thread 0xec183500 type MIXER TID 3375 waking up
10-11 17:03:20.482  1769  1798 V AudioPolicyService: AudioCommandThread() going to sleep
10-11 17:03:20.482  1769  1801 V AudioPolicyService: AudioCommandThread() adding set voice volume volume 0.800000
10-11 17:03:20.483  1769  1801 V AudioPolicyService: inserting command: 4 at index 0, num commands 0
10-11 17:03:20.483  1769  1798 V AudioPolicyService: AudioCommandThread() processing set voice volume volume 0.800000
10-11 17:03:20.483  1769  1806 V AudioFlinger_Thread: thread 0xedb83780 type MIXER TID 1806 threadLoop()
10-11 17:03:20.483  1769  1798 V AudioPolicyService: AudioCommandThread() going to sleep
10-11 17:03:20.483  1769  3375 V AudioFlinger_Thread: acquireWakeLock_l() AudioOut_1D status 0
10-11 17:03:20.483  1769  3375 D AudioFlinger_Thread: updateWakeLockUids_l AudioOut_1D uids:
10-11 17:03:20.483  1769  1801 V AudioPolicyService: AudioCommandThread() adding set volume stream 1, volume 0.283754, output 29
10-11 17:03:20.483  1769  1801 V AudioPolicyService: inserting command: 2 at index 0, num commands 0
10-11 17:03:20.483  1769  3375 V AudioFlinger_Thread: updateWakeLockUids_l() AudioOut_1D status 0


10-11 17:03:20.483  1769  3375 D AudioFlinger_Thread: ro.audio.silent will be ignored for threads on AUDIO_DEVICE_OUT_REMOTE_SUBMIX

10-11 17:03:20.483  1769  1806 V AudioFlinger_Thread: getTimestamp error - no valid kernel position
10-11 17:03:20.483  1769  3375 V AudioFlinger_Thread: thread 0xec183500 type MIXER TID 3375 threadLoop()
10-11 17:03:20.483  1769  1798 V AudioPolicyService: AudioCommandThread() processing set volume stream 1,                             volume 0.283754, output 29
10-11 17:03:20.483  1769  1806 V AudioFlinger_Thread: thread 0xedb83780 type MIXER TID 1806 threadLoop() mBytesRemaining:0
10-11 17:03:20.483  1769  1806 V AudioFlinger_Thread: thread 0xedb83780 type MIXER TID 1806 threadLoop() mSleepTimeUs:10500 mMixerStatus:0
10-11 17:03:20.483  1769  3375 V AudioFlinger_Thread: thread 0xec183500 type MIXER TID 3375 threadLoop() mBytesRemaining:0
10-11 17:03:20.483  1769  1798 V AudioPolicyService: AudioCommandThread() going to sleep
10-11 17:03:20.483  1769  3375 V AudioFlinger_Thread: thread 0xec183500 type MIXER TID 3375 threadLoop() mSleepTimeUs:10500 mMixerStatus:0
10-11 17:03:20.483  1769  3375 V AudioFlinger_Thread: thread 0xec183500 type MIXER TID 3375 threadLoop()
10-11 17:03:20.483  1769  1801 V AudioPolicyService: AudioCommandThread() adding set volume stream 2, volume 0.367283, output 29
10-11 17:03:20.483  1769  1801 V AudioPolicyService: inserting command: 2 at index 0, num commands 0
10-11 17:03:20.484  1769  1798 V AudioPolicyService: AudioCommandThread() processing set volume stream 2,                             volume 0.367283, output 29
10-11 17:03:20.484  1769  3375 V AudioFlinger_Thread: thread 0xec183500 type MIXER TID 3375 threadLoop() mBytesRemaining:0
10-11 17:03:20.484  1769  1798 V AudioPolicyService: AudioCommandThread() going to sleep
10-11 17:03:20.484  1769  3375 V AudioFlinger_Thread: thread 0xec183500 type MIXER TID 3375 threadLoop() mSleepTimeUs:10500 mMixerStatus:0
10-11 17:03:20.484  1769  3375 V AudioFlinger_Thread: thread 0xec183500 type MIXER TID 3375 threadLoop()
10-11 17:03:20.484  1769  1801 V AudioPolicyService: AudioCommandThread() adding set volume stream 3, volume 0.077849, output 29
10-11 17:03:20.484  1769  1801 V AudioPolicyService: inserting command: 2 at index 0, num commands 0
10-11 17:03:20.484  1769  1798 V AudioPolicyService: AudioCommandThread() processing set volume stream 3,                             volume 0.077849, output 29
10-11 17:03:20.484  1769  3375 V AudioFlinger_Thread: thread 0xec183500 type MIXER TID 3375 threadLoop() mBytesRemaining:0
10-11 17:03:20.484  1769  1798 V AudioPolicyService: AudioCommandThread() going to sleep
10-11 17:03:20.484  1769  3375 V AudioFlinger_Thread: thread 0xec183500 type MIXER TID 3375 threadLoop() mSleepTimeUs:10500 mMixerStatus:0
10-11 17:03:20.484  1769  3375 V AudioFlinger_Thread: thread 0xec183500 type MIXER TID 3375 threadLoop()
10-11 17:03:20.484  1769  1801 V AudioPolicyService: AudioCommandThread() adding set volume stream 4, volume 0.251189, output 29
10-11 17:03:20.484  1769  1801 V AudioPolicyService: inserting command: 2 at index 0, num commands 0
10-11 17:03:20.484  1769  1798 V AudioPolicyService: AudioCommandThread() processing set volume stream 4,                             volume 0.251189, output 29
10-11 17:03:20.484  1769  3375 V AudioFlinger_Thread: thread 0xec183500 type MIXER TID 3375 threadLoop() mBytesRemaining:0
10-11 17:03:20.484  1769  1798 V AudioPolicyService: AudioCommandThread() going to sleep
10-11 17:03:20.484  1769  3375 V AudioFlinger_Thread: thread 0xec183500 type MIXER TID 3375 threadLoop() mSleepTimeUs:10500 mMixerStatus:0
10-11 17:03:20.484  1769  3375 V AudioFlinger_Thread: thread 0xec183500 type MIXER TID 3375 threadLoop()
10-11 17:03:20.484  1769  1801 V AudioPolicyService: AudioCommandThread() adding set volume stream 5, volume 0.367283, output 29
10-11 17:03:20.484  1769  1801 V AudioPolicyService: inserting command: 2 at index 0, num commands 0
10-11 17:03:20.484  1769  1798 V AudioPolicyService: AudioCommandThread() processing set volume stream 5,                             volume 0.367283, output 29
10-11 17:03:20.484  1769  3375 V AudioFlinger_Thread: thread 0xec183500 type MIXER TID 3375 threadLoop() mBytesRemaining:0
10-11 17:03:20.484  1769  1798 V AudioPolicyService: AudioCommandThread() going to sleep
10-11 17:03:20.484  1769  3375 V AudioFlinger_Thread: thread 0xec183500 type MIXER TID 3375 threadLoop() mSleepTimeUs:10500 mMixerStatus:0
10-11 17:03:20.484  1769  3375 V AudioFlinger_Thread: thread 0xec183500 type MIXER TID 3375 threadLoop()
10-11 17:03:20.484  1769  1801 V APM_AudioPolicyManager: checkAndSetVolume() cannot set stream 6 volume with force use = 0 for comm
10-11 17:03:20.485  1769  1801 V AudioPolicyService: AudioCommandThread() adding set volume stream 7, volume 0.278047, output 29
10-11 17:03:20.485  1769  1801 V AudioPolicyService: inserting command: 2 at index 0, num commands 0
10-11 17:03:20.485  1769  1798 V AudioPolicyService: AudioCommandThread() processing set volume stream 7,                             volume 0.278047, output 29
10-11 17:03:20.485  1769  3375 V AudioFlinger_Thread: thread 0xec183500 type MIXER TID 3375 threadLoop() mBytesRemaining:0
10-11 17:03:20.485  1769  1798 V AudioPolicyService: AudioCommandThread() going to sleep
10-11 17:03:20.485  1769  3375 V AudioFlinger_Thread: thread 0xec183500 type MIXER TID 3375 threadLoop() mSleepTimeUs:10500 mMixerStatus:0
10-11 17:03:20.485  1769  3375 V AudioFlinger_Thread: thread 0xec183500 type MIXER TID 3375 threadLoop()
10-11 17:03:20.485  1769  1801 V AudioPolicyService: AudioCommandThread() adding set volume stream 8, volume 0.289578, output 29
10-11 17:03:20.485  1769  1801 V AudioPolicyService: inserting command: 2 at index 0, num commands 0
10-11 17:03:20.485  1769  1798 V AudioPolicyService: AudioCommandThread() processing set volume stream 8,                             volume 0.289578, output 29
10-11 17:03:20.485  1769  3375 V AudioFlinger_Thread: thread 0xec183500 type MIXER TID 3375 threadLoop() mBytesRemaining:0
10-11 17:03:20.485  1769  1798 V AudioPolicyService: AudioCommandThread() going to sleep
10-11 17:03:20.485  1769  3375 V AudioFlinger_Thread: thread 0xec183500 type MIXER TID 3375 threadLoop() mSleepTimeUs:10500 mMixerStatus:0
10-11 17:03:20.485  1769  3375 V AudioFlinger_Thread: thread 0xec183500 type MIXER TID 3375 threadLoop()
10-11 17:03:20.485  1769  1801 V AudioPolicyService: AudioCommandThread() adding set volume stream 9, volume 1.000000, output 29
10-11 17:03:20.485  1769  1801 V AudioPolicyService: inserting command: 2 at index 0, num commands 0
10-11 17:03:20.485  1769  1798 V AudioPolicyService: AudioCommandThread() processing set volume stream 9,                             volume 1.000000, output 29
10-11 17:03:20.485  1769  3375 V AudioFlinger_Thread: thread 0xec183500 type MIXER TID 3375 threadLoop() mBytesRemaining:0
10-11 17:03:20.485  1769  1798 V AudioPolicyService: AudioCommandThread() going to sleep
10-11 17:03:20.485  1769  3375 V AudioFlinger_Thread: thread 0xec183500 type MIXER TID 3375 threadLoop() mSleepTimeUs:10500 mMixerStatus:0
10-11 17:03:20.485  1769  3375 V AudioFlinger_Thread: thread 0xec183500 type MIXER TID 3375 threadLoop()
10-11 17:03:20.485  1769  1801 V AudioPolicyService: AudioCommandThread() adding set volume stream 10, volume 0.088869, output 29
10-11 17:03:20.485  1769  1801 V AudioPolicyService: inserting command: 2 at index 0, num commands 0
10-11 17:03:20.485  1769  1798 V AudioPolicyService: AudioCommandThread() processing set volume stream 10,                             volume 0.088869, output 29
10-11 17:03:20.485  1769  3375 V AudioFlinger_Thread: thread 0xec183500 type MIXER TID 3375 threadLoop() mBytesRemaining:0
10-11 17:03:20.485  1769  1798 V AudioPolicyService: AudioCommandThread() going to sleep
10-11 17:03:20.485  1769  3375 V AudioFlinger_Thread: thread 0xec183500 type MIXER TID 3375 threadLoop() mSleepTimeUs:10500 mMixerStatus:0
10-11 17:03:20.485  1769  3375 V AudioFlinger_Thread: thread 0xec183500 type MIXER TID 3375 threadLoop()
10-11 17:03:20.486  1769  1801 V AudioPolicyService: AudioCommandThread() adding set volume stream 11, volume 1.000000, output 29
10-11 17:03:20.486  1769  1801 V AudioPolicyService: inserting command: 2 at index 0, num commands 0
10-11 17:03:20.486  1769  1798 V AudioPolicyService: AudioCommandThread() processing set volume stream 11,                             volume 1.000000, output 29
10-11 17:03:20.486  1769  3375 V AudioFlinger_Thread: thread 0xec183500 type MIXER TID 3375 threadLoop() mBytesRemaining:0
10-11 17:03:20.486  1769  1798 V AudioPolicyService: AudioCommandThread() going to sleep
10-11 17:03:20.486  1769  3375 V AudioFlinger_Thread: thread 0xec183500 type MIXER TID 3375 threadLoop() mSleepTimeUs:10500 mMixerStatus:0
10-11 17:03:20.486  1769  3375 V AudioFlinger_Thread: thread 0xec183500 type MIXER TID 3375 threadLoop()
10-11 17:03:20.486  1769  1801 V AudioPolicyService: AudioCommandThread() adding set parameter string mono_output=0, io 29 ,delay 0
10-11 17:03:20.486  1769  1801 V AudioPolicyService: inserting command: 3 at index 0, num commands 0
10-11 17:03:20.486  1769  1798 V AudioPolicyService: AudioCommandThread() processing set parameters string mono_output=0, io 29
10-11 17:03:20.486  1769  1798 V AudioFlinger: setParameters(): io 29, keyvalue mono_output=0, calling pid 1769 calling uid 1041
10-11 17:03:20.486  1769  3375 V AudioFlinger_Thread: thread 0xec183500 type MIXER TID 3375 threadLoop() mBytesRemaining:0
10-11 17:03:20.486  1769  1798 V AudioFlinger: setParameters: filtered keyvalue mono_output=0
10-11 17:03:20.486  1769  3375 V AudioFlinger_Thread: thread 0xec183500 type MIXER TID 3375 threadLoop() mSleepTimeUs:10500 mMixerStatus:0
10-11 17:03:20.486  1769  1798 V AudioFlinger_Thread: ThreadBase::setParameters() mono_output=0
10-11 17:03:20.486  1769  1798 V AudioPolicyService: AudioCommandThread() going to sleep
10-11 17:03:20.486  1769  1801 V AudioFlinger: moveEffects() session 0, srcOutput 13, dstOutput 29
10-11 17:03:20.486  1769  1801 V AudioFlinger: moveEffectChain_l() session 0 from thread 0xedd031c0 to thread 0xec183500
10-11 17:03:20.486  1769  1801 W AudioFlinger: moveEffectChain_l() effect chain for session 0 not on source thread 0xedd031c0
10-11 17:03:20.486  1769  1801 V APM_AudioPolicyManager: selectOutputForMusicEffects selected output 29






10-11 17:03:20.486  1769  1801 V AudioFlinger: openDuplicateOutput() output1:0x1d output2:0xd
10-11 17:03:20.487  1769  1801 I AudioFlinger_Thread: HAL output buffer size 1024 frames, normal sink buffer size 1024 frames
10-11 17:03:20.487  1769  1801 V AudioFlinger_Thread: MixerThread() id=37 device=0x8000 type=DUPLICATING
10-11 17:03:20.487  1769  1801 V AudioFlinger_Thread: mSampleRate=48000, mChannelMask=0x3, mChannelCount=2, mFormat=0x5, mFrameSize=8, mFrameCount=1024, mNormalFrameCount=1024
10-11 17:03:20.487  1769  1801 V AudioFlinger_Thread: DuplicatingThread::addOutputTrack() mainThread 0xec183500
10-11 17:03:20.487  1769  1801 V AudioFlinger_Track: OutputTrack constructor mCblk 0xec254c00, mBuffer 0xec254ce0, frameCount 3072, mChannelMask 0x00000003
10-11 17:03:20.487  1769  1801 V AudioFlinger_Thread: DuplicatingThread::addOutputTrack() track 0xec251000, on thread 0xec183500
10-11 17:03:20.487  1769  3375 V AudioFlinger_Thread: thread 0xec183500 type MIXER TID 3375 threadLoop()
10-11 17:03:20.488  1769  1801 V AudioFlinger_Track: OutputTrack constructor mCblk 0xec25fd00, mBuffer 0xec25fde0, frameCount 3072, mChannelMask 0x00000003
10-11 17:03:20.488  1769  1801 V AudioFlinger_Thread: DuplicatingThread::addOutputTrack() track 0xec251300, on thread 0xedd031c0
10-11 17:03:20.488  1769  1801 V AudioFlinger: openDuplicateOutput() id:37 DuplicatingThread:0xec003a80





10-11 17:03:20.488  1769  3375 V AudioFlinger_Thread: thread 0xec183500 type MIXER TID 3375 threadLoop() mBytesRemaining:0
10-11 17:03:20.488  1769  3375 V AudioFlinger_Thread: thread 0xec183500 type MIXER TID 3375 threadLoop() mSleepTimeUs:10500 mMixerStatus:0


10-11 17:03:20.488  1769  1801 V AudioFlinger_Thread: PlaybackThread::ioConfigChanged, thread 0xec003a80, event 1
10-11 17:03:20.489  1769  1801 W APM_AudioPolicyManager: getDeviceForVolume() invalid device combination: 00000000
10-11 17:03:20.489  1769  3376 I AudioFlinger_Thread: AudioFlinger's thread 0xec003a80 tid=3376 ready to run


10-11 17:03:20.489  1769  1801 V AudioPolicyService: AudioCommandThread() adding set volume stream 0, volume 0.508023, output 37
10-11 17:03:20.489  1769  1801 V AudioPolicyService: inserting command: 2 at index 0, num commands 0
10-11 17:03:20.489  1769  1798 V AudioPolicyService: AudioCommandThread() processing set volume stream 0,                             volume 0.508023, output 37
10-11 17:03:20.489  1769  3376 V AudioFlinger_Thread: acquireWakeLock_l() AudioOut_25 status 0
10-11 17:03:20.489  1769  3376 D AudioFlinger_Thread: updateWakeLockUids_l AudioOut_25 uids:
10-11 17:03:20.490  1769  3376 V AudioFlinger_Thread: updateWakeLockUids_l() AudioOut_25 status 0
10-11 17:03:20.490  1769  3376 D AudioFlinger_Thread: ro.audio.silent will be ignored for threads on AUDIO_DEVICE_OUT_REMOTE_SUBMIX
10-11 17:03:20.490  1769  3376 V AudioFlinger_Thread: thread 0xec003a80 type DUPLICATING TID 3376 threadLoop()
10-11 17:03:20.490  1769  1798 V AudioPolicyService: AudioCommandThread() going to sleep
10-11 17:03:20.490  1769  3376 V AudioFlinger_Thread: DuplicatingThread::saveOutputTracks()
10-11 17:03:20.490  1769  3376 V AudioFlinger_Thread: DuplicatingThread::threadLoop_standby()
10-11 17:03:20.490  1769  1801 W APM_AudioPolicyManager: getDeviceForVolume() invalid device combination: 00000000
10-11 17:03:20.490  1769  3376 V AudioFlinger_Track: stop(0), calling pid 1769
10-11 17:03:20.490  1769  3376 V AudioFlinger_Track: stop(1), calling pid 1769
10-11 17:03:20.490  1769  1801 V AudioPolicyService: AudioCommandThread() adding set volume stream 1, volume 0.283754, output 37
10-11 17:03:20.490  1769  3376 V AudioFlinger_Thread: DuplicatingThread::clearOutputTracks()
10-11 17:03:20.490  1769  1801 V AudioPolicyService: inserting command: 2 at index 0, num commands 0
10-11 17:03:20.490  1769  3376 V AudioFlinger_Thread: releaseWakeLock_l() AudioOut_25
10-11 17:03:20.490  1769  3376 V AudioFlinger_Thread: thread 0xec003a80 type DUPLICATING TID 3376 going to sleep
10-11 17:03:20.490  1769  1798 V AudioPolicyService: AudioCommandThread() processing set volume stream 1,                             volume 0.283754, output 37
10-11 17:03:20.490  1769  1798 V AudioPolicyService: AudioCommandThread() going to sleep
10-11 17:03:20.490  1769  1801 W APM_AudioPolicyManager: getDeviceForVolume() invalid device combination: 00000000
10-11 17:03:20.490  1769  1801 V AudioPolicyService: AudioCommandThread() adding set volume stream 2, volume 0.367283, output 37
10-11 17:03:20.490  1769  1801 V AudioPolicyService: inserting command: 2 at index 0, num commands 0
10-11 17:03:20.490  1769  1798 V AudioPolicyService: AudioCommandThread() processing set volume stream 2,                             volume 0.367283, output 37
10-11 17:03:20.490  1769  1798 V AudioPolicyService: AudioCommandThread() going to sleep
10-11 17:03:20.490  1769  1801 W APM_AudioPolicyManager: getDeviceForVolume() invalid device combination: 00000000
10-11 17:03:20.490  1769  1801 V AudioPolicyService: AudioCommandThread() adding set volume stream 3, volume 0.077849, output 37
10-11 17:03:20.490  1769  1801 V AudioPolicyService: inserting command: 2 at index 0, num commands 0
10-11 17:03:20.490  1769  1798 V AudioPolicyService: AudioCommandThread() processing set volume stream 3,                             volume 0.077849, output 37
10-11 17:03:20.490  1769  1798 V AudioPolicyService: AudioCommandThread() going to sleep
10-11 17:03:20.490  1769  1801 W APM_AudioPolicyManager: getDeviceForVolume() invalid device combination: 00000000
10-11 17:03:20.490  1769  1801 V AudioPolicyService: AudioCommandThread() adding set volume stream 4, volume 0.251189, output 37
10-11 17:03:20.490  1769  1801 V AudioPolicyService: inserting command: 2 at index 0, num commands 0
10-11 17:03:20.491  1769  1798 V AudioPolicyService: AudioCommandThread() processing set volume stream 4,                             volume 0.251189, output 37
10-11 17:03:20.491  1769  1798 V AudioPolicyService: AudioCommandThread() going to sleep
10-11 17:03:20.491  1769  1801 W APM_AudioPolicyManager: getDeviceForVolume() invalid device combination: 00000000
10-11 17:03:20.491  1769  1801 V AudioPolicyService: AudioCommandThread() adding set volume stream 5, volume 0.367283, output 37
10-11 17:03:20.491  1769  1801 V AudioPolicyService: inserting command: 2 at index 0, num commands 0
10-11 17:03:20.491  1769  1798 V AudioPolicyService: AudioCommandThread() processing set volume stream 5,                             volume 0.367283, output 37
10-11 17:03:20.491  1769  1798 V AudioPolicyService: AudioCommandThread() going to sleep
10-11 17:03:20.491  1769  1801 V APM_AudioPolicyManager: checkAndSetVolume() cannot set stream 6 volume with force use = 0 for comm
10-11 17:03:20.491  1769  1801 W APM_AudioPolicyManager: getDeviceForVolume() invalid device combination: 00000000
10-11 17:03:20.491  1769  1801 V AudioPolicyService: AudioCommandThread() adding set volume stream 7, volume 0.278047, output 37
10-11 17:03:20.491  1769  1801 V AudioPolicyService: inserting command: 2 at index 0, num commands 0
10-11 17:03:20.491  1769  1798 V AudioPolicyService: AudioCommandThread() processing set volume stream 7,                             volume 0.278047, output 37
10-11 17:03:20.491  1769  1798 V AudioPolicyService: AudioCommandThread() going to sleep
10-11 17:03:20.491  1769  1801 W APM_AudioPolicyManager: getDeviceForVolume() invalid device combination: 00000000
10-11 17:03:20.491  1769  1801 V AudioPolicyService: AudioCommandThread() adding set volume stream 8, volume 0.289578, output 37
10-11 17:03:20.491  1769  1801 V AudioPolicyService: inserting command: 2 at index 0, num commands 0
10-11 17:03:20.491  1769  1798 V AudioPolicyService: AudioCommandThread() processing set volume stream 8,                             volume 0.289578, output 37
10-11 17:03:20.491  1769  1798 V AudioPolicyService: AudioCommandThread() going to sleep
10-11 17:03:20.491  1769  1801 W APM_AudioPolicyManager: getDeviceForVolume() invalid device combination: 00000000
10-11 17:03:20.491  1769  3376 V AudioFlinger_Thread: thread 0xec003a80 type DUPLICATING TID 3376 waking up
10-11 17:03:20.491  1769  1801 V AudioPolicyService: AudioCommandThread() adding set volume stream 9, volume 1.000000, output 37
10-11 17:03:20.491  1769  1801 V AudioPolicyService: inserting command: 2 at index 0, num commands 0
10-11 17:03:20.491  1769  1798 V AudioPolicyService: AudioCommandThread() processing set volume stream 9,                             volume 1.000000, output 37
10-11 17:03:20.491  1769  3376 V AudioFlinger_Thread: acquireWakeLock_l() AudioOut_25 status 0
10-11 17:03:20.492  1769  3376 D AudioFlinger_Thread: updateWakeLockUids_l AudioOut_25 uids:
10-11 17:03:20.492  1769  3376 V AudioFlinger_Thread: updateWakeLockUids_l() AudioOut_25 status 0
10-11 17:03:20.492  1769  3376 D AudioFlinger_Thread: ro.audio.silent will be ignored for threads on AUDIO_DEVICE_OUT_REMOTE_SUBMIX
10-11 17:03:20.492  1769  1804 V AudioFlinger_Thread: thread 0xedd031c0 type MIXER TID 1804 threadLoop()
10-11 17:03:20.492  1769  3376 V AudioFlinger_Thread: thread 0xec003a80 type DUPLICATING TID 3376 threadLoop()
10-11 17:03:20.492  1769  3376 V AudioFlinger_Thread: DuplicatingThread::saveOutputTracks()
10-11 17:03:20.492  1769  1804 V AudioFlinger_Thread: getTimestamp error - no valid kernel position
10-11 17:03:20.492  1769  3376 V AudioFlinger_Thread: thread 0xec003a80 type DUPLICATING TID 3376 threadLoop() mBytesRemaining:0
10-11 17:03:20.492  1769  3376 V AudioFlinger_Thread: DuplicatingThread::threadLoop_sleepTime()
10-11 17:03:20.492  1769  3376 V AudioFlinger_Thread: thread 0xec003a80 type DUPLICATING TID 3376 threadLoop() mSleepTimeUs:10500 mMixerStatus:0
10-11 17:03:20.492  1769  1804 V AudioFlinger_Thread: track 0 s=000713c6 [OK] on thread 0xedd031c0
10-11 17:03:20.492  1769  1804 V AudioFlinger_Thread: thread 0xedd031c0 type MIXER TID 1804 threadLoop() mBytesRemaining:0
10-11 17:03:20.493  1769  1804 V AudioFlinger_Thread: thread 0xedd031c0 type MIXER TID 1804 threadLoop() mSleepTimeUs:0 mMixerStatus:2
10-11 17:03:20.493  1769  1798 V AudioPolicyService: AudioCommandThread() going to sleep
10-11 17:03:20.493  1769  3376 V AudioFlinger_Thread: DuplicatingThread::clearOutputTracks()
10-11 17:03:20.493  1769  3376 V AudioFlinger_Thread: thread 0xec003a80 type DUPLICATING TID 3376 threadLoop()
10-11 17:03:20.493  1769  3376 V AudioFlinger_Thread: DuplicatingThread::saveOutputTracks()
10-11 17:03:20.493  1769  3376 V AudioFlinger_Thread: thread 0xec003a80 type DUPLICATING TID 3376 threadLoop() mBytesRemaining:0
10-11 17:03:20.493  1769  3376 V AudioFlinger_Thread: DuplicatingThread::threadLoop_sleepTime()
10-11 17:03:20.493  1769  3376 V AudioFlinger_Thread: thread 0xec003a80 type DUPLICATING TID 3376 threadLoop() mSleepTimeUs:10500 mMixerStatus:0
10-11 17:03:20.494  1769  1806 V AudioFlinger_Thread: thread 0xedb83780 type MIXER TID 1806 threadLoop()
10-11 17:03:20.494  1769  1806 V AudioFlinger_Thread: getTimestamp error - no valid kernel position
10-11 17:03:20.494  1769  1806 V AudioFlinger_Thread: thread 0xedb83780 type MIXER TID 1806 threadLoop() mBytesRemaining:0
10-11 17:03:20.494  1769  1806 V AudioFlinger_Thread: thread 0xedb83780 type MIXER TID 1806 threadLoop() mSleepTimeUs:10500 mMixerStatus:0
10-11 17:03:20.494  1769  1801 W APM_AudioPolicyManager: getDeviceForVolume() invalid device combination: 00000000
10-11 17:03:20.494  1769  1801 V AudioPolicyService: AudioCommandThread() adding set volume stream 10, volume 0.088869, output 37
10-11 17:03:20.494  1769  1801 V AudioPolicyService: inserting command: 2 at index 0, num commands 0
10-11 17:03:20.494  1769  1798 V AudioPolicyService: AudioCommandThread() processing set volume stream 10,                             volume 0.088869, output 37
10-11 17:03:20.495  1769  1798 V AudioPolicyService: AudioCommandThread() going to sleep
10-11 17:03:20.495  1769  3376 V AudioFlinger_Thread: DuplicatingThread::clearOutputTracks()
10-11 17:03:20.495  1769  1801 W APM_AudioPolicyManager: getDeviceForVolume() invalid device combination: 00000000
10-11 17:03:20.495  1769  3376 V AudioFlinger_Thread: thread 0xec003a80 type DUPLICATING TID 3376 threadLoop()
10-11 17:03:20.495  1769  3376 V AudioFlinger_Thread: DuplicatingThread::saveOutputTracks()
10-11 17:03:20.495  1769  1801 V AudioPolicyService: AudioCommandThread() adding set volume stream 11, volume 1.000000, output 37
10-11 17:03:20.495  1769  3376 V AudioFlinger_Thread: thread 0xec003a80 type DUPLICATING TID 3376 threadLoop() mBytesRemaining:0
10-11 17:03:20.495  1769  1801 V AudioPolicyService: inserting command: 2 at index 0, num commands 0
10-11 17:03:20.495  1769  3376 V AudioFlinger_Thread: DuplicatingThread::threadLoop_sleepTime()
10-11 17:03:20.495  1769  3376 V AudioFlinger_Thread: thread 0xec003a80 type DUPLICATING TID 3376 threadLoop() mSleepTimeUs:10500 mMixerStatus:0
10-11 17:03:20.495  1769  1798 V AudioPolicyService: AudioCommandThread() processing set volume stream 11,                             volume 1.000000, output 37
10-11 17:03:20.495  1769  1798 V AudioPolicyService: AudioCommandThread() going to sleep
10-11 17:03:20.495  1769  3376 V AudioFlinger_Thread: DuplicatingThread::clearOutputTracks()
10-11 17:03:20.495  1769  3376 V AudioFlinger_Thread: thread 0xec003a80 type DUPLICATING TID 3376 threadLoop()
10-11 17:03:20.495  1769  3376 V AudioFlinger_Thread: DuplicatingThread::saveOutputTracks()
10-11 17:03:20.495  1769  1801 V AudioPolicyService: AudioCommandThread() adding set parameter string mono_output=0, io 37 ,delay 0
10-11 17:03:20.495  1769  3376 V AudioFlinger_Thread: thread 0xec003a80 type DUPLICATING TID 3376 threadLoop() mBytesRemaining:0
10-11 17:03:20.495  1769  1801 V AudioPolicyService: inserting command: 3 at index 0, num commands 0
10-11 17:03:20.495  1769  3376 V AudioFlinger_Thread: DuplicatingThread::threadLoop_sleepTime()
10-11 17:03:20.495  1769  3376 V AudioFlinger_Thread: thread 0xec003a80 type DUPLICATING TID 3376 threadLoop() mSleepTimeUs:10500 mMixerStatus:0
10-11 17:03:20.495  1769  1798 V AudioPolicyService: AudioCommandThread() processing set parameters string mono_output=0, io 37
10-11 17:03:20.495  1769  1798 V AudioFlinger: setParameters(): io 37, keyvalue mono_output=0, calling pid 1769 calling uid 1041
10-11 17:03:20.495  1769  1798 V AudioFlinger: setParameters: filtered keyvalue mono_output=0
10-11 17:03:20.495  1769  1798 V AudioFlinger_Thread: ThreadBase::setParameters() mono_output=0
10-11 17:03:20.495  1769  1798 V AudioPolicyService: AudioCommandThread() going to sleep
10-11 17:03:20.495  1769  1801 V APM_AudioPolicyManager: selectOutputForMusicEffects selected output 29
10-11 17:03:20.495  1769  1801 V APM_AudioPolicyManager: checkOutputsForDevice(): setOutputDevice(dev=0x8000, addr=0)
10-11 17:03:20.495  1769  1801 V APM_AudioPolicyManager: setOutputDevice() device 8000 delayMs 0
10-11 17:03:20.495  1769  1801 V APM_AudioPolicyManager: setOutputDevice() prevDevice 0x8000
10-11 17:03:20.495  1769  1801 V APM_AudioPolicyManager: setOutputDevice() changing device
10-11 17:03:20.495  1769  1801 V AudioPolicyService: AudioCommandThread() adding create patch delay 0
10-11 17:03:20.495  1769  1801 V AudioPolicyService: inserting command: 7 at index 0, num commands 0
10-11 17:03:20.496  1769  1798 V AudioPolicyService: AudioCommandThread() processing create audio patch
10-11 17:03:20.496  1769  1798 V AudioFlinger_Thread: sendConfigEvent_l() num events 1 event 3

10-11 17:03:20.496  1769  3375 V AudioFlinger_Thread: thread 0xec183500 type MIXER TID 3375 threadLoop()
10-11 17:03:20.496  1769  3375 V AudioFlinger_Thread: processConfigEvents_l() remaining events 1
10-11 17:03:20.496  1769  3375 V AudioFlinger_Thread: sendConfigEvent_l() num events 1 event 0
10-11 17:03:20.497  1769  3375 V AudioFlinger_Thread: processConfigEvents_l() remaining events 1
10-11 17:03:20.497  1769  3375 V AudioFlinger_Thread: PlaybackThread::ioConfigChanged, thread 0xec183500, event 3
10-11 17:03:20.497  1769  3375 V AudioFlinger_Thread: processConfigEvents_l() DONE thread 0xec183500
10-11 17:03:20.498  1769  3375 V AudioFlinger_Thread: thread 0xec183500 type MIXER TID 3375 threadLoop() mBytesRemaining:0
10-11 17:03:20.498  1769  3375 V AudioFlinger_Thread: thread 0xec183500 type MIXER TID 3375 threadLoop() mSleepTimeUs:10500 mMixerStatus:0




10-11 17:03:20.498  1769  1798 V AudioPolicyService: AudioCommandThread() going to sleep
10-11 17:03:20.498  1769  1801 V APM_AudioPolicyManager: setOutputDevice() createAudioPatch returned 0 patchHandle 36num_sources 1 num_sinks 1
10-11 17:03:20.498  1769  1801 V AudioPolicyService: AudioCommandThread() adding update audio patch list
10-11 17:03:20.498  1769  1801 V AudioPolicyService: inserting command: 10 at index 0, num commands 0
10-11 17:03:20.498  1769  1799 V AudioPolicyService: AudioCommandThread() processing update audio patch list
10-11 17:03:20.498  1769  1799 V AudioPolicyService: AudioCommandThread() going to sleep
10-11 17:03:20.498  1769  1801 V APM_AudioPolicyManager: checkAndSetVolume() cannot set stream 6 volume with force use = 0 for comm
10-11 17:03:20.498  1769  1801 V APM_AudioPolicyManager: checkOutputsForDevice(): adding output 29
10-11 17:03:20.498  1769  1801 V APM_AudioPolicyManager: setDeviceConnectionState() checkOutputsForDevice() returned 1 outputs
10-11 17:03:20.498  1769  1801 V APM_AudioPolicyManager: checkOutputForStrategy() strategy 1, moving from output 13 to output 13
10-11 17:03:20.498  1769  1801 V AudioFlinger: invalidateStream() stream 0
10-11 17:03:20.498  1769  1801 V AudioFlinger_Thread: MixerThread::invalidateTracks() mixer 0xedd031c0, streamType 0, mTracks.size 2
10-11 17:03:20.498  1769  1801 V AudioFlinger_Thread: MixerThread::invalidateTracks() mixer 0xedb83780, streamType 0, mTracks.size 0
10-11 17:03:20.498  1769  1801 V AudioFlinger_Thread: MixerThread::invalidateTracks() mixer 0xec183500, streamType 0, mTracks.size 1
10-11 17:03:20.498  1769  1801 V AudioFlinger_Thread: MixerThread::invalidateTracks() mixer 0xec003a80, streamType 0, mTracks.size 0
10-11 17:03:20.498  1769  1801 V AudioFlinger: invalidateStream() stream 6
10-11 17:03:20.498  1769  1801 V AudioFlinger_Thread: MixerThread::invalidateTracks() mixer 0xedd031c0, streamType 6, mTracks.size 2
10-11 17:03:20.498  1769  1801 V AudioFlinger_Thread: MixerThread::invalidateTracks() mixer 0xedb83780, streamType 6, mTracks.size 0
10-11 17:03:20.499  1769  1801 V AudioFlinger_Thread: MixerThread::invalidateTracks() mixer 0xec183500, streamType 6, mTracks.size 1
10-11 17:03:20.499  1769  1801 V AudioFlinger_Thread: MixerThread::invalidateTracks() mixer 0xec003a80, streamType 6, mTracks.size 0
10-11 17:03:20.499  1769  1801 V APM_AudioPolicyManager: checkOutputForStrategy() strategy 5, moving from output 13 to output 13
10-11 17:03:20.499  1769  1801 V AudioFlinger: invalidateStream() stream 7
10-11 17:03:20.499  1769  1801 V AudioFlinger_Thread: MixerThread::invalidateTracks() mixer 0xedd031c0, streamType 7, mTracks.size 2
10-11 17:03:20.499  1769  1801 V AudioFlinger_Thread: MixerThread::invalidateTracks() mixer 0xedb83780, streamType 7, mTracks.size 0
10-11 17:03:20.499  1769  1801 V AudioFlinger_Thread: MixerThread::invalidateTracks() mixer 0xec183500, streamType 7, mTracks.size 1
10-11 17:03:20.499  1769  1801 V AudioFlinger_Thread: MixerThread::invalidateTracks() mixer 0xec003a80, streamType 7, mTracks.size 0
10-11 17:03:20.499  1769  1801 V APM_AudioPolicyManager: checkOutputForStrategy() strategy 2, moving from output 13 to output 13
10-11 17:03:20.499  1769  1801 V AudioFlinger: invalidateStream() stream 2
10-11 17:03:20.499  1769  1801 V AudioFlinger_Thread: MixerThread::invalidateTracks() mixer 0xedd031c0, streamType 2, mTracks.size 2
10-11 17:03:20.499  1769  1801 V AudioFlinger_Thread: MixerThread::invalidateTracks() mixer 0xedb83780, streamType 2, mTracks.size 0
10-11 17:03:20.499  1769  1801 V AudioFlinger_Thread: MixerThread::invalidateTracks() mixer 0xec183500, streamType 2, mTracks.size 1
10-11 17:03:20.499  1769  1801 V AudioFlinger_Thread: MixerThread::invalidateTracks() mixer 0xec003a80, streamType 2, mTracks.size 0
10-11 17:03:20.499  1769  1801 V AudioFlinger: invalidateStream() stream 4
10-11 17:03:20.499  1769  1801 V AudioFlinger_Thread: MixerThread::invalidateTracks() mixer 0xedd031c0, streamType 4, mTracks.size 2
10-11 17:03:20.499  1769  1801 V AudioFlinger_Thread: MixerThread::invalidateTracks() mixer 0xedb83780, streamType 4, mTracks.size 0
10-11 17:03:20.499  1769  1801 V AudioFlinger_Thread: MixerThread::invalidateTracks() mixer 0xec183500, streamType 4, mTracks.size 1
10-11 17:03:20.499  1769  1801 V AudioFlinger_Thread: MixerThread::invalidateTracks() mixer 0xec003a80, streamType 4, mTracks.size 0
10-11 17:03:20.499  1769  1801 V APM_AudioPolicyManager: checkOutputForStrategy() strategy 3, moving from output 13 to output 13
10-11 17:03:20.499  1769  1801 V AudioFlinger: invalidateStream() stream 5
10-11 17:03:20.499  1769  1801 V AudioFlinger_Thread: MixerThread::invalidateTracks() mixer 0xedd031c0, streamType 5, mTracks.size 2
10-11 17:03:20.499  1769  1801 V AudioFlinger_Thread: MixerThread::invalidateTracks() mixer 0xedb83780, streamType 5, mTracks.size 0
10-11 17:03:20.499  1769  1801 V AudioFlinger_Thread: MixerThread::invalidateTracks() mixer 0xec183500, streamType 5, mTracks.size 1
10-11 17:03:20.499  1769  1801 V AudioFlinger_Thread: MixerThread::invalidateTracks() mixer 0xec003a80, streamType 5, mTracks.size 0
10-11 17:03:20.499  1769  1801 V APM_AudioPolicyManager: checkOutputForStrategy() strategy 7, moving from output 13 to output 13
10-11 17:03:20.499  1769  1801 V AudioFlinger: invalidateStream() stream 10
10-11 17:03:20.499  1769  1801 V AudioFlinger_Thread: MixerThread::invalidateTracks() mixer 0xedd031c0, streamType 10, mTracks.size 2
10-11 17:03:20.499  1769  1801 V AudioFlinger_Thread: MixerThread::invalidateTracks() mixer 0xedb83780, streamType 10, mTracks.size 0
10-11 17:03:20.499  1769  1801 V AudioFlinger_Thread: MixerThread::invalidateTracks() mixer 0xec183500, streamType 10, mTracks.size 1
10-11 17:03:20.499  1769  1801 V AudioFlinger_Thread: MixerThread::invalidateTracks() mixer 0xec003a80, streamType 10, mTracks.size 0
10-11 17:03:20.499  1769  1801 V APM_AudioPolicyManager: checkOutputForStrategy() strategy 0, moving from output 13 to output 13
10-11 17:03:20.499  1769  1801 V AudioPolicyService: AudioCommandThread() adding set volume stream 3, volume 0.000000, output 13
10-11 17:03:20.499  1769  1801 V AudioPolicyService: inserting command: 2 at index 0, num commands 0
10-11 17:03:20.500  1769  1798 V AudioPolicyService: AudioCommandThread() processing set volume stream 3,                             volume 0.000000, output 13
10-11 17:03:20.500  1769  1798 V AudioPolicyService: AudioCommandThread() going to sleep
10-11 17:03:20.500  1769  1801 V AudioPolicyService: AudioCommandThread() adding set volume stream 1, volume 1.000000, output 13
10-11 17:03:20.500  1769  1801 V AudioPolicyService: inserting command: 2 at index 0, num commands 0
10-11 17:03:20.500  1769  1798 V AudioPolicyService: AudioCommandThread() going to sleep
10-11 17:03:20.500  1769  1801 V AudioPolicyService: AudioCommandThread() adding set volume stream 3, volume 1.000000, output 13
10-11 17:03:20.500  1769  1801 V AudioPolicyService: inserting command: 2 at index 1, num commands 1
10-11 17:03:20.500  1769  1798 V AudioPolicyService: AudioCommandThread() going to sleep
10-11 17:03:20.500  1769  1801 V APM_AudioPolicyManager: selectOutputForMusicEffects selected output 29
10-11 17:03:20.500  1769  1801 V AudioFlinger: invalidateStream() stream 1
