10-11 17:03:20.500  1769  1801 V AudioFlinger_Thread: MixerThread::invalidateTracks() mixer 0xedd031c0, streamType 1, mTracks.size 2
10-11 17:03:20.500  1769  1801 V AudioFlinger_Thread: MixerThread::invalidateTracks() mixer 0xedb83780, streamType 1, mTracks.size 0
10-11 17:03:20.500  1769  1801 V AudioFlinger_Thread: MixerThread::invalidateTracks() mixer 0xec183500, streamType 1, mTracks.size 1
10-11 17:03:20.500  1769  1801 V AudioFlinger_Thread: MixerThread::invalidateTracks() mixer 0xec003a80, streamType 1, mTracks.size 0
10-11 17:03:20.500  1769  1801 V AudioFlinger: invalidateStream() stream 3
10-11 17:03:20.500  1769  1801 V AudioFlinger_Thread: MixerThread::invalidateTracks() mixer 0xedd031c0, streamType 3, mTracks.size 2
10-11 17:03:20.501  1769  1801 V AudioFlinger_Thread: MixerThread::invalidateTracks() mixer 0xedb83780, streamType 3, mTracks.size 0
10-11 17:03:20.501  1769  1801 V AudioFlinger_Thread: MixerThread::invalidateTracks() mixer 0xec183500, streamType 3, mTracks.size 1
10-11 17:03:20.501  1769  1801 V AudioFlinger_Thread: MixerThread::invalidateTracks() mixer 0xec003a80, streamType 3, mTracks.size 0
10-11 17:03:20.501  1769  1801 V APM_AudioPolicyManager: checkOutputForStrategy() strategy 4, moving from output 13 to output 13
10-11 17:03:20.501  1769  1801 V AudioFlinger: invalidateStream() stream 8
10-11 17:03:20.501  1769  1801 V AudioFlinger_Thread: MixerThread::invalidateTracks() mixer 0xedd031c0, streamType 8, mTracks.size 2
10-11 17:03:20.501  1769  1801 V AudioFlinger_Thread: MixerThread::invalidateTracks() mixer 0xedb83780, streamType 8, mTracks.size 0
10-11 17:03:20.501  1769  1801 V AudioFlinger_Thread: MixerThread::invalidateTracks() mixer 0xec183500, streamType 8, mTracks.size 1
10-11 17:03:20.501  1769  1801 V AudioFlinger_Thread: MixerThread::invalidateTracks() mixer 0xec003a80, streamType 8, mTracks.size 0
10-11 17:03:20.501  1769  1801 V APM_AudioPolicyManager: checkOutputForStrategy() strategy 8, moving from output 13 to output 13
10-11 17:03:20.501  1769  1801 V AudioFlinger: invalidateStream() stream 11
10-11 17:03:20.501  1769  1801 V AudioFlinger_Thread: MixerThread::invalidateTracks() mixer 0xedd031c0, streamType 11, mTracks.size 2
10-11 17:03:20.501  1769  1801 V AudioFlinger_Thread: MixerThread::invalidateTracks() mixer 0xedb83780, streamType 11, mTracks.size 0
10-11 17:03:20.501  1769  1801 V AudioFlinger_Thread: MixerThread::invalidateTracks() mixer 0xec183500, streamType 11, mTracks.size 1
10-11 17:03:20.501  1769  1801 V AudioFlinger_Thread: MixerThread::invalidateTracks() mixer 0xec003a80, streamType 11, mTracks.size 0
10-11 17:03:20.501  1769  1801 V APM_AudioPolicyManager: getNewOutputDevice() selected device 8000
10-11 17:03:20.501  1769  1801 V APM_AudioPolicyManager: setOutputDevice() device 8000 delayMs 0
10-11 17:03:20.501  1769  1801 V APM_AudioPolicyManager: getNewOutputDevice() selected device 0
10-11 17:03:20.501  1769  1801 V APM_AudioPolicyManager: setOutputDevice() device 0000 delayMs 0
10-11 17:03:20.501  1769  1801 V APM_AudioPolicyManager: setOutputDevice() prevDevice 0x1000000
10-11 17:03:20.501  1769  1801 V APM_AudioPolicyManager: setOutputDevice() setting same device 0x0000 or null device
10-11 17:03:20.501  1769  1801 V APM_AudioPolicyManager: getNewOutputDevice() selected device 0
10-11 17:03:20.501  1769  1801 V APM_AudioPolicyManager: setOutputDevice() device 0000 delayMs 0
10-11 17:03:20.501  1769  1801 V APM_AudioPolicyManager: setOutputDevice() prevDevice 0x8000
10-11 17:03:20.501  1769  1801 V APM_AudioPolicyManager: setOutputDevice() setting same device 0x0000 or null device
10-11 17:03:20.501  1769  1801 V APM_AudioPolicyManager: getNewOutputDevice() selected device 0
10-11 17:03:20.501  1769  1801 V APM_AudioPolicyManager: setOutputDevice() device 0000 delayMs 0
10-11 17:03:20.502  1769  1801 V APM_AudioPolicyManager: setOutputDevice() device 0000 delayMs 0
10-11 17:03:20.502  1769  1801 V APM_AudioPolicyManager: setOutputDevice() prevDevice 0x1000000
10-11 17:03:20.502  1769  1801 V APM_AudioPolicyManager: setOutputDevice() setting same device 0x0000 or null device
10-11 17:03:20.502  1769  1801 V APM_AudioPolicyManager: setOutputDevice() device 0000 delayMs 0
10-11 17:03:20.502  1769  1801 V APM_AudioPolicyManager: setOutputDevice() prevDevice 0x8000
10-11 17:03:20.502  1769  1801 V APM_AudioPolicyManager: setOutputDevice() setting same device 0x0000 or null device
10-11 17:03:20.502  1769  1801 V AudioPolicyService: AudioCommandThread() adding update audio port list
10-11 17:03:20.502  1769  1801 V AudioPolicyService: inserting command: 9 at index 0, num commands 0
10-11 17:03:20.502  1769  1799 V AudioPolicyService: AudioCommandThread() processing update audio port list
10-11 17:03:20.502  1769  1799 V AudioPolicyService: AudioCommandThread() going to sleep
10-11 17:03:20.502  1769  1800 V AudioFlinger_Thread: sendConfigEvent_l() num events 1 event 0
10-11 17:03:20.502  1769  1801 V APM_AudioPolicyManager: AudioPolicyManager::startInput() input source = 8
10-11 17:03:20.502  1769  1800 V AudioFlinger_Thread: sendConfigEvent_l() num events 1 event 0
10-11 17:03:20.502  1769  1980 V APM_AudioPolicyManager: listAudioPorts() role 0 type 0 num_ports 0 ports 0xee7971a8
10-11 17:03:20.502  1769  1980 V APM_AudioPolicyManager: listAudioPorts() got 0 ports needed 9
10-11 17:03:20.502  1769  1806 V AudioFlinger_Thread: thread 0xedb83780 type MIXER TID 1806 threadLoop()
10-11 17:03:20.502  1769  1806 V AudioFlinger_Thread: processConfigEvents_l() remaining events 1
10-11 17:03:20.502  1769  1806 V AudioFlinger_Thread: PlaybackThread::ioConfigChanged, thread 0xedb83780, event 0
10-11 17:03:20.502  1769  1769 V APM_AudioPolicyManager: listAudioPorts() role 0 type 0 num_ports 0 ports 0xee797140
10-11 17:03:20.502  1769  1769 V APM_AudioPolicyManager: listAudioPorts() got 0 ports needed 9
10-11 17:03:20.503  1769  1806 V AudioFlinger_Thread: processConfigEvents_l() DONE thread 0xedb83780
10-11 17:03:20.503  1769  1806 V AudioFlinger_Thread: getTimestamp error - no valid kernel position
10-11 17:03:20.503  1769  1806 V AudioFlinger_Thread: thread 0xedb83780 type MIXER TID 1806 threadLoop() mBytesRemaining:0
10-11 17:03:20.503  1769  1806 V AudioFlinger_Thread: thread 0xedb83780 type MIXER TID 1806 threadLoop() mSleepTimeUs:10500 mMixerStatus:0
10-11 17:03:20.503  1769  1769 V APM_AudioPolicyManager: listAudioPorts() role 0 type 0 num_ports 9 ports 0xed989000
10-11 17:03:20.503  1769  1800 V AudioFlinger_Thread: sendConfigEvent_l() num events 1 event 0
10-11 17:03:20.503  1769  1769 V APM_AudioPolicyManager: listAudioPorts() got 9 ports needed 9


10-11 17:03:20.503  1769  3375 V AudioFlinger_Thread: thread 0xec183500 type MIXER TID 3375 threadLoop()
10-11 17:03:20.503  1769  3375 V AudioFlinger_Thread: processConfigEvents_l() remaining events 1
10-11 17:03:20.503  1769  3375 V AudioFlinger_Thread: PlaybackThread::ioConfigChanged, thread 0xec183500, event 0
10-11 17:03:20.503  1769  3375 V AudioFlinger_Thread: processConfigEvents_l() DONE thread 0xec183500
10-11 17:03:20.504  1769  3375 V AudioFlinger_Thread: thread 0xec183500 type MIXER TID 3375 threadLoop() mBytesRemaining:0
10-11 17:03:20.504  1769  3375 V AudioFlinger_Thread: thread 0xec183500 type MIXER TID 3375 threadLoop() mSleepTimeUs:10500 mMixerStatus:0




10-11 17:03:20.504  1769  1800 V AudioFlinger_Thread: sendConfigEvent_l() num events 1 event 0
10-11 17:03:20.504  1769  1800 V AudioFlinger_Thread: sendConfigEvent_l() num events 1 event 0
10-11 17:03:20.504  1769  3374 V AudioFlinger_Thread: processConfigEvents_l() remaining events 1
10-11 17:03:20.504  1769  3376 V AudioFlinger_Thread: DuplicatingThread::clearOutputTracks()
10-11 17:03:20.504  1769  3376 V AudioFlinger_Thread: thread 0xec003a80 type DUPLICATING TID 3376 threadLoop()
10-11 17:03:20.504  1769  3376 V AudioFlinger_Thread: processConfigEvents_l() remaining events 1
10-11 17:03:20.504  1769  3374 V AudioFlinger_Thread: processConfigEvents_l() DONE thread 0xec383ec0
10-11 17:03:20.504  1769  3376 V AudioFlinger_Thread: PlaybackThread::ioConfigChanged, thread 0xec003a80, event 0
10-11 17:03:20.504  1769  1800 V AudioPolicyIntefaceImpl: getOutputForAttr()
10-11 17:03:20.505  1769  1980 V APM_AudioPolicyManager: listAudioPorts() role 0 type 0 num_ports 9 ports 0xed9a7000
10-11 17:03:20.505  1769  3376 V AudioFlinger_Thread: processConfigEvents_l() DONE thread 0xec003a80
10-11 17:03:20.505  1769  3376 V AudioFlinger_Thread: DuplicatingThread::saveOutputTracks()
10-11 17:03:20.505  1769  3376 V AudioFlinger_Thread: thread 0xec003a80 type DUPLICATING TID 3376 threadLoop() mBytesRemaining:0
10-11 17:03:20.505  1769  1980 V APM_AudioPolicyManager: listAudioPorts() got 9 ports needed 9
10-11 17:03:20.507  1769  1800 V APM_AudioPolicyManager: getOutputForAttr() returns output 13
10-11 17:03:20.507  1769  1800 V AudioFlinger: createTrack() sessionId: 25
10-11 17:03:20.514  1769  1769 V APM_AudioPolicyManager: setBeaconMute(1) mBeaconMuteRefCount=2 mBeaconPlayingRefCount=0
10-11 17:03:20.514  1769  1769 V APM_AudioPolicyManager: selectOutputForMusicEffects selected output 29
10-11 17:03:20.514  1769  1769 V APM_AudioPolicyManager: setOutputDevice() device 1000000 delayMs 0
10-11 17:03:20.514  1769  1769 V APM_AudioPolicyManager: setOutputDevice() prevDevice 0x1000000



10-11 17:03:20.514  1769  3375 V AudioFlinger_Thread: thread 0xec183500 type MIXER TID 3375 threadLoop()
10-11 17:03:20.514  1769  1769 V APM_AudioPolicyManager: setOutputDevice() setting same device 0x1000000 or null device
10-11 17:03:20.515  1769  1798 V AudioPolicyService: AudioCommandThread() going to sleep
10-11 17:03:20.515  1769  1769 V AudioFlinger_Thread: signal playback thread
10-11 17:03:20.524  1769  1806 V AudioFlinger_Thread: thread 0xedb83780 type MIXER TID 1806 threadLoop()
10-11 17:03:20.525  1769  1806 V AudioFlinger_Thread: getTimestamp error - no valid kernel position
10-11 17:03:20.525  1769  1806 V AudioFlinger_Thread: thread 0xedb83780 type MIXER TID 1806 threadLoop() mBytesRemaining:0
10-11 17:03:20.525  1769  1806 V AudioFlinger_Thread: thread 0xedb83780 type MIXER TID 1806 threadLoop() mSleepTimeUs:10500 mMixerStatus:0



10-11 17:03:20.525  1769  3375 V AudioFlinger_Thread: thread 0xec183500 type MIXER TID 3375 threadLoop()
10-11 17:03:20.526  1769  3375 V AudioFlinger_Thread: thread 0xec183500 type MIXER TID 3375 threadLoop() mBytesRemaining:0
10-11 17:03:20.526  1769  3375 V AudioFlinger_Thread: thread 0xec183500 type MIXER TID 3375 threadLoop() mSleepTimeUs:10500 mMixerStatus:0



10-11 17:03:20.526  1769  3376 V AudioFlinger_Thread: DuplicatingThread::clearOutputTracks()
10-11 17:03:20.526  1769  3376 V AudioFlinger_Thread: thread 0xec003a80 type DUPLICATING TID 3376 threadLoop()
10-11 17:03:20.526  1769  3376 V AudioFlinger_Thread: DuplicatingThread::saveOutputTracks()
10-11 17:03:20.526  1769  3376 V AudioFlinger_Thread: thread 0xec003a80 type DUPLICATING TID 3376 threadLoop() mBytesRemaining:0
10-11 17:03:20.526  1769  3376 V AudioFlinger_Thread: DuplicatingThread::threadLoop_sleepTime()
10-11 17:03:20.526  1769  3376 V AudioFlinger_Thread: thread 0xec003a80 type DUPLICATING TID 3376 threadLoop() mSleepTimeUs:10500 mMixerStatus:0



10-11 17:03:20.536  1769  1804 V AudioFlinger_Thread: thread 0xedd031c0 type MIXER TID 1804 threadLoop()
10-11 17:03:20.536  1769  1804 V AudioFlinger_Thread: getTimestamp error - no valid kernel position
10-11 17:03:20.536  1769  1804 V AudioFlinger_Thread: track 0 s=00071b20 [NOT READY] on thread 0xedd031c0

10-11 17:03:20.536  1769  1806 V AudioFlinger_Thread: thread 0xedb83780 type MIXER TID 1806 threadLoop()

10-11 17:03:20.536  1769  1804 V AudioFlinger_Track: presentationComplete() mPresentationCompleteFrames 0 framesWritten 507904
10-11 17:03:20.536  1769  1804 V AudioFlinger_Track: presentationComplete() reset: mPresentationCompleteFrames 509920 audioHalFrames 2016
10-11 17:03:20.536  1769  1804 V AudioFlinger_Thread: track 2 s=00000000 [OK] on thread 0xedd031c0
10-11 17:03:20.536  1769  1804 D AudioFlinger_Thread: updateWakeLockUids_l AudioOut_D uids:10054 


10-11 17:03:20.536  1769  1806 V AudioFlinger_Thread: getTimestamp error - no valid kernel position
10-11 17:03:20.536  1769  1806 V AudioFlinger_Thread: thread 0xedb83780 type MIXER TID 1806 threadLoop() mBytesRemaining:0
10-11 17:03:20.536  1769  1806 V AudioFlinger_Thread: thread 0xedb83780 type MIXER TID 1806 threadLoop() mSleepTimeUs:10500 mMixerStatus:0

10-11 17:03:20.536  1769  1804 V AudioFlinger_Thread: updateWakeLockUids_l() AudioOut_D status 0
10-11 17:03:20.536  1769  1804 V AudioFlinger_Thread: thread 0xedd031c0 type MIXER TID 1804 threadLoop() mBytesRemaining:0



10-11 17:03:20.537  1769  3375 V AudioFlinger_Thread: thread 0xec183500 type MIXER TID 3375 threadLoop()
10-11 17:03:20.537  1769  3376 V AudioFlinger_Thread: DuplicatingThread::clearOutputTracks()
10-11 17:03:20.537  1769  3376 V AudioFlinger_Thread: thread 0xec003a80 type DUPLICATING TID 3376 threadLoop()
10-11 17:03:20.537  1769  3376 V AudioFlinger_Thread: DuplicatingThread::saveOutputTracks()
10-11 17:03:20.537  1769  3376 V AudioFlinger_Thread: thread 0xec003a80 type DUPLICATING TID 3376 threadLoop() mBytesRemaining:0
10-11 17:03:20.537  1769  3376 V AudioFlinger_Thread: DuplicatingThread::threadLoop_sleepTime()
10-11 17:03:20.537  1769  3376 V AudioFlinger_Thread: thread 0xec003a80 type DUPLICATING TID 3376 threadLoop() mSleepTimeUs:10500 mMixerStatus:0
10-11 17:03:20.537  1769  3375 V AudioFlinger_Thread: thread 0xec183500 type MIXER TID 3375 threadLoop() mBytesRemaining:0
10-11 17:03:20.537  1769  3375 V AudioFlinger_Thread: thread 0xec183500 type MIXER TID 3375 threadLoop() mSleepTimeUs:10500 mMixerStatus:0
10-11 17:03:20.538  1769  1804 V AudioFlinger_Thread: thread 0xedd031c0 type MIXER TID 1804 threadLoop() mSleepTimeUs:0 mMixerStatus:2

10-11 17:03:20.547  1769  1806 V AudioFlinger_Thread: thread 0xedb83780 type MIXER TID 1806 threadLoop()
10-11 17:03:20.547  1769  1806 V AudioFlinger_Thread: getTimestamp error - no valid kernel position
10-11 17:03:20.547  1769  1806 V AudioFlinger_Thread: thread 0xedb83780 type MIXER TID 1806 threadLoop() mBytesRemaining:0
10-11 17:03:20.547  1769  1806 V AudioFlinger_Thread: thread 0xedb83780 type MIXER TID 1806 threadLoop() mSleepTimeUs:10500 mMixerStatus:0


10-11 17:03:20.548  1769  3376 V AudioFlinger_Thread: DuplicatingThread::clearOutputTracks()
10-11 17:03:20.548  1769  3376 V AudioFlinger_Thread: thread 0xec003a80 type DUPLICATING TID 3376 threadLoop()
10-11 17:03:20.548  1769  3376 V AudioFlinger_Thread: DuplicatingThread::saveOutputTracks()
10-11 17:03:20.548  1769  3376 V AudioFlinger_Thread: thread 0xec003a80 type DUPLICATING TID 3376 threadLoop() mBytesRemaining:0
10-11 17:03:20.548  1769  3376 V AudioFlinger_Thread: DuplicatingThread::threadLoop_sleepTime()
10-11 17:03:20.548  1769  3375 V AudioFlinger_Thread: thread 0xec183500 type MIXER TID 3375 threadLoop()
10-11 17:03:20.548  1769  3376 V AudioFlinger_Thread: thread 0xec003a80 type DUPLICATING TID 3376 threadLoop() mSleepTimeUs:10500 mMixerStatus:0
10-11 17:03:20.548  1769  3375 V AudioFlinger_Thread: thread 0xec183500 type MIXER TID 3375 threadLoop() mBytesRemaining:0
10-11 17:03:20.548  1769  3375 V AudioFlinger_Thread: thread 0xec183500 type MIXER TID 3375 threadLoop() mSleepTimeUs:10500 mMixerStatus:0
10-11 17:03:20.556  1769  1804 V AudioFlinger_Thread: thread 0xedd031c0 type MIXER TID 1804 threadLoop()
10-11 17:03:20.556  1769  1804 V AudioFlinger_Thread: getTimestamp error - no valid kernel position
10-11 17:03:20.556  1769  1804 V AudioFlinger_Thread: track 0 s=00071b20 [NOT READY] on thread 0xedd031c0
10-11 17:03:20.556  1769  1804 V AudioFlinger_Track: presentationComplete() mPresentationCompleteFrames 509920 framesWritten 508928
10-11 17:03:20.556  1769  1804 V AudioFlinger_Thread: track 2 s=000003ac [OK] on thread 0xedd031c0
10-11 17:03:20.556  1769  1804 V AudioFlinger_Thread: thread 0xedd031c0 type MIXER TID 1804 threadLoop() mBytesRemaining:0
10-11 17:03:20.557  1769  1804 V AudioFlinger_Thread: thread 0xedd031c0 type MIXER TID 1804 threadLoop() mSleepTimeUs:0 mMixerStatus:2
10-11 17:03:20.558  1769  1806 V AudioFlinger_Thread: thread 0xedb83780 type MIXER TID 1806 threadLoop()
10-11 17:03:20.558  1769  1806 V AudioFlinger_Thread: getTimestamp error - no valid kernel position
10-11 17:03:20.558  1769  1806 V AudioFlinger_Thread: thread 0xedb83780 type MIXER TID 1806 threadLoop() mBytesRemaining:0
10-11 17:03:20.558  1769  1806 V AudioFlinger_Thread: thread 0xedb83780 type MIXER TID 1806 threadLoop() mSleepTimeUs:10500 mMixerStatus:0
10-11 17:03:20.558  1769  3376 V AudioFlinger_Thread: DuplicatingThread::clearOutputTracks()
10-11 17:03:20.558  1769  3376 V AudioFlinger_Thread: thread 0xec003a80 type DUPLICATING TID 3376 threadLoop()
10-11 17:03:20.558  1769  3376 V AudioFlinger_Thread: DuplicatingThread::saveOutputTracks()
10-11 17:03:20.558  1769  3376 V AudioFlinger_Thread: thread 0xec003a80 type DUPLICATING TID 3376 threadLoop() mBytesRemaining:0
10-11 17:03:20.558  1769  3376 V AudioFlinger_Thread: DuplicatingThread::threadLoop_sleepTime()
10-11 17:03:20.559  1769  3376 V AudioFlinger_Thread: thread 0xec003a80 type DUPLICATING TID 3376 threadLoop() mSleepTimeUs:10500 mMixerStatus:0
10-11 17:03:20.559  1769  3375 V AudioFlinger_Thread: thread 0xec183500 type MIXER TID 3375 threadLoop()
10-11 17:03:20.559  1769  3375 V AudioFlinger_Thread: thread 0xec183500 type MIXER TID 3375 threadLoop() mBytesRemaining:0
10-11 17:03:20.559  1769  3375 V AudioFlinger_Thread: thread 0xec183500 type MIXER TID 3375 threadLoop() mSleepTimeUs:10500 mMixerStatus:0
10-11 17:03:20.569  1769  1806 V AudioFlinger_Thread: thread 0xedb83780 type MIXER TID 1806 threadLoop()
10-11 17:03:20.569  1769  1806 V AudioFlinger_Thread: getTimestamp error - no valid kernel position
10-11 17:03:20.569  1769  1806 V AudioFlinger_Thread: thread 0xedb83780 type MIXER TID 1806 threadLoop() mBytesRemaining:0
10-11 17:03:20.569  1769  1806 V AudioFlinger_Thread: thread 0xedb83780 type MIXER TID 1806 threadLoop() mSleepTimeUs:10500 mMixerStatus:0
10-11 17:03:20.569  1769  3376 V AudioFlinger_Thread: DuplicatingThread::clearOutputTracks()
10-11 17:03:20.569  1769  3376 V AudioFlinger_Thread: thread 0xec003a80 type DUPLICATING TID 3376 threadLoop()
10-11 17:03:20.569  1769  3376 V AudioFlinger_Thread: DuplicatingThread::saveOutputTracks()
10-11 17:03:20.569  1769  3376 V AudioFlinger_Thread: thread 0xec003a80 type DUPLICATING TID 3376 threadLoop() mBytesRemaining:0
10-11 17:03:20.569  1769  3376 V AudioFlinger_Thread: DuplicatingThread::threadLoop_sleepTime()
10-11 17:03:20.569  1769  3376 V AudioFlinger_Thread: thread 0xec003a80 type DUPLICATING TID 3376 threadLoop() mSleepTimeUs:10500 mMixerStatus:0
10-11 17:03:20.569  1769  3375 V AudioFlinger_Thread: thread 0xec183500 type MIXER TID 3375 threadLoop()
10-11 17:03:20.570  1769  3375 V AudioFlinger_Thread: thread 0xec183500 type MIXER TID 3375 threadLoop() mBytesRemaining:0
10-11 17:03:20.570  1769  3375 V AudioFlinger_Thread: thread 0xec183500 type MIXER TID 3375 threadLoop() mSleepTimeUs:10500 mMixerStatus:0


10-11 17:03:20.576  1769  1804 V AudioFlinger_Thread: thread 0xedd031c0 type MIXER TID 1804 threadLoop()
10-11 17:03:20.576  1769  1804 V AudioFlinger_Thread: getTimestamp error - no valid kernel position
10-11 17:03:20.576  1769  1804 V AudioFlinger_Thread: track 0 s=00071b20 [NOT READY] on thread 0xedd031c0
10-11 17:03:20.576  1769  1804 V AudioFlinger_Track: presentationComplete() mPresentationCompleteFrames 509920 framesWritten 509952

10-11 17:03:20.576  1769  1804 V AudioFlinger_Thread: track 2 s=00000759 [OK] on thread 0xedd031c0
10-11 17:03:20.576  1769  1804 V AudioFlinger_Thread: removeTracks_l removing track on session 25

10-11 17:03:20.576  1769  1804 D AudioFlinger_Thread: updateWakeLockUids_l AudioOut_D uids:10054 
10-11 17:03:20.576  1769  1804 V AudioFlinger_Thread: updateWakeLockUids_l() AudioOut_D status 0
10-11 17:03:20.576  1769  1804 V AudioFlinger_Thread: thread 0xedd031c0 type MIXER TID 1804 threadLoop() mBytesRemaining:0
10-11 17:03:20.577  1769  1804 V AudioFlinger_Thread: thread 0xedd031c0 type MIXER TID 1804 threadLoop() mSleepTimeUs:0 mMixerStatus:2




10-11 17:03:20.580  1769  1806 V AudioFlinger_Thread: thread 0xedb83780 type MIXER TID 1806 threadLoop()
10-11 17:03:20.580  1769  3376 V AudioFlinger_Thread: DuplicatingThread::clearOutputTracks()
10-11 17:03:20.580  1769  3376 V AudioFlinger_Thread: thread 0xec003a80 type DUPLICATING TID 3376 threadLoop()
10-11 17:03:20.580  1769  3376 V AudioFlinger_Thread: DuplicatingThread::saveOutputTracks()
10-11 17:03:20.580  1769  3376 V AudioFlinger_Thread: thread 0xec003a80 type DUPLICATING TID 3376 threadLoop() mBytesRemaining:0
10-11 17:03:20.580  1769  3376 V AudioFlinger_Thread: DuplicatingThread::threadLoop_sleepTime()
10-11 17:03:20.580  1769  3376 V AudioFlinger_Thread: thread 0xec003a80 type DUPLICATING TID 3376 threadLoop() mSleepTimeUs:10500 mMixerStatus:0
10-11 17:03:20.580  1769  1806 V AudioFlinger_Thread: getTimestamp error - no valid kernel position
10-11 17:03:20.580  1769  1806 V AudioFlinger_Thread: thread 0xedb83780 type MIXER TID 1806 threadLoop() mBytesRemaining:0
10-11 17:03:20.580  1769  1806 V AudioFlinger_Thread: thread 0xedb83780 type MIXER TID 1806 threadLoop() mSleepTimeUs:10500 mMixerStatus:0
10-11 17:03:20.580  1769  3375 V AudioFlinger_Thread: thread 0xec183500 type MIXER TID 3375 threadLoop()
10-11 17:03:20.581  1769  3375 V AudioFlinger_Thread: thread 0xec183500 type MIXER TID 3375 threadLoop() mBytesRemaining:0
10-11 17:03:20.581  1769  3375 V AudioFlinger_Thread: thread 0xec183500 type MIXER TID 3375 threadLoop() mSleepTimeUs:10500 mMixerStatus:0
10-11 17:03:20.591  1769  3376 V AudioFlinger_Thread: DuplicatingThread::clearOutputTracks()
10-11 17:03:20.591  1769  3376 V AudioFlinger_Thread: thread 0xec003a80 type DUPLICATING TID 3376 threadLoop()
10-11 17:03:20.591  1769  3376 V AudioFlinger_Thread: DuplicatingThread::saveOutputTracks()
10-11 17:03:20.591  1769  3376 V AudioFlinger_Thread: thread 0xec003a80 type DUPLICATING TID 3376 threadLoop() mBytesRemaining:0
10-11 17:03:20.591  1769  1806 V AudioFlinger_Thread: thread 0xedb83780 type MIXER TID 1806 threadLoop()
10-11 17:03:20.591  1769  3376 V AudioFlinger_Thread: DuplicatingThread::threadLoop_sleepTime()
10-11 17:03:20.591  1769  3376 V AudioFlinger_Thread: thread 0xec003a80 type DUPLICATING TID 3376 threadLoop() mSleepTimeUs:10500 mMixerStatus:0
10-11 17:03:20.591  1769  1806 V AudioFlinger_Thread: getTimestamp error - no valid kernel position
10-11 17:03:20.591  1769  1806 V AudioFlinger_Thread: thread 0xedb83780 type MIXER TID 1806 threadLoop() mBytesRemaining:0
10-11 17:03:20.591  1769  1806 V AudioFlinger_Thread: thread 0xedb83780 type MIXER TID 1806 threadLoop() mSleepTimeUs:10500 mMixerStatus:0
10-11 17:03:20.591  1769  3375 V AudioFlinger_Thread: thread 0xec183500 type MIXER TID 3375 threadLoop()
10-11 17:03:20.591  1769  3375 V AudioFlinger_Thread: thread 0xec183500 type MIXER TID 3375 threadLoop() mBytesRemaining:0
10-11 17:03:20.592  1769  3375 V AudioFlinger_Thread: thread 0xec183500 type MIXER TID 3375 threadLoop() mSleepTimeUs:10500 mMixerStatus:0
10-11 17:03:20.600  1769  1804 V AudioPolicyIntefaceImpl: stopOutput()
10-11 17:03:20.600  1769  1804 V AudioPolicyService: AudioCommandThread() adding stop output 13
10-11 17:03:20.600  1769  1804 V AudioPolicyService: inserting command: 5 at index 0, num commands 0
10-11 17:03:20.600  1769  1804 V AudioPolicyIntefaceImpl: releaseOutput()
10-11 17:03:20.600  1769  1804 V AudioPolicyService: AudioCommandThread() adding release output 13
10-11 17:03:20.600  1769  1804 V AudioPolicyService: inserting command: 6 at index 1, num commands 1
10-11 17:03:20.600  1769  1804 V AudioFlinger_Track: PlaybackThread::Track destructor
10-11 17:03:20.600  1769  1804 V AudioFlinger_Thread: thread 0xedd031c0 type MIXER TID 1804 threadLoop()
10-11 17:03:20.600  1769  1799 V AudioPolicyService: AudioCommandThread() processing stop output 13
10-11 17:03:20.600  1769  1799 V AudioPolicyIntefaceImpl: doStopOutput from tid 1799
10-11 17:03:20.600  1769  1799 V APM_AudioPolicyManager: stopOutput() output 13, stream 3, session 25
10-11 17:03:20.600  1769  1804 V AudioFlinger_Thread: getTimestamp error - no valid kernel position
10-11 17:03:20.600  1769  1799 V APM_AudioPolicyManager: setBeaconMute(1) mBeaconMuteRefCount=1 mBeaconPlayingRefCount=0
10-11 17:03:20.600  1769  1799 V APM_AudioPolicyManager: selectOutputForMusicEffects selected output 29
10-11 17:03:20.600  1769  1804 V AudioFlinger_Thread: track 2 s=00000b06 [OK] on thread 0xedd031c0
10-11 17:03:20.600  1769  1799 V AudioPolicyService: AudioCommandThread() processing release output 13
10-11 17:03:20.600  1769  1804 V AudioFlinger_Thread: thread 0xedd031c0 type MIXER TID 1804 threadLoop() mBytesRemaining:0
10-11 17:03:20.600  1769  1799 V AudioPolicyIntefaceImpl: doReleaseOutput from tid 1799
10-11 17:03:20.600  1769  1799 V APM_AudioPolicyManager: releaseOutput() 13
10-11 17:03:20.600  1769  1799 V AudioPolicyService: AudioCommandThread() going to sleep
10-11 17:03:20.601  1769  1804 V AudioFlinger_Thread: thread 0xedd031c0 type MIXER TID 1804 threadLoop() mSleepTimeUs:0 mMixerStatus:2
10-11 17:03:20.601  1769  3376 V AudioFlinger_Thread: DuplicatingThread::clearOutputTracks()
10-11 17:03:20.601  1769  3376 V AudioFlinger_Thread: thread 0xec003a80 type DUPLICATING TID 3376 threadLoop()
10-11 17:03:20.601  1769  3376 V AudioFlinger_Thread: DuplicatingThread::saveOutputTracks()
10-11 17:03:20.601  1769  3376 V AudioFlinger_Thread: thread 0xec003a80 type DUPLICATING TID 3376 threadLoop() mBytesRemaining:0
10-11 17:03:20.601  1769  3376 V AudioFlinger_Thread: DuplicatingThread::threadLoop_sleepTime()
10-11 17:03:20.601  1769  3376 V AudioFlinger_Thread: thread 0xec003a80 type DUPLICATING TID 3376 threadLoop() mSleepTimeUs:10500 mMixerStatus:0
10-11 17:03:20.602  1769  1806 V AudioFlinger_Thread: thread 0xedb83780 type MIXER TID 1806 threadLoop()
10-11 17:03:20.602  1769  1806 V AudioFlinger_Thread: getTimestamp error - no valid kernel position
10-11 17:03:20.602  1769  1806 V AudioFlinger_Thread: thread 0xedb83780 type MIXER TID 1806 threadLoop() mBytesRemaining:0
10-11 17:03:20.602  1769  1806 V AudioFlinger_Thread: thread 0xedb83780 type MIXER TID 1806 threadLoop() mSleepTimeUs:10500 mMixerStatus:0
10-11 17:03:20.602  1769  3375 V AudioFlinger_Thread: thread 0xec183500 type MIXER TID 3375 threadLoop()
10-11 17:03:20.602  1769  3375 V AudioFlinger_Thread: thread 0xec183500 type MIXER TID 3375 threadLoop() mBytesRemaining:0
10-11 17:03:20.602  1769  3375 V AudioFlinger_Thread: thread 0xec183500 type MIXER TID 3375 threadLoop() mSleepTimeUs:10500 mMixerStatus:0
10-11 17:03:20.612  1769  3376 V AudioFlinger_Thread: DuplicatingThread::clearOutputTracks()
10-11 17:03:20.612  1769  3376 V AudioFlinger_Thread: thread 0xec003a80 type DUPLICATING TID 3376 threadLoop()
10-11 17:03:20.612  1769  3376 V AudioFlinger_Thread: DuplicatingThread::saveOutputTracks()
10-11 17:03:20.612  1769  3376 V AudioFlinger_Thread: thread 0xec003a80 type DUPLICATING TID 3376 threadLoop() mBytesRemaining:0
10-11 17:03:20.612  1769  3376 V AudioFlinger_Thread: DuplicatingThread::threadLoop_sleepTime()
10-11 17:03:20.612  1769  3376 V AudioFlinger_Thread: thread 0xec003a80 type DUPLICATING TID 3376 threadLoop() mSleepTimeUs:10500 mMixerStatus:0
10-11 17:03:20.613  1769  1806 V AudioFlinger_Thread: thread 0xedb83780 type MIXER TID 1806 threadLoop()
10-11 17:03:20.613  1769  1806 V AudioFlinger_Thread: getTimestamp error - no valid kernel position
10-11 17:03:20.613  1769  1806 V AudioFlinger_Thread: thread 0xedb83780 type MIXER TID 1806 threadLoop() mBytesRemaining:0
10-11 17:03:20.613  1769  1806 V AudioFlinger_Thread: thread 0xedb83780 type MIXER TID 1806 threadLoop() mSleepTimeUs:10500 mMixerStatus:0
10-11 17:03:20.613  1769  3375 V AudioFlinger_Thread: thread 0xec183500 type MIXER TID 3375 threadLoop()
10-11 17:03:20.613  1769  3375 V AudioFlinger_Thread: thread 0xec183500 type MIXER TID 3375 threadLoop() mBytesRemaining:0
10-11 17:03:20.613  1769  3375 V AudioFlinger_Thread: thread 0xec183500 type MIXER TID 3375 threadLoop() mSleepTimeUs:10500 mMixerStatus:0
10-11 17:03:20.620  1769  1804 V AudioFlinger_Thread: thread 0xedd031c0 type MIXER TID 1804 threadLoop()
10-11 17:03:20.620  1769  1804 V AudioFlinger_Thread: getTimestamp error - no valid kernel position
10-11 17:03:20.620  1769  1804 V AudioFlinger_Thread: track 2 s=00000eb3 [OK] on thread 0xedd031c0
10-11 17:03:20.620  1769  1804 V AudioFlinger_Thread: thread 0xedd031c0 type MIXER TID 1804 threadLoop() mBytesRemaining:0
10-11 17:03:20.621  1769  1804 V AudioFlinger_Thread: thread 0xedd031c0 type MIXER TID 1804 threadLoop() mSleepTimeUs:0 mMixerStatus:2
10-11 17:03:20.623  1769  3376 V AudioFlinger_Thread: DuplicatingThread::clearOutputTracks()
10-11 17:03:20.623  1769  3376 V AudioFlinger_Thread: thread 0xec003a80 type DUPLICATING TID 3376 threadLoop()
10-11 17:03:20.623  1769  3376 V AudioFlinger_Thread: DuplicatingThread::saveOutputTracks()
10-11 17:03:20.623  1769  3376 V AudioFlinger_Thread: thread 0xec003a80 type DUPLICATING TID 3376 threadLoop() mBytesRemaining:0
10-11 17:03:20.623  1769  3376 V AudioFlinger_Thread: DuplicatingThread::threadLoop_sleepTime()
10-11 17:03:20.623  1769  3376 V AudioFlinger_Thread: thread 0xec003a80 type DUPLICATING TID 3376 threadLoop() mSleepTimeUs:10500 mMixerStatus:0
10-11 17:03:20.623  1769  1806 V AudioFlinger_Thread: thread 0xedb83780 type MIXER TID 1806 threadLoop()
10-11 17:03:20.624  1769  1806 V AudioFlinger_Thread: getTimestamp error - no valid kernel position
10-11 17:03:20.624  1769  1806 V AudioFlinger_Thread: thread 0xedb83780 type MIXER TID 1806 threadLoop() mBytesRemaining:0
10-11 17:03:20.624  1769  1806 V AudioFlinger_Thread: thread 0xedb83780 type MIXER TID 1806 threadLoop() mSleepTimeUs:10500 mMixerStatus:0
10-11 17:03:20.624  1769  3375 V AudioFlinger_Thread: thread 0xec183500 type MIXER TID 3375 threadLoop()
10-11 17:03:20.624  1769  3375 V AudioFlinger_Thread: thread 0xec183500 type MIXER TID 3375 threadLoop() mBytesRemaining:0
10-11 17:03:20.624  1769  3375 V AudioFlinger_Thread: thread 0xec183500 type MIXER TID 3375 threadLoop() mSleepTimeUs:10500 mMixerStatus:0
10-11 17:03:20.634  1769  3376 V AudioFlinger_Thread: DuplicatingThread::clearOutputTracks()
10-11 17:03:20.634  1769  3376 V AudioFlinger_Thread: thread 0xec003a80 type DUPLICATING TID 3376 threadLoop()
10-11 17:03:20.634  1769  3376 V AudioFlinger_Thread: DuplicatingThread::saveOutputTracks()
10-11 17:03:20.634  1769  3376 V AudioFlinger_Thread: thread 0xec003a80 type DUPLICATING TID 3376 threadLoop() mBytesRemaining:0
10-11 17:03:20.634  1769  3376 V AudioFlinger_Thread: DuplicatingThread::threadLoop_sleepTime()
10-11 17:03:20.634  1769  3376 V AudioFlinger_Thread: thread 0xec003a80 type DUPLICATING TID 3376 threadLoop() mSleepTimeUs:10500 mMixerStatus:0
10-11 17:03:20.634  1769  1806 V AudioFlinger_Thread: thread 0xedb83780 type MIXER TID 1806 threadLoop()
10-11 17:03:20.635  1769  1806 V AudioFlinger_Thread: getTimestamp error - no valid kernel position
10-11 17:03:20.635  1769  1806 V AudioFlinger_Thread: thread 0xedb83780 type MIXER TID 1806 threadLoop() mBytesRemaining:0
10-11 17:03:20.635  1769  1806 V AudioFlinger_Thread: thread 0xedb83780 type MIXER TID 1806 threadLoop() mSleepTimeUs:10500 mMixerStatus:0
10-11 17:03:20.635  1769  3375 V AudioFlinger_Thread: thread 0xec183500 type MIXER TID 3375 threadLoop()
10-11 17:03:20.635  1769  3375 V AudioFlinger_Thread: thread 0xec183500 type MIXER TID 3375 threadLoop() mBytesRemaining:0
10-11 17:03:20.635  1769  3375 V AudioFlinger_Thread: thread 0xec183500 type MIXER TID 3375 threadLoop() mSleepTimeUs:10500 mMixerStatus:0
10-11 17:03:20.640  1769  1804 V AudioFlinger_Thread: thread 0xedd031c0 type MIXER TID 1804 threadLoop()
10-11 17:03:20.640  1769  1804 V AudioFlinger_Thread: getTimestamp error - no valid kernel position
10-11 17:03:20.640  1769  1804 V AudioFlinger_Thread: track 2 s=00001260 [OK] on thread 0xedd031c0
10-11 17:03:20.640  1769  1804 V AudioFlinger_Thread: thread 0xedd031c0 type MIXER TID 1804 threadLoop() mBytesRemaining:0
10-11 17:03:20.641  1769  1804 V AudioFlinger_Thread: thread 0xedd031c0 type MIXER TID 1804 threadLoop() mSleepTimeUs:0 mMixerStatus:2
10-11 17:03:20.644  1769  3376 V AudioFlinger_Thread: DuplicatingThread::clearOutputTracks()
10-11 17:03:20.644  1769  3376 V AudioFlinger_Thread: thread 0xec003a80 type DUPLICATING TID 3376 threadLoop()
10-11 17:03:20.645  1769  3376 V AudioFlinger_Thread: DuplicatingThread::saveOutputTracks()
10-11 17:03:20.645  1769  3376 V AudioFlinger_Thread: thread 0xec003a80 type DUPLICATING TID 3376 threadLoop() mBytesRemaining:0
10-11 17:03:20.645  1769  3376 V AudioFlinger_Thread: DuplicatingThread::threadLoop_sleepTime()
10-11 17:03:20.645  1769  3376 V AudioFlinger_Thread: thread 0xec003a80 type DUPLICATING TID 3376 threadLoop() mSleepTimeUs:10500 mMixerStatus:0
10-11 17:03:20.645  1769  1806 V AudioFlinger_Thread: thread 0xedb83780 type MIXER TID 1806 threadLoop()
10-11 17:03:20.646  1769  1806 V AudioFlinger_Thread: getTimestamp error - no valid kernel position
10-11 17:03:20.646  1769  1806 V AudioFlinger_Thread: thread 0xedb83780 type MIXER TID 1806 threadLoop() mBytesRemaining:0
10-11 17:03:20.646  1769  1806 V AudioFlinger_Thread: thread 0xedb83780 type MIXER TID 1806 threadLoop() mSleepTimeUs:10500 mMixerStatus:0
10-11 17:03:20.646  1769  3375 V AudioFlinger_Thread: thread 0xec183500 type MIXER TID 3375 threadLoop()
10-11 17:03:20.646  1769  3375 V AudioFlinger_Thread: thread 0xec183500 type MIXER TID 3375 threadLoop() mBytesRemaining:0
10-11 17:03:20.646  1769  3375 V AudioFlinger_Thread: thread 0xec183500 type MIXER TID 3375 threadLoop() mSleepTimeUs:10500 mMixerStatus:0
10-11 17:03:20.655  1769  3376 V AudioFlinger_Thread: DuplicatingThread::clearOutputTracks()
10-11 17:03:20.655  1769  3376 V AudioFlinger_Thread: thread 0xec003a80 type DUPLICATING TID 3376 threadLoop()
10-11 17:03:20.655  1769  3376 V AudioFlinger_Thread: DuplicatingThread::saveOutputTracks()
10-11 17:03:20.655  1769  3376 V AudioFlinger_Thread: thread 0xec003a80 type DUPLICATING TID 3376 threadLoop() mBytesRemaining:0
10-11 17:03:20.655  1769  3376 V AudioFlinger_Thread: DuplicatingThread::threadLoop_sleepTime()
10-11 17:03:20.655  1769  3376 V AudioFlinger_Thread: thread 0xec003a80 type DUPLICATING TID 3376 threadLoop() mSleepTimeUs:10500 mMixerStatus:0
10-11 17:03:20.656  1769  1806 V AudioFlinger_Thread: thread 0xedb83780 type MIXER TID 1806 threadLoop()
10-11 17:03:20.657  1769  1806 V AudioFlinger_Thread: getTimestamp error - no valid kernel position
10-11 17:03:20.657  1769  1806 V AudioFlinger_Thread: thread 0xedb83780 type MIXER TID 1806 threadLoop() mBytesRemaining:0
10-11 17:03:20.657  1769  1806 V AudioFlinger_Thread: thread 0xedb83780 type MIXER TID 1806 threadLoop() mSleepTimeUs:10500 mMixerStatus:0
10-11 17:03:20.657  1769  3375 V AudioFlinger_Thread: thread 0xec183500 type MIXER TID 3375 threadLoop()
10-11 17:03:20.657  1769  3375 V AudioFlinger_Thread: thread 0xec183500 type MIXER TID 3375 threadLoop() mBytesRemaining:0
10-11 17:03:20.657  1769  3375 V AudioFlinger_Thread: thread 0xec183500 type MIXER TID 3375 threadLoop() mSleepTimeUs:10500 mMixerStatus:0
10-11 17:03:20.664  1769  1804 V AudioFlinger_Thread: thread 0xedd031c0 type MIXER TID 1804 threadLoop()
10-11 17:03:20.664  1769  1804 V AudioFlinger_Thread: getTimestamp error - no valid kernel position
10-11 17:03:20.664  1769  1804 V AudioFlinger_Thread: track 2 s=0000160c [OK] on thread 0xedd031c0
10-11 17:03:20.664  1769  1804 V AudioFlinger_Thread: thread 0xedd031c0 type MIXER TID 1804 threadLoop() mBytesRemaining:0
10-11 17:03:20.665  1769  1804 V AudioFlinger_Thread: thread 0xedd031c0 type MIXER TID 1804 threadLoop() mSleepTimeUs:0 mMixerStatus:2
10-11 17:03:20.666  1769  3376 V AudioFlinger_Thread: DuplicatingThread::clearOutputTracks()
10-11 17:03:20.666  1769  3376 V AudioFlinger_Thread: thread 0xec003a80 type DUPLICATING TID 3376 threadLoop()
10-11 17:03:20.666  1769  3376 V AudioFlinger_Thread: DuplicatingThread::saveOutputTracks()
10-11 17:03:20.666  1769  3376 V AudioFlinger_Thread: thread 0xec003a80 type DUPLICATING TID 3376 threadLoop() mBytesRemaining:0
10-11 17:03:20.666  1769  3376 V AudioFlinger_Thread: DuplicatingThread::threadLoop_sleepTime()
10-11 17:03:20.666  1769  3376 V AudioFlinger_Thread: thread 0xec003a80 type DUPLICATING TID 3376 threadLoop() mSleepTimeUs:10500 mMixerStatus:0
10-11 17:03:20.667  1769  1806 V AudioFlinger_Thread: thread 0xedb83780 type MIXER TID 1806 threadLoop()
10-11 17:03:20.668  1769  1806 V AudioFlinger_Thread: getTimestamp error - no valid kernel position
10-11 17:03:20.668  1769  1806 V AudioFlinger_Thread: thread 0xedb83780 type MIXER TID 1806 threadLoop() mBytesRemaining:0
10-11 17:03:20.668  1769  1806 V AudioFlinger_Thread: thread 0xedb83780 type MIXER TID 1806 threadLoop() mSleepTimeUs:10500 mMixerStatus:0
10-11 17:03:20.668  1769  3375 V AudioFlinger_Thread: thread 0xec183500 type MIXER TID 3375 threadLoop()
10-11 17:03:20.668  1769  1798 V AudioPolicyService: AudioCommandThread() processing set volume stream 1,                             volume 1.000000, output 13
10-11 17:03:20.668  1769  1798 V AudioPolicyService: AudioCommandThread() processing set volume stream 3,                             volume 0.077849, output 13
10-11 17:03:20.668  1769  1798 V AudioPolicyService: AudioCommandThread() going to sleep
10-11 17:03:20.668  1769  3375 V AudioFlinger_Thread: thread 0xec183500 type MIXER TID 3375 threadLoop() mBytesRemaining:0
10-11 17:03:20.668  1769  3375 V AudioFlinger_Thread: thread 0xec183500 type MIXER TID 3375 threadLoop() mSleepTimeUs:10500 mMixerStatus:0
10-11 17:03:20.677  1769  3376 V AudioFlinger_Thread: DuplicatingThread::clearOutputTracks()
10-11 17:03:20.677  1769  3376 V AudioFlinger_Thread: thread 0xec003a80 type DUPLICATING TID 3376 threadLoop()
10-11 17:03:20.677  1769  3376 V AudioFlinger_Thread: DuplicatingThread::saveOutputTracks()
10-11 17:03:20.677  1769  3376 V AudioFlinger_Thread: thread 0xec003a80 type DUPLICATING TID 3376 threadLoop() mBytesRemaining:0
10-11 17:03:20.677  1769  3376 V AudioFlinger_Thread: DuplicatingThread::threadLoop_sleepTime()
10-11 17:03:20.677  1769  3376 V AudioFlinger_Thread: thread 0xec003a80 type DUPLICATING TID 3376 threadLoop() mSleepTimeUs:10500 mMixerStatus:0
10-11 17:03:20.678  1769  1806 V AudioFlinger_Thread: thread 0xedb83780 type MIXER TID 1806 threadLoop()
10-11 17:03:20.679  1769  1806 V AudioFlinger_Thread: getTimestamp error - no valid kernel position
10-11 17:03:20.679  1769  1806 V AudioFlinger_Thread: thread 0xedb83780 type MIXER TID 1806 threadLoop() mBytesRemaining:0
10-11 17:03:20.679  1769  1806 V AudioFlinger_Thread: thread 0xedb83780 type MIXER TID 1806 threadLoop() mSleepTimeUs:10500 mMixerStatus:0
10-11 17:03:20.679  1769  3375 V AudioFlinger_Thread: thread 0xec183500 type MIXER TID 3375 threadLoop()
10-11 17:03:20.679  1769  3375 V AudioFlinger_Thread: thread 0xec183500 type MIXER TID 3375 threadLoop() mBytesRemaining:0
10-11 17:03:20.679  1769  3375 V AudioFlinger_Thread: thread 0xec183500 type MIXER TID 3375 threadLoop() mSleepTimeUs:10500 mMixerStatus:0
10-11 17:03:20.684  1769  1804 V AudioFlinger_Thread: thread 0xedd031c0 type MIXER TID 1804 threadLoop()
10-11 17:03:20.684  1769  1804 V AudioFlinger_Thread: getTimestamp error - no valid kernel position
10-11 17:03:20.684  1769  1804 V AudioFlinger_Thread: track 2 s=000019b9 [OK] on thread 0xedd031c0
10-11 17:03:20.685  1769  1804 V AudioFlinger_Thread: thread 0xedd031c0 type MIXER TID 1804 threadLoop() mBytesRemaining:0
10-11 17:03:20.686  1769  1804 V AudioFlinger_Thread: thread 0xedd031c0 type MIXER TID 1804 threadLoop() mSleepTimeUs:0 mMixerStatus:2
10-11 17:03:20.688  1769  3376 V AudioFlinger_Thread: DuplicatingThread::clearOutputTracks()
10-11 17:03:20.688  1769  3376 V AudioFlinger_Thread: thread 0xec003a80 type DUPLICATING TID 3376 threadLoop()
10-11 17:03:20.688  1769  3376 V AudioFlinger_Thread: DuplicatingThread::saveOutputTracks()
10-11 17:03:20.688  1769  3376 V AudioFlinger_Thread: thread 0xec003a80 type DUPLICATING TID 3376 threadLoop() mBytesRemaining:0
10-11 17:03:20.688  1769  3376 V AudioFlinger_Thread: DuplicatingThread::threadLoop_sleepTime()
10-11 17:03:20.688  1769  3376 V AudioFlinger_Thread: thread 0xec003a80 type DUPLICATING TID 3376 threadLoop() mSleepTimeUs:10500 mMixerStatus:0
10-11 17:03:20.689  1769  1806 V AudioFlinger_Thread: thread 0xedb83780 type MIXER TID 1806 threadLoop()
10-11 17:03:20.690  1769  3375 V AudioFlinger_Thread: thread 0xec183500 type MIXER TID 3375 threadLoop()
10-11 17:03:20.690  1769  1806 V AudioFlinger_Thread: getTimestamp error - no valid kernel position
10-11 17:03:20.690  1769  1806 V AudioFlinger_Thread: thread 0xedb83780 type MIXER TID 1806 threadLoop() mBytesRemaining:0
10-11 17:03:20.690  1769  1806 V AudioFlinger_Thread: thread 0xedb83780 type MIXER TID 1806 threadLoop() mSleepTimeUs:10500 mMixerStatus:0
10-11 17:03:20.690  1769  3375 V AudioFlinger_Thread: thread 0xec183500 type MIXER TID 3375 threadLoop() mBytesRemaining:0
10-11 17:03:20.690  1769  3375 V AudioFlinger_Thread: thread 0xec183500 type MIXER TID 3375 threadLoop() mSleepTimeUs:10500 mMixerStatus:0
10-11 17:03:20.698  1769  3376 V AudioFlinger_Thread: DuplicatingThread::clearOutputTracks()
10-11 17:03:20.698  1769  3376 V AudioFlinger_Thread: thread 0xec003a80 type DUPLICATING TID 3376 threadLoop()
10-11 17:03:20.698  1769  3376 V AudioFlinger_Thread: DuplicatingThread::saveOutputTracks()
10-11 17:03:20.698  1769  3376 V AudioFlinger_Thread: thread 0xec003a80 type DUPLICATING TID 3376 threadLoop() mBytesRemaining:0
10-11 17:03:20.699  1769  3376 V AudioFlinger_Thread: DuplicatingThread::threadLoop_sleepTime()
10-11 17:03:20.699  1769  3376 V AudioFlinger_Thread: thread 0xec003a80 type DUPLICATING TID 3376 threadLoop() mSleepTimeUs:10500 mMixerStatus:0
10-11 17:03:20.700  1769  3375 V AudioFlinger_Thread: thread 0xec183500 type MIXER TID 3375 threadLoop()
10-11 17:03:20.701  1769  1806 V AudioFlinger_Thread: thread 0xedb83780 type MIXER TID 1806 threadLoop()
10-11 17:03:20.701  1769  3375 V AudioFlinger_Thread: thread 0xec183500 type MIXER TID 3375 threadLoop() mBytesRemaining:0
10-11 17:03:20.701  1769  3375 V AudioFlinger_Thread: thread 0xec183500 type MIXER TID 3375 threadLoop() mSleepTimeUs:10500 mMixerStatus:0
10-11 17:03:20.701  1769  1806 V AudioFlinger_Thread: getTimestamp error - no valid kernel position
10-11 17:03:20.701  1769  1806 V AudioFlinger_Thread: thread 0xedb83780 type MIXER TID 1806 threadLoop() mBytesRemaining:0
10-11 17:03:20.701  1769  1806 V AudioFlinger_Thread: thread 0xedb83780 type MIXER TID 1806 threadLoop() mSleepTimeUs:10500 mMixerStatus:0
10-11 17:03:20.704  1769  1804 V AudioFlinger_Thread: thread 0xedd031c0 type MIXER TID 1804 threadLoop()
10-11 17:03:20.704  1769  1804 V AudioFlinger_Thread: getTimestamp error - no valid kernel position
10-11 17:03:20.704  1769  1804 V AudioFlinger_Thread: track 2 s=00001d66 [OK] on thread 0xedd031c0
10-11 17:03:20.704  1769  1804 V AudioFlinger_Thread: thread 0xedd031c0 type MIXER TID 1804 threadLoop() mBytesRemaining:0
10-11 17:03:20.705  1769  1804 V AudioFlinger_Thread: thread 0xedd031c0 type MIXER TID 1804 threadLoop() mSleepTimeUs:0 mMixerStatus:2
10-11 17:03:20.709  1769  3376 V AudioFlinger_Thread: DuplicatingThread::clearOutputTracks()
10-11 17:03:20.709  1769  3376 V AudioFlinger_Thread: thread 0xec003a80 type DUPLICATING TID 3376 threadLoop()
10-11 17:03:20.709  1769  3376 V AudioFlinger_Thread: DuplicatingThread::saveOutputTracks()
10-11 17:03:20.709  1769  3376 V AudioFlinger_Thread: thread 0xec003a80 type DUPLICATING TID 3376 threadLoop() mBytesRemaining:0
10-11 17:03:20.709  1769  3376 V AudioFlinger_Thread: DuplicatingThread::threadLoop_sleepTime()
10-11 17:03:20.709  1769  3376 V AudioFlinger_Thread: thread 0xec003a80 type DUPLICATING TID 3376 threadLoop() mSleepTimeUs:10500 mMixerStatus:0
10-11 17:03:20.712  1769  3375 V AudioFlinger_Thread: thread 0xec183500 type MIXER TID 3375 threadLoop()
10-11 17:03:20.713  1769  1806 V AudioFlinger_Thread: thread 0xedb83780 type MIXER TID 1806 threadLoop()
10-11 17:03:20.713  1769  3375 V AudioFlinger_Thread: thread 0xec183500 type MIXER TID 3375 threadLoop() mBytesRemaining:0
10-11 17:03:20.713  1769  3375 V AudioFlinger_Thread: thread 0xec183500 type MIXER TID 3375 threadLoop() mSleepTimeUs:10500 mMixerStatus:0
10-11 17:03:20.713  1769  1806 V AudioFlinger_Thread: getTimestamp error - no valid kernel position
10-11 17:03:20.713  1769  1806 V AudioFlinger_Thread: thread 0xedb83780 type MIXER TID 1806 threadLoop() mBytesRemaining:0
10-11 17:03:20.713  1769  1806 V AudioFlinger_Thread: thread 0xedb83780 type MIXER TID 1806 threadLoop() mSleepTimeUs:10500 mMixerStatus:0
10-11 17:03:20.720  1769  3376 V AudioFlinger_Thread: DuplicatingThread::clearOutputTracks()
10-11 17:03:20.720  1769  3376 V AudioFlinger_Thread: thread 0xec003a80 type DUPLICATING TID 3376 threadLoop()
10-11 17:03:20.720  1769  3376 V AudioFlinger_Thread: DuplicatingThread::saveOutputTracks()
10-11 17:03:20.720  1769  3376 V AudioFlinger_Thread: thread 0xec003a80 type DUPLICATING TID 3376 threadLoop() mBytesRemaining:0
10-11 17:03:20.720  1769  3376 V AudioFlinger_Thread: DuplicatingThread::threadLoop_sleepTime()
10-11 17:03:20.720  1769  3376 V AudioFlinger_Thread: thread 0xec003a80 type DUPLICATING TID 3376 threadLoop() mSleepTimeUs:10500 mMixerStatus:0
10-11 17:03:20.723  1769  3375 V AudioFlinger_Thread: thread 0xec183500 type MIXER TID 3375 threadLoop()
10-11 17:03:20.723  1769  1806 V AudioFlinger_Thread: thread 0xedb83780 type MIXER TID 1806 threadLoop()
10-11 17:03:20.723  1769  3375 V AudioFlinger_Thread: thread 0xec183500 type MIXER TID 3375 threadLoop() mBytesRemaining:0
10-11 17:03:20.723  1769  3375 V AudioFlinger_Thread: thread 0xec183500 type MIXER TID 3375 threadLoop() mSleepTimeUs:10500 mMixerStatus:0
10-11 17:03:20.724  1769  1806 V AudioFlinger_Thread: getTimestamp error - no valid kernel position
10-11 17:03:20.724  1769  1806 V AudioFlinger_Thread: thread 0xedb83780 type MIXER TID 1806 threadLoop() mBytesRemaining:0
10-11 17:03:20.724  1769  1806 V AudioFlinger_Thread: thread 0xedb83780 type MIXER TID 1806 threadLoop() mSleepTimeUs:10500 mMixerStatus:0
10-11 17:03:20.728  1769  1804 V AudioFlinger_Thread: thread 0xedd031c0 type MIXER TID 1804 threadLoop()
10-11 17:03:20.728  1769  1804 V AudioFlinger_Thread: getTimestamp error - no valid kernel position
10-11 17:03:20.728  1769  1804 V AudioFlinger_Thread: track 2 s=00002113 [OK] on thread 0xedd031c0
10-11 17:03:20.728  1769  1804 V AudioFlinger_Thread: thread 0xedd031c0 type MIXER TID 1804 threadLoop() mBytesRemaining:0
10-11 17:03:20.729  1769  1804 V AudioFlinger_Thread: thread 0xedd031c0 type MIXER TID 1804 threadLoop() mSleepTimeUs:0 mMixerStatus:2
10-11 17:03:20.731  1769  3376 V AudioFlinger_Thread: DuplicatingThread::clearOutputTracks()
10-11 17:03:20.731  1769  3376 V AudioFlinger_Thread: thread 0xec003a80 type DUPLICATING TID 3376 threadLoop()
10-11 17:03:20.731  1769  3376 V AudioFlinger_Thread: DuplicatingThread::saveOutputTracks()
10-11 17:03:20.731  1769  3376 V AudioFlinger_Thread: thread 0xec003a80 type DUPLICATING TID 3376 threadLoop() mBytesRemaining:0
10-11 17:03:20.731  1769  3376 V AudioFlinger_Thread: DuplicatingThread::threadLoop_sleepTime()
10-11 17:03:20.731  1769  3376 V AudioFlinger_Thread: thread 0xec003a80 type DUPLICATING TID 3376 threadLoop() mSleepTimeUs:10500 mMixerStatus:0
10-11 17:03:20.734  1769  3375 V AudioFlinger_Thread: thread 0xec183500 type MIXER TID 3375 threadLoop()
10-11 17:03:20.734  1769  1806 V AudioFlinger_Thread: thread 0xedb83780 type MIXER TID 1806 threadLoop()
10-11 17:03:20.734  1769  1806 V AudioFlinger_Thread: getTimestamp error - no valid kernel position
10-11 17:03:20.734  1769  3375 V AudioFlinger_Thread: thread 0xec183500 type MIXER TID 3375 threadLoop() mBytesRemaining:0
10-11 17:03:20.734  1769  1806 V AudioFlinger_Thread: thread 0xedb83780 type MIXER TID 1806 threadLoop() mBytesRemaining:0
10-11 17:03:20.734  1769  3375 V AudioFlinger_Thread: thread 0xec183500 type MIXER TID 3375 threadLoop() mSleepTimeUs:10500 mMixerStatus:0
10-11 17:03:20.734  1769  1806 V AudioFlinger_Thread: thread 0xedb83780 type MIXER TID 1806 threadLoop() mSleepTimeUs:10500 mMixerStatus:0
10-11 17:03:20.742  1769  3376 V AudioFlinger_Thread: DuplicatingThread::clearOutputTracks()
10-11 17:03:20.742  1769  3376 V AudioFlinger_Thread: thread 0xec003a80 type DUPLICATING TID 3376 threadLoop()
10-11 17:03:20.742  1769  3376 V AudioFlinger_Thread: DuplicatingThread::saveOutputTracks()
10-11 17:03:20.742  1769  3376 V AudioFlinger_Thread: thread 0xec003a80 type DUPLICATING TID 3376 threadLoop() mBytesRemaining:0
10-11 17:03:20.742  1769  3376 V AudioFlinger_Thread: DuplicatingThread::threadLoop_sleepTime()
10-11 17:03:20.742  1769  3376 V AudioFlinger_Thread: thread 0xec003a80 type DUPLICATING TID 3376 threadLoop() mSleepTimeUs:10500 mMixerStatus:0
10-11 17:03:20.745  1769  1806 V AudioFlinger_Thread: thread 0xedb83780 type MIXER TID 1806 threadLoop()
10-11 17:03:20.745  1769  3375 V AudioFlinger_Thread: thread 0xec183500 type MIXER TID 3375 threadLoop()
10-11 17:03:20.745  1769  1806 V AudioFlinger_Thread: getTimestamp error - no valid kernel position
10-11 17:03:20.745  1769  1806 V AudioFlinger_Thread: thread 0xedb83780 type MIXER TID 1806 threadLoop() mBytesRemaining:0
10-11 17:03:20.745  1769  3375 V AudioFlinger_Thread: thread 0xec183500 type MIXER TID 3375 threadLoop() mBytesRemaining:0
10-11 17:03:20.745  1769  1806 V AudioFlinger_Thread: thread 0xedb83780 type MIXER TID 1806 threadLoop() mSleepTimeUs:10500 mMixerStatus:0
