--------- beginning of main
09-11 12:33:54.816  1791  1791 I FastMixerState: sMaxFastTracks = 8
09-11 12:33:54.819  1791  1791 V MediaUtils: physMem: 2916401152
09-11 12:33:54.819  1791  1791 V MediaUtils: requested limit: 536870912
09-11 12:33:54.819  1791  1791 V MediaUtils: actual limit: 536870912
09-11 12:33:54.819  1791  1791 V MediaUtils: original limits: 4294967295/4294967295
09-11 12:33:54.819  1791  1791 V MediaUtils: new limits: 536870912/4294967295
09-11 12:33:54.820  1791  1791 I audioserver: ServiceManager: 0xf379c100
09-11 12:33:54.820  1791  1791 W BatteryNotifier: batterystats service unavailable!
09-11 12:33:54.831  1791  1791 I AudioFlinger: Using default 3000 mSec as standby time.
09-11 12:33:54.833  1791  1791 E APM::Serializer: deserialize: Could not parse /odm/etc/audio_policy_configuration.xml document.
09-11 12:33:54.852  1791  1791 V APM::HwModule: refreshSupportedDevices mInputProfiles primary input
09-11 12:33:54.852  1791  1791 V APM::HwModule: getRouteSourceDevices name:Built-In Mic source->getType():1,AUDIO_PORT_TYPE_DEVICE:1
09-11 12:33:54.852  1791  1791 V APM::HwModule: refreshSupportedDevices mInputProfiles sourceDevicesForRoute.size 1 sourceDevices.size 1
09-11 12:33:54.852  1791  1791 V APM::HwModule: refreshSupportedDevices mOutputProfiles mixport_bus0_media_out
09-11 12:33:54.852  1791  1791 V APM::HwModule: getRouteSinkDevice name:bus0_media_out route->getSink()->getType():1,AUDIO_PORT_TYPE_DEVICE:1
09-11 12:33:54.852  1791  1791 V APM::HwModule: refreshSupportedDevices mOutputProfiles sinkDevice:bus0_media_out,sinkDevices.size 1
09-11 12:33:54.852  1791  1791 V APM::HwModule: refreshSupportedDevices mOutputProfiles mixport_bus1_system_sound_out
09-11 12:33:54.852  1791  1791 V APM::HwModule: getRouteSinkDevice name:bus1_system_sound_out route->getSink()->getType():1,AUDIO_PORT_TYPE_DEVICE:1
09-11 12:33:54.852  1791  1791 V APM::HwModule: refreshSupportedDevices mOutputProfiles sinkDevice:bus1_system_sound_out,sinkDevices.size 1
09-11 12:33:54.852  1791  1791 V APM::HwModule: refreshSupportedDevices mInputProfiles a2dp input
09-11 12:33:54.852  1791  1791 V APM::HwModule: getRouteSourceDevices name:BT A2DP In source->getType():1,AUDIO_PORT_TYPE_DEVICE:1
09-11 12:33:54.852  1791  1791 V APM::HwModule: refreshSupportedDevices mInputProfiles sourceDevicesForRoute.size 1 sourceDevices.size 1
09-11 12:33:54.852  1791  1791 V APM::HwModule: refreshSupportedDevices mOutputProfiles a2dp output
09-11 12:33:54.852  1791  1791 V APM::HwModule: getRouteSinkDevice name:BT A2DP Out route->getSink()->getType():1,AUDIO_PORT_TYPE_DEVICE:1
09-11 12:33:54.852  1791  1791 V APM::HwModule: refreshSupportedDevices mOutputProfiles sinkDevice:BT A2DP Out,sinkDevices.size 1
09-11 12:33:54.852  1791  1791 V APM::HwModule: getRouteSinkDevice name:BT A2DP Headphones route->getSink()->getType():1,AUDIO_PORT_TYPE_DEVICE:1
09-11 12:33:54.852  1791  1791 V APM::HwModule: refreshSupportedDevices mOutputProfiles sinkDevice:BT A2DP Headphones,sinkDevices.size 2
09-11 12:33:54.852  1791  1791 V APM::HwModule: getRouteSinkDevice name:BT A2DP Speaker route->getSink()->getType():1,AUDIO_PORT_TYPE_DEVICE:1
09-11 12:33:54.852  1791  1791 V APM::HwModule: refreshSupportedDevices mOutputProfiles sinkDevice:BT A2DP Speaker,sinkDevices.size 3
09-11 12:33:54.853  1791  1791 V APM::HwModule: refreshSupportedDevices mInputProfiles usb_device input
09-11 12:33:54.853  1791  1791 V APM::HwModule: getRouteSourceDevices name:USB Device In source->getType():1,AUDIO_PORT_TYPE_DEVICE:1
09-11 12:33:54.853  1791  1791 V APM::HwModule: getRouteSourceDevices name:USB Headset In source->getType():1,AUDIO_PORT_TYPE_DEVICE:1
09-11 12:33:54.853  1791  1791 V APM::HwModule: refreshSupportedDevices mInputProfiles sourceDevicesForRoute.size 2 sourceDevices.size 2
09-11 12:33:54.853  1791  1791 V APM::HwModule: refreshSupportedDevices mOutputProfiles usb_accessory output
09-11 12:33:54.853  1791  1791 V APM::HwModule: getRouteSinkDevice name:USB Host Out route->getSink()->getType():1,AUDIO_PORT_TYPE_DEVICE:1
09-11 12:33:54.853  1791  1791 V APM::HwModule: refreshSupportedDevices mOutputProfiles sinkDevice:USB Host Out,sinkDevices.size 1
09-11 12:33:54.853  1791  1791 V APM::HwModule: refreshSupportedDevices mOutputProfiles usb_device output
09-11 12:33:54.853  1791  1791 V APM::HwModule: getRouteSinkDevice name:USB Device Out route->getSink()->getType():1,AUDIO_PORT_TYPE_DEVICE:1
09-11 12:33:54.853  1791  1791 V APM::HwModule: refreshSupportedDevices mOutputProfiles sinkDevice:USB Device Out,sinkDevices.size 1
09-11 12:33:54.853  1791  1791 V APM::HwModule: getRouteSinkDevice name:USB Headset Out route->getSink()->getType():1,AUDIO_PORT_TYPE_DEVICE:1
09-11 12:33:54.853  1791  1791 V APM::HwModule: refreshSupportedDevices mOutputProfiles sinkDevice:USB Headset Out,sinkDevices.size 2
09-11 12:33:54.853  1791  1791 V APM::HwModule: refreshSupportedDevices mInputProfiles r_submix input
09-11 12:33:54.853  1791  1791 V APM::HwModule: getRouteSourceDevices name:Remote Submix In source->getType():1,AUDIO_PORT_TYPE_DEVICE:1
09-11 12:33:54.854  1791  1791 V APM::HwModule: refreshSupportedDevices mInputProfiles sourceDevicesForRoute.size 1 sourceDevices.size 1
09-11 12:33:54.854  1791  1791 V APM::HwModule: refreshSupportedDevices mOutputProfiles r_submix output
09-11 12:33:54.854  1791  1791 V APM::HwModule: getRouteSinkDevice name:Remote Submix Out route->getSink()->getType():1,AUDIO_PORT_TYPE_DEVICE:1
09-11 12:33:54.854  1791  1791 V APM::HwModule: refreshSupportedDevices mOutputProfiles sinkDevice:Remote Submix Out,sinkDevices.size 1
09-11 12:33:54.862  1791  1791 V AudioFlinger: registerClient() client 0xf3794888, pid 1791
09-11 12:33:54.914  1791  1791 I AudioFlinger: loadHwModule() Loaded primary audio interface, handle 10
09-11 12:33:54.914  1791  1791 I AudioFlinger: openOutput() this 0xf37be000, module 10 Device 0x1000000, SamplingRate 48000, Format 0x000001, Channels 0x3, flags 0x2,addr bus0_media_out
09-11 12:33:54.915  1791  1791 V AudioFlinger: openOutput_l() openOutputStream returned output 0xf37c9f80, devices 0x1000000, SamplingRate 48000, Format 0x1, Channels 0x3, flags 0x2, status 0 addr bus0_media_out
09-11 12:33:54.916  1791  1791 I AudioFlinger: HAL output buffer size 1024 frames, normal sink buffer size 1024 frames
09-11 12:33:54.939  1791  1791 I BufferProvider: found effect "Multichannel Downmix To Stereo" from The Android Open Source Project
09-11 12:33:54.940  1791  1791 V AudioFlinger: openOutput_l() created mixer output: ID 13 thread 0xf2d03700
09-11 12:33:54.940  1791  1828 I AudioFlinger: AudioFlinger's thread 0xf2d03700 tid=1828 ready to run
09-11 12:33:54.940  1791  1791 I AudioFlinger: Using module 10 as the primary audio interface
09-11 12:33:54.940  1791  1828 W AudioFlinger: no wake lock to update, system not ready yet
09-11 12:33:54.941  1791  1828 W AudioFlinger: no wake lock to update, system not ready yet
09-11 12:33:54.942  1791  1791 V APM_AudioPolicyManager: checkAndSetVolume() cannot set stream 6 volume with force use = 0 for comm
09-11 12:33:54.942  1791  1817 V AudioFlinger: setParameters(): io 13, keyvalue mono_output=0, calling pid 1791 calling uid 1041
09-11 12:33:54.942  1791  1817 V AudioFlinger: setParameters: filtered keyvalue mono_output=0
09-11 12:33:54.943  1791  1791 V AudioFlinger: moveEffects() session 0, srcOutput 0, dstOutput 13
09-11 12:33:54.943  1791  1791 W AudioFlinger: moveEffects() bad srcOutput 0
09-11 12:33:54.943  1791  1791 V APM_AudioPolicyManager: selectOutputForMusicEffects selected output 13
09-11 12:33:54.943  1791  1791 V APM_AudioPolicyManager: setOutputDevice() device 1000000 delayMs 0
09-11 12:33:54.943  1791  1791 V APM_AudioPolicyManager: setOutputDevice() prevDevice 0x1000000
09-11 12:33:54.943  1791  1791 V APM_AudioPolicyManager: setOutputDevice() changing device
09-11 12:33:54.944  1791  1791 V APM_AudioPolicyManager: setOutputDevice() createAudioPatch returned 0 patchHandle 12num_sources 1 num_sinks 1
09-11 12:33:54.944  1791  1791 V APM_AudioPolicyManager: checkAndSetVolume() cannot set stream 6 volume with force use = 0 for comm
09-11 12:33:54.944  1791  1791 I AudioFlinger: openOutput() this 0xf37be000, module 10 Device 0x1000000, SamplingRate 48000, Format 0x000001, Channels 0x3, flags 0x2,addr bus1_system_sound_out
09-11 12:33:54.945  1791  1791 V AudioFlinger: openOutput_l() openOutputStream returned output 0xf37c9f48, devices 0x1000000, SamplingRate 48000, Format 0x1, Channels 0x3, flags 0x2, status 0 addr bus1_system_sound_out
09-11 12:33:54.946  1791  1791 I AudioFlinger: HAL output buffer size 1024 frames, normal sink buffer size 1024 frames
09-11 12:33:54.946  1791  1791 V AudioFlinger: openOutput_l() created mixer output: ID 21 thread 0xf2b831c0
09-11 12:33:54.946  1791  1829 I AudioFlinger: AudioFlinger's thread 0xf2b831c0 tid=1829 ready to run
09-11 12:33:54.947  1791  1829 W AudioFlinger: no wake lock to update, system not ready yet
09-11 12:33:54.947  1791  1829 W AudioFlinger: no wake lock to update, system not ready yet
09-11 12:33:54.948  1791  1791 V APM_AudioPolicyManager: checkAndSetVolume() cannot set stream 6 volume with force use = 0 for comm
09-11 12:33:54.948  1791  1817 V AudioFlinger: setParameters(): io 21, keyvalue mono_output=0, calling pid 1791 calling uid 1041
09-11 12:33:54.948  1791  1817 V AudioFlinger: setParameters: filtered keyvalue mono_output=0
09-11 12:33:54.948  1791  1791 V APM_AudioPolicyManager: selectOutputForMusicEffects selected output 13
09-11 12:33:54.948  1791  1791 V APM_AudioPolicyManager: setOutputDevice() device 1000000 delayMs 0
09-11 12:33:54.948  1791  1791 V APM_AudioPolicyManager: setOutputDevice() prevDevice 0x1000000
09-11 12:33:54.949  1791  1791 V APM_AudioPolicyManager: setOutputDevice() changing device
09-11 12:33:54.950  1791  1791 V APM_AudioPolicyManager: setOutputDevice() createAudioPatch returned 0 patchHandle 20num_sources 1 num_sinks 1
09-11 12:33:54.950  1791  1791 V APM_AudioPolicyManager: checkAndSetVolume() cannot set stream 6 volume with force use = 0 for comm
09-11 12:33:54.950  1791  1791 V APM_AudioPolicyManager:   for input device 0x80000004 using address 
09-11 12:33:54.950  1791  1791 I AudioFlinger: openInput() this 0xf37be000, module 10 Device 0x80000004, SamplingRate 48000, Format 0x000001, Channels 0xc, flags 0,addr 
09-11 12:33:54.951  1791  1791 V AudioFlinger: openInput_l() openInputStream returned input 0xf379ea40, devices 0x80000004, SamplingRate 48000, Format 0x1, Channels 0xc, flags 0, status 0 addr 
09-11 12:33:54.952  1791  1791 V AudioFlinger: openInput_l() created record thread: ID 14 thread 0xf2a03dc0
09-11 12:33:54.952  1791  1791 V AudioFlinger: closeInput() 14
09-11 12:33:54.952  1791  1831 I AudioFlinger: AudioFlinger's thread 0xf2a03dc0 tid=1831 ready to run
09-11 12:33:54.953  1791  1831 W AudioFlinger: no wake lock to update, system not ready yet
09-11 12:33:54.953  1791  1830 E FastThread: did not receive expected priority boost on time
09-11 12:33:54.984  1791  1791 I bt_a2dp_hw: adev_open:  adev_open in A2dp_hw module
09-11 12:33:54.984  1791  1791 I AudioFlinger: loadHwModule() Loaded a2dp audio interface, handle 18
09-11 12:33:54.990  1791  1791 I AudioFlinger: loadHwModule() Loaded usb audio interface, handle 26
09-11 12:33:54.997  1791  1791 I AudioFlinger: loadHwModule() Loaded r_submix audio interface, handle 34
09-11 12:33:54.997  1791  1791 V APM_AudioPolicyManager:   for input device 0x80000100 using address 0
09-11 12:33:54.997  1791  1791 I AudioFlinger: openInput() this 0xf37be000, module 34 Device 0x80000100, SamplingRate 48000, Format 0x000001, Channels 0xc, flags 0,addr 0
09-11 12:33:54.998  1791  1791 V AudioFlinger: openInput_l() openInputStream returned input 0xf379e180, devices 0x80000100, SamplingRate 48000, Format 0x1, Channels 0xc, flags 0, status 0 addr 0
09-11 12:33:54.999  1791  1791 V AudioFlinger: openInput_l() created record thread: ID 22 thread 0xf2a03ec0
09-11 12:33:54.999  1791  1791 V AudioFlinger: closeInput() 22
09-11 12:33:55.003  1791  1832 I AudioFlinger: AudioFlinger's thread 0xf2a03ec0 tid=1832 ready to run
09-11 12:33:55.005  1791  1791 I         : Waiting for activity service
09-11 12:33:55.692  1791  1791 E SoundTriggerHwService: could not read implementation properties
09-11 12:33:56.203  1791  1821 D PermissionCache: checking android.permission.MODIFY_AUDIO_SETTINGS for uid=1000 => granted (1060 us)
09-11 12:33:56.203  1791  1791 D PermissionCache: checking android.permission.MODIFY_AUDIO_ROUTING for uid=1000 => granted (1439 us)
09-11 12:33:56.203  1791  1791 V APM_AudioPolicyManager: setForceUse() usage 4, config 0, mPhoneState 0
09-11 12:33:56.204  1791  1791 V APM_AudioPolicyManager: setForceUse() usage 3, config 8, mPhoneState 0
09-11 12:33:56.204  1791  1791 V APM_AudioPolicyManager: getNewOutputDevice() selected device 0
09-11 12:33:56.204  1791  1791 V APM_AudioPolicyManager: setOutputDevice() device 0000 delayMs 0
09-11 12:33:56.204  1791  1791 V APM_AudioPolicyManager: setOutputDevice() prevDevice 0x1000000
09-11 12:33:56.204  1791  1791 V APM_AudioPolicyManager: setOutputDevice() setting same device 0x0000 or null device
09-11 12:33:56.204  1791  1791 V APM_AudioPolicyManager: getNewOutputDevice() selected device 0
09-11 12:33:56.204  1791  1791 V APM_AudioPolicyManager: setOutputDevice() device 0000 delayMs 0
09-11 12:33:56.204  1791  1791 V APM_AudioPolicyManager: setOutputDevice() prevDevice 0x1000000
09-11 12:33:56.204  1791  1791 V APM_AudioPolicyManager: setOutputDevice() setting same device 0x0000 or null device
09-11 12:33:56.205  1791  1791 V APM_AudioPolicyManager: setForceUse() usage 6, config 0, mPhoneState 0
09-11 12:33:56.205  1791  1821 V AudioFlinger: registerClient() client 0xf3794b40, pid 1778
09-11 12:33:56.209  1791  1821 V APM_AudioPolicyManager: initStreamVolume() stream 0, min 1, max 5
09-11 12:33:56.210  1791  1821 V APM_AudioPolicyManager: initStreamVolume() stream 1, min 0, max 29
09-11 12:33:56.210  1791  1821 V APM_AudioPolicyManager: initStreamVolume() stream 2, min 0, max 7
09-11 12:33:56.211  1791  1821 V APM_AudioPolicyManager: initStreamVolume() stream 3, min 0, max 29
09-11 12:33:56.213  1791  1821 V APM_AudioPolicyManager: initStreamVolume() stream 4, min 1, max 7
09-11 12:33:56.214  1791  1821 V APM_AudioPolicyManager: initStreamVolume() stream 5, min 0, max 7
09-11 12:33:56.215  1791  1821 V APM_AudioPolicyManager: initStreamVolume() stream 6, min 0, max 10
09-11 12:33:56.216  1791  1821 V APM_AudioPolicyManager: initStreamVolume() stream 7, min 0, max 7
09-11 12:33:56.216  1791  1821 V APM_AudioPolicyManager: initStreamVolume() stream 8, min 0, max 15
09-11 12:33:56.218  1791  1821 V APM_AudioPolicyManager: initStreamVolume() stream 9, min 0, max 15
09-11 12:33:56.219  1791  1821 V APM_AudioPolicyManager: initStreamVolume() stream 10, min 0, max 15
09-11 12:33:56.226  1791  1821 V APM_AudioPolicyManager: setStreamVolumeIndex() stream 3, device 00000004, index 10
09-11 12:33:56.227  1791  1821 V APM_AudioPolicyManager: setStreamVolumeIndex() stream 3, device 00000008, index 10
09-11 12:33:56.227  1791  1821 V APM_AudioPolicyManager: setStreamVolumeIndex() stream 3, device 04000000, index 7
09-11 12:33:56.227  1791  1821 V APM_AudioPolicyManager: setStreamVolumeIndex() stream 3, device 40000000, index 15
09-11 12:33:56.228  1791  1821 V APM_AudioPolicyManager: setStreamVolumeIndex() stream 9, device 00000004, index 10
09-11 12:33:56.228  1791  1821 V APM_AudioPolicyManager: setStreamVolumeIndex() stream 9, device 00000008, index 10
09-11 12:33:56.228  1791  1821 V APM_AudioPolicyManager: setStreamVolumeIndex() stream 9, device 04000000, index 7
09-11 12:33:56.228  1791  1821 V APM_AudioPolicyManager: setStreamVolumeIndex() stream 9, device 40000000, index 5
09-11 12:33:56.229  1791  1821 V APM_AudioPolicyManager: setStreamVolumeIndex() stream 10, device 00000004, index 10
09-11 12:33:56.229  1791  1821 V APM_AudioPolicyManager: setStreamVolumeIndex() stream 10, device 00000008, index 10
09-11 12:33:56.229  1791  1821 V APM_AudioPolicyManager: setStreamVolumeIndex() stream 10, device 04000000, index 7
09-11 12:33:56.229  1791  1821 V APM_AudioPolicyManager: setStreamVolumeIndex() stream 10, device 40000000, index 5
09-11 12:33:56.233  1791  1821 V APM_AudioPolicyManager: setStreamVolumeIndex() stream 0, device 40000000, index 4
09-11 12:33:56.238  1791  1821 V APM_AudioPolicyManager: setStreamVolumeIndex() stream 1, device 40000000, index 21
09-11 12:33:56.239  1791  1821 V APM_AudioPolicyManager: setStreamVolumeIndex() stream 2, device 40000000, index 5
09-11 12:33:56.239  1791  1821 V APM_AudioPolicyManager: setStreamVolumeIndex() stream 3, device 00000004, index 10
09-11 12:33:56.239  1791  1821 V APM_AudioPolicyManager: setStreamVolumeIndex() stream 3, device 00000008, index 10
09-11 12:33:56.239  1791  1821 V APM_AudioPolicyManager: setStreamVolumeIndex() stream 3, device 04000000, index 7
09-11 12:33:56.240  1791  1821 V APM_AudioPolicyManager: setStreamVolumeIndex() stream 3, device 40000000, index 15
09-11 12:33:56.240  1791  1821 V APM_AudioPolicyManager: setStreamVolumeIndex() stream 4, device 40000000, index 6
09-11 12:33:56.240  1791  1821 V APM_AudioPolicyManager: setStreamVolumeIndex() stream 5, device 40000000, index 5
09-11 12:33:56.241  1791  1821 V APM_AudioPolicyManager: setStreamVolumeIndex() stream 6, device 40000000, index 10
09-11 12:33:56.241  1791  1821 V APM_AudioPolicyManager: setStreamVolumeIndex() stream 7, device 40000000, index 5
09-11 12:33:56.241  1791  1821 V APM_AudioPolicyManager: setStreamVolumeIndex() stream 8, device 40000000, index 11
09-11 12:33:56.243  1791  1821 V APM_AudioPolicyManager: setStreamVolumeIndex() stream 9, device 00000004, index 5
09-11 12:33:56.243  1791  1821 V APM_AudioPolicyManager: setStreamVolumeIndex() stream 9, device 00000008, index 5
09-11 12:33:56.243  1791  1821 V APM_AudioPolicyManager: setStreamVolumeIndex() stream 9, device 04000000, index 4
09-11 12:33:56.244  1791  1821 V APM_AudioPolicyManager: setStreamVolumeIndex() stream 9, device 40000000, index 8
09-11 12:33:56.245  1791  1821 V APM_AudioPolicyManager: setStreamVolumeIndex() stream 10, device 00000004, index 5
09-11 12:33:56.245  1791  1821 V APM_AudioPolicyManager: setStreamVolumeIndex() stream 10, device 00000008, index 5
09-11 12:33:56.246  1791  1821 V APM_AudioPolicyManager: setStreamVolumeIndex() stream 10, device 04000000, index 4
09-11 12:33:56.246  1791  1821 V APM_AudioPolicyManager: setStreamVolumeIndex() stream 10, device 40000000, index 8
09-11 12:33:56.317  1791  1821 D AudioFlinger: isLowRamDevice:false totalMemory:2916401152 mClientSharedHeapSize:8388608
09-11 12:33:56.318  1791  1821 V APM_AudioPolicyManager: setForceUse() usage 7, config 0, mPhoneState 0
09-11 12:33:56.589  1791  1821 D PermissionCache: checking android.permission.CAPTURE_AUDIO_HOTWORD for uid=1000 => granted (127 us)
09-11 12:33:56.876  1791  1821 V AudioFlinger: setParameters(): io 0, keyvalue A2dpSuspended=false, calling pid 1778 calling uid 1000
09-11 12:33:56.876  1791  1821 V AudioFlinger: setParameters: filtered keyvalue A2dpSuspended=false
09-11 12:33:56.884  1791  1821 V AudioFlinger: setParameters(): io 0, keyvalue BT_SCO=off, calling pid 1778 calling uid 1000
09-11 12:33:56.884  1791  1821 V AudioFlinger: setParameters: filtered keyvalue BT_SCO=off
09-11 12:33:56.897  1791  1821 I AudioFlinger: systemReady
09-11 12:33:56.953  1791  1821 V APM_AudioPolicyManager: AudioPolicyManager:setRecordSilenced(uid:10048, silenced:0)
09-11 12:33:56.953  1791  1821 V AudioFlinger: AudioFlinger::setRecordSilenced(uid:10048, silenced:0)
09-11 12:33:57.369  1791  1820 V APM_AudioPolicyManager: AudioPolicyManager:setRecordSilenced(uid:10012, silenced:0)
09-11 12:33:57.369  1791  1820 V AudioFlinger: AudioFlinger::setRecordSilenced(uid:10012, silenced:0)
09-11 12:33:57.689  1791  1991 V APM_AudioPolicyManager: AudioPolicyManager:setRecordSilenced(uid:10033, silenced:0)
09-11 12:33:57.689  1791  1991 V AudioFlinger: AudioFlinger::setRecordSilenced(uid:10033, silenced:0)
09-11 12:33:57.723  1791  1991 V APM_AudioPolicyManager: AudioPolicyManager:setRecordSilenced(uid:10017, silenced:0)
09-11 12:33:57.723  1791  1991 V AudioFlinger: AudioFlinger::setRecordSilenced(uid:10017, silenced:0)
09-11 12:33:57.901  1791  1991 V APM_AudioPolicyManager: listAudioPorts() role 0 type 0 num_ports 0 ports 0xf3797188
09-11 12:33:57.901  1791  1991 V APM_AudioPolicyManager: listAudioPorts() got 0 ports needed 6
09-11 12:33:57.901  1791  1991 V APM_AudioPolicyManager: listAudioPorts() role 0 type 0 num_ports 6 ports 0xf347e000
09-11 12:33:57.901  1791  1991 V APM_AudioPolicyManager: listAudioPorts() got 6 ports needed 6
09-11 12:33:58.139  1791  1820 V APM_AudioPolicyManager: setStreamVolumeIndex() stream 3, device 00000004, index 10
09-11 12:33:58.139  1791  1820 V APM_AudioPolicyManager: setStreamVolumeIndex() stream 3, device 00000008, index 10
09-11 12:33:58.140  1791  1820 V APM_AudioPolicyManager: setStreamVolumeIndex() stream 3, device 04000000, index 7
09-11 12:33:58.140  1791  1820 V APM_AudioPolicyManager: setStreamVolumeIndex() stream 3, device 40000000, index 15
09-11 12:33:58.143  1791  1820 V APM_AudioPolicyManager: setStreamVolumeIndex() stream 9, device 00000004, index 5
09-11 12:33:58.144  1791  1820 V APM_AudioPolicyManager: setStreamVolumeIndex() stream 9, device 00000008, index 5
09-11 12:33:58.144  1791  1820 V APM_AudioPolicyManager: setStreamVolumeIndex() stream 9, device 04000000, index 4
09-11 12:33:58.145  1791  1820 V APM_AudioPolicyManager: setStreamVolumeIndex() stream 9, device 40000000, index 8
09-11 12:33:58.145  1791  1820 V APM_AudioPolicyManager: setStreamVolumeIndex() stream 10, device 00000004, index 5
09-11 12:33:58.145  1791  1820 V APM_AudioPolicyManager: setStreamVolumeIndex() stream 10, device 00000008, index 5
09-11 12:33:58.147  1791  1820 V APM_AudioPolicyManager: setStreamVolumeIndex() stream 10, device 04000000, index 4
09-11 12:33:58.147  1791  1820 V APM_AudioPolicyManager: setStreamVolumeIndex() stream 10, device 40000000, index 8
09-11 12:33:58.158  1791  1820 V APM_AudioPolicyManager: setStreamVolumeIndex() stream 0, device 40000000, index 4
09-11 12:33:58.161  1791  1820 V APM_AudioPolicyManager: setStreamVolumeIndex() stream 1, device 40000000, index 21
09-11 12:33:58.161  1791  1820 V APM_AudioPolicyManager: setStreamVolumeIndex() stream 2, device 40000000, index 5
09-11 12:33:58.161  1791  1820 V APM_AudioPolicyManager: setStreamVolumeIndex() stream 3, device 00000004, index 10
09-11 12:33:58.168  1791  1820 V APM_AudioPolicyManager: setStreamVolumeIndex() stream 3, device 00000008, index 10
09-11 12:33:58.169  1791  1820 V APM_AudioPolicyManager: setStreamVolumeIndex() stream 3, device 04000000, index 7
09-11 12:33:58.173  1791  1820 V APM_AudioPolicyManager: setStreamVolumeIndex() stream 3, device 40000000, index 15
09-11 12:33:58.173  1791  1991 V APM_AudioPolicyManager: setStreamVolumeIndex() stream 4, device 40000000, index 6
09-11 12:33:58.177  1791  1820 V APM_AudioPolicyManager: setStreamVolumeIndex() stream 5, device 40000000, index 5
09-11 12:33:58.177  1791  1991 V APM_AudioPolicyManager: setStreamVolumeIndex() stream 6, device 40000000, index 10
09-11 12:33:58.178  1791  1820 V APM_AudioPolicyManager: setStreamVolumeIndex() stream 7, device 40000000, index 5
09-11 12:33:58.180  1791  1820 V APM_AudioPolicyManager: setStreamVolumeIndex() stream 8, device 40000000, index 11
09-11 12:33:58.190  1791  1820 V APM_AudioPolicyManager: setStreamVolumeIndex() stream 9, device 00000004, index 5
09-11 12:33:58.190  1791  1820 V APM_AudioPolicyManager: setStreamVolumeIndex() stream 9, device 00000008, index 5
09-11 12:33:58.190  1791  1820 V APM_AudioPolicyManager: setStreamVolumeIndex() stream 9, device 04000000, index 4
09-11 12:33:58.191  1791  1820 V APM_AudioPolicyManager: setStreamVolumeIndex() stream 9, device 40000000, index 8
09-11 12:33:58.199  1791  1820 V APM_AudioPolicyManager: setStreamVolumeIndex() stream 10, device 00000004, index 5
09-11 12:33:58.199  1791  1820 V APM_AudioPolicyManager: setStreamVolumeIndex() stream 10, device 00000008, index 5
09-11 12:33:58.200  1791  1820 V APM_AudioPolicyManager: setStreamVolumeIndex() stream 10, device 04000000, index 4
09-11 12:33:58.200  1791  1820 V APM_AudioPolicyManager: setStreamVolumeIndex() stream 10, device 40000000, index 8
09-11 12:33:58.498  1791  1820 V APM_AudioPolicyManager: AudioPolicyManager:setRecordSilenced(uid:10004, silenced:0)
09-11 12:33:58.498  1791  1820 V AudioFlinger: AudioFlinger::setRecordSilenced(uid:10004, silenced:0)
09-11 12:33:58.564  1791  1991 V APM_AudioPolicyManager: AudioPolicyManager:setRecordSilenced(uid:10013, silenced:0)
09-11 12:33:58.564  1791  1991 V AudioFlinger: AudioFlinger::setRecordSilenced(uid:10013, silenced:0)
09-11 12:33:58.609  1791  1991 V APM_AudioPolicyManager: AudioPolicyManager:setRecordSilenced(uid:10023, silenced:0)
09-11 12:33:58.609  1791  1991 V AudioFlinger: AudioFlinger::setRecordSilenced(uid:10023, silenced:0)
09-11 12:33:58.843  1791  1991 V APM_AudioPolicyManager: setForceUse() usage 0, config 0, mPhoneState 0
09-11 12:33:58.844  1791  1991 V APM_AudioPolicyManager: setForceUse() usage 2, config 0, mPhoneState 0
09-11 12:33:58.844  1791  1991 V APM_AudioPolicyManager: setForceUse() usage 7, config 0, mPhoneState 0
09-11 12:33:58.845  1791  1991 V APM_AudioPolicyManager: setForceUse() usage 3, config 8, mPhoneState 0
09-11 12:33:58.845  1791  1991 V APM_AudioPolicyManager: setForceUse() usage 6, config 0, mPhoneState 0
09-11 12:33:58.845  1791  1991 V APM_AudioPolicyManager: setForceUse() usage 7, config 0, mPhoneState 0
09-11 12:33:58.846  1791  1991 V APM_AudioPolicyManager: setStreamVolumeIndex() stream 3, device 00000004, index 10
09-11 12:33:58.846  1791  1991 V APM_AudioPolicyManager: setStreamVolumeIndex() stream 3, device 00000008, index 10
09-11 12:33:58.847  1791  1991 V APM_AudioPolicyManager: setStreamVolumeIndex() stream 3, device 04000000, index 7
09-11 12:33:58.847  1791  1991 V APM_AudioPolicyManager: setStreamVolumeIndex() stream 3, device 40000000, index 15
09-11 12:33:58.851  1791  1991 V APM_AudioPolicyManager: setStreamVolumeIndex() stream 10, device 00000004, index 5
09-11 12:33:58.852  1791  1991 V APM_AudioPolicyManager: setStreamVolumeIndex() stream 10, device 00000008, index 5
09-11 12:33:58.852  1791  1991 V APM_AudioPolicyManager: setStreamVolumeIndex() stream 10, device 04000000, index 4
09-11 12:33:58.852  1791  1991 V APM_AudioPolicyManager: setStreamVolumeIndex() stream 10, device 40000000, index 8
09-11 12:33:58.853  1791  1991 V APM_AudioPolicyManager: setStreamVolumeIndex() stream 9, device 00000004, index 5
09-11 12:33:58.853  1791  1991 V APM_AudioPolicyManager: setStreamVolumeIndex() stream 9, device 00000008, index 5
09-11 12:33:58.854  1791  1991 V APM_AudioPolicyManager: setStreamVolumeIndex() stream 9, device 04000000, index 4
09-11 12:33:58.854  1791  1820 V APM_AudioPolicyManager: setStreamVolumeIndex() stream 9, device 40000000, index 8
09-11 12:33:59.008  1791  1820 V APM_AudioPolicyManager: listAudioPorts() role 0 type 0 num_ports 0 ports 0xf3415060
09-11 12:33:59.008  1791  1820 V APM_AudioPolicyManager: listAudioPorts() got 0 ports needed 6
09-11 12:33:59.008  1791  1820 V APM_AudioPolicyManager: listAudioPorts() role 0 type 0 num_ports 6 ports 0xf245c000
09-11 12:33:59.008  1791  1820 V APM_AudioPolicyManager: listAudioPorts() got 6 ports needed 6
09-11 12:33:59.076  1791  1820 V APM_AudioPolicyManager: registerPolicyMixes() 2 mix(es)
09-11 12:33:59.077  1791  1820 V APM_AudioPolicyManager:  registerPolicyMixes() mix 0 of 2 is RENDER, dev=0x1000000 addr=bus0_media_out
09-11 12:33:59.077  1791  1820 V APM_AudioPolicyManager:  registerPolicyMixes() mix 1 of 2 is RENDER, dev=0x1000000 addr=bus1_system_sound_out
09-11 12:33:59.095  1791  1820 V APM_AudioPolicyManager: setAudioPortConfig()
09-11 12:33:59.095  1791  1820 V APM_AudioPolicyManager: setAudioPortConfig() on port handle 2
09-11 12:33:59.099  1791  1820 V APM_AudioPolicyManager: setAudioPortConfig()
09-11 12:33:59.099  1791  1820 V APM_AudioPolicyManager: setAudioPortConfig() on port handle 5
09-11 12:33:59.892  1791  1820 V AudioFlinger: setParameters(): io 0, keyvalue A2dpSuspended=false, calling pid 1778 calling uid 1000
09-11 12:33:59.892  1791  1820 V AudioFlinger: setParameters: filtered keyvalue A2dpSuspended=false
09-11 12:33:59.893  1791  1820 V AudioFlinger: setParameters(): io 0, keyvalue BT_SCO=off, calling pid 1778 calling uid 1000
09-11 12:33:59.893  1791  1820 V AudioFlinger: setParameters: filtered keyvalue BT_SCO=off
09-11 12:33:59.895  1791  1820 V APM_AudioPolicyManager: setForceUse() usage 0, config 0, mPhoneState 0
09-11 12:33:59.895  1791  1820 V APM_AudioPolicyManager: setForceUse() usage 2, config 0, mPhoneState 0
09-11 12:33:59.895  1791  1820 V APM_AudioPolicyManager: setForceUse() usage 7, config 0, mPhoneState 0
09-11 12:34:03.008  1791  1820 V APM_AudioPolicyManager: AudioPolicyManager:setRecordSilenced(uid:10005, silenced:0)
09-11 12:34:03.008  1791  1820 V AudioFlinger: AudioFlinger::setRecordSilenced(uid:10005, silenced:0)
09-11 12:34:07.493  1791  1820 V APM_AudioPolicyManager: listAudioPorts() role 0 type 0 num_ports 0 ports 0xf3415060
09-11 12:34:07.493  1791  1820 V APM_AudioPolicyManager: listAudioPorts() got 0 ports needed 6
09-11 12:34:07.494  1791  1820 V APM_AudioPolicyManager: listAudioPorts() role 0 type 0 num_ports 6 ports 0xf245c000
09-11 12:34:07.494  1791  1820 V APM_AudioPolicyManager: listAudioPorts() got 6 ports needed 6
09-11 12:34:17.855  1791  1820 V APM_AudioPolicyManager: AudioPolicyManager:setRecordSilenced(uid:10025, silenced:0)
09-11 12:34:17.855  1791  1820 V AudioFlinger: AudioFlinger::setRecordSilenced(uid:10025, silenced:0)
09-11 12:34:58.933  1791  1820 V APM_AudioPolicyManager: AudioPolicyManager:setRecordSilenced(uid:10023, silenced:1)
09-11 12:34:58.933  1791  1820 V AudioFlinger: AudioFlinger::setRecordSilenced(uid:10023, silenced:1)
09-11 12:35:07.618  1791  1820 V APM_AudioPolicyManager: AudioPolicyManager:setRecordSilenced(uid:10005, silenced:1)
09-11 12:35:07.618  1791  1820 V AudioFlinger: AudioFlinger::setRecordSilenced(uid:10005, silenced:1)
09-11 12:35:07.654  1791  1820 V APM_AudioPolicyManager: AudioPolicyManager:setRecordSilenced(uid:10013, silenced:1)
09-11 12:35:07.654  1791  1820 V AudioFlinger: AudioFlinger::setRecordSilenced(uid:10013, silenced:1)
09-11 12:35:17.931  1791  1820 V APM_AudioPolicyManager: AudioPolicyManager:setRecordSilenced(uid:10025, silenced:1)
09-11 12:35:17.932  1791  1820 V AudioFlinger: AudioFlinger::setRecordSilenced(uid:10025, silenced:1)
