01-23 17:37:56.471  1732  3956 V NuPlayerDecoder: [OMX.Freescale.std.audio_decoder.aac.sw-based] onMessage: AMessage(what = 'rndr', target = 60) = {
01-23 17:37:56.471  1732  3956 V NuPlayerDecoder:   size_t buffer-ix = 1
01-23 17:37:56.471  1732  3956 V NuPlayerDecoder:   int32_t generation = 1
01-23 17:37:56.471  1732  3956 V NuPlayerDecoder:   size_t size = 4096
01-23 17:37:56.471  1732  3956 V NuPlayerDecoder: }
01-23 17:37:56.472  1732  3957 V ACodec  : [OMX.Freescale.std.audio_decoder.aac.sw-based] calling fillBuffer 5
01-23 17:37:56.472  1732  3956 V NuPlayerDecoder: [OMX.Freescale.std.audio_decoder.aac.sw-based] onMessage: AMessage(what = 'cdcN', target = 60) = {
01-23 17:37:56.472  1732  3956 V NuPlayerDecoder:   int32_t callbackID = 2
01-23 17:37:56.472  1732  3956 V NuPlayerDecoder:   int32_t index = 2
01-23 17:37:56.472  1732  3956 V NuPlayerDecoder:   size_t offset = 0
01-23 17:37:56.472  1732  3956 V NuPlayerDecoder:   size_t size = 4096
01-23 17:37:56.472  1732  3956 V NuPlayerDecoder:   int64_t timeUs = 2794666
01-23 17:37:56.472  1732  3956 V NuPlayerDecoder:   int32_t flags = 1
01-23 17:37:56.472  1732  3956 V NuPlayerDecoder: }
01-23 17:37:56.472  1732  3956 V NuPlayerDecoder: [audio] kWhatCodecNotify: cbID = 2, paused = 0
01-23 17:37:56.472  1732  3953 V NuPlayerRenderer: onDrainAudioQueue: rendering audio at media time 2.79 secs
01-23 17:37:56.472  1732  3957 V ACodec  : [OMX.Freescale.std.audio_decoder.aac.sw-based] onOMXEmptyBufferDone 3
01-23 17:37:56.472  1732  3956 V NuPlayerDecoder: [OMX.Freescale.std.audio_decoder.aac.sw-based] onMessage: AMessage(what = 'rndr', target = 60) = {
01-23 17:37:56.472  1732  3956 V NuPlayerDecoder:   size_t buffer-ix = 2
01-23 17:37:56.472  1732  3956 V NuPlayerDecoder:   int32_t generation = 1
01-23 17:37:56.472  1732  3956 V NuPlayerDecoder:   size_t size = 4096
01-23 17:37:56.472  1732  3956 V NuPlayerDecoder: }
01-23 17:37:56.472  1732  3957 V ACodec  : [OMX.Freescale.std.audio_decoder.aac.sw-based] onOMXFillBufferDone 4 time 2816000 us, flags = 0x00000030
01-23 17:37:56.472  1732  3957 V ACodec  : [OMX.Freescale.std.audio_decoder.aac.sw-based] onOMXEmptyBufferDone 1
01-23 17:37:56.473  1732  3957 V MediaCodec: -- Looking at startdata. presentation 2816000, start 587322064500
01-23 17:37:56.473  1732  3957 V MediaCodec: -- match entry for 2816000, hits our frame of 2816000
01-23 17:37:56.473  1732  3956 V NuPlayerDecoder: [OMX.Freescale.std.audio_decoder.aac.sw-based] onMessage: AMessage(what = 'cdcN', target = 60) = {
01-23 17:37:56.473  1732  3956 V NuPlayerDecoder:   int32_t callbackID = 1
01-23 17:37:56.473  1732  3956 V NuPlayerDecoder:   int32_t index = 2
01-23 17:37:56.473  1732  3956 V NuPlayerDecoder: }
01-23 17:37:56.473  1732  3956 V NuPlayerDecoder: [audio] kWhatCodecNotify: cbID = 1, paused = 0
01-23 17:37:56.473  1732  3957 V ACodec  : [OMX.Freescale.std.audio_decoder.aac.sw-based] calling fillBuffer 6
01-23 17:37:56.473  1732  3957 V ACodec  : [OMX.Freescale.std.audio_decoder.aac.sw-based] onOMXFillBufferDone 5 time 2837333 us, flags = 0x00000030
01-23 17:37:56.473  1732  3957 V ACodec  : [OMX.Freescale.std.audio_decoder.aac.sw-based] calling emptyBuffer 3 w/ time 3221333 us
01-23 17:37:56.473  1732  3956 V NuPlayerDecoder: [OMX.Freescale.std.audio_decoder.aac.sw-based] onMessage: AMessage(what = 'cdcN', target = 60) = {
01-23 17:37:56.473  1732  3956 V NuPlayerDecoder:   int32_t callbackID = 2
01-23 17:37:56.473  1732  3956 V NuPlayerDecoder:   int32_t index = 0
01-23 17:37:56.473  1732  3956 V NuPlayerDecoder:   size_t offset = 0
01-23 17:37:56.473  1732  3956 V NuPlayerDecoder:   size_t size = 4096
01-23 17:37:56.473  1732  3956 V NuPlayerDecoder:   int64_t timeUs = 2816000
01-23 17:37:56.473  1732  3956 V NuPlayerDecoder:   int32_t flags = 1
01-23 17:37:56.473  1732  3956 V NuPlayerDecoder: }
01-23 17:37:56.473  1732  3956 V NuPlayerDecoder: [audio] kWhatCodecNotify: cbID = 2, paused = 0
01-23 17:37:56.473  1732  3956 V NuPlayerDecoder: [OMX.Freescale.std.audio_decoder.aac.sw-based] onMessage: AMessage(what = 'cdcN', target = 60) = {
01-23 17:37:56.473  1732  3956 V NuPlayerDecoder:   int32_t callbackID = 1
01-23 17:37:56.473  1732  3956 V NuPlayerDecoder:   int32_t index = 0
01-23 17:37:56.473  1732  3956 V NuPlayerDecoder: }
01-23 17:37:56.473  1732  3956 V NuPlayerDecoder: [audio] kWhatCodecNotify: cbID = 1, paused = 0
01-23 17:37:56.474  1732  3953 V NuPlayerRenderer: onDrainAudioQueue: rendering audio at media time 2.82 secs
01-23 17:37:56.474  1732  3957 V ACodec  : [OMX.Freescale.std.audio_decoder.aac.sw-based] onOMXEmptyBufferDone 2
01-23 17:37:56.474  1732  3957 V MediaCodec: -- Looking at startdata. presentation 2837333, start 587325660625
01-23 17:37:56.474  1732  3957 V MediaCodec: -- match entry for 2837333, hits our frame of 2837333
01-23 17:37:56.474  1732  3957 V ACodec  : [OMX.Freescale.std.audio_decoder.aac.sw-based] onOMXFillBufferDone 6 time 2858666 us, flags = 0x00000030
01-23 17:37:56.474  1732  3956 V NuPlayerDecoder: [OMX.Freescale.std.audio_decoder.aac.sw-based] onMessage: AMessage(what = 'rndr', target = 60) = {
01-23 17:37:56.474  1732  3956 V NuPlayerDecoder:   size_t buffer-ix = 0
01-23 17:37:56.474  1732  3956 V NuPlayerDecoder:   int32_t generation = 1
01-23 17:37:56.474  1732  3956 V NuPlayerDecoder:   size_t size = 4096
01-23 17:37:56.474  1732  3956 V NuPlayerDecoder: }
01-23 17:37:56.474  1732  3957 V ACodec  : [OMX.Freescale.std.audio_decoder.aac.sw-based] onOMXEmptyBufferDone 3
01-23 17:37:56.474  1732  3957 V ACodec  : [OMX.Freescale.std.audio_decoder.aac.sw-based] calling emptyBuffer 1 w/ time 3242666 us
01-23 17:37:56.475  1732  3957 V MediaCodec: -- Looking at startdata. presentation 2858666, start 587326190250
01-23 17:37:56.475  1732  3957 V MediaCodec: -- match entry for 2858666, hits our frame of 2858666
01-23 17:37:56.475  1732  3957 V ACodec  : [OMX.Freescale.std.audio_decoder.aac.sw-based] calling fillBuffer 4
01-23 17:37:56.475  1732  3956 V NuPlayerDecoder: [OMX.Freescale.std.audio_decoder.aac.sw-based] onMessage: AMessage(what = 'cdcN', target = 60) = {
01-23 17:37:56.475  1732  3956 V NuPlayerDecoder:   int32_t callbackID = 2
01-23 17:37:56.475  1732  3956 V NuPlayerDecoder:   int32_t index = 1
01-23 17:37:56.475  1732  3956 V NuPlayerDecoder:   size_t offset = 0
01-23 17:37:56.475  1732  3956 V NuPlayerDecoder:   size_t size = 4096
01-23 17:37:56.475  1732  3956 V NuPlayerDecoder:   int64_t timeUs = 2837333
01-23 17:37:56.475  1732  3956 V NuPlayerDecoder:   int32_t flags = 1
01-23 17:37:56.475  1732  3956 V NuPlayerDecoder: }
01-23 17:37:56.475  1732  3956 V NuPlayerDecoder: [audio] kWhatCodecNotify: cbID = 2, paused = 0
01-23 17:37:56.475  1732  3956 V NuPlayerDecoder: [OMX.Freescale.std.audio_decoder.aac.sw-based] onMessage: AMessage(what = 'cdcN', target = 60) = {
01-23 17:37:56.475  1732  3956 V NuPlayerDecoder:   int32_t callbackID = 1
01-23 17:37:56.475  1732  3956 V NuPlayerDecoder:   int32_t index = 1
01-23 17:37:56.475  1732  3956 V NuPlayerDecoder: }
01-23 17:37:56.475  1732  3953 V NuPlayerRenderer: onDrainAudioQueue: rendering audio at media time 2.84 secs
01-23 17:37:56.475  1732  3956 V NuPlayerDecoder: [audio] kWhatCodecNotify: cbID = 1, paused = 0
01-23 17:37:56.476  1732  3957 V ACodec  : [OMX.Freescale.std.audio_decoder.aac.sw-based] calling emptyBuffer 2 w/ time 3264000 us
01-23 17:37:56.476  1732  3956 V NuPlayerDecoder: [OMX.Freescale.std.audio_decoder.aac.sw-based] onMessage: AMessage(what = 'cdcN', target = 60) = {
01-23 17:37:56.476  1732  3956 V NuPlayerDecoder:   int32_t callbackID = 2
01-23 17:37:56.476  1732  3956 V NuPlayerDecoder:   int32_t index = 2
01-23 17:37:56.476  1732  3956 V NuPlayerDecoder:   size_t offset = 0
01-23 17:37:56.476  1732  3956 V NuPlayerDecoder:   size_t size = 4096
01-23 17:37:56.476  1732  3956 V NuPlayerDecoder:   int64_t timeUs = 2858666
01-23 17:37:56.476  1732  3956 V NuPlayerDecoder:   int32_t flags = 1
01-23 17:37:56.476  1732  3956 V NuPlayerDecoder: }
01-23 17:37:56.476  1732  3956 V NuPlayerDecoder: [audio] kWhatCodecNotify: cbID = 2, paused = 0
01-23 17:37:56.476  1732  3956 V NuPlayerDecoder: [OMX.Freescale.std.audio_decoder.aac.sw-based] onMessage: AMessage(what = 'cdcN', target = 60) = {
01-23 17:37:56.476  1732  3956 V NuPlayerDecoder:   int32_t callbackID = 1
01-23 17:37:56.476  1732  3956 V NuPlayerDecoder:   int32_t index = 2
01-23 17:37:56.476  1732  3956 V NuPlayerDecoder: }
01-23 17:37:56.476  1732  3953 V NuPlayerRenderer: onDrainAudioQueue: rendering audio at media time 2.86 secs
01-23 17:37:56.476  1732  3956 V NuPlayerDecoder: [audio] kWhatCodecNotify: cbID = 1, paused = 0
01-23 17:37:56.476  1732  3957 V ACodec  : [OMX.Freescale.std.audio_decoder.aac.sw-based] onOMXFillBufferDone 4 time 2880000 us, flags = 0x00000030
01-23 17:37:56.477  1732  3957 V MediaCodec: -- Looking at startdata. presentation 2880000, start 587326667875
01-23 17:37:56.477  1732  3957 V MediaCodec: -- match entry for 2880000, hits our frame of 2880000
01-23 17:37:56.477  1732  3956 V NuPlayerDecoder: [OMX.Freescale.std.audio_decoder.aac.sw-based] onMessage: AMessage(what = 'rndr', target = 60) = {
01-23 17:37:56.477  1732  3956 V NuPlayerDecoder:   size_t buffer-ix = 1
01-23 17:37:56.477  1732  3956 V NuPlayerDecoder:   int32_t generation = 1
01-23 17:37:56.477  1732  3956 V NuPlayerDecoder:   size_t size = 4096
01-23 17:37:56.477  1732  3956 V NuPlayerDecoder: }
01-23 17:37:56.477  1732  3957 V ACodec  : [OMX.Freescale.std.audio_decoder.aac.sw-based] calling emptyBuffer 3 w/ time 3285333 us
01-23 17:37:56.477  1732  3957 V ACodec  : [OMX.Freescale.std.audio_decoder.aac.sw-based] calling fillBuffer 5
01-23 17:37:56.477  1732  3956 V NuPlayerDecoder: [OMX.Freescale.std.audio_decoder.aac.sw-based] onMessage: AMessage(what = 'rndr', target = 60) = {
01-23 17:37:56.477  1732  3956 V NuPlayerDecoder:   size_t buffer-ix = 2
01-23 17:37:56.477  1732  3956 V NuPlayerDecoder:   int32_t generation = 1
01-23 17:37:56.477  1732  3956 V NuPlayerDecoder:   size_t size = 4096
01-23 17:37:56.477  1732  3956 V NuPlayerDecoder: }
01-23 17:37:56.477  1732  3957 V ACodec  : [OMX.Freescale.std.audio_decoder.aac.sw-based] calling fillBuffer 6
01-23 17:37:56.478  1732  3956 V NuPlayerDecoder: [OMX.Freescale.std.audio_decoder.aac.sw-based] onMessage: AMessage(what = 'cdcN', target = 60) = {
01-23 17:37:56.478  1732  3956 V NuPlayerDecoder:   int32_t callbackID = 2
01-23 17:37:56.478  1732  3956 V NuPlayerDecoder:   int32_t index = 0
01-23 17:37:56.478  1732  3956 V NuPlayerDecoder:   size_t offset = 0
01-23 17:37:56.478  1732  3956 V NuPlayerDecoder:   size_t size = 4096
01-23 17:37:56.478  1732  3956 V NuPlayerDecoder:   int64_t timeUs = 2880000
01-23 17:37:56.478  1732  3956 V NuPlayerDecoder:   int32_t flags = 1
01-23 17:37:56.478  1732  3956 V NuPlayerDecoder: }
01-23 17:37:56.478  1732  3956 V NuPlayerDecoder: [audio] kWhatCodecNotify: cbID = 2, paused = 0
01-23 17:37:56.478  1732  3953 V NuPlayerRenderer: onDrainAudioQueue: rendering audio at media time 2.88 secs
01-23 17:37:56.478  1732  3956 V NuPlayerDecoder: [OMX.Freescale.std.audio_decoder.aac.sw-based] onMessage: AMessage(what = 'rndr', target = 60) = {
01-23 17:37:56.478  1732  3956 V NuPlayerDecoder:   size_t buffer-ix = 0
01-23 17:37:56.478  1732  3956 V NuPlayerDecoder:   int32_t generation = 1
01-23 17:37:56.478  1732  3956 V NuPlayerDecoder:   size_t size = 4096
01-23 17:37:56.478  1732  3956 V NuPlayerDecoder: }
01-23 17:37:56.478  1732  3957 V ACodec  : [OMX.Freescale.std.audio_decoder.aac.sw-based] calling fillBuffer 4
01-23 17:37:56.478  1732  3957 V ACodec  : [OMX.Freescale.std.audio_decoder.aac.sw-based] onOMXEmptyBufferDone 1
01-23 17:37:56.478  1732  3957 V ACodec  : [OMX.Freescale.std.audio_decoder.aac.sw-based] onOMXFillBufferDone 5 time 2901333 us, flags = 0x00000030
01-23 17:37:56.478  1732  3957 V ACodec  : [OMX.Freescale.std.audio_decoder.aac.sw-based] onOMXEmptyBufferDone 2
01-23 17:37:56.478  1732  3957 V ACodec  : [OMX.Freescale.std.audio_decoder.aac.sw-based] onOMXEmptyBufferDone 3
01-23 17:37:56.479  1732  3957 V MediaCodec: -- Looking at startdata. presentation 2901333, start 587576379250
01-23 17:37:56.479  1732  3956 V NuPlayerDecoder: [OMX.Freescale.std.audio_decoder.aac.sw-based] onMessage: AMessage(what = 'cdcN', target = 60) = {
01-23 17:37:56.479  1732  3956 V NuPlayerDecoder:   int32_t callbackID = 1
01-23 17:37:56.479  1732  3956 V NuPlayerDecoder:   int32_t index = 0
01-23 17:37:56.479  1732  3956 V NuPlayerDecoder: }
01-23 17:37:56.479  1732  3957 V MediaCodec: -- match entry for 2901333, hits our frame of 2901333
01-23 17:37:56.479  1732  3956 V NuPlayerDecoder: [audio] kWhatCodecNotify: cbID = 1, paused = 0
01-23 17:37:56.479  1732  3957 V ACodec  : [OMX.Freescale.std.audio_decoder.aac.sw-based] calling emptyBuffer 1 w/ time 3306666 us
01-23 17:37:56.479  1732  3956 V NuPlayerDecoder: [OMX.Freescale.std.audio_decoder.aac.sw-based] onMessage: AMessage(what = 'cdcN', target = 60) = {
01-23 17:37:56.479  1732  3956 V NuPlayerDecoder:   int32_t callbackID = 2
01-23 17:37:56.479  1732  3956 V NuPlayerDecoder:   int32_t index = 1
01-23 17:37:56.479  1732  3956 V NuPlayerDecoder:   size_t offset = 0
01-23 17:37:56.479  1732  3956 V NuPlayerDecoder:   size_t size = 4096
01-23 17:37:56.479  1732  3956 V NuPlayerDecoder:   int64_t timeUs = 2901333
01-23 17:37:56.479  1732  3956 V NuPlayerDecoder:   int32_t flags = 1
01-23 17:37:56.479  1732  3956 V NuPlayerDecoder: }
01-23 17:37:56.479  1732  3956 V NuPlayerDecoder: [audio] kWhatCodecNotify: cbID = 2, paused = 0
01-23 17:37:56.479  1732  3956 V NuPlayerDecoder: [OMX.Freescale.std.audio_decoder.aac.sw-based] onMessage: AMessage(what = 'cdcN', target = 60) = {
01-23 17:37:56.479  1732  3956 V NuPlayerDecoder:   int32_t callbackID = 1
01-23 17:37:56.479  1732  3956 V NuPlayerDecoder:   int32_t index = 1
01-23 17:37:56.479  1732  3956 V NuPlayerDecoder: }
01-23 17:37:56.479  1732  3953 V NuPlayerRenderer: onDrainAudioQueue: rendering audio at media time 2.90 secs
01-23 17:37:56.479  1732  3956 V NuPlayerDecoder: [audio] kWhatCodecNotify: cbID = 1, paused = 0
01-23 17:37:56.480  1732  3957 V ACodec  : [OMX.Freescale.std.audio_decoder.aac.sw-based] onOMXFillBufferDone 6 time 2922666 us, flags = 0x00000030
01-23 17:37:56.480  1732  3957 V ACodec  : [OMX.Freescale.std.audio_decoder.aac.sw-based] onOMXFillBufferDone 4 time 2944000 us, flags = 0x00000030
01-23 17:37:56.480  1732  3956 V NuPlayerDecoder: [OMX.Freescale.std.audio_decoder.aac.sw-based] onMessage: AMessage(what = 'cdcN', target = 60) = {
01-23 17:37:56.480  1732  3956 V NuPlayerDecoder:   int32_t callbackID = 1
01-23 17:37:56.480  1732  3956 V NuPlayerDecoder:   int32_t index = 2
01-23 17:37:56.480  1732  3956 V NuPlayerDecoder: }
01-23 17:37:56.480  1732  3956 V NuPlayerDecoder: [audio] kWhatCodecNotify: cbID = 1, paused = 0
01-23 17:37:56.480  1732  3957 V ACodec  : [OMX.Freescale.std.audio_decoder.aac.sw-based] calling emptyBuffer 2 w/ time 3328000 us
01-23 17:37:56.480  1732  3957 V ACodec  : [OMX.Freescale.std.audio_decoder.aac.sw-based] onOMXEmptyBufferDone 1
01-23 17:37:56.480  1732  3957 V MediaCodec: -- Looking at startdata. presentation 2922666, start 587577664125
01-23 17:37:56.480  1732  3957 V MediaCodec: -- match entry for 2922666, hits our frame of 2922666
01-23 17:37:56.480  1732  3957 V MediaCodec: -- Looking at startdata. presentation 2944000, start 587578341750
01-23 17:37:56.481  1732  3957 V MediaCodec: -- match entry for 2944000, hits our frame of 2944000
01-23 17:37:56.481  1732  3957 V ACodec  : [OMX.Freescale.std.audio_decoder.aac.sw-based] onOMXEmptyBufferDone 2
01-23 17:37:56.481  1732  3957 V ACodec  : [OMX.Freescale.std.audio_decoder.aac.sw-based] calling emptyBuffer 3 w/ time 3349333 us
01-23 17:37:56.481  1732  3956 V NuPlayerDecoder: [OMX.Freescale.std.audio_decoder.aac.sw-based] onMessage: AMessage(what = 'rndr', target = 60) = {
01-23 17:37:56.481  1732  3956 V NuPlayerDecoder:   size_t buffer-ix = 1
01-23 17:37:56.481  1732  3956 V NuPlayerDecoder:   int32_t generation = 1
01-23 17:37:56.481  1732  3956 V NuPlayerDecoder:   size_t size = 4096
01-23 17:37:56.481  1732  3956 V NuPlayerDecoder: }
01-23 17:37:56.481  1732  3957 V ACodec  : [OMX.Freescale.std.audio_decoder.aac.sw-based] calling fillBuffer 5
01-23 17:37:56.481  1732  3956 V NuPlayerDecoder: [OMX.Freescale.std.audio_decoder.aac.sw-based] onMessage: AMessage(what = 'cdcN', target = 60) = {
01-23 17:37:56.481  1732  3956 V NuPlayerDecoder:   int32_t callbackID = 2
01-23 17:37:56.481  1732  3956 V NuPlayerDecoder:   int32_t index = 2
01-23 17:37:56.481  1732  3956 V NuPlayerDecoder:   size_t offset = 0
01-23 17:37:56.481  1732  3956 V NuPlayerDecoder:   size_t size = 4096
01-23 17:37:56.481  1732  3956 V NuPlayerDecoder:   int64_t timeUs = 2922666
01-23 17:37:56.481  1732  3956 V NuPlayerDecoder:   int32_t flags = 1
01-23 17:37:56.481  1732  3956 V NuPlayerDecoder: }
01-23 17:37:56.481  1732  3956 V NuPlayerDecoder: [audio] kWhatCodecNotify: cbID = 2, paused = 0
01-23 17:37:56.481  1732  3953 V NuPlayerRenderer: onDrainAudioQueue: rendering audio at media time 2.92 secs
01-23 17:37:56.481  1732  3956 V NuPlayerDecoder: [OMX.Freescale.std.audio_decoder.aac.sw-based] onMessage: AMessage(what = 'cdcN', target = 60) = {
01-23 17:37:56.481  1732  3956 V NuPlayerDecoder:   int32_t callbackID = 2
01-23 17:37:56.481  1732  3956 V NuPlayerDecoder:   int32_t index = 0
01-23 17:37:56.481  1732  3956 V NuPlayerDecoder:   size_t offset = 0
01-23 17:37:56.481  1732  3956 V NuPlayerDecoder:   size_t size = 4096
01-23 17:37:56.481  1732  3956 V NuPlayerDecoder:   int64_t timeUs = 2944000
01-23 17:37:56.481  1732  3956 V NuPlayerDecoder:   int32_t flags = 1
01-23 17:37:56.481  1732  3956 V NuPlayerDecoder: }
01-23 17:37:56.481  1732  3956 V NuPlayerDecoder: [audio] kWhatCodecNotify: cbID = 2, paused = 0
01-23 17:37:56.481  1732  3953 V NuPlayerRenderer: AudioSink write short frame count 3328 < 4096
01-23 17:37:56.482  1732  3956 V NuPlayerDecoder: [OMX.Freescale.std.audio_decoder.aac.sw-based] onMessage: AMessage(what = 'cdcN', target = 60) = {
01-23 17:37:56.482  1732  3956 V NuPlayerDecoder:   int32_t callbackID = 1
01-23 17:37:56.482  1732  3956 V NuPlayerDecoder:   int32_t index = 0
01-23 17:37:56.482  1732  3956 V NuPlayerDecoder: }
01-23 17:37:56.482  1732  3956 V NuPlayerDecoder: [audio] kWhatCodecNotify: cbID = 1, paused = 0
01-23 17:37:56.483  1732  3957 V ACodec  : [OMX.Freescale.std.audio_decoder.aac.sw-based] calling emptyBuffer 1 w/ time 3370666 us
01-23 17:37:56.483  1732  3956 V NuPlayerDecoder: [OMX.Freescale.std.audio_decoder.aac.sw-based] onMessage: AMessage(what = 'cdcN', target = 60) = {
01-23 17:37:56.483  1732  3956 V NuPlayerDecoder:   int32_t callbackID = 1
01-23 17:37:56.483  1732  3956 V NuPlayerDecoder:   int32_t index = 1
01-23 17:37:56.483  1732  3956 V NuPlayerDecoder: }
01-23 17:37:56.483  1732  3956 V NuPlayerDecoder: [audio] kWhatCodecNotify: cbID = 1, paused = 0
01-23 17:37:56.483  1732  3957 V ACodec  : [OMX.Freescale.std.audio_decoder.aac.sw-based] onOMXFillBufferDone 5 time 2965333 us, flags = 0x00000030
01-23 17:37:56.483  1732  3957 V MediaCodec: -- Looking at startdata. presentation 2965333, start 587582942500
01-23 17:37:56.483  1732  3957 V MediaCodec: -- match entry for 2965333, hits our frame of 2965333
01-23 17:37:56.483  1732  3956 V NuPlayerDecoder: [OMX.Freescale.std.audio_decoder.aac.sw-based] onMessage: AMessage(what = 'cdcN', target = 60) = {
01-23 17:37:56.483  1732  3956 V NuPlayerDecoder:   int32_t callbackID = 2
01-23 17:37:56.483  1732  3956 V NuPlayerDecoder:   int32_t index = 1
01-23 17:37:56.483  1732  3956 V NuPlayerDecoder:   size_t offset = 0
01-23 17:37:56.483  1732  3956 V NuPlayerDecoder:   size_t size = 4096
01-23 17:37:56.483  1732  3956 V NuPlayerDecoder:   int64_t timeUs = 2965333
01-23 17:37:56.483  1732  3956 V NuPlayerDecoder:   int32_t flags = 1
01-23 17:37:56.483  1732  3956 V NuPlayerDecoder: }
01-23 17:37:56.483  1732  3956 V NuPlayerDecoder: [audio] kWhatCodecNotify: cbID = 2, paused = 0
01-23 17:37:56.484  1732  3957 V ACodec  : [OMX.Freescale.std.audio_decoder.aac.sw-based] calling emptyBuffer 2 w/ time 3392000 us
01-23 17:37:56.732  1732  3953 V NuPlayerRenderer: onDrainAudioQueue: rendering audio at media time 2.94 secs
01-23 17:37:56.732  1732  3956 V NuPlayerDecoder: [OMX.Freescale.std.audio_decoder.aac.sw-based] onMessage: AMessage(what = 'rndr', target = 60) = {
01-23 17:37:56.732  1732  3956 V NuPlayerDecoder:   size_t buffer-ix = 2
01-23 17:37:56.732  1732  3956 V NuPlayerDecoder:   int32_t generation = 1
01-23 17:37:56.732  1732  3956 V NuPlayerDecoder:   size_t size = 4096
01-23 17:37:56.732  1732  3956 V NuPlayerDecoder: }
01-23 17:37:56.732  1732  3953 V AudioSink: getPlayedOutDurationUs(2612661) nowUs(588109551) frames(124608) framesAt(588092890)
01-23 17:37:56.732  1732  3953 V NuPlayerRenderer: onDrainAudioQueue: rendering audio at media time 2.97 secs
01-23 17:37:56.732  1732  3957 V ACodec  : [OMX.Freescale.std.audio_decoder.aac.sw-based] calling fillBuffer 6
01-23 17:37:56.732  1732  3956 V NuPlayerDecoder: [OMX.Freescale.std.audio_decoder.aac.sw-based] onMessage: AMessage(what = 'rndr', target = 60) = {
01-23 17:37:56.732  1732  3956 V NuPlayerDecoder:   size_t buffer-ix = 0
01-23 17:37:56.732  1732  3956 V NuPlayerDecoder:   int32_t generation = 1
01-23 17:37:56.732  1732  3956 V NuPlayerDecoder:   size_t size = 4096
01-23 17:37:56.732  1732  3956 V NuPlayerDecoder: }
01-23 17:37:56.732  1732  3957 V ACodec  : [OMX.Freescale.std.audio_decoder.aac.sw-based] calling fillBuffer 4
01-23 17:37:56.732  1732  3956 V NuPlayerDecoder: [OMX.Freescale.std.audio_decoder.aac.sw-based] onMessage: AMessage(what = 'rndr', target = 60) = {
01-23 17:37:56.732  1732  3956 V NuPlayerDecoder:   size_t buffer-ix = 1
01-23 17:37:56.732  1732  3956 V NuPlayerDecoder:   int32_t generation = 1
01-23 17:37:56.732  1732  3956 V NuPlayerDecoder:   size_t size = 4096
01-23 17:37:56.732  1732  3956 V NuPlayerDecoder: }
01-23 17:37:56.733  1732  3957 V ACodec  : [OMX.Freescale.std.audio_decoder.aac.sw-based] calling fillBuffer 5
01-23 17:37:56.734  1732  3957 V ACodec  : [OMX.Freescale.std.audio_decoder.aac.sw-based] onOMXEmptyBufferDone 3
01-23 17:37:56.734  1732  3957 V ACodec  : [OMX.Freescale.std.audio_decoder.aac.sw-based] onOMXFillBufferDone 6 time 2986666 us, flags = 0x00000030
01-23 17:37:56.734  1732  3957 V ACodec  : [OMX.Freescale.std.audio_decoder.aac.sw-based] onOMXEmptyBufferDone 1
01-23 17:37:56.734  1732  3957 V ACodec  : [OMX.Freescale.std.audio_decoder.aac.sw-based] onOMXFillBufferDone 4 time 3008000 us, flags = 0x00000030
01-23 17:37:56.734  1732  3957 V ACodec  : [OMX.Freescale.std.audio_decoder.aac.sw-based] onOMXEmptyBufferDone 2
01-23 17:37:56.734  1732  3957 V ACodec  : [OMX.Freescale.std.audio_decoder.aac.sw-based] onOMXFillBufferDone 5 time 3029333 us, flags = 0x00000030
01-23 17:37:56.734  1732  3957 V MediaCodec: -- Looking at startdata. presentation 2986666, start 587583459875
01-23 17:37:56.734  1732  3956 V NuPlayerDecoder: [OMX.Freescale.std.audio_decoder.aac.sw-based] onMessage: AMessage(what = 'cdcN', target = 60) = {
01-23 17:37:56.734  1732  3956 V NuPlayerDecoder:   int32_t callbackID = 1
01-23 17:37:56.734  1732  3956 V NuPlayerDecoder:   int32_t index = 2
01-23 17:37:56.734  1732  3956 V NuPlayerDecoder: }
01-23 17:37:56.734  1732  3957 V MediaCodec: -- match entry for 2986666, hits our frame of 2986666
01-23 17:37:56.734  1732  3956 V NuPlayerDecoder: [audio] kWhatCodecNotify: cbID = 1, paused = 0
01-23 17:37:56.734  1732  3957 V MediaCodec: -- Looking at startdata. presentation 3008000, start 587584075125
01-23 17:37:56.734  1732  3957 V MediaCodec: -- match entry for 3008000, hits our frame of 3008000
01-23 17:37:56.734  1732  3957 V MediaCodec: -- Looking at startdata. presentation 3029333, start 587585511250
01-23 17:37:56.734  1732  3957 V MediaCodec: -- match entry for 3029333, hits our frame of 3029333
01-23 17:37:56.735  1732  3957 V ACodec  : [OMX.Freescale.std.audio_decoder.aac.sw-based] calling emptyBuffer 3 w/ time 3413333 us
01-23 17:37:56.735  1732  3956 V NuPlayerDecoder: [OMX.Freescale.std.audio_decoder.aac.sw-based] onMessage: AMessage(what = 'cdcN', target = 60) = {
01-23 17:37:56.735  1732  3956 V NuPlayerDecoder:   int32_t callbackID = 2
01-23 17:37:56.735  1732  3956 V NuPlayerDecoder:   int32_t index = 2
01-23 17:37:56.735  1732  3956 V NuPlayerDecoder:   size_t offset = 0
01-23 17:37:56.735  1732  3956 V NuPlayerDecoder:   size_t size = 4096
01-23 17:37:56.735  1732  3956 V NuPlayerDecoder:   int64_t timeUs = 2986666
01-23 17:37:56.735  1732  3956 V NuPlayerDecoder:   int32_t flags = 1
01-23 17:37:56.735  1732  3956 V NuPlayerDecoder: }
01-23 17:37:56.735  1732  3956 V NuPlayerDecoder: [audio] kWhatCodecNotify: cbID = 2, paused = 0
01-23 17:37:56.735  1732  3956 V NuPlayerDecoder: [OMX.Freescale.std.audio_decoder.aac.sw-based] onMessage: AMessage(what = 'cdcN', target = 60) = {
01-23 17:37:56.735  1732  3956 V NuPlayerDecoder:   int32_t callbackID = 1
01-23 17:37:56.735  1732  3956 V NuPlayerDecoder:   int32_t index = 0
01-23 17:37:56.735  1732  3956 V NuPlayerDecoder: }
01-23 17:37:56.735  1732  3956 V NuPlayerDecoder: [audio] kWhatCodecNotify: cbID = 1, paused = 0
01-23 17:37:56.735  1732  3953 V NuPlayerRenderer: onDrainAudioQueue: rendering audio at media time 2.99 secs
01-23 17:37:56.735  1732  3957 V ACodec  : [OMX.Freescale.std.audio_decoder.aac.sw-based] calling emptyBuffer 1 w/ time 3434666 us
01-23 17:37:56.735  1732  3956 V NuPlayerDecoder: [OMX.Freescale.std.audio_decoder.aac.sw-based] onMessage: AMessage(what = 'cdcN', target = 60) = {
01-23 17:37:56.735  1732  3956 V NuPlayerDecoder:   int32_t callbackID = 2
01-23 17:37:56.735  1732  3956 V NuPlayerDecoder:   int32_t index = 0
01-23 17:37:56.735  1732  3956 V NuPlayerDecoder:   size_t offset = 0
01-23 17:37:56.735  1732  3956 V NuPlayerDecoder:   size_t size = 4096
01-23 17:37:56.735  1732  3956 V NuPlayerDecoder:   int64_t timeUs = 3008000
01-23 17:37:56.735  1732  3956 V NuPlayerDecoder:   int32_t flags = 1
01-23 17:37:56.735  1732  3956 V NuPlayerDecoder: }
01-23 17:37:56.735  1732  3956 V NuPlayerDecoder: [audio] kWhatCodecNotify: cbID = 2, paused = 0
01-23 17:37:56.735  1732  3956 V NuPlayerDecoder: [OMX.Freescale.std.audio_decoder.aac.sw-based] onMessage: AMessage(what = 'cdcN', target = 60) = {
01-23 17:37:56.735  1732  3956 V NuPlayerDecoder:   int32_t callbackID = 1
01-23 17:37:56.735  1732  3956 V NuPlayerDecoder:   int32_t index = 1
01-23 17:37:56.735  1732  3956 V NuPlayerDecoder: }
01-23 17:37:56.735  1732  3956 V NuPlayerDecoder: [audio] kWhatCodecNotify: cbID = 1, paused = 0
01-23 17:37:56.735  1732  3953 V NuPlayerRenderer: onDrainAudioQueue: rendering audio at media time 3.01 secs
01-23 17:37:56.736  1732  3957 V ACodec  : [OMX.Freescale.std.audio_decoder.aac.sw-based] onOMXEmptyBufferDone 3
01-23 17:37:56.736  1732  3957 V ACodec  : [OMX.Freescale.std.audio_decoder.aac.sw-based] calling emptyBuffer 2 w/ time 3456000 us
01-23 17:37:56.736  1732  3956 V NuPlayerDecoder: [OMX.Freescale.std.audio_decoder.aac.sw-based] onMessage: AMessage(what = 'cdcN', target = 60) = {
01-23 17:37:56.736  1732  3956 V NuPlayerDecoder:   int32_t callbackID = 2
01-23 17:37:56.736  1732  3956 V NuPlayerDecoder:   int32_t index = 1
01-23 17:37:56.736  1732  3956 V NuPlayerDecoder:   size_t offset = 0
01-23 17:37:56.736  1732  3956 V NuPlayerDecoder:   size_t size = 4096
01-23 17:37:56.736  1732  3956 V NuPlayerDecoder:   int64_t timeUs = 3029333
01-23 17:37:56.736  1732  3956 V NuPlayerDecoder:   int32_t flags = 1
01-23 17:37:56.736  1732  3956 V NuPlayerDecoder: }
01-23 17:37:56.736  1732  3956 V NuPlayerDecoder: [audio] kWhatCodecNotify: cbID = 2, paused = 0
01-23 17:37:56.736  1732  3953 V NuPlayerRenderer: onDrainAudioQueue: rendering audio at media time 3.03 secs
01-23 17:37:56.736  1732  3956 V NuPlayerDecoder: [OMX.Freescale.std.audio_decoder.aac.sw-based] onMessage: AMessage(what = 'rndr', target = 60) = {
01-23 17:37:56.736  1732  3956 V NuPlayerDecoder:   size_t buffer-ix = 2
01-23 17:37:56.736  1732  3956 V NuPlayerDecoder:   int32_t generation = 1
01-23 17:37:56.736  1732  3956 V NuPlayerDecoder:   size_t size = 4096
01-23 17:37:56.736  1732  3956 V NuPlayerDecoder: }
01-23 17:37:56.736  1732  3957 V ACodec  : [OMX.Freescale.std.audio_decoder.aac.sw-based] calling fillBuffer 6
01-23 17:37:56.736  1732  3956 V NuPlayerDecoder: [OMX.Freescale.std.audio_decoder.aac.sw-based] onMessage: AMessage(what = 'rndr', target = 60) = {
01-23 17:37:56.736  1732  3956 V NuPlayerDecoder:   size_t buffer-ix = 0
01-23 17:37:56.736  1732  3956 V NuPlayerDecoder:   int32_t generation = 1
01-23 17:37:56.736  1732  3956 V NuPlayerDecoder:   size_t size = 4096
01-23 17:37:56.736  1732  3956 V NuPlayerDecoder: }
01-23 17:37:56.737  1732  3957 V ACodec  : [OMX.Freescale.std.audio_decoder.aac.sw-based] calling fillBuffer 4
01-23 17:37:56.737  1732  3956 V NuPlayerDecoder: [OMX.Freescale.std.audio_decoder.aac.sw-based] onMessage: AMessage(what = 'cdcN', target = 60) = {
01-23 17:37:56.737  1732  3956 V NuPlayerDecoder:   int32_t callbackID = 1
01-23 17:37:56.737  1732  3956 V NuPlayerDecoder:   int32_t index = 2
01-23 17:37:56.737  1732  3956 V NuPlayerDecoder: }
01-23 17:37:56.737  1732  3956 V NuPlayerDecoder: [audio] kWhatCodecNotify: cbID = 1, paused = 0
01-23 17:37:56.737  1732  3957 V ACodec  : [OMX.Freescale.std.audio_decoder.aac.sw-based] calling emptyBuffer 3 w/ time 3477333 us
01-23 17:37:56.737  1732  3956 V NuPlayerDecoder: [OMX.Freescale.std.audio_decoder.aac.sw-based] onMessage: AMessage(what = 'rndr', target = 60) = {
01-23 17:37:56.737  1732  3956 V NuPlayerDecoder:   size_t buffer-ix = 1
01-23 17:37:56.737  1732  3956 V NuPlayerDecoder:   int32_t generation = 1
01-23 17:37:56.737  1732  3956 V NuPlayerDecoder:   size_t size = 4096
01-23 17:37:56.737  1732  3956 V NuPlayerDecoder: }
01-23 17:37:56.737  1732  3957 V ACodec  : [OMX.Freescale.std.audio_decoder.aac.sw-based] calling fillBuffer 5
01-23 17:37:56.738  1732  3957 V ACodec  : [OMX.Freescale.std.audio_decoder.aac.sw-based] onOMXFillBufferDone 6 time 3050666 us, flags = 0x00000030
01-23 17:37:56.738  1732  3957 V ACodec  : [OMX.Freescale.std.audio_decoder.aac.sw-based] onOMXFillBufferDone 4 time 3072000 us, flags = 0x00000030
01-23 17:37:56.738  1732  3957 V MediaCodec: -- Looking at startdata. presentation 3050666, start 587587283750
01-23 17:37:56.738  1732  3957 V MediaCodec: -- match entry for 3050666, hits our frame of 3050666
01-23 17:37:56.738  1732  3957 V MediaCodec: -- Looking at startdata. presentation 3072000, start 587587910500
01-23 17:37:56.738  1732  3957 V MediaCodec: -- match entry for 3072000, hits our frame of 3072000
01-23 17:37:56.738  1732  3956 V NuPlayerDecoder: [OMX.Freescale.std.audio_decoder.aac.sw-based] onMessage: AMessage(what = 'cdcN', target = 60) = {
01-23 17:37:56.738  1732  3956 V NuPlayerDecoder:   int32_t callbackID = 2
01-23 17:37:56.738  1732  3956 V NuPlayerDecoder:   int32_t index = 2
01-23 17:37:56.738  1732  3956 V NuPlayerDecoder:   size_t offset = 0
01-23 17:37:56.738  1732  3956 V NuPlayerDecoder:   size_t size = 4096
01-23 17:37:56.738  1732  3956 V NuPlayerDecoder:   int64_t timeUs = 3050666
01-23 17:37:56.738  1732  3956 V NuPlayerDecoder:   int32_t flags = 1
01-23 17:37:56.738  1732  3956 V NuPlayerDecoder: }
01-23 17:37:56.738  1732  3956 V NuPlayerDecoder: [audio] kWhatCodecNotify: cbID = 2, paused = 0
01-23 17:37:56.738  1732  3953 V NuPlayerRenderer: onDrainAudioQueue: rendering audio at media time 3.05 secs
01-23 17:37:56.738  1732  3956 V NuPlayerDecoder: [OMX.Freescale.std.audio_decoder.aac.sw-based] onMessage: AMessage(what = 'cdcN', target = 60) = {
01-23 17:37:56.738  1732  3956 V NuPlayerDecoder:   int32_t callbackID = 2
01-23 17:37:56.738  1732  3956 V NuPlayerDecoder:   int32_t index = 0
01-23 17:37:56.738  1732  3956 V NuPlayerDecoder:   size_t offset = 0
01-23 17:37:56.738  1732  3956 V NuPlayerDecoder:   size_t size = 4096
01-23 17:37:56.738  1732  3956 V NuPlayerDecoder:   int64_t timeUs = 3072000
01-23 17:37:56.738  1732  3956 V NuPlayerDecoder:   int32_t flags = 1
01-23 17:37:56.738  1732  3956 V NuPlayerDecoder: }
01-23 17:37:56.738  1732  3956 V NuPlayerDecoder: [audio] kWhatCodecNotify: cbID = 2, paused = 0
01-23 17:37:56.739  1732  3953 V NuPlayerRenderer: onDrainAudioQueue: rendering audio at media time 3.07 secs
01-23 17:37:56.739  1732  3956 V NuPlayerDecoder: [OMX.Freescale.std.audio_decoder.aac.sw-based] onMessage: AMessage(what = 'rndr', target = 60) = {
01-23 17:37:56.739  1732  3956 V NuPlayerDecoder:   size_t buffer-ix = 2
01-23 17:37:56.739  1732  3956 V NuPlayerDecoder:   int32_t generation = 1
01-23 17:37:56.739  1732  3956 V NuPlayerDecoder:   size_t size = 4096
01-23 17:37:56.739  1732  3956 V NuPlayerDecoder: }
01-23 17:37:56.739  1732  3957 V ACodec  : [OMX.Freescale.std.audio_decoder.aac.sw-based] calling fillBuffer 6
01-23 17:37:56.739  1732  3956 V NuPlayerDecoder: [OMX.Freescale.std.audio_decoder.aac.sw-based] onMessage: AMessage(what = 'rndr', target = 60) = {
01-23 17:37:56.739  1732  3956 V NuPlayerDecoder:   size_t buffer-ix = 0
01-23 17:37:56.739  1732  3956 V NuPlayerDecoder:   int32_t generation = 1
01-23 17:37:56.739  1732  3956 V NuPlayerDecoder:   size_t size = 4096
01-23 17:37:56.739  1732  3956 V NuPlayerDecoder: }
01-23 17:37:56.739  1732  3957 V ACodec  : [OMX.Freescale.std.audio_decoder.aac.sw-based] calling fillBuffer 4
01-23 17:37:56.740  1732  3957 V ACodec  : [OMX.Freescale.std.audio_decoder.aac.sw-based] onOMXEmptyBufferDone 1
01-23 17:37:56.740  1732  3957 V ACodec  : [OMX.Freescale.std.audio_decoder.aac.sw-based] onOMXFillBufferDone 5 time 3093333 us, flags = 0x00000030
01-23 17:37:56.740  1732  3957 V ACodec  : [OMX.Freescale.std.audio_decoder.aac.sw-based] onOMXEmptyBufferDone 2
01-23 17:37:56.740  1732  3957 V ACodec  : [OMX.Freescale.std.audio_decoder.aac.sw-based] onOMXEmptyBufferDone 3
01-23 17:37:56.740  1732  3957 V MediaCodec: -- Looking at startdata. presentation 3093333, start 587589541500
01-23 17:37:56.740  1732  3956 V NuPlayerDecoder: [OMX.Freescale.std.audio_decoder.aac.sw-based] onMessage: AMessage(what = 'cdcN', target = 60) = {
01-23 17:37:56.740  1732  3956 V NuPlayerDecoder:   int32_t callbackID = 1
01-23 17:37:56.740  1732  3956 V NuPlayerDecoder:   int32_t index = 0
01-23 17:37:56.740  1732  3956 V NuPlayerDecoder: }
01-23 17:37:56.740  1732  3957 V MediaCodec: -- match entry for 3093333, hits our frame of 3093333
01-23 17:37:56.740  1732  3956 V NuPlayerDecoder: [audio] kWhatCodecNotify: cbID = 1, paused = 0
01-23 17:37:56.740  1732  3957 V ACodec  : [OMX.Freescale.std.audio_decoder.aac.sw-based] onOMXFillBufferDone 6 time 3114666 us, flags = 0x00000030
01-23 17:37:56.740  1732  3957 V ACodec  : [OMX.Freescale.std.audio_decoder.aac.sw-based] onOMXFillBufferDone 4 time 3136000 us, flags = 0x00000030
01-23 17:37:56.741  1732  3957 V MediaCodec: -- Looking at startdata. presentation 3114666, start 587590615000
01-23 17:37:56.741  1732  3957 V MediaCodec: -- match entry for 3114666, hits our frame of 3114666
01-23 17:37:56.741  1732  3957 V MediaCodec: -- Looking at startdata. presentation 3136000, start 587844916750
01-23 17:37:56.741  1732  3956 V NuPlayerDecoder: [OMX.Freescale.std.audio_decoder.aac.sw-based] onMessage: AMessage(what = 'cdcN', target = 60) = {
01-23 17:37:56.741  1732  3956 V NuPlayerDecoder:   int32_t callbackID = 2
01-23 17:37:56.741  1732  3956 V NuPlayerDecoder:   int32_t index = 1
01-23 17:37:56.741  1732  3956 V NuPlayerDecoder:   size_t offset = 0
01-23 17:37:56.741  1732  3956 V NuPlayerDecoder:   size_t size = 4096
01-23 17:37:56.741  1732  3956 V NuPlayerDecoder:   int64_t timeUs = 3093333
01-23 17:37:56.741  1732  3956 V NuPlayerDecoder:   int32_t flags = 1
01-23 17:37:56.741  1732  3956 V NuPlayerDecoder: }
01-23 17:37:56.741  1732  3957 V MediaCodec: -- match entry for 3136000, hits our frame of 3136000
01-23 17:37:56.741  1732  3956 V NuPlayerDecoder: [audio] kWhatCodecNotify: cbID = 2, paused = 0
01-23 17:37:56.741  1732  3957 V ACodec  : [OMX.Freescale.std.audio_decoder.aac.sw-based] calling emptyBuffer 1 w/ time 3498666 us
01-23 17:37:56.741  1732  3956 V NuPlayerDecoder: [OMX.Freescale.std.audio_decoder.aac.sw-based] onMessage: AMessage(what = 'cdcN', target = 60) = {
01-23 17:37:56.741  1732  3956 V NuPlayerDecoder:   int32_t callbackID = 1
01-23 17:37:56.741  1732  3956 V NuPlayerDecoder:   int32_t index = 1
01-23 17:37:56.741  1732  3956 V NuPlayerDecoder: }
01-23 17:37:56.741  1732  3956 V NuPlayerDecoder: [audio] kWhatCodecNotify: cbID = 1, paused = 0
01-23 17:37:56.741  1732  3953 V NuPlayerRenderer: onDrainAudioQueue: rendering audio at media time 3.09 secs
01-23 17:37:56.741  1732  3957 V ACodec  : [OMX.Freescale.std.audio_decoder.aac.sw-based] calling emptyBuffer 2 w/ time 3520000 us
01-23 17:37:56.741  1732  3956 V NuPlayerDecoder: [OMX.Freescale.std.audio_decoder.aac.sw-based] onMessage: AMessage(what = 'cdcN', target = 60) = {
01-23 17:37:56.741  1732  3956 V NuPlayerDecoder:   int32_t callbackID = 1
01-23 17:37:56.741  1732  3956 V NuPlayerDecoder:   int32_t index = 2
01-23 17:37:56.741  1732  3956 V NuPlayerDecoder: }
01-23 17:37:56.741  1732  3956 V NuPlayerDecoder: [audio] kWhatCodecNotify: cbID = 1, paused = 0
01-23 17:37:56.742  1732  3957 V ACodec  : [OMX.Freescale.std.audio_decoder.aac.sw-based] onOMXEmptyBufferDone 1
01-23 17:37:56.742  1732  3957 V ACodec  : [OMX.Freescale.std.audio_decoder.aac.sw-based] onOMXEmptyBufferDone 2
01-23 17:37:56.742  1732  3957 V ACodec  : [OMX.Freescale.std.audio_decoder.aac.sw-based] calling emptyBuffer 3 w/ time 3541333 us
01-23 17:37:56.742  1732  3956 V NuPlayerDecoder: [OMX.Freescale.std.audio_decoder.aac.sw-based] onMessage: AMessage(what = 'cdcN', target = 60) = {
01-23 17:37:56.742  1732  3956 V NuPlayerDecoder:   int32_t callbackID = 2
01-23 17:37:56.742  1732  3956 V NuPlayerDecoder:   int32_t index = 2
01-23 17:37:56.742  1732  3956 V NuPlayerDecoder:   size_t offset = 0
01-23 17:37:56.742  1732  3956 V NuPlayerDecoder:   size_t size = 4096
01-23 17:37:56.742  1732  3956 V NuPlayerDecoder:   int64_t timeUs = 3114666
01-23 17:37:56.742  1732  3956 V NuPlayerDecoder:   int32_t flags = 1
01-23 17:37:56.742  1732  3956 V NuPlayerDecoder: }
01-23 17:37:56.742  1732  3956 V NuPlayerDecoder: [audio] kWhatCodecNotify: cbID = 2, paused = 0
01-23 17:37:56.742  1732  3953 V NuPlayerRenderer: onDrainAudioQueue: rendering audio at media time 3.11 secs
01-23 17:37:56.742  1732  3956 V NuPlayerDecoder: [OMX.Freescale.std.audio_decoder.aac.sw-based] onMessage: AMessage(what = 'cdcN', target = 60) = {
01-23 17:37:56.742  1732  3956 V NuPlayerDecoder:   int32_t callbackID = 2
01-23 17:37:56.742  1732  3956 V NuPlayerDecoder:   int32_t index = 0
01-23 17:37:56.742  1732  3956 V NuPlayerDecoder:   size_t offset = 0
01-23 17:37:56.742  1732  3956 V NuPlayerDecoder:   size_t size = 4096
01-23 17:37:56.742  1732  3956 V NuPlayerDecoder:   int64_t timeUs = 3136000
01-23 17:37:56.742  1732  3956 V NuPlayerDecoder:   int32_t flags = 1
01-23 17:37:56.742  1732  3956 V NuPlayerDecoder: }
01-23 17:37:56.742  1732  3956 V NuPlayerDecoder: [audio] kWhatCodecNotify: cbID = 2, paused = 0
01-23 17:37:56.742  1732  3953 V NuPlayerRenderer: onDrainAudioQueue: rendering audio at media time 3.14 secs
01-23 17:37:56.742  1732  3956 V NuPlayerDecoder: [OMX.Freescale.std.audio_decoder.aac.sw-based] onMessage: AMessage(what = 'rndr', target = 60) = {
01-23 17:37:56.742  1732  3956 V NuPlayerDecoder:   size_t buffer-ix = 1
01-23 17:37:56.742  1732  3956 V NuPlayerDecoder:   int32_t generation = 1
01-23 17:37:56.742  1732  3956 V NuPlayerDecoder:   size_t size = 4096
01-23 17:37:56.742  1732  3956 V NuPlayerDecoder: }
01-23 17:37:56.742  1732  3957 V ACodec  : [OMX.Freescale.std.audio_decoder.aac.sw-based] calling fillBuffer 5
01-23 17:37:56.743  1732  3956 V NuPlayerDecoder: [OMX.Freescale.std.audio_decoder.aac.sw-based] onMessage: AMessage(what = 'cdcN', target = 60) = {
01-23 17:37:56.743  1732  3956 V NuPlayerDecoder:   int32_t callbackID = 1
01-23 17:37:56.743  1732  3956 V NuPlayerDecoder:   int32_t index = 0
01-23 17:37:56.743  1732  3956 V NuPlayerDecoder: }
01-23 17:37:56.743  1732  3956 V NuPlayerDecoder: [audio] kWhatCodecNotify: cbID = 1, paused = 0
01-23 17:37:56.743  1732  3957 V ACodec  : [OMX.Freescale.std.audio_decoder.aac.sw-based] calling emptyBuffer 1 w/ time 3562666 us
01-23 17:37:56.743  1732  3956 V NuPlayerDecoder: [OMX.Freescale.std.audio_decoder.aac.sw-based] onMessage: AMessage(what = 'rndr', target = 60) = {
01-23 17:37:56.743  1732  3956 V NuPlayerDecoder:   size_t buffer-ix = 2
01-23 17:37:56.743  1732  3956 V NuPlayerDecoder:   int32_t generation = 1
01-23 17:37:56.743  1732  3956 V NuPlayerDecoder:   size_t size = 4096
01-23 17:37:56.743  1732  3956 V NuPlayerDecoder: }
01-23 17:37:56.743  1732  3957 V ACodec  : [OMX.Freescale.std.audio_decoder.aac.sw-based] calling fillBuffer 6
01-23 17:37:56.743  1732  3956 V NuPlayerDecoder: [OMX.Freescale.std.audio_decoder.aac.sw-based] onMessage: AMessage(what = 'cdcN', target = 60) = {
01-23 17:37:56.743  1732  3956 V NuPlayerDecoder:   int32_t callbackID = 1
01-23 17:37:56.743  1732  3956 V NuPlayerDecoder:   int32_t index = 1
01-23 17:37:56.743  1732  3956 V NuPlayerDecoder: }
01-23 17:37:56.743  1732  3956 V NuPlayerDecoder: [audio] kWhatCodecNotify: cbID = 1, paused = 0
01-23 17:37:56.744  1732  3957 V ACodec  : [OMX.Freescale.std.audio_decoder.aac.sw-based] onOMXFillBufferDone 5 time 3157333 us, flags = 0x00000030
01-23 17:37:56.744  1732  3957 V MediaCodec: -- Looking at startdata. presentation 3157333, start 587845840125
01-23 17:37:56.744  1732  3957 V MediaCodec: -- match entry for 3157333, hits our frame of 3157333
01-23 17:37:56.744  1732  3956 V NuPlayerDecoder: [OMX.Freescale.std.audio_decoder.aac.sw-based] onMessage: AMessage(what = 'rndr', target = 60) = {
01-23 17:37:56.744  1732  3956 V NuPlayerDecoder:   size_t buffer-ix = 0
01-23 17:37:56.744  1732  3956 V NuPlayerDecoder:   int32_t generation = 1
01-23 17:37:56.744  1732  3956 V NuPlayerDecoder:   size_t size = 4096
01-23 17:37:56.744  1732  3956 V NuPlayerDecoder: }
01-23 17:37:56.744  1732  3957 V ACodec  : [OMX.Freescale.std.audio_decoder.aac.sw-based] calling emptyBuffer 2 w/ time 3584000 us
01-23 17:37:56.745  1732  3957 V ACodec  : [OMX.Freescale.std.audio_decoder.aac.sw-based] onOMXEmptyBufferDone 3
01-23 17:37:56.745  1732  3957 V ACodec  : [OMX.Freescale.std.audio_decoder.aac.sw-based] onOMXFillBufferDone 6 time 3178666 us, flags = 0x00000030
01-23 17:37:56.745  1732  3956 V NuPlayerDecoder: [OMX.Freescale.std.audio_decoder.aac.sw-based] onMessage: AMessage(what = 'cdcN', target = 60) = {
01-23 17:37:56.745  1732  3956 V NuPlayerDecoder:   int32_t callbackID = 2
01-23 17:37:56.745  1732  3956 V NuPlayerDecoder:   int32_t index = 1
01-23 17:37:56.745  1732  3956 V NuPlayerDecoder:   size_t offset = 0
01-23 17:37:56.745  1732  3956 V NuPlayerDecoder:   size_t size = 4096
01-23 17:37:56.745  1732  3956 V NuPlayerDecoder:   int64_t timeUs = 3157333
01-23 17:37:56.745  1732  3956 V NuPlayerDecoder:   int32_t flags = 1
01-23 17:37:56.745  1732  3956 V NuPlayerDecoder: }
01-23 17:37:56.745  1732  3957 V ACodec  : [OMX.Freescale.std.audio_decoder.aac.sw-based] onOMXEmptyBufferDone 1
01-23 17:37:56.745  1732  3956 V NuPlayerDecoder: [audio] kWhatCodecNotify: cbID = 2, paused = 0
01-23 17:37:56.745  1732  3957 V ACodec  : [OMX.Freescale.std.audio_decoder.aac.sw-based] calling fillBuffer 4
01-23 17:37:56.745  1732  3953 V NuPlayerRenderer: onDrainAudioQueue: rendering audio at media time 3.16 secs
01-23 17:37:56.745  1732  3956 V NuPlayerDecoder: [OMX.Freescale.std.audio_decoder.aac.sw-based] onMessage: AMessage(what = 'rndr', target = 60) = {
01-23 17:37:56.745  1732  3956 V NuPlayerDecoder:   size_t buffer-ix = 1
01-23 17:37:56.745  1732  3956 V NuPlayerDecoder:   int32_t generation = 1
01-23 17:37:56.745  1732  3956 V NuPlayerDecoder:   size_t size = 4096
01-23 17:37:56.745  1732  3956 V NuPlayerDecoder: }
01-23 17:37:56.745  1732  3957 V MediaCodec: -- Looking at startdata. presentation 3178666, start 587846354000
01-23 17:37:56.745  1732  3957 V MediaCodec: -- match entry for 3178666, hits our frame of 3178666
01-23 17:37:56.745  1732  3957 V ACodec  : [OMX.Freescale.std.audio_decoder.aac.sw-based] calling fillBuffer 5
01-23 17:37:56.745  1732  3956 V NuPlayerDecoder: [OMX.Freescale.std.audio_decoder.aac.sw-based] onMessage: AMessage(what = 'cdcN', target = 60) = {
01-23 17:37:56.745  1732  3956 V NuPlayerDecoder:   int32_t callbackID = 1
01-23 17:37:56.745  1732  3956 V NuPlayerDecoder:   int32_t index = 2
01-23 17:37:56.745  1732  3956 V NuPlayerDecoder: }
01-23 17:37:56.745  1732  3956 V NuPlayerDecoder: [audio] kWhatCodecNotify: cbID = 1, paused = 0
01-23 17:37:56.746  1732  3957 V ACodec  : [OMX.Freescale.std.audio_decoder.aac.sw-based] onOMXFillBufferDone 4 time 3200000 us, flags = 0x00000030
01-23 17:37:56.746  1732  3957 V ACodec  : [OMX.Freescale.std.audio_decoder.aac.sw-based] calling emptyBuffer 3 w/ time 3605333 us
01-23 17:37:56.746  1732  3956 V NuPlayerDecoder: [OMX.Freescale.std.audio_decoder.aac.sw-based] onMessage: AMessage(what = 'cdcN', target = 60) = {
01-23 17:37:56.746  1732  3956 V NuPlayerDecoder:   int32_t callbackID = 2
01-23 17:37:56.746  1732  3956 V NuPlayerDecoder:   int32_t index = 2
01-23 17:37:56.746  1732  3956 V NuPlayerDecoder:   size_t offset = 0
01-23 17:37:56.746  1732  3956 V NuPlayerDecoder:   size_t size = 4096
01-23 17:37:56.746  1732  3956 V NuPlayerDecoder:   int64_t timeUs = 3178666
01-23 17:37:56.746  1732  3956 V NuPlayerDecoder:   int32_t flags = 1
01-23 17:37:56.746  1732  3956 V NuPlayerDecoder: }
01-23 17:37:56.746  1732  3956 V NuPlayerDecoder: [audio] kWhatCodecNotify: cbID = 2, paused = 0
01-23 17:37:56.746  1732  3956 V NuPlayerDecoder: [OMX.Freescale.std.audio_decoder.aac.sw-based] onMessage: AMessage(what = 'cdcN', target = 60) = {
01-23 17:37:56.746  1732  3956 V NuPlayerDecoder:   int32_t callbackID = 1
01-23 17:37:56.746  1732  3956 V NuPlayerDecoder:   int32_t index = 0
01-23 17:37:56.746  1732  3956 V NuPlayerDecoder: }
01-23 17:37:56.746  1732  3953 V NuPlayerRenderer: onDrainAudioQueue: rendering audio at media time 3.18 secs
01-23 17:37:56.746  1732  3956 V NuPlayerDecoder: [audio] kWhatCodecNotify: cbID = 1, paused = 0
01-23 17:37:56.746  1732  3957 V MediaCodec: -- Looking at startdata. presentation 3200000, start 587848818250
01-23 17:37:56.746  1732  3957 V MediaCodec: -- match entry for 3200000, hits our frame of 3200000
01-23 17:37:56.746  1732  3957 V ACodec  : [OMX.Freescale.std.audio_decoder.aac.sw-based] onOMXEmptyBufferDone 2
01-23 17:37:56.746  1732  3957 V ACodec  : [OMX.Freescale.std.audio_decoder.aac.sw-based] onOMXFillBufferDone 5 time 3221333 us, flags = 0x00000030
01-23 17:37:56.746  1732  3956 V NuPlayerDecoder: [OMX.Freescale.std.audio_decoder.aac.sw-based] onMessage: AMessage(what = 'rndr', target = 60) = {
01-23 17:37:56.746  1732  3956 V NuPlayerDecoder:   size_t buffer-ix = 2
01-23 17:37:56.746  1732  3956 V NuPlayerDecoder:   int32_t generation = 1
01-23 17:37:56.746  1732  3956 V NuPlayerDecoder:   size_t size = 4096
01-23 17:37:56.746  1732  3956 V NuPlayerDecoder: }
01-23 17:37:56.746  1732  3957 V ACodec  : [OMX.Freescale.std.audio_decoder.aac.sw-based] onOMXEmptyBufferDone 3
01-23 17:37:56.746  1732  3957 V ACodec  : [OMX.Freescale.std.audio_decoder.aac.sw-based] calling emptyBuffer 1 w/ time 3626666 us
01-23 17:37:56.747  1732  3957 V MediaCodec: -- Looking at startdata. presentation 3221333, start 587850707250
01-23 17:37:56.747  1732  3957 V MediaCodec: -- match entry for 3221333, hits our frame of 3221333
01-23 17:37:56.747  1732  3957 V ACodec  : [OMX.Freescale.std.audio_decoder.aac.sw-based] calling fillBuffer 6
01-23 17:37:56.747  1732  3956 V NuPlayerDecoder: [OMX.Freescale.std.audio_decoder.aac.sw-based] onMessage: AMessage(what = 'cdcN', target = 60) = {
01-23 17:37:56.747  1732  3956 V NuPlayerDecoder:   int32_t callbackID = 2
01-23 17:37:56.747  1732  3956 V NuPlayerDecoder:   int32_t index = 0
01-23 17:37:56.747  1732  3956 V NuPlayerDecoder:   size_t offset = 0
01-23 17:37:56.747  1732  3956 V NuPlayerDecoder:   size_t size = 4096
01-23 17:37:56.747  1732  3956 V NuPlayerDecoder:   int64_t timeUs = 3200000
01-23 17:37:56.747  1732  3956 V NuPlayerDecoder:   int32_t flags = 1
01-23 17:37:56.747  1732  3956 V NuPlayerDecoder: }
01-23 17:37:56.747  1732  3956 V NuPlayerDecoder: [audio] kWhatCodecNotify: cbID = 2, paused = 0
01-23 17:37:56.747  1732  3956 V NuPlayerDecoder: [OMX.Freescale.std.audio_decoder.aac.sw-based] onMessage: AMessage(what = 'cdcN', target = 60) = {
01-23 17:37:56.747  1732  3956 V NuPlayerDecoder:   int32_t callbackID = 1
01-23 17:37:56.747  1732  3956 V NuPlayerDecoder:   int32_t index = 1
01-23 17:37:56.747  1732  3956 V NuPlayerDecoder: }
01-23 17:37:56.747  1732  3956 V NuPlayerDecoder: [audio] kWhatCodecNotify: cbID = 1, paused = 0
01-23 17:37:56.748  1732  3953 V NuPlayerRenderer: onDrainAudioQueue: rendering audio at media time 3.20 secs
01-23 17:37:56.748  1732  3953 V NuPlayerRenderer: AudioSink write would block when writing 4096 bytes
01-23 17:37:56.748  1732  3957 V ACodec  : [OMX.Freescale.std.audio_decoder.aac.sw-based] calling emptyBuffer 2 w/ time 3648000 us
01-23 17:37:56.748  1732  3956 V NuPlayerDecoder: [OMX.Freescale.std.audio_decoder.aac.sw-based] onMessage: AMessage(what = 'cdcN', target = 60) = {
01-23 17:37:56.748  1732  3956 V NuPlayerDecoder:   int32_t callbackID = 2
01-23 17:37:56.748  1732  3956 V NuPlayerDecoder:   int32_t index = 1
01-23 17:37:56.748  1732  3956 V NuPlayerDecoder:   size_t offset = 0
01-23 17:37:56.748  1732  3956 V NuPlayerDecoder:   size_t size = 4096
01-23 17:37:56.748  1732  3956 V NuPlayerDecoder:   int64_t timeUs = 3221333
