01-23 17:52:28.634  1732  3273 V NuPlayerDecoder:   size_t size = 4096
01-23 17:52:28.634  1732  3273 V NuPlayerDecoder: }
01-23 17:52:28.634  1732  3274 V ACodec  : [OMX.Freescale.std.audio_decoder.aac.sw-based] calling fillBuffer 6
01-23 17:52:28.637  1732  3274 V ACodec  : [OMX.Freescale.std.audio_decoder.aac.sw-based] onOMXFillBufferDone 5 time 1621333 us, flags = 0x00000030
01-23 17:52:28.637  1732  3274 V ACodec  : [OMX.Freescale.std.audio_decoder.aac.sw-based] onOMXEmptyBufferDone 2
01-23 17:52:28.637  1732  3274 V ACodec  : [OMX.Freescale.std.audio_decoder.aac.sw-based] onOMXFillBufferDone 6 time 1642666 us, flags = 0x00000030
01-23 17:52:28.637  1732  3274 V MediaCodec: -- Looking at startdata. presentation 1621333, start 196454655375
01-23 17:52:28.637  1732  3274 V MediaCodec: -- match entry for 1621333, hits our frame of 1621333
01-23 17:52:28.637  1732  3274 V MediaCodec: -- Looking at startdata. presentation 1642666, start 196455920125
01-23 17:52:28.637  1732  3274 V MediaCodec: -- match entry for 1642666, hits our frame of 1642666
01-23 17:52:28.637  1732  3273 V NuPlayerDecoder: [OMX.Freescale.std.audio_decoder.aac.sw-based] onMessage: AMessage(what = 'cdcN', target = 6) = {
01-23 17:52:28.637  1732  3273 V NuPlayerDecoder:   int32_t callbackID = 2
01-23 17:52:28.637  1732  3273 V NuPlayerDecoder:   int32_t index = 1
01-23 17:52:28.637  1732  3273 V NuPlayerDecoder:   size_t offset = 0
01-23 17:52:28.637  1732  3273 V NuPlayerDecoder:   size_t size = 4096
01-23 17:52:28.637  1732  3273 V NuPlayerDecoder:   int64_t timeUs = 1621333
01-23 17:52:28.637  1732  3273 V NuPlayerDecoder:   int32_t flags = 1
01-23 17:52:28.637  1732  3273 V NuPlayerDecoder: }
01-23 17:52:28.637  1732  3273 V NuPlayerDecoder: [audio] kWhatCodecNotify: cbID = 2, paused = 0
01-23 17:52:28.637  1732  3273 V NuPlayerDecoder: [OMX.Freescale.std.audio_decoder.aac.sw-based] onMessage: AMessage(what = 'cdcN', target = 6) = {
01-23 17:52:28.637  1732  3273 V NuPlayerDecoder:   int32_t callbackID = 1
01-23 17:52:28.637  1732  3273 V NuPlayerDecoder:   int32_t index = 1
01-23 17:52:28.637  1732  3273 V NuPlayerDecoder: }
01-23 17:52:28.637  1732  3273 V NuPlayerDecoder: [audio] kWhatCodecNotify: cbID = 1, paused = 0
01-23 17:52:28.638  1732  3274 V ACodec  : [OMX.Freescale.std.audio_decoder.aac.sw-based] calling emptyBuffer 2 w/ time 2048000 us
01-23 17:52:28.638  1732  3273 V NuPlayerDecoder: [OMX.Freescale.std.audio_decoder.aac.sw-based] onMessage: AMessage(what = 'cdcN', target = 6) = {
01-23 17:52:28.638  1732  3273 V NuPlayerDecoder:   int32_t callbackID = 2
01-23 17:52:28.638  1732  3273 V NuPlayerDecoder:   int32_t index = 2
01-23 17:52:28.638  1732  3273 V NuPlayerDecoder:   size_t offset = 0
01-23 17:52:28.638  1732  3273 V NuPlayerDecoder:   size_t size = 4096
01-23 17:52:28.638  1732  3273 V NuPlayerDecoder:   int64_t timeUs = 1642666
01-23 17:52:28.638  1732  3273 V NuPlayerDecoder:   int32_t flags = 1
01-23 17:52:28.638  1732  3273 V NuPlayerDecoder: }
01-23 17:52:28.638  1732  3273 V NuPlayerDecoder: [audio] kWhatCodecNotify: cbID = 2, paused = 0
01-23 17:52:28.884  1732  3270 V NuPlayerRenderer: onDrainAudioQueue: rendering audio at media time 1.60 secs
01-23 17:52:28.884  1732  3270 V NuPlayerRenderer: onDrainAudioQueue: rendering audio at media time 1.62 secs
01-23 17:52:28.884  1732  3270 V AudioSink: getPlayedOutDurationUs(1284380) nowUs(196980687) frames(61440) framesAt(196976307)
01-23 17:52:28.884  1732  3273 V NuPlayerDecoder: [OMX.Freescale.std.audio_decoder.aac.sw-based] onMessage: AMessage(what = 'rndr', target = 6) = {
01-23 17:52:28.884  1732  3273 V NuPlayerDecoder:   size_t buffer-ix = 0
01-23 17:52:28.884  1732  3273 V NuPlayerDecoder:   int32_t generation = 1
01-23 17:52:28.884  1732  3273 V NuPlayerDecoder:   size_t size = 4096
01-23 17:52:28.884  1732  3273 V NuPlayerDecoder: }
01-23 17:52:28.885  1732  3270 V NuPlayerRenderer: onDrainAudioQueue: rendering audio at media time 1.64 secs
01-23 17:52:28.885  1732  3274 V ACodec  : [OMX.Freescale.std.audio_decoder.aac.sw-based] calling fillBuffer 4
01-23 17:52:28.885  1732  3273 V NuPlayerDecoder: [OMX.Freescale.std.audio_decoder.aac.sw-based] onMessage: AMessage(what = 'rndr', target = 6) = {
01-23 17:52:28.885  1732  3273 V NuPlayerDecoder:   size_t buffer-ix = 1
01-23 17:52:28.885  1732  3273 V NuPlayerDecoder:   int32_t generation = 1
01-23 17:52:28.885  1732  3273 V NuPlayerDecoder:   size_t size = 4096
01-23 17:52:28.885  1732  3273 V NuPlayerDecoder: }
01-23 17:52:28.885  1732  3274 V ACodec  : [OMX.Freescale.std.audio_decoder.aac.sw-based] calling fillBuffer 5
01-23 17:52:28.885  1732  3273 V NuPlayerDecoder: [OMX.Freescale.std.audio_decoder.aac.sw-based] onMessage: AMessage(what = 'rndr', target = 6) = {
01-23 17:52:28.885  1732  3273 V NuPlayerDecoder:   size_t buffer-ix = 2
01-23 17:52:28.885  1732  3273 V NuPlayerDecoder:   int32_t generation = 1
01-23 17:52:28.885  1732  3273 V NuPlayerDecoder:   size_t size = 4096
01-23 17:52:28.885  1732  3273 V NuPlayerDecoder: }
01-23 17:52:28.886  1732  3274 V ACodec  : [OMX.Freescale.std.audio_decoder.aac.sw-based] calling fillBuffer 6
01-23 17:52:28.888  1732  3274 V ACodec  : [OMX.Freescale.std.audio_decoder.aac.sw-based] onOMXEmptyBufferDone 3
01-23 17:52:28.888  1732  3274 V ACodec  : [OMX.Freescale.std.audio_decoder.aac.sw-based] onOMXFillBufferDone 4 time 1664000 us, flags = 0x00000030
01-23 17:52:28.888  1732  3274 V ACodec  : [OMX.Freescale.std.audio_decoder.aac.sw-based] onOMXEmptyBufferDone 1
01-23 17:52:28.888  1732  3274 V ACodec  : [OMX.Freescale.std.audio_decoder.aac.sw-based] onOMXFillBufferDone 5 time 1685333 us, flags = 0x00000030
01-23 17:52:28.888  1732  3274 V ACodec  : [OMX.Freescale.std.audio_decoder.aac.sw-based] onOMXEmptyBufferDone 2
01-23 17:52:28.888  1732  3274 V ACodec  : [OMX.Freescale.std.audio_decoder.aac.sw-based] onOMXFillBufferDone 6 time 1706666 us, flags = 0x00000030
01-23 17:52:28.888  1732  3274 V MediaCodec: -- Looking at startdata. presentation 1664000, start 196457039375
01-23 17:52:28.888  1732  3273 V NuPlayerDecoder: [OMX.Freescale.std.audio_decoder.aac.sw-based] onMessage: AMessage(what = 'cdcN', target = 6) = {
01-23 17:52:28.888  1732  3273 V NuPlayerDecoder:   int32_t callbackID = 1
01-23 17:52:28.888  1732  3273 V NuPlayerDecoder:   int32_t index = 2
01-23 17:52:28.888  1732  3273 V NuPlayerDecoder: }
01-23 17:52:28.888  1732  3274 V MediaCodec: -- match entry for 1664000, hits our frame of 1664000
01-23 17:52:28.888  1732  3273 V NuPlayerDecoder: [audio] kWhatCodecNotify: cbID = 1, paused = 0
01-23 17:52:28.888  1732  3274 V MediaCodec: -- Looking at startdata. presentation 1685333, start 196458293625
01-23 17:52:28.888  1732  3274 V MediaCodec: -- match entry for 1685333, hits our frame of 1685333
01-23 17:52:28.889  1732  3274 V MediaCodec: -- Looking at startdata. presentation 1706666, start 196459563625
01-23 17:52:28.889  1732  3274 V MediaCodec: -- match entry for 1706666, hits our frame of 1706666
01-23 17:52:28.889  1732  3274 V ACodec  : [OMX.Freescale.std.audio_decoder.aac.sw-based] calling emptyBuffer 3 w/ time 2069333 us
01-23 17:52:28.889  1732  3273 V NuPlayerDecoder: [OMX.Freescale.std.audio_decoder.aac.sw-based] onMessage: AMessage(what = 'cdcN', target = 6) = {
01-23 17:52:28.889  1732  3273 V NuPlayerDecoder:   int32_t callbackID = 2
01-23 17:52:28.889  1732  3273 V NuPlayerDecoder:   int32_t index = 0
01-23 17:52:28.889  1732  3273 V NuPlayerDecoder:   size_t offset = 0
01-23 17:52:28.889  1732  3273 V NuPlayerDecoder:   size_t size = 4096
01-23 17:52:28.889  1732  3273 V NuPlayerDecoder:   int64_t timeUs = 1664000
01-23 17:52:28.889  1732  3273 V NuPlayerDecoder:   int32_t flags = 1
01-23 17:52:28.889  1732  3273 V NuPlayerDecoder: }
01-23 17:52:28.889  1732  3273 V NuPlayerDecoder: [audio] kWhatCodecNotify: cbID = 2, paused = 0
01-23 17:52:28.889  1732  3273 V NuPlayerDecoder: [OMX.Freescale.std.audio_decoder.aac.sw-based] onMessage: AMessage(what = 'cdcN', target = 6) = {
01-23 17:52:28.889  1732  3273 V NuPlayerDecoder:   int32_t callbackID = 1
01-23 17:52:28.889  1732  3273 V NuPlayerDecoder:   int32_t index = 0
01-23 17:52:28.889  1732  3273 V NuPlayerDecoder: }
01-23 17:52:28.889  1732  3273 V NuPlayerDecoder: [audio] kWhatCodecNotify: cbID = 1, paused = 0
01-23 17:52:28.889  1732  3274 V ACodec  : [OMX.Freescale.std.audio_decoder.aac.sw-based] calling emptyBuffer 1 w/ time 2090666 us
01-23 17:52:28.889  1732  1732 V MediaPlayerService: [1] isPlaying: 1
01-23 17:52:28.889  1732  3270 V NuPlayerRenderer: onDrainAudioQueue: rendering audio at media time 1.66 secs
01-23 17:52:28.889  1732  3273 V NuPlayerDecoder: [OMX.Freescale.std.audio_decoder.aac.sw-based] onMessage: AMessage(what = 'cdcN', target = 6) = {
01-23 17:52:28.889  1732  3273 V NuPlayerDecoder:   int32_t callbackID = 2
01-23 17:52:28.889  1732  3273 V NuPlayerDecoder:   int32_t index = 1
01-23 17:52:28.889  1732  3273 V NuPlayerDecoder:   size_t offset = 0
01-23 17:52:28.889  1732  3273 V NuPlayerDecoder:   size_t size = 4096
01-23 17:52:28.889  1732  3273 V NuPlayerDecoder:   int64_t timeUs = 1685333
01-23 17:52:28.889  1732  3273 V NuPlayerDecoder:   int32_t flags = 1
01-23 17:52:28.889  1732  3273 V NuPlayerDecoder: }
01-23 17:52:28.889  1732  3273 V NuPlayerDecoder: [audio] kWhatCodecNotify: cbID = 2, paused = 0
01-23 17:52:28.889  1732  3273 V NuPlayerDecoder: [OMX.Freescale.std.audio_decoder.aac.sw-based] onMessage: AMessage(what = 'cdcN', target = 6) = {
01-23 17:52:28.889  1732  3273 V NuPlayerDecoder:   int32_t callbackID = 1
01-23 17:52:28.889  1732  3273 V NuPlayerDecoder:   int32_t index = 1
01-23 17:52:28.889  1732  3273 V NuPlayerDecoder: }
01-23 17:52:28.889  3233  3233 V MediaPlayerNative: isPlaying: 1
01-23 17:52:28.889  1732  3273 V NuPlayerDecoder: [audio] kWhatCodecNotify: cbID = 1, paused = 0
01-23 17:52:28.890  3233  3233 V MediaPlayerNative: getCurrentPosition
01-23 17:52:28.890  1732  3274 V ACodec  : [OMX.Freescale.std.audio_decoder.aac.sw-based] calling emptyBuffer 2 w/ time 2112000 us
01-23 17:52:28.890  1732  3035 V MediaPlayerService: getCurrentPosition
01-23 17:52:28.890  1732  3035 V MediaPlayerService: [1] getCurrentPosition = 1290
01-23 17:52:28.890  1732  3273 V NuPlayerDecoder: [OMX.Freescale.std.audio_decoder.aac.sw-based] onMessage: AMessage(what = 'cdcN', target = 6) = {
01-23 17:52:28.890  1732  3273 V NuPlayerDecoder:   int32_t callbackID = 2
01-23 17:52:28.890  1732  3273 V NuPlayerDecoder:   int32_t index = 2
01-23 17:52:28.890  1732  3273 V NuPlayerDecoder:   size_t offset = 0
01-23 17:52:28.890  1732  3273 V NuPlayerDecoder:   size_t size = 4096
01-23 17:52:28.890  1732  3273 V NuPlayerDecoder:   int64_t timeUs = 1706666
01-23 17:52:28.890  1732  3273 V NuPlayerDecoder:   int32_t flags = 1
01-23 17:52:28.890  1732  3273 V NuPlayerDecoder: }
01-23 17:52:28.890  1732  3273 V NuPlayerDecoder: [audio] kWhatCodecNotify: cbID = 2, paused = 0
01-23 17:52:28.890  1732  3270 V NuPlayerRenderer: onDrainAudioQueue: rendering audio at media time 1.69 secs
01-23 17:52:28.890  1732  3273 V NuPlayerDecoder: [OMX.Freescale.std.audio_decoder.aac.sw-based] onMessage: AMessage(what = 'rndr', target = 6) = {
01-23 17:52:28.890  1732  3273 V NuPlayerDecoder:   size_t buffer-ix = 0
01-23 17:52:28.890  1732  3273 V NuPlayerDecoder:   int32_t generation = 1
01-23 17:52:28.890  1732  3273 V NuPlayerDecoder:   size_t size = 4096
01-23 17:52:28.890  1732  3273 V NuPlayerDecoder: }
01-23 17:52:28.890  1732  3270 V NuPlayerRenderer: onDrainAudioQueue: rendering audio at media time 1.71 secs
01-23 17:52:28.890  1732  3274 V ACodec  : [OMX.Freescale.std.audio_decoder.aac.sw-based] calling fillBuffer 4
01-23 17:52:28.890  1732  3273 V NuPlayerDecoder: [OMX.Freescale.std.audio_decoder.aac.sw-based] onMessage: AMessage(what = 'rndr', target = 6) = {
01-23 17:52:28.890  1732  3273 V NuPlayerDecoder:   size_t buffer-ix = 1
01-23 17:52:28.890  1732  3273 V NuPlayerDecoder:   int32_t generation = 1
01-23 17:52:28.890  1732  3273 V NuPlayerDecoder:   size_t size = 4096
01-23 17:52:28.890  1732  3273 V NuPlayerDecoder: }
01-23 17:52:28.890  1732  3274 V ACodec  : [OMX.Freescale.std.audio_decoder.aac.sw-based] calling fillBuffer 5
01-23 17:52:28.890  1732  3273 V NuPlayerDecoder: [OMX.Freescale.std.audio_decoder.aac.sw-based] onMessage: AMessage(what = 'rndr', target = 6) = {
01-23 17:52:28.890  1732  3273 V NuPlayerDecoder:   size_t buffer-ix = 2
01-23 17:52:28.890  1732  3273 V NuPlayerDecoder:   int32_t generation = 1
01-23 17:52:28.890  1732  3273 V NuPlayerDecoder:   size_t size = 4096
01-23 17:52:28.890  1732  3273 V NuPlayerDecoder: }
01-23 17:52:28.891  1732  3274 V ACodec  : [OMX.Freescale.std.audio_decoder.aac.sw-based] onOMXEmptyBufferDone 3
01-23 17:52:28.891  1732  3274 V ACodec  : [OMX.Freescale.std.audio_decoder.aac.sw-based] calling fillBuffer 6
01-23 17:52:28.891  1732  3273 V NuPlayerDecoder: [OMX.Freescale.std.audio_decoder.aac.sw-based] onMessage: AMessage(what = 'cdcN', target = 6) = {
01-23 17:52:28.891  1732  3273 V NuPlayerDecoder:   int32_t callbackID = 1
01-23 17:52:28.891  1732  3273 V NuPlayerDecoder:   int32_t index = 2
01-23 17:52:28.891  1732  3273 V NuPlayerDecoder: }
01-23 17:52:28.892  1732  3273 V NuPlayerDecoder: [audio] kWhatCodecNotify: cbID = 1, paused = 0
01-23 17:52:28.892  1732  3274 V ACodec  : [OMX.Freescale.std.audio_decoder.aac.sw-based] calling emptyBuffer 3 w/ time 2133333 us
01-23 17:52:28.892  1732  3274 V ACodec  : [OMX.Freescale.std.audio_decoder.aac.sw-based] onOMXFillBufferDone 4 time 1728000 us, flags = 0x00000030
01-23 17:52:28.892  1732  3274 V ACodec  : [OMX.Freescale.std.audio_decoder.aac.sw-based] onOMXEmptyBufferDone 1
01-23 17:52:28.892  1732  3274 V MediaCodec: -- Looking at startdata. presentation 1728000, start 196460957375
01-23 17:52:28.893  1732  3274 V MediaCodec: -- match entry for 1728000, hits our frame of 1728000
01-23 17:52:28.893  1732  3273 V NuPlayerDecoder: [OMX.Freescale.std.audio_decoder.aac.sw-based] onMessage: AMessage(what = 'cdcN', target = 6) = {
01-23 17:52:28.893  1732  3273 V NuPlayerDecoder:   int32_t callbackID = 2
01-23 17:52:28.893  1732  3273 V NuPlayerDecoder:   int32_t index = 0
01-23 17:52:28.893  1732  3273 V NuPlayerDecoder:   size_t offset = 0
01-23 17:52:28.893  1732  3273 V NuPlayerDecoder:   size_t size = 4096
01-23 17:52:28.893  1732  3273 V NuPlayerDecoder:   int64_t timeUs = 1728000
01-23 17:52:28.893  1732  3273 V NuPlayerDecoder:   int32_t flags = 1
01-23 17:52:28.893  1732  3273 V NuPlayerDecoder: }
01-23 17:52:28.893  1732  3273 V NuPlayerDecoder: [audio] kWhatCodecNotify: cbID = 2, paused = 0
01-23 17:52:28.893  1732  3273 V NuPlayerDecoder: [OMX.Freescale.std.audio_decoder.aac.sw-based] onMessage: AMessage(what = 'cdcN', target = 6) = {
01-23 17:52:28.893  1732  3273 V NuPlayerDecoder:   int32_t callbackID = 1
01-23 17:52:28.893  1732  3273 V NuPlayerDecoder:   int32_t index = 0
01-23 17:52:28.893  1732  3273 V NuPlayerDecoder: }
01-23 17:52:28.893  1732  3270 V NuPlayerRenderer: onDrainAudioQueue: rendering audio at media time 1.73 secs
01-23 17:52:28.893  1732  3273 V NuPlayerDecoder: [audio] kWhatCodecNotify: cbID = 1, paused = 0
01-23 17:52:28.893  1732  3274 V ACodec  : [OMX.Freescale.std.audio_decoder.aac.sw-based] onOMXFillBufferDone 5 time 1749333 us, flags = 0x00000030
01-23 17:52:28.893  1732  3273 V NuPlayerDecoder: [OMX.Freescale.std.audio_decoder.aac.sw-based] onMessage: AMessage(what = 'rndr', target = 6) = {
01-23 17:52:28.893  1732  3273 V NuPlayerDecoder:   size_t buffer-ix = 0
01-23 17:52:28.893  1732  3273 V NuPlayerDecoder:   int32_t generation = 1
01-23 17:52:28.893  1732  3273 V NuPlayerDecoder:   size_t size = 4096
01-23 17:52:28.893  1732  3273 V NuPlayerDecoder: }
01-23 17:52:28.893  1732  3274 V ACodec  : [OMX.Freescale.std.audio_decoder.aac.sw-based] calling emptyBuffer 1 w/ time 2154666 us
01-23 17:52:28.893  1732  3274 V MediaCodec: -- Looking at startdata. presentation 1749333, start 196462110625
01-23 17:52:28.894  1732  3274 V MediaCodec: -- match entry for 1749333, hits our frame of 1749333
01-23 17:52:28.894  1732  3274 V ACodec  : [OMX.Freescale.std.audio_decoder.aac.sw-based] onOMXEmptyBufferDone 2
01-23 17:52:28.894  1732  3274 V ACodec  : [OMX.Freescale.std.audio_decoder.aac.sw-based] onOMXFillBufferDone 6 time 1770666 us, flags = 0x00000030
01-23 17:52:28.894  1732  3273 V NuPlayerDecoder: [OMX.Freescale.std.audio_decoder.aac.sw-based] onMessage: AMessage(what = 'cdcN', target = 6) = {
01-23 17:52:28.894  1732  3273 V NuPlayerDecoder:   int32_t callbackID = 2
01-23 17:52:28.894  1732  3273 V NuPlayerDecoder:   int32_t index = 1
01-23 17:52:28.894  1732  3273 V NuPlayerDecoder:   size_t offset = 0
01-23 17:52:28.894  1732  3273 V NuPlayerDecoder:   size_t size = 4096
01-23 17:52:28.894  1732  3273 V NuPlayerDecoder:   int64_t timeUs = 1749333
01-23 17:52:28.894  1732  3273 V NuPlayerDecoder:   int32_t flags = 1
01-23 17:52:28.894  1732  3273 V NuPlayerDecoder: }
01-23 17:52:28.894  1732  3274 V ACodec  : [OMX.Freescale.std.audio_decoder.aac.sw-based] onOMXEmptyBufferDone 3
01-23 17:52:28.894  1732  3273 V NuPlayerDecoder: [audio] kWhatCodecNotify: cbID = 2, paused = 0
01-23 17:52:28.894  1732  3274 V ACodec  : [OMX.Freescale.std.audio_decoder.aac.sw-based] onOMXEmptyBufferDone 1
01-23 17:52:28.894  1732  3274 V ACodec  : [OMX.Freescale.std.audio_decoder.aac.sw-based] calling fillBuffer 4
01-23 17:52:28.894  1732  3270 V NuPlayerRenderer: onDrainAudioQueue: rendering audio at media time 1.75 secs
01-23 17:52:28.894  1732  3273 V NuPlayerDecoder: [OMX.Freescale.std.audio_decoder.aac.sw-based] onMessage: AMessage(what = 'rndr', target = 6) = {
01-23 17:52:28.894  1732  3273 V NuPlayerDecoder:   size_t buffer-ix = 1
01-23 17:52:28.894  1732  3273 V NuPlayerDecoder:   int32_t generation = 1
01-23 17:52:28.894  1732  3273 V NuPlayerDecoder:   size_t size = 4096
01-23 17:52:28.894  1732  3273 V NuPlayerDecoder: }
01-23 17:52:28.894  1732  3274 V MediaCodec: -- Looking at startdata. presentation 1770666, start 196463201875
01-23 17:52:28.894  1732  3274 V MediaCodec: -- match entry for 1770666, hits our frame of 1770666
01-23 17:52:28.894  1732  3274 V ACodec  : [OMX.Freescale.std.audio_decoder.aac.sw-based] calling fillBuffer 5
01-23 17:52:28.894  1732  3273 V NuPlayerDecoder: [OMX.Freescale.std.audio_decoder.aac.sw-based] onMessage: AMessage(what = 'cdcN', target = 6) = {
01-23 17:52:28.894  1732  3273 V NuPlayerDecoder:   int32_t callbackID = 1
01-23 17:52:28.894  1732  3273 V NuPlayerDecoder:   int32_t index = 1
01-23 17:52:28.894  1732  3273 V NuPlayerDecoder: }
01-23 17:52:28.895  1732  3273 V NuPlayerDecoder: [audio] kWhatCodecNotify: cbID = 1, paused = 0
01-23 17:52:28.895  1732  3274 V ACodec  : [OMX.Freescale.std.audio_decoder.aac.sw-based] onOMXFillBufferDone 4 time 1792000 us, flags = 0x00000030
01-23 17:52:28.895  1732  3274 V ACodec  : [OMX.Freescale.std.audio_decoder.aac.sw-based] calling emptyBuffer 2 w/ time 2176000 us
01-23 17:52:28.895  1732  3273 V NuPlayerDecoder: [OMX.Freescale.std.audio_decoder.aac.sw-based] onMessage: AMessage(what = 'cdcN', target = 6) = {
01-23 17:52:28.895  1732  3273 V NuPlayerDecoder:   int32_t callbackID = 2
01-23 17:52:28.895  1732  3273 V NuPlayerDecoder:   int32_t index = 2
01-23 17:52:28.895  1732  3273 V NuPlayerDecoder:   size_t offset = 0
01-23 17:52:28.895  1732  3273 V NuPlayerDecoder:   size_t size = 4096
01-23 17:52:28.895  1732  3273 V NuPlayerDecoder:   int64_t timeUs = 1770666
01-23 17:52:28.895  1732  3273 V NuPlayerDecoder:   int32_t flags = 1
01-23 17:52:28.895  1732  3273 V NuPlayerDecoder: }
01-23 17:52:28.895  1732  3273 V NuPlayerDecoder: [audio] kWhatCodecNotify: cbID = 2, paused = 0
01-23 17:52:28.895  1732  3273 V NuPlayerDecoder: [OMX.Freescale.std.audio_decoder.aac.sw-based] onMessage: AMessage(what = 'cdcN', target = 6) = {
01-23 17:52:28.895  1732  3273 V NuPlayerDecoder:   int32_t callbackID = 1
01-23 17:52:28.895  1732  3273 V NuPlayerDecoder:   int32_t index = 2
01-23 17:52:28.895  1732  3273 V NuPlayerDecoder: }
01-23 17:52:28.895  1732  3273 V NuPlayerDecoder: [audio] kWhatCodecNotify: cbID = 1, paused = 0
01-23 17:52:28.895  1732  3270 V NuPlayerRenderer: onDrainAudioQueue: rendering audio at media time 1.77 secs
01-23 17:52:28.895  1732  3274 V MediaCodec: -- Looking at startdata. presentation 1792000, start 196463785000
01-23 17:52:28.895  1732  3274 V MediaCodec: -- match entry for 1792000, hits our frame of 1792000
01-23 17:52:28.895  1732  3274 V ACodec  : [OMX.Freescale.std.audio_decoder.aac.sw-based] calling emptyBuffer 3 w/ time 2197333 us
01-23 17:52:28.895  1732  3273 V NuPlayerDecoder: [OMX.Freescale.std.audio_decoder.aac.sw-based] onMessage: AMessage(what = 'cdcN', target = 6) = {
01-23 17:52:28.895  1732  3273 V NuPlayerDecoder:   int32_t callbackID = 1
01-23 17:52:28.895  1732  3273 V NuPlayerDecoder:   int32_t index = 0
01-23 17:52:28.895  1732  3273 V NuPlayerDecoder: }
01-23 17:52:28.895  1732  3273 V NuPlayerDecoder: [audio] kWhatCodecNotify: cbID = 1, paused = 0
01-23 17:52:28.896  1732  3274 V ACodec  : [OMX.Freescale.std.audio_decoder.aac.sw-based] onOMXFillBufferDone 5 time 1813333 us, flags = 0x00000030
01-23 17:52:28.896  1732  3274 V MediaCodec: -- Looking at startdata. presentation 1813333, start 196716389000
01-23 17:52:28.896  1732  3274 V MediaCodec: -- match entry for 1813333, hits our frame of 1813333
01-23 17:52:28.896  1732  3273 V NuPlayerDecoder: [OMX.Freescale.std.audio_decoder.aac.sw-based] onMessage: AMessage(what = 'rndr', target = 6) = {
01-23 17:52:28.896  1732  3273 V NuPlayerDecoder:   size_t buffer-ix = 2
01-23 17:52:28.896  1732  3273 V NuPlayerDecoder:   int32_t generation = 1
01-23 17:52:28.896  1732  3273 V NuPlayerDecoder:   size_t size = 4096
01-23 17:52:28.896  1732  3273 V NuPlayerDecoder: }
01-23 17:52:28.896  1732  3274 V ACodec  : [OMX.Freescale.std.audio_decoder.aac.sw-based] calling emptyBuffer 1 w/ time 2218666 us
01-23 17:52:28.897  1732  3274 V ACodec  : [OMX.Freescale.std.audio_decoder.aac.sw-based] onOMXEmptyBufferDone 2
01-23 17:52:28.897  1732  3274 V ACodec  : [OMX.Freescale.std.audio_decoder.aac.sw-based] onOMXEmptyBufferDone 3
01-23 17:52:28.897  1732  3274 V ACodec  : [OMX.Freescale.std.audio_decoder.aac.sw-based] calling fillBuffer 6
01-23 17:52:28.897  1732  3273 V NuPlayerDecoder: [OMX.Freescale.std.audio_decoder.aac.sw-based] onMessage: AMessage(what = 'cdcN', target = 6) = {
01-23 17:52:28.897  1732  3273 V NuPlayerDecoder:   int32_t callbackID = 2
01-23 17:52:28.897  1732  3273 V NuPlayerDecoder:   int32_t index = 0
01-23 17:52:28.897  1732  3273 V NuPlayerDecoder:   size_t offset = 0
01-23 17:52:28.897  1732  3273 V NuPlayerDecoder:   size_t size = 4096
01-23 17:52:28.897  1732  3273 V NuPlayerDecoder:   int64_t timeUs = 1792000
01-23 17:52:28.897  1732  3273 V NuPlayerDecoder:   int32_t flags = 1
01-23 17:52:28.897  1732  3273 V NuPlayerDecoder: }
01-23 17:52:28.897  1732  3273 V NuPlayerDecoder: [audio] kWhatCodecNotify: cbID = 2, paused = 0
01-23 17:52:28.897  1732  3270 V NuPlayerRenderer: onDrainAudioQueue: rendering audio at media time 1.79 secs
01-23 17:52:28.897  1732  3273 V NuPlayerDecoder: [OMX.Freescale.std.audio_decoder.aac.sw-based] onMessage: AMessage(what = 'cdcN', target = 6) = {
01-23 17:52:28.897  1732  3273 V NuPlayerDecoder:   int32_t callbackID = 2
01-23 17:52:28.897  1732  3273 V NuPlayerDecoder:   int32_t index = 1
01-23 17:52:28.897  1732  3273 V NuPlayerDecoder:   size_t offset = 0
01-23 17:52:28.897  1732  3273 V NuPlayerDecoder:   size_t size = 4096
01-23 17:52:28.897  1732  3273 V NuPlayerDecoder:   int64_t timeUs = 1813333
01-23 17:52:28.897  1732  3273 V NuPlayerDecoder:   int32_t flags = 1
01-23 17:52:28.897  1732  3273 V NuPlayerDecoder: }
01-23 17:52:28.897  1732  3273 V NuPlayerDecoder: [audio] kWhatCodecNotify: cbID = 2, paused = 0
01-23 17:52:28.897  1732  3270 V NuPlayerRenderer: onDrainAudioQueue: rendering audio at media time 1.81 secs
01-23 17:52:28.897  1732  3273 V NuPlayerDecoder: [OMX.Freescale.std.audio_decoder.aac.sw-based] onMessage: AMessage(what = 'cdcN', target = 6) = {
01-23 17:52:28.897  1732  3273 V NuPlayerDecoder:   int32_t callbackID = 1
01-23 17:52:28.897  1732  3273 V NuPlayerDecoder:   int32_t index = 1
01-23 17:52:28.897  1732  3273 V NuPlayerDecoder: }
01-23 17:52:28.897  1732  3273 V NuPlayerDecoder: [audio] kWhatCodecNotify: cbID = 1, paused = 0
01-23 17:52:28.898  1732  3274 V ACodec  : [OMX.Freescale.std.audio_decoder.aac.sw-based] calling emptyBuffer 2 w/ time 2240000 us
01-23 17:52:28.898  1732  3273 V NuPlayerDecoder: [OMX.Freescale.std.audio_decoder.aac.sw-based] onMessage: AMessage(what = 'cdcN', target = 6) = {
01-23 17:52:28.898  1732  3273 V NuPlayerDecoder:   int32_t callbackID = 1
01-23 17:52:28.898  1732  3273 V NuPlayerDecoder:   int32_t index = 2
01-23 17:52:28.898  1732  3273 V NuPlayerDecoder: }
01-23 17:52:28.898  1732  3273 V NuPlayerDecoder: [audio] kWhatCodecNotify: cbID = 1, paused = 0
01-23 17:52:28.898  1732  3274 V ACodec  : [OMX.Freescale.std.audio_decoder.aac.sw-based] calling emptyBuffer 3 w/ time 2261333 us
01-23 17:52:28.898  1732  3273 V NuPlayerDecoder: [OMX.Freescale.std.audio_decoder.aac.sw-based] onMessage: AMessage(what = 'rndr', target = 6) = {
01-23 17:52:28.898  1732  3273 V NuPlayerDecoder:   size_t buffer-ix = 0
01-23 17:52:28.898  1732  3273 V NuPlayerDecoder:   int32_t generation = 1
01-23 17:52:28.898  1732  3273 V NuPlayerDecoder:   size_t size = 4096
01-23 17:52:28.898  1732  3273 V NuPlayerDecoder: }
01-23 17:52:28.898  1732  3274 V ACodec  : [OMX.Freescale.std.audio_decoder.aac.sw-based] onOMXFillBufferDone 6 time 1834666 us, flags = 0x00000030
01-23 17:52:28.898  1732  3273 V NuPlayerDecoder: [OMX.Freescale.std.audio_decoder.aac.sw-based] onMessage: AMessage(what = 'rndr', target = 6) = {
01-23 17:52:28.898  1732  3273 V NuPlayerDecoder:   size_t buffer-ix = 1
01-23 17:52:28.898  1732  3273 V NuPlayerDecoder:   int32_t generation = 1
01-23 17:52:28.898  1732  3273 V NuPlayerDecoder:   size_t size = 4096
01-23 17:52:28.898  1732  3273 V NuPlayerDecoder: }
01-23 17:52:28.898  1732  3274 V ACodec  : [OMX.Freescale.std.audio_decoder.aac.sw-based] calling fillBuffer 4
01-23 17:52:28.899  1732  3274 V MediaCodec: -- Looking at startdata. presentation 1834666, start 196716991875
01-23 17:52:28.899  1732  3274 V MediaCodec: -- match entry for 1834666, hits our frame of 1834666
01-23 17:52:28.899  1732  3274 V ACodec  : [OMX.Freescale.std.audio_decoder.aac.sw-based] calling fillBuffer 5
01-23 17:52:28.899  1732  3273 V NuPlayerDecoder: [OMX.Freescale.std.audio_decoder.aac.sw-based] onMessage: AMessage(what = 'cdcN', target = 6) = {
01-23 17:52:28.899  1732  3273 V NuPlayerDecoder:   int32_t callbackID = 2
01-23 17:52:28.899  1732  3273 V NuPlayerDecoder:   int32_t index = 2
01-23 17:52:28.899  1732  3273 V NuPlayerDecoder:   size_t offset = 0
01-23 17:52:28.899  1732  3273 V NuPlayerDecoder:   size_t size = 4096
01-23 17:52:28.899  1732  3273 V NuPlayerDecoder:   int64_t timeUs = 1834666
01-23 17:52:28.899  1732  3273 V NuPlayerDecoder:   int32_t flags = 1
01-23 17:52:28.899  1732  3273 V NuPlayerDecoder: }
01-23 17:52:28.899  1732  3273 V NuPlayerDecoder: [audio] kWhatCodecNotify: cbID = 2, paused = 0
01-23 17:52:28.899  1732  3274 V ACodec  : [OMX.Freescale.std.audio_decoder.aac.sw-based] onOMXEmptyBufferDone 1
01-23 17:52:28.899  1732  3270 V NuPlayerRenderer: onDrainAudioQueue: rendering audio at media time 1.83 secs
01-23 17:52:28.899  1732  3273 V NuPlayerDecoder: [OMX.Freescale.std.audio_decoder.aac.sw-based] onMessage: AMessage(what = 'cdcN', target = 6) = {
01-23 17:52:28.899  1732  3273 V NuPlayerDecoder:   int32_t callbackID = 1
01-23 17:52:28.899  1732  3273 V NuPlayerDecoder:   int32_t index = 0
01-23 17:52:28.899  1732  3273 V NuPlayerDecoder: }
01-23 17:52:28.899  1732  3273 V NuPlayerDecoder: [audio] kWhatCodecNotify: cbID = 1, paused = 0
01-23 17:52:28.899  1732  3274 V ACodec  : [OMX.Freescale.std.audio_decoder.aac.sw-based] calling emptyBuffer 1 w/ time 2282666 us
01-23 17:52:28.899  1732  3273 V NuPlayerDecoder: [OMX.Freescale.std.audio_decoder.aac.sw-based] onMessage: AMessage(what = 'rndr', target = 6) = {
01-23 17:52:28.899  1732  3273 V NuPlayerDecoder:   size_t buffer-ix = 2
01-23 17:52:28.899  1732  3273 V NuPlayerDecoder:   int32_t generation = 1
01-23 17:52:28.899  1732  3273 V NuPlayerDecoder:   size_t size = 4096
01-23 17:52:28.899  1732  3273 V NuPlayerDecoder: }
01-23 17:52:28.900  1732  3274 V ACodec  : [OMX.Freescale.std.audio_decoder.aac.sw-based] onOMXFillBufferDone 4 time 1856000 us, flags = 0x00000030
01-23 17:52:28.900  1732  3274 V ACodec  : [OMX.Freescale.std.audio_decoder.aac.sw-based] onOMXEmptyBufferDone 2
01-23 17:52:28.900  1732  3274 V MediaCodec: -- Looking at startdata. presentation 1856000, start 196717563250
01-23 17:52:28.900  1732  3274 V MediaCodec: -- match entry for 1856000, hits our frame of 1856000
01-23 17:52:28.900  1732  3274 V ACodec  : [OMX.Freescale.std.audio_decoder.aac.sw-based] calling fillBuffer 6
01-23 17:52:28.900  1732  3273 V NuPlayerDecoder: [OMX.Freescale.std.audio_decoder.aac.sw-based] onMessage: AMessage(what = 'cdcN', target = 6) = {
01-23 17:52:28.900  1732  3273 V NuPlayerDecoder:   int32_t callbackID = 2
01-23 17:52:28.900  1732  3273 V NuPlayerDecoder:   int32_t index = 0
01-23 17:52:28.900  1732  3273 V NuPlayerDecoder:   size_t offset = 0
01-23 17:52:28.900  1732  3273 V NuPlayerDecoder:   size_t size = 4096
01-23 17:52:28.900  1732  3273 V NuPlayerDecoder:   int64_t timeUs = 1856000
01-23 17:52:28.900  1732  3273 V NuPlayerDecoder:   int32_t flags = 1
01-23 17:52:28.900  1732  3273 V NuPlayerDecoder: }
01-23 17:52:28.900  1732  3273 V NuPlayerDecoder: [audio] kWhatCodecNotify: cbID = 2, paused = 0
01-23 17:52:28.900  1732  3273 V NuPlayerDecoder: [OMX.Freescale.std.audio_decoder.aac.sw-based] onMessage: AMessage(what = 'cdcN', target = 6) = {
01-23 17:52:28.900  1732  3273 V NuPlayerDecoder:   int32_t callbackID = 1
01-23 17:52:28.900  1732  3273 V NuPlayerDecoder:   int32_t index = 1
01-23 17:52:28.900  1732  3273 V NuPlayerDecoder: }
01-23 17:52:28.900  1732  3273 V NuPlayerDecoder: [audio] kWhatCodecNotify: cbID = 1, paused = 0
01-23 17:52:28.900  1732  3270 V NuPlayerRenderer: onDrainAudioQueue: rendering audio at media time 1.86 secs
01-23 17:52:28.900  1732  3270 V NuPlayerRenderer: AudioSink write short frame count 768 < 4096
01-23 17:52:28.901  1732  3274 V ACodec  : [OMX.Freescale.std.audio_decoder.aac.sw-based] onOMXFillBufferDone 5 time 1877333 us, flags = 0x00000030
01-23 17:52:28.901  1732  3274 V ACodec  : [OMX.Freescale.std.audio_decoder.aac.sw-based] onOMXEmptyBufferDone 3
01-23 17:52:28.901  1732  3274 V MediaCodec: -- Looking at startdata. presentation 1877333, start 196720670500
01-23 17:52:28.901  1732  3274 V MediaCodec: -- match entry for 1877333, hits our frame of 1877333
01-23 17:52:28.901  1732  3274 V ACodec  : [OMX.Freescale.std.audio_decoder.aac.sw-based] calling emptyBuffer 2 w/ time 2304000 us
01-23 17:52:28.901  1732  3273 V NuPlayerDecoder: [OMX.Freescale.std.audio_decoder.aac.sw-based] onMessage: AMessage(what = 'cdcN', target = 6) = {
01-23 17:52:28.901  1732  3273 V NuPlayerDecoder:   int32_t callbackID = 2
01-23 17:52:28.901  1732  3273 V NuPlayerDecoder:   int32_t index = 1
01-23 17:52:28.901  1732  3273 V NuPlayerDecoder:   size_t offset = 0
01-23 17:52:28.901  1732  3273 V NuPlayerDecoder:   size_t size = 4096
01-23 17:52:28.901  1732  3273 V NuPlayerDecoder:   int64_t timeUs = 1877333
01-23 17:52:28.901  1732  3273 V NuPlayerDecoder:   int32_t flags = 1
01-23 17:52:28.901  1732  3273 V NuPlayerDecoder: }
01-23 17:52:28.901  1732  3273 V NuPlayerDecoder: [audio] kWhatCodecNotify: cbID = 2, paused = 0
01-23 17:52:28.901  1732  3273 V NuPlayerDecoder: [OMX.Freescale.std.audio_decoder.aac.sw-based] onMessage: AMessage(what = 'cdcN', target = 6) = {
01-23 17:52:28.901  1732  3273 V NuPlayerDecoder:   int32_t callbackID = 1
01-23 17:52:28.901  1732  3273 V NuPlayerDecoder:   int32_t index = 2
01-23 17:52:28.901  1732  3273 V NuPlayerDecoder: }
01-23 17:52:28.901  1732  3273 V NuPlayerDecoder: [audio] kWhatCodecNotify: cbID = 1, paused = 0
01-23 17:52:28.901  1732  3274 V ACodec  : [OMX.Freescale.std.audio_decoder.aac.sw-based] onOMXFillBufferDone 6 time 1898666 us, flags = 0x00000030
01-23 17:52:28.902  1732  3274 V MediaCodec: -- Looking at startdata. presentation 1898666, start 196721138000
01-23 17:52:28.902  1732  3274 V MediaCodec: -- match entry for 1898666, hits our frame of 1898666
01-23 17:52:28.902  1732  3274 V ACodec  : [OMX.Freescale.std.audio_decoder.aac.sw-based] calling emptyBuffer 3 w/ time 2325333 us
01-23 17:52:28.902  1732  3273 V NuPlayerDecoder: [OMX.Freescale.std.audio_decoder.aac.sw-based] onMessage: AMessage(what = 'cdcN', target = 6) = {
01-23 17:52:28.902  1732  3273 V NuPlayerDecoder:   int32_t callbackID = 2
01-23 17:52:28.902  1732  3273 V NuPlayerDecoder:   int32_t index = 2
01-23 17:52:28.902  1732  3273 V NuPlayerDecoder:   size_t offset = 0
01-23 17:52:28.902  1732  3273 V NuPlayerDecoder:   size_t size = 4096
01-23 17:52:28.902  1732  3273 V NuPlayerDecoder:   int64_t timeUs = 1898666
01-23 17:52:28.902  1732  3273 V NuPlayerDecoder:   int32_t flags = 1
01-23 17:52:28.902  1732  3273 V NuPlayerDecoder: }
01-23 17:52:28.902  1732  3273 V NuPlayerDecoder: [audio] kWhatCodecNotify: cbID = 2, paused = 0
01-23 17:52:29.151  1732  3270 V NuPlayerRenderer: onDrainAudioQueue: rendering audio at media time 1.88 secs
01-23 17:52:29.151  1732  3273 V NuPlayerDecoder: [OMX.Freescale.std.audio_decoder.aac.sw-based] onMessage: AMessage(what = 'rndr', target = 6) = {
01-23 17:52:29.151  1732  3273 V NuPlayerDecoder:   size_t buffer-ix = 0
01-23 17:52:29.151  1732  3273 V NuPlayerDecoder:   int32_t generation = 1
01-23 17:52:29.151  1732  3273 V NuPlayerDecoder:   size_t size = 4096
01-23 17:52:29.151  1732  3273 V NuPlayerDecoder: }
01-23 17:52:29.151  1732  3270 V AudioSink: getPlayedOutDurationUs(1550744) nowUs(197247055) frames(73920) framesAt(197236311)
01-23 17:52:29.151  1732  3270 V NuPlayerRenderer: onDrainAudioQueue: rendering audio at media time 1.90 secs
01-23 17:52:29.151  1732  3274 V ACodec  : [OMX.Freescale.std.audio_decoder.aac.sw-based] calling fillBuffer 4
01-23 17:52:29.151  1732  3273 V NuPlayerDecoder: [OMX.Freescale.std.audio_decoder.aac.sw-based] onMessage: AMessage(what = 'rndr', target = 6) = {
01-23 17:52:29.151  1732  3273 V NuPlayerDecoder:   size_t buffer-ix = 1
01-23 17:52:29.151  1732  3273 V NuPlayerDecoder:   int32_t generation = 1
01-23 17:52:29.151  1732  3273 V NuPlayerDecoder:   size_t size = 4096
01-23 17:52:29.151  1732  3273 V NuPlayerDecoder: }
01-23 17:52:29.151  1732  3274 V ACodec  : [OMX.Freescale.std.audio_decoder.aac.sw-based] calling fillBuffer 5
01-23 17:52:29.151  1732  3273 V NuPlayerDecoder: [OMX.Freescale.std.audio_decoder.aac.sw-based] onMessage: AMessage(what = 'rndr', target = 6) = {
01-23 17:52:29.151  1732  3273 V NuPlayerDecoder:   size_t buffer-ix = 2
01-23 17:52:29.151  1732  3273 V NuPlayerDecoder:   int32_t generation = 1
01-23 17:52:29.151  1732  3273 V NuPlayerDecoder:   size_t size = 4096
01-23 17:52:29.151  1732  3273 V NuPlayerDecoder: }
01-23 17:52:29.152  1732  3274 V ACodec  : [OMX.Freescale.std.audio_decoder.aac.sw-based] calling fillBuffer 6
01-23 17:52:29.152  1732  3274 V ACodec  : [OMX.Freescale.std.audio_decoder.aac.sw-based] onOMXFillBufferDone 4 time 1920000 us, flags = 0x00000030
01-23 17:52:29.152  1732  3274 V ACodec  : [OMX.Freescale.std.audio_decoder.aac.sw-based] onOMXEmptyBufferDone 1
01-23 17:52:29.153  1732  3274 V MediaCodec: -- Looking at startdata. presentation 1920000, start 196721606875
01-23 17:52:29.153  1732  3274 V MediaCodec: -- match entry for 1920000, hits our frame of 1920000
01-23 17:52:29.153  1732  3274 V ACodec  : [OMX.Freescale.std.audio_decoder.aac.sw-based] onOMXFillBufferDone 5 time 1941333 us, flags = 0x00000030
01-23 17:52:29.153  1732  3273 V NuPlayerDecoder: [OMX.Freescale.std.audio_decoder.aac.sw-based] onMessage: AMessage(what = 'cdcN', target = 6) = {
01-23 17:52:29.153  1732  3273 V NuPlayerDecoder:   int32_t callbackID = 2
01-23 17:52:29.153  1732  3273 V NuPlayerDecoder:   int32_t index = 0
01-23 17:52:29.153  1732  3273 V NuPlayerDecoder:   size_t offset = 0
01-23 17:52:29.153  1732  3273 V NuPlayerDecoder:   size_t size = 4096
01-23 17:52:29.153  1732  3273 V NuPlayerDecoder:   int64_t timeUs = 1920000
01-23 17:52:29.153  1732  3273 V NuPlayerDecoder:   int32_t flags = 1
01-23 17:52:29.153  1732  3273 V NuPlayerDecoder: }
01-23 17:52:29.153  1732  3274 V ACodec  : [OMX.Freescale.std.audio_decoder.aac.sw-based] onOMXEmptyBufferDone 2
01-23 17:52:29.153  1732  3273 V NuPlayerDecoder: [audio] kWhatCodecNotify: cbID = 2, paused = 0
01-23 17:52:29.153  1732  3274 V MediaCodec: -- Looking at startdata. presentation 1941333, start 196724523250
01-23 17:52:29.153  1732  3274 V MediaCodec: -- match entry for 1941333, hits our frame of 1941333
01-23 17:52:29.153  1732  3273 V NuPlayerDecoder: [OMX.Freescale.std.audio_decoder.aac.sw-based] onMessage: AMessage(what = 'cdcN', target = 6) = {
01-23 17:52:29.153  1732  3273 V NuPlayerDecoder:   int32_t callbackID = 1
01-23 17:52:29.153  1732  3273 V NuPlayerDecoder:   int32_t index = 0
01-23 17:52:29.153  1732  3273 V NuPlayerDecoder: }
01-23 17:52:29.153  1732  3273 V NuPlayerDecoder: [audio] kWhatCodecNotify: cbID = 1, paused = 0
01-23 17:52:29.153  1732  3274 V ACodec  : [OMX.Freescale.std.audio_decoder.aac.sw-based] onOMXFillBufferDone 6 time 1962666 us, flags = 0x00000030
01-23 17:52:29.153  1732  3270 V NuPlayerRenderer: onDrainAudioQueue: rendering audio at media time 1.92 secs
01-23 17:52:29.153  1732  3274 V ACodec  : [OMX.Freescale.std.audio_decoder.aac.sw-based] onOMXEmptyBufferDone 3
01-23 17:52:29.153  1732  3274 V MediaCodec: -- Looking at startdata. presentation 1962666, start 196725337375
01-23 17:52:29.153  1732  3274 V MediaCodec: -- match entry for 1962666, hits our frame of 1962666
01-23 17:52:29.153  1732  3274 V ACodec  : [OMX.Freescale.std.audio_decoder.aac.sw-based] calling emptyBuffer 1 w/ time 2346666 us
01-23 17:52:29.153  1732  3273 V NuPlayerDecoder: [OMX.Freescale.std.audio_decoder.aac.sw-based] onMessage: AMessage(what = 'cdcN', target = 6) = {
01-23 17:52:29.153  1732  3273 V NuPlayerDecoder:   int32_t callbackID = 2
01-23 17:52:29.153  1732  3273 V NuPlayerDecoder:   int32_t index = 1
01-23 17:52:29.153  1732  3273 V NuPlayerDecoder:   size_t offset = 0
01-23 17:52:29.153  1732  3273 V NuPlayerDecoder:   size_t size = 4096
01-23 17:52:29.153  1732  3273 V NuPlayerDecoder:   int64_t timeUs = 1941333
01-23 17:52:29.153  1732  3273 V NuPlayerDecoder:   int32_t flags = 1
01-23 17:52:29.153  1732  3273 V NuPlayerDecoder: }
01-23 17:52:29.154  1732  3273 V NuPlayerDecoder: [audio] kWhatCodecNotify: cbID = 2, paused = 0
01-23 17:52:29.154  1732  3273 V NuPlayerDecoder: [OMX.Freescale.std.audio_decoder.aac.sw-based] onMessage: AMessage(what = 'cdcN', target = 6) = {
01-23 17:52:29.154  1732  3273 V NuPlayerDecoder:   int32_t callbackID = 1
01-23 17:52:29.154  1732  3273 V NuPlayerDecoder:   int32_t index = 1
01-23 17:52:29.154  1732  3273 V NuPlayerDecoder: }
01-23 17:52:29.154  1732  3270 V NuPlayerRenderer: onDrainAudioQueue: rendering audio at media time 1.94 secs
01-23 17:52:29.154  1732  3273 V NuPlayerDecoder: [audio] kWhatCodecNotify: cbID = 1, paused = 0
01-23 17:52:29.154  1732  3274 V ACodec  : [OMX.Freescale.std.audio_decoder.aac.sw-based] calling emptyBuffer 2 w/ time 2368000 us
01-23 17:52:29.154  1732  3273 V NuPlayerDecoder: [OMX.Freescale.std.audio_decoder.aac.sw-based] onMessage: AMessage(what = 'rndr', target = 6) = {
01-23 17:52:29.154  1732  3273 V NuPlayerDecoder:   size_t buffer-ix = 0
01-23 17:52:29.154  1732  3273 V NuPlayerDecoder:   int32_t generation = 1
01-23 17:52:29.154  1732  3273 V NuPlayerDecoder:   size_t size = 4096
01-23 17:52:29.154  1732  3273 V NuPlayerDecoder: }
01-23 17:52:29.154  1732  3274 V ACodec  : [OMX.Freescale.std.audio_decoder.aac.sw-based] onOMXEmptyBufferDone 1
01-23 17:52:29.154  1732  3274 V ACodec  : [OMX.Freescale.std.audio_decoder.aac.sw-based] calling fillBuffer 4
01-23 17:52:29.154  1732  3273 V NuPlayerDecoder: [OMX.Freescale.std.audio_decoder.aac.sw-based] onMessage: AMessage(what = 'cdcN', target = 6) = {
01-23 17:52:29.154  1732  3273 V NuPlayerDecoder:   int32_t callbackID = 2
01-23 17:52:29.154  1732  3273 V NuPlayerDecoder:   int32_t index = 2
01-23 17:52:29.154  1732  3273 V NuPlayerDecoder:   size_t offset = 0
01-23 17:52:29.154  1732  3273 V NuPlayerDecoder:   size_t size = 4096
01-23 17:52:29.154  1732  3273 V NuPlayerDecoder:   int64_t timeUs = 1962666
01-23 17:52:29.154  1732  3273 V NuPlayerDecoder:   int32_t flags = 1
01-23 17:52:29.154  1732  3273 V NuPlayerDecoder: }
01-23 17:52:29.154  1732  3273 V NuPlayerDecoder: [audio] kWhatCodecNotify: cbID = 2, paused = 0
01-23 17:52:29.155  1732  3273 V NuPlayerDecoder: [OMX.Freescale.std.audio_decoder.aac.sw-based] onMessage: AMessage(what = 'cdcN', target = 6) = {
01-23 17:52:29.155  1732  3273 V NuPlayerDecoder:   int32_t callbackID = 1
01-23 17:52:29.155  1732  3273 V NuPlayerDecoder:   int32_t index = 2
01-23 17:52:29.155  1732  3273 V NuPlayerDecoder: }
01-23 17:52:29.155  1732  3270 V NuPlayerRenderer: onDrainAudioQueue: rendering audio at media time 1.96 secs
01-23 17:52:29.155  1732  3273 V NuPlayerDecoder: [audio] kWhatCodecNotify: cbID = 1, paused = 0
01-23 17:52:29.155  1732  3274 V ACodec  : [OMX.Freescale.std.audio_decoder.aac.sw-based] calling emptyBuffer 3 w/ time 2389333 us
01-23 17:52:29.155  1732  3273 V NuPlayerDecoder: [OMX.Freescale.std.audio_decoder.aac.sw-based] onMessage: AMessage(what = 'rndr', target = 6) = {
01-23 17:52:29.155  1732  3273 V NuPlayerDecoder:   size_t buffer-ix = 1
01-23 17:52:29.155  1732  3273 V NuPlayerDecoder:   int32_t generation = 1
01-23 17:52:29.155  1732  3273 V NuPlayerDecoder:   size_t size = 4096
01-23 17:52:29.155  1732  3273 V NuPlayerDecoder: }
01-23 17:52:29.155  1732  3274 V ACodec  : [OMX.Freescale.std.audio_decoder.aac.sw-based] onOMXFillBufferDone 4 time 1984000 us, flags = 0x00000030
01-23 17:52:29.155  1732  3273 V NuPlayerDecoder: [OMX.Freescale.std.audio_decoder.aac.sw-based] onMessage: AMessage(what = 'cdcN', target = 6) = {
01-23 17:52:29.155  1732  3273 V NuPlayerDecoder:   int32_t callbackID = 1
01-23 17:52:29.155  1732  3273 V NuPlayerDecoder:   int32_t index = 0
01-23 17:52:29.155  1732  3273 V NuPlayerDecoder: }
01-23 17:52:29.155  1732  3273 V NuPlayerDecoder: [audio] kWhatCodecNotify: cbID = 1, paused = 0
01-23 17:52:29.155  1732  3274 V ACodec  : [OMX.Freescale.std.audio_decoder.aac.sw-based] calling fillBuffer 5
01-23 17:52:29.156  1732  3274 V MediaCodec: -- Looking at startdata. presentation 1984000, start 196725843250
01-23 17:52:29.156  1732  3274 V MediaCodec: -- match entry for 1984000, hits our frame of 1984000
01-23 17:52:29.156  1732  3274 V ACodec  : [OMX.Freescale.std.audio_decoder.aac.sw-based] calling emptyBuffer 1 w/ time 2410666 us
01-23 17:52:29.156  1732  3273 V NuPlayerDecoder: [OMX.Freescale.std.audio_decoder.aac.sw-based] onMessage: AMessage(what = 'rndr', target = 6) = {
01-23 17:52:29.156  1732  3273 V NuPlayerDecoder:   size_t buffer-ix = 2
01-23 17:52:29.156  1732  3273 V NuPlayerDecoder:   int32_t generation = 1
01-23 17:52:29.156  1732  3273 V NuPlayerDecoder:   size_t size = 4096
01-23 17:52:29.156  1732  3273 V NuPlayerDecoder: }
01-23 17:52:29.156  1732  3274 V ACodec  : [OMX.Freescale.std.audio_decoder.aac.sw-based] calling fillBuffer 6
01-23 17:52:29.156  1732  3273 V NuPlayerDecoder: [OMX.Freescale.std.audio_decoder.aac.sw-based] onMessage: AMessage(what = 'cdcN', target = 6) = {
01-23 17:52:29.156  1732  3273 V NuPlayerDecoder:   int32_t callbackID = 2
01-23 17:52:29.156  1732  3273 V NuPlayerDecoder:   int32_t index = 0
01-23 17:52:29.156  1732  3273 V NuPlayerDecoder:   size_t offset = 0
01-23 17:52:29.156  1732  3273 V NuPlayerDecoder:   size_t size = 4096
01-23 17:52:29.156  1732  3273 V NuPlayerDecoder:   int64_t timeUs = 1984000
01-23 17:52:29.156  1732  3273 V NuPlayerDecoder:   int32_t flags = 1
01-23 17:52:29.156  1732  3273 V NuPlayerDecoder: }
01-23 17:52:29.156  1732  3273 V NuPlayerDecoder: [audio] kWhatCodecNotify: cbID = 2, paused = 0
01-23 17:52:29.157  1732  3274 V ACodec  : [OMX.Freescale.std.audio_decoder.aac.sw-based] onOMXEmptyBufferDone 2
01-23 17:52:29.157  1732  3270 V NuPlayerRenderer: onDrainAudioQueue: rendering audio at media time 1.98 secs
01-23 17:52:29.157  1732  3274 V ACodec  : [OMX.Freescale.std.audio_decoder.aac.sw-based] onOMXFillBufferDone 5 time 2005333 us, flags = 0x00000030
01-23 17:52:29.157  1732  3274 V ACodec  : [OMX.Freescale.std.audio_decoder.aac.sw-based] onOMXEmptyBufferDone 3
01-23 17:52:29.157  1732  3273 V NuPlayerDecoder: [OMX.Freescale.std.audio_decoder.aac.sw-based] onMessage: AMessage(what = 'rndr', target = 6) = {
01-23 17:52:29.157  1732  3273 V NuPlayerDecoder:   size_t buffer-ix = 0
01-23 17:52:29.157  1732  3273 V NuPlayerDecoder:   int32_t generation = 1
01-23 17:52:29.157  1732  3273 V NuPlayerDecoder:   size_t size = 4096
01-23 17:52:29.157  1732  3273 V NuPlayerDecoder: }
01-23 17:52:29.157  1732  3274 V MediaCodec: -- Looking at startdata. presentation 2005333, start 196729770625
01-23 17:52:29.157  1732  3274 V MediaCodec: -- match entry for 2005333, hits our frame of 2005333
01-23 17:52:29.157  1732  3274 V ACodec  : [OMX.Freescale.std.audio_decoder.aac.sw-based] calling fillBuffer 4
01-23 17:52:29.157  1732  3273 V NuPlayerDecoder: [OMX.Freescale.std.audio_decoder.aac.sw-based] onMessage: AMessage(what = 'cdcN', target = 6) = {
01-23 17:52:29.157  1732  3273 V NuPlayerDecoder:   int32_t callbackID = 1
01-23 17:52:29.157  1732  3273 V NuPlayerDecoder:   int32_t index = 1
01-23 17:52:29.157  1732  3273 V NuPlayerDecoder: }
01-23 17:52:29.157  1732  3273 V NuPlayerDecoder: [audio] kWhatCodecNotify: cbID = 1, paused = 0
01-23 17:52:29.157  1732  3274 V ACodec  : [OMX.Freescale.std.audio_decoder.aac.sw-based] calling emptyBuffer 2 w/ time 2432000 us
01-23 17:52:29.158  1732  3273 V NuPlayerDecoder: [OMX.Freescale.std.audio_decoder.aac.sw-based] onMessage: AMessage(what = 'cdcN', target = 6) = {
01-23 17:52:29.158  1732  3273 V NuPlayerDecoder:   int32_t callbackID = 2
01-23 17:52:29.158  1732  3273 V NuPlayerDecoder:   int32_t index = 1
01-23 17:52:29.158  1732  3273 V NuPlayerDecoder:   size_t offset = 0
01-23 17:52:29.158  1732  3273 V NuPlayerDecoder:   size_t size = 4096
01-23 17:52:29.158  1732  3273 V NuPlayerDecoder:   int64_t timeUs = 2005333
01-23 17:52:29.158  1732  3273 V NuPlayerDecoder:   int32_t flags = 1
01-23 17:52:29.158  1732  3273 V NuPlayerDecoder: }
01-23 17:52:29.158  1732  3273 V NuPlayerDecoder: [audio] kWhatCodecNotify: cbID = 2, paused = 0
01-23 17:52:29.158  1732  3273 V NuPlayerDecoder: [OMX.Freescale.std.audio_decoder.aac.sw-based] onMessage: AMessage(what = 'cdcN', target = 6) = {
01-23 17:52:29.158  1732  3273 V NuPlayerDecoder:   int32_t callbackID = 1
01-23 17:52:29.158  1732  3273 V NuPlayerDecoder:   int32_t index = 2
01-23 17:52:29.158  1732  3273 V NuPlayerDecoder: }
01-23 17:52:29.158  1732  3270 V NuPlayerRenderer: onDrainAudioQueue: rendering audio at media time 2.01 secs
01-23 17:52:29.158  1732  3273 V NuPlayerDecoder: [audio] kWhatCodecNotify: cbID = 1, paused = 0
01-23 17:52:29.158  1732  3274 V ACodec  : [OMX.Freescale.std.audio_decoder.aac.sw-based] calling emptyBuffer 3 w/ time 2453333 us
01-23 17:52:29.158  1732  3273 V NuPlayerDecoder: [OMX.Freescale.std.audio_decoder.aac.sw-based] onMessage: AMessage(what = 'rndr', target = 6) = {
01-23 17:52:29.158  1732  3273 V NuPlayerDecoder:   size_t buffer-ix = 1
01-23 17:52:29.158  1732  3273 V NuPlayerDecoder:   int32_t generation = 1
01-23 17:52:29.158  1732  3273 V NuPlayerDecoder:   size_t size = 4096
01-23 17:52:29.158  1732  3273 V NuPlayerDecoder: }
01-23 17:52:29.158  1732  3274 V ACodec  : [OMX.Freescale.std.audio_decoder.aac.sw-based] onOMXFillBufferDone 6 time 2026666 us, flags = 0x00000030
01-23 17:52:29.158  1732  3274 V ACodec  : [OMX.Freescale.std.audio_decoder.aac.sw-based] onOMXEmptyBufferDone 1
01-23 17:52:29.158  1732  3274 V ACodec  : [OMX.Freescale.std.audio_decoder.aac.sw-based] onOMXFillBufferDone 4 time 2048000 us, flags = 0x00000030
01-23 17:52:29.158  1732  3274 V ACodec  : [OMX.Freescale.std.audio_decoder.aac.sw-based] onOMXEmptyBufferDone 2
01-23 17:52:29.159  1732  3274 V MediaCodec: -- Looking at startdata. presentation 2026666, start 196730241125
01-23 17:52:29.159  1732  3274 V MediaCodec: -- match entry for 2026666, hits our frame of 2026666
01-23 17:52:29.159  1732  3274 V MediaCodec: -- Looking at startdata. presentation 2048000, start 196733761250
01-23 17:52:29.159  1732  3274 V MediaCodec: -- match entry for 2048000, hits our frame of 2048000
01-23 17:52:29.159  1732  3273 V NuPlayerDecoder: [OMX.Freescale.std.audio_decoder.aac.sw-based] onMessage: AMessage(what = 'cdcN', target = 6) = {
01-23 17:52:29.159  1732  3273 V NuPlayerDecoder:   int32_t callbackID = 2
01-23 17:52:29.159  1732  3273 V NuPlayerDecoder:   int32_t index = 2
01-23 17:52:29.159  1732  3273 V NuPlayerDecoder:   size_t offset = 0
01-23 17:52:29.159  1732  3273 V NuPlayerDecoder:   size_t size = 4096
01-23 17:52:29.159  1732  3273 V NuPlayerDecoder:   int64_t timeUs = 2026666
01-23 17:52:29.159  1732  3273 V NuPlayerDecoder:   int32_t flags = 1
01-23 17:52:29.159  1732  3273 V NuPlayerDecoder: }
01-23 17:52:29.159  1732  3274 V ACodec  : [OMX.Freescale.std.audio_decoder.aac.sw-based] calling fillBuffer 5
01-23 17:52:29.159  1732  3273 V NuPlayerDecoder: [audio] kWhatCodecNotify: cbID = 2, paused = 0
01-23 17:52:29.159  1732  3273 V NuPlayerDecoder: [OMX.Freescale.std.audio_decoder.aac.sw-based] onMessage: AMessage(what = 'cdcN', target = 6) = {
