01-23 17:52:29.697  1732  3274 V MediaCodec: -- Looking at startdata. presentation 2496000, start 197256199500
01-23 17:52:29.697  1732  3274 V MediaCodec: -- match entry for 2496000, hits our frame of 2496000
01-23 17:52:29.697  1732  3274 V ACodec  : [OMX.Freescale.std.audio_decoder.aac.sw-based] calling emptyBuffer 3 w/ time 2901333 us
01-23 17:52:29.697  1732  3273 V NuPlayerDecoder: [OMX.Freescale.std.audio_decoder.aac.sw-based] onMessage: AMessage(what = 'cdcN', target = 6) = {
01-23 17:52:29.697  1732  3273 V NuPlayerDecoder:   int32_t callbackID = 2
01-23 17:52:29.697  1732  3273 V NuPlayerDecoder:   int32_t index = 2
01-23 17:52:29.697  1732  3273 V NuPlayerDecoder:   size_t offset = 0
01-23 17:52:29.697  1732  3273 V NuPlayerDecoder:   size_t size = 4096
01-23 17:52:29.697  1732  3273 V NuPlayerDecoder:   int64_t timeUs = 2474666
01-23 17:52:29.697  1732  3273 V NuPlayerDecoder:   int32_t flags = 1
01-23 17:52:29.697  1732  3273 V NuPlayerDecoder: }
01-23 17:52:29.697  1732  3273 V NuPlayerDecoder: [audio] kWhatCodecNotify: cbID = 2, paused = 0
01-23 17:52:29.697  1732  3273 V NuPlayerDecoder: [OMX.Freescale.std.audio_decoder.aac.sw-based] onMessage: AMessage(what = 'rndr', target = 6) = {
01-23 17:52:29.697  1732  3273 V NuPlayerDecoder:   size_t buffer-ix = 1
01-23 17:52:29.697  1732  3273 V NuPlayerDecoder:   int32_t generation = 1
01-23 17:52:29.697  1732  3273 V NuPlayerDecoder:   size_t size = 4096
01-23 17:52:29.697  1732  3273 V NuPlayerDecoder: }
01-23 17:52:29.697  1732  3270 V NuPlayerRenderer: onDrainAudioQueue: rendering audio at media time 2.47 secs
01-23 17:52:29.697  1732  3274 V ACodec  : [OMX.Freescale.std.audio_decoder.aac.sw-based] calling fillBuffer 5
01-23 17:52:29.697  1732  3273 V NuPlayerDecoder: [OMX.Freescale.std.audio_decoder.aac.sw-based] onMessage: AMessage(what = 'cdcN', target = 6) = {
01-23 17:52:29.697  1732  3273 V NuPlayerDecoder:   int32_t callbackID = 1
01-23 17:52:29.697  1732  3273 V NuPlayerDecoder:   int32_t index = 0
01-23 17:52:29.697  1732  3273 V NuPlayerDecoder: }
01-23 17:52:29.697  1732  3273 V NuPlayerDecoder: [audio] kWhatCodecNotify: cbID = 1, paused = 0
01-23 17:52:29.698  1732  3274 V ACodec  : [OMX.Freescale.std.audio_decoder.aac.sw-based] calling emptyBuffer 1 w/ time 2922666 us
01-23 17:52:29.698  1732  3273 V NuPlayerDecoder: [OMX.Freescale.std.audio_decoder.aac.sw-based] onMessage: AMessage(what = 'cdcN', target = 6) = {
01-23 17:52:29.698  1732  3273 V NuPlayerDecoder:   int32_t callbackID = 2
01-23 17:52:29.698  1732  3273 V NuPlayerDecoder:   int32_t index = 0
01-23 17:52:29.698  1732  3273 V NuPlayerDecoder:   size_t offset = 0
01-23 17:52:29.698  1732  3273 V NuPlayerDecoder:   size_t size = 4096
01-23 17:52:29.698  1732  3273 V NuPlayerDecoder:   int64_t timeUs = 2496000
01-23 17:52:29.698  1732  3273 V NuPlayerDecoder:   int32_t flags = 1
01-23 17:52:29.698  1732  3273 V NuPlayerDecoder: }
01-23 17:52:29.698  1732  3273 V NuPlayerDecoder: [audio] kWhatCodecNotify: cbID = 2, paused = 0
01-23 17:52:29.698  1732  3273 V NuPlayerDecoder: [OMX.Freescale.std.audio_decoder.aac.sw-based] onMessage: AMessage(what = 'cdcN', target = 6) = {
01-23 17:52:29.698  1732  3273 V NuPlayerDecoder:   int32_t callbackID = 1
01-23 17:52:29.698  1732  3273 V NuPlayerDecoder:   int32_t index = 1
01-23 17:52:29.698  1732  3273 V NuPlayerDecoder: }
01-23 17:52:29.698  1732  3270 V NuPlayerRenderer: onDrainAudioQueue: rendering audio at media time 2.50 secs
01-23 17:52:29.698  1732  3273 V NuPlayerDecoder: [audio] kWhatCodecNotify: cbID = 1, paused = 0
01-23 17:52:29.698  1732  3274 V ACodec  : [OMX.Freescale.std.audio_decoder.aac.sw-based] onOMXFillBufferDone 5 time 2517333 us, flags = 0x00000030
01-23 17:52:29.699  1732  3273 V NuPlayerDecoder: [OMX.Freescale.std.audio_decoder.aac.sw-based] onMessage: AMessage(what = 'rndr', target = 6) = {
01-23 17:52:29.699  1732  3273 V NuPlayerDecoder:   size_t buffer-ix = 2
01-23 17:52:29.699  1732  3273 V NuPlayerDecoder:   int32_t generation = 1
01-23 17:52:29.699  1732  3273 V NuPlayerDecoder:   size_t size = 4096
01-23 17:52:29.699  1732  3273 V NuPlayerDecoder: }
01-23 17:52:29.699  1732  3274 V ACodec  : [OMX.Freescale.std.audio_decoder.aac.sw-based] calling emptyBuffer 2 w/ time 2944000 us
01-23 17:52:29.699  1732  3274 V MediaCodec: -- Looking at startdata. presentation 2517333, start 197258443250
01-23 17:52:29.699  1732  3274 V MediaCodec: -- match entry for 2517333, hits our frame of 2517333
01-23 17:52:29.699  1732  3274 V ACodec  : [OMX.Freescale.std.audio_decoder.aac.sw-based] calling fillBuffer 6
01-23 17:52:29.699  1732  3273 V NuPlayerDecoder: [OMX.Freescale.std.audio_decoder.aac.sw-based] onMessage: AMessage(what = 'rndr', target = 6) = {
01-23 17:52:29.699  1732  3273 V NuPlayerDecoder:   size_t buffer-ix = 0
01-23 17:52:29.699  1732  3273 V NuPlayerDecoder:   int32_t generation = 1
01-23 17:52:29.699  1732  3273 V NuPlayerDecoder:   size_t size = 4096
01-23 17:52:29.699  1732  3273 V NuPlayerDecoder: }
01-23 17:52:29.699  1732  3274 V ACodec  : [OMX.Freescale.std.audio_decoder.aac.sw-based] calling fillBuffer 4
01-23 17:52:29.700  1732  3273 V NuPlayerDecoder: [OMX.Freescale.std.audio_decoder.aac.sw-based] onMessage: AMessage(what = 'cdcN', target = 6) = {
01-23 17:52:29.700  1732  3273 V NuPlayerDecoder:   int32_t callbackID = 2
01-23 17:52:29.700  1732  3273 V NuPlayerDecoder:   int32_t index = 1
01-23 17:52:29.700  1732  3273 V NuPlayerDecoder:   size_t offset = 0
01-23 17:52:29.700  1732  3273 V NuPlayerDecoder:   size_t size = 4096
01-23 17:52:29.700  1732  3273 V NuPlayerDecoder:   int64_t timeUs = 2517333
01-23 17:52:29.700  1732  3273 V NuPlayerDecoder:   int32_t flags = 1
01-23 17:52:29.700  1732  3273 V NuPlayerDecoder: }
01-23 17:52:29.700  1732  3273 V NuPlayerDecoder: [audio] kWhatCodecNotify: cbID = 2, paused = 0
01-23 17:52:29.700  1732  3270 V NuPlayerRenderer: onDrainAudioQueue: rendering audio at media time 2.52 secs
01-23 17:52:29.700  1732  3273 V NuPlayerDecoder: [OMX.Freescale.std.audio_decoder.aac.sw-based] onMessage: AMessage(what = 'rndr', target = 6) = {
01-23 17:52:29.700  1732  3273 V NuPlayerDecoder:   size_t buffer-ix = 1
01-23 17:52:29.700  1732  3273 V NuPlayerDecoder:   int32_t generation = 1
01-23 17:52:29.700  1732  3273 V NuPlayerDecoder:   size_t size = 4096
01-23 17:52:29.700  1732  3273 V NuPlayerDecoder: }
01-23 17:52:29.700  1732  3274 V ACodec  : [OMX.Freescale.std.audio_decoder.aac.sw-based] calling fillBuffer 5
01-23 17:52:29.701  1732  3274 V ACodec  : [OMX.Freescale.std.audio_decoder.aac.sw-based] onOMXEmptyBufferDone 3
01-23 17:52:29.701  1732  3274 V ACodec  : [OMX.Freescale.std.audio_decoder.aac.sw-based] onOMXFillBufferDone 6 time 2538666 us, flags = 0x00000030
01-23 17:52:29.701  1732  3274 V ACodec  : [OMX.Freescale.std.audio_decoder.aac.sw-based] onOMXEmptyBufferDone 1
01-23 17:52:29.701  1732  3274 V MediaCodec: -- Looking at startdata. presentation 2538666, start 197259451250
01-23 17:52:29.701  1732  3273 V NuPlayerDecoder: [OMX.Freescale.std.audio_decoder.aac.sw-based] onMessage: AMessage(what = 'cdcN', target = 6) = {
01-23 17:52:29.701  1732  3273 V NuPlayerDecoder:   int32_t callbackID = 1
01-23 17:52:29.701  1732  3273 V NuPlayerDecoder:   int32_t index = 2
01-23 17:52:29.701  1732  3273 V NuPlayerDecoder: }
01-23 17:52:29.701  1732  3274 V MediaCodec: -- match entry for 2538666, hits our frame of 2538666
01-23 17:52:29.701  1732  3273 V NuPlayerDecoder: [audio] kWhatCodecNotify: cbID = 1, paused = 0
01-23 17:52:29.701  1732  3274 V ACodec  : [OMX.Freescale.std.audio_decoder.aac.sw-based] calling emptyBuffer 3 w/ time 2965333 us
01-23 17:52:29.701  1732  3273 V NuPlayerDecoder: [OMX.Freescale.std.audio_decoder.aac.sw-based] onMessage: AMessage(what = 'cdcN', target = 6) = {
01-23 17:52:29.701  1732  3273 V NuPlayerDecoder:   int32_t callbackID = 2
01-23 17:52:29.701  1732  3273 V NuPlayerDecoder:   int32_t index = 2
01-23 17:52:29.701  1732  3273 V NuPlayerDecoder:   size_t offset = 0
01-23 17:52:29.701  1732  3273 V NuPlayerDecoder:   size_t size = 4096
01-23 17:52:29.701  1732  3273 V NuPlayerDecoder:   int64_t timeUs = 2538666
01-23 17:52:29.701  1732  3273 V NuPlayerDecoder:   int32_t flags = 1
01-23 17:52:29.701  1732  3273 V NuPlayerDecoder: }
01-23 17:52:29.701  1732  3273 V NuPlayerDecoder: [audio] kWhatCodecNotify: cbID = 2, paused = 0
01-23 17:52:29.702  1732  3273 V NuPlayerDecoder: [OMX.Freescale.std.audio_decoder.aac.sw-based] onMessage: AMessage(what = 'cdcN', target = 6) = {
01-23 17:52:29.702  1732  3273 V NuPlayerDecoder:   int32_t callbackID = 1
01-23 17:52:29.702  1732  3273 V NuPlayerDecoder:   int32_t index = 0
01-23 17:52:29.702  1732  3273 V NuPlayerDecoder: }
01-23 17:52:29.702  1732  3270 V NuPlayerRenderer: onDrainAudioQueue: rendering audio at media time 2.54 secs
01-23 17:52:29.702  1732  3273 V NuPlayerDecoder: [audio] kWhatCodecNotify: cbID = 1, paused = 0
01-23 17:52:29.702  1732  3274 V ACodec  : [OMX.Freescale.std.audio_decoder.aac.sw-based] onOMXFillBufferDone 4 time 2560000 us, flags = 0x00000030
01-23 17:52:29.702  1732  3274 V ACodec  : [OMX.Freescale.std.audio_decoder.aac.sw-based] onOMXEmptyBufferDone 2
01-23 17:52:29.702  1732  3274 V ACodec  : [OMX.Freescale.std.audio_decoder.aac.sw-based] onOMXFillBufferDone 5 time 2581333 us, flags = 0x00000030
01-23 17:52:29.702  1732  3274 V MediaCodec: -- Looking at startdata. presentation 2560000, start 197260498375
01-23 17:52:29.702  1732  3274 V MediaCodec: -- match entry for 2560000, hits our frame of 2560000
01-23 17:52:29.702  1732  3273 V NuPlayerDecoder: [OMX.Freescale.std.audio_decoder.aac.sw-based] onMessage: AMessage(what = 'rndr', target = 6) = {
01-23 17:52:29.702  1732  3273 V NuPlayerDecoder:   size_t buffer-ix = 2
01-23 17:52:29.702  1732  3273 V NuPlayerDecoder:   int32_t generation = 1
01-23 17:52:29.702  1732  3273 V NuPlayerDecoder:   size_t size = 4096
01-23 17:52:29.702  1732  3273 V NuPlayerDecoder: }
01-23 17:52:29.702  1732  3274 V ACodec  : [OMX.Freescale.std.audio_decoder.aac.sw-based] onOMXEmptyBufferDone 3
01-23 17:52:29.702  1732  3274 V MediaCodec: -- Looking at startdata. presentation 2581333, start 197261233875
01-23 17:52:29.702  1732  3274 V MediaCodec: -- match entry for 2581333, hits our frame of 2581333
01-23 17:52:29.702  1732  3274 V ACodec  : [OMX.Freescale.std.audio_decoder.aac.sw-based] calling emptyBuffer 1 w/ time 2986666 us
01-23 17:52:29.703  1732  3274 V ACodec  : [OMX.Freescale.std.audio_decoder.aac.sw-based] calling fillBuffer 6
01-23 17:52:29.703  1732  3273 V NuPlayerDecoder: [OMX.Freescale.std.audio_decoder.aac.sw-based] onMessage: AMessage(what = 'cdcN', target = 6) = {
01-23 17:52:29.703  1732  3273 V NuPlayerDecoder:   int32_t callbackID = 2
01-23 17:52:29.703  1732  3273 V NuPlayerDecoder:   int32_t index = 0
01-23 17:52:29.703  1732  3273 V NuPlayerDecoder:   size_t offset = 0
01-23 17:52:29.703  1732  3273 V NuPlayerDecoder:   size_t size = 4096
01-23 17:52:29.703  1732  3273 V NuPlayerDecoder:   int64_t timeUs = 2560000
01-23 17:52:29.703  1732  3273 V NuPlayerDecoder:   int32_t flags = 1
01-23 17:52:29.703  1732  3273 V NuPlayerDecoder: }
01-23 17:52:29.703  1732  3273 V NuPlayerDecoder: [audio] kWhatCodecNotify: cbID = 2, paused = 0
01-23 17:52:29.703  1732  3273 V NuPlayerDecoder: [OMX.Freescale.std.audio_decoder.aac.sw-based] onMessage: AMessage(what = 'cdcN', target = 6) = {
01-23 17:52:29.703  1732  3273 V NuPlayerDecoder:   int32_t callbackID = 1
01-23 17:52:29.703  1732  3273 V NuPlayerDecoder:   int32_t index = 1
01-23 17:52:29.703  1732  3273 V NuPlayerDecoder: }
01-23 17:52:29.703  1732  3273 V NuPlayerDecoder: [audio] kWhatCodecNotify: cbID = 1, paused = 0
01-23 17:52:29.703  1732  3270 V NuPlayerRenderer: onDrainAudioQueue: rendering audio at media time 2.56 secs
01-23 17:52:29.704  1732  3274 V ACodec  : [OMX.Freescale.std.audio_decoder.aac.sw-based] calling emptyBuffer 2 w/ time 3008000 us
01-23 17:52:29.704  1732  3273 V NuPlayerDecoder: [OMX.Freescale.std.audio_decoder.aac.sw-based] onMessage: AMessage(what = 'cdcN', target = 6) = {
01-23 17:52:29.704  1732  3273 V NuPlayerDecoder:   int32_t callbackID = 2
01-23 17:52:29.704  1732  3273 V NuPlayerDecoder:   int32_t index = 1
01-23 17:52:29.704  1732  3273 V NuPlayerDecoder:   size_t offset = 0
01-23 17:52:29.704  1732  3273 V NuPlayerDecoder:   size_t size = 4096
01-23 17:52:29.704  1732  3273 V NuPlayerDecoder:   int64_t timeUs = 2581333
01-23 17:52:29.704  1732  3273 V NuPlayerDecoder:   int32_t flags = 1
01-23 17:52:29.704  1732  3273 V NuPlayerDecoder: }
01-23 17:52:29.704  1732  3273 V NuPlayerDecoder: [audio] kWhatCodecNotify: cbID = 2, paused = 0
01-23 17:52:29.704  1732  3273 V NuPlayerDecoder: [OMX.Freescale.std.audio_decoder.aac.sw-based] onMessage: AMessage(what = 'cdcN', target = 6) = {
01-23 17:52:29.704  1732  3273 V NuPlayerDecoder:   int32_t callbackID = 1
01-23 17:52:29.704  1732  3273 V NuPlayerDecoder:   int32_t index = 2
01-23 17:52:29.704  1732  3273 V NuPlayerDecoder: }
01-23 17:52:29.704  1732  3270 V NuPlayerRenderer: onDrainAudioQueue: rendering audio at media time 2.58 secs
01-23 17:52:29.704  1732  3273 V NuPlayerDecoder: [audio] kWhatCodecNotify: cbID = 1, paused = 0
01-23 17:52:29.705  1732  3274 V ACodec  : [OMX.Freescale.std.audio_decoder.aac.sw-based] calling emptyBuffer 3 w/ time 3029333 us
01-23 17:52:29.705  1732  3273 V NuPlayerDecoder: [OMX.Freescale.std.audio_decoder.aac.sw-based] onMessage: AMessage(what = 'rndr', target = 6) = {
01-23 17:52:29.705  1732  3273 V NuPlayerDecoder:   size_t buffer-ix = 0
01-23 17:52:29.705  1732  3273 V NuPlayerDecoder:   int32_t generation = 1
01-23 17:52:29.705  1732  3273 V NuPlayerDecoder:   size_t size = 4096
01-23 17:52:29.705  1732  3273 V NuPlayerDecoder: }
01-23 17:52:29.705  1732  3274 V ACodec  : [OMX.Freescale.std.audio_decoder.aac.sw-based] onOMXFillBufferDone 6 time 2602666 us, flags = 0x00000030
01-23 17:52:29.705  1732  3274 V MediaCodec: -- Looking at startdata. presentation 2602666, start 197262654625
01-23 17:52:29.705  1732  3274 V MediaCodec: -- match entry for 2602666, hits our frame of 2602666
01-23 17:52:29.705  1732  3273 V NuPlayerDecoder: [OMX.Freescale.std.audio_decoder.aac.sw-based] onMessage: AMessage(what = 'rndr', target = 6) = {
01-23 17:52:29.705  1732  3273 V NuPlayerDecoder:   size_t buffer-ix = 1
01-23 17:52:29.705  1732  3273 V NuPlayerDecoder:   int32_t generation = 1
01-23 17:52:29.705  1732  3273 V NuPlayerDecoder:   size_t size = 4096
01-23 17:52:29.705  1732  3273 V NuPlayerDecoder: }
01-23 17:52:29.705  1732  3274 V ACodec  : [OMX.Freescale.std.audio_decoder.aac.sw-based] calling fillBuffer 4
01-23 17:52:29.705  1732  3274 V ACodec  : [OMX.Freescale.std.audio_decoder.aac.sw-based] calling fillBuffer 5
01-23 17:52:29.706  1732  3273 V NuPlayerDecoder: [OMX.Freescale.std.audio_decoder.aac.sw-based] onMessage: AMessage(what = 'cdcN', target = 6) = {
01-23 17:52:29.706  1732  3273 V NuPlayerDecoder:   int32_t callbackID = 2
01-23 17:52:29.706  1732  3273 V NuPlayerDecoder:   int32_t index = 2
01-23 17:52:29.706  1732  3273 V NuPlayerDecoder:   size_t offset = 0
01-23 17:52:29.706  1732  3273 V NuPlayerDecoder:   size_t size = 4096
01-23 17:52:29.706  1732  3273 V NuPlayerDecoder:   int64_t timeUs = 2602666
01-23 17:52:29.706  1732  3273 V NuPlayerDecoder:   int32_t flags = 1
01-23 17:52:29.706  1732  3273 V NuPlayerDecoder: }
01-23 17:52:29.706  1732  3273 V NuPlayerDecoder: [audio] kWhatCodecNotify: cbID = 2, paused = 0
01-23 17:52:29.706  1732  3270 V NuPlayerRenderer: onDrainAudioQueue: rendering audio at media time 2.60 secs
01-23 17:52:29.706  1732  3273 V NuPlayerDecoder: [OMX.Freescale.std.audio_decoder.aac.sw-based] onMessage: AMessage(what = 'rndr', target = 6) = {
01-23 17:52:29.706  1732  3273 V NuPlayerDecoder:   size_t buffer-ix = 2
01-23 17:52:29.706  1732  3273 V NuPlayerDecoder:   int32_t generation = 1
01-23 17:52:29.706  1732  3273 V NuPlayerDecoder:   size_t size = 4096
01-23 17:52:29.706  1732  3273 V NuPlayerDecoder: }
01-23 17:52:29.706  1732  3274 V ACodec  : [OMX.Freescale.std.audio_decoder.aac.sw-based] calling fillBuffer 6
01-23 17:52:29.706  1732  3274 V ACodec  : [OMX.Freescale.std.audio_decoder.aac.sw-based] onOMXEmptyBufferDone 1
01-23 17:52:29.706  1732  3274 V ACodec  : [OMX.Freescale.std.audio_decoder.aac.sw-based] onOMXFillBufferDone 4 time 2624000 us, flags = 0x00000030
01-23 17:52:29.707  1732  3274 V ACodec  : [OMX.Freescale.std.audio_decoder.aac.sw-based] onOMXEmptyBufferDone 2
01-23 17:52:29.707  1732  3274 V ACodec  : [OMX.Freescale.std.audio_decoder.aac.sw-based] onOMXFillBufferDone 5 time 2645333 us, flags = 0x00000030
01-23 17:52:29.707  1732  3274 V MediaCodec: -- Looking at startdata. presentation 2624000, start 197263117125
01-23 17:52:29.707  1732  3273 V NuPlayerDecoder: [OMX.Freescale.std.audio_decoder.aac.sw-based] onMessage: AMessage(what = 'cdcN', target = 6) = {
01-23 17:52:29.707  1732  3273 V NuPlayerDecoder:   int32_t callbackID = 1
01-23 17:52:29.707  1732  3273 V NuPlayerDecoder:   int32_t index = 0
01-23 17:52:29.707  1732  3273 V NuPlayerDecoder: }
01-23 17:52:29.707  1732  3274 V MediaCodec: -- match entry for 2624000, hits our frame of 2624000
01-23 17:52:29.707  1732  3273 V NuPlayerDecoder: [audio] kWhatCodecNotify: cbID = 1, paused = 0
01-23 17:52:29.707  1732  3274 V MediaCodec: -- Looking at startdata. presentation 2645333, start 197513610625
01-23 17:52:29.707  1732  3274 V MediaCodec: -- match entry for 2645333, hits our frame of 2645333
01-23 17:52:29.707  1732  3274 V ACodec  : [OMX.Freescale.std.audio_decoder.aac.sw-based] calling emptyBuffer 1 w/ time 3050666 us
01-23 17:52:29.707  1732  3273 V NuPlayerDecoder: [OMX.Freescale.std.audio_decoder.aac.sw-based] onMessage: AMessage(what = 'cdcN', target = 6) = {
01-23 17:52:29.707  1732  3273 V NuPlayerDecoder:   int32_t callbackID = 2
01-23 17:52:29.707  1732  3273 V NuPlayerDecoder:   int32_t index = 0
01-23 17:52:29.707  1732  3273 V NuPlayerDecoder:   size_t offset = 0
01-23 17:52:29.707  1732  3273 V NuPlayerDecoder:   size_t size = 4096
01-23 17:52:29.707  1732  3273 V NuPlayerDecoder:   int64_t timeUs = 2624000
01-23 17:52:29.707  1732  3273 V NuPlayerDecoder:   int32_t flags = 1
01-23 17:52:29.707  1732  3273 V NuPlayerDecoder: }
01-23 17:52:29.707  1732  3273 V NuPlayerDecoder: [audio] kWhatCodecNotify: cbID = 2, paused = 0
01-23 17:52:29.707  1732  3273 V NuPlayerDecoder: [OMX.Freescale.std.audio_decoder.aac.sw-based] onMessage: AMessage(what = 'cdcN', target = 6) = {
01-23 17:52:29.707  1732  3273 V NuPlayerDecoder:   int32_t callbackID = 1
01-23 17:52:29.707  1732  3273 V NuPlayerDecoder:   int32_t index = 1
01-23 17:52:29.707  1732  3273 V NuPlayerDecoder: }
01-23 17:52:29.707  1732  3270 V NuPlayerRenderer: onDrainAudioQueue: rendering audio at media time 2.62 secs
01-23 17:52:29.707  1732  3273 V NuPlayerDecoder: [audio] kWhatCodecNotify: cbID = 1, paused = 0
01-23 17:52:29.708  1732  3274 V ACodec  : [OMX.Freescale.std.audio_decoder.aac.sw-based] onOMXFillBufferDone 6 time 2666666 us, flags = 0x00000030
01-23 17:52:29.708  1732  3274 V MediaCodec: -- Looking at startdata. presentation 2666666, start 197515802000
01-23 17:52:29.708  1732  3274 V MediaCodec: -- match entry for 2666666, hits our frame of 2666666
01-23 17:52:29.708  1732  3274 V ACodec  : [OMX.Freescale.std.audio_decoder.aac.sw-based] calling emptyBuffer 2 w/ time 3072000 us
01-23 17:52:29.708  1732  3273 V NuPlayerDecoder: [OMX.Freescale.std.audio_decoder.aac.sw-based] onMessage: AMessage(what = 'cdcN', target = 6) = {
01-23 17:52:29.708  1732  3273 V NuPlayerDecoder:   int32_t callbackID = 2
01-23 17:52:29.708  1732  3273 V NuPlayerDecoder:   int32_t index = 1
01-23 17:52:29.708  1732  3273 V NuPlayerDecoder:   size_t offset = 0
01-23 17:52:29.708  1732  3273 V NuPlayerDecoder:   size_t size = 4096
01-23 17:52:29.708  1732  3273 V NuPlayerDecoder:   int64_t timeUs = 2645333
01-23 17:52:29.708  1732  3273 V NuPlayerDecoder:   int32_t flags = 1
01-23 17:52:29.708  1732  3273 V NuPlayerDecoder: }
01-23 17:52:29.708  1732  3273 V NuPlayerDecoder: [audio] kWhatCodecNotify: cbID = 2, paused = 0
01-23 17:52:29.708  1732  3273 V NuPlayerDecoder: [OMX.Freescale.std.audio_decoder.aac.sw-based] onMessage: AMessage(what = 'rndr', target = 6) = {
01-23 17:52:29.708  1732  3273 V NuPlayerDecoder:   size_t buffer-ix = 0
01-23 17:52:29.708  1732  3273 V NuPlayerDecoder:   int32_t generation = 1
01-23 17:52:29.708  1732  3273 V NuPlayerDecoder:   size_t size = 4096
01-23 17:52:29.708  1732  3273 V NuPlayerDecoder: }
01-23 17:52:29.708  1732  3270 V NuPlayerRenderer: onDrainAudioQueue: rendering audio at media time 2.65 secs
01-23 17:52:29.709  1732  3274 V ACodec  : [OMX.Freescale.std.audio_decoder.aac.sw-based] calling fillBuffer 4
01-23 17:52:29.709  1732  3273 V NuPlayerDecoder: [OMX.Freescale.std.audio_decoder.aac.sw-based] onMessage: AMessage(what = 'cdcN', target = 6) = {
01-23 17:52:29.709  1732  3273 V NuPlayerDecoder:   int32_t callbackID = 2
01-23 17:52:29.709  1732  3273 V NuPlayerDecoder:   int32_t index = 2
01-23 17:52:29.709  1732  3273 V NuPlayerDecoder:   size_t offset = 0
01-23 17:52:29.709  1732  3273 V NuPlayerDecoder:   size_t size = 4096
01-23 17:52:29.709  1732  3273 V NuPlayerDecoder:   int64_t timeUs = 2666666
01-23 17:52:29.709  1732  3273 V NuPlayerDecoder:   int32_t flags = 1
01-23 17:52:29.709  1732  3273 V NuPlayerDecoder: }
01-23 17:52:29.709  1732  3273 V NuPlayerDecoder: [audio] kWhatCodecNotify: cbID = 2, paused = 0
01-23 17:52:29.709  1732  3273 V NuPlayerDecoder: [OMX.Freescale.std.audio_decoder.aac.sw-based] onMessage: AMessage(what = 'rndr', target = 6) = {
01-23 17:52:29.709  1732  3273 V NuPlayerDecoder:   size_t buffer-ix = 1
01-23 17:52:29.709  1732  3273 V NuPlayerDecoder:   int32_t generation = 1
01-23 17:52:29.709  1732  3273 V NuPlayerDecoder:   size_t size = 4096
01-23 17:52:29.709  1732  3273 V NuPlayerDecoder: }
01-23 17:52:29.709  1732  3270 V NuPlayerRenderer: onDrainAudioQueue: rendering audio at media time 2.67 secs
01-23 17:52:29.709  1732  3270 V NuPlayerRenderer: AudioSink write short frame count 2560 < 4096
01-23 17:52:29.709  1732  3274 V ACodec  : [OMX.Freescale.std.audio_decoder.aac.sw-based] calling fillBuffer 5
01-23 17:52:29.710  1732  3274 V ACodec  : [OMX.Freescale.std.audio_decoder.aac.sw-based] onOMXEmptyBufferDone 3
01-23 17:52:29.710  1732  3274 V ACodec  : [OMX.Freescale.std.audio_decoder.aac.sw-based] onOMXFillBufferDone 4 time 2688000 us, flags = 0x00000030
01-23 17:52:29.710  1732  3274 V ACodec  : [OMX.Freescale.std.audio_decoder.aac.sw-based] onOMXEmptyBufferDone 1
01-23 17:52:29.710  1732  3274 V ACodec  : [OMX.Freescale.std.audio_decoder.aac.sw-based] onOMXFillBufferDone 5 time 2709333 us, flags = 0x00000030
01-23 17:52:29.710  1732  3274 V ACodec  : [OMX.Freescale.std.audio_decoder.aac.sw-based] onOMXEmptyBufferDone 2
01-23 17:52:29.711  1732  3274 V MediaCodec: -- Looking at startdata. presentation 2688000, start 197523715375
01-23 17:52:29.711  1732  3274 V MediaCodec: -- match entry for 2688000, hits our frame of 2688000
01-23 17:52:29.711  1732  3273 V NuPlayerDecoder: [OMX.Freescale.std.audio_decoder.aac.sw-based] onMessage: AMessage(what = 'cdcN', target = 6) = {
01-23 17:52:29.711  1732  3273 V NuPlayerDecoder:   int32_t callbackID = 1
01-23 17:52:29.711  1732  3273 V NuPlayerDecoder:   int32_t index = 2
01-23 17:52:29.711  1732  3273 V NuPlayerDecoder: }
01-23 17:52:29.711  1732  3273 V NuPlayerDecoder: [audio] kWhatCodecNotify: cbID = 1, paused = 0
01-23 17:52:29.711  1732  3274 V MediaCodec: -- Looking at startdata. presentation 2709333, start 197525773125
01-23 17:52:29.711  1732  3274 V MediaCodec: -- match entry for 2709333, hits our frame of 2709333
01-23 17:52:29.711  1732  3274 V ACodec  : [OMX.Freescale.std.audio_decoder.aac.sw-based] calling emptyBuffer 3 w/ time 3093333 us
01-23 17:52:29.711  1732  3273 V NuPlayerDecoder: [OMX.Freescale.std.audio_decoder.aac.sw-based] onMessage: AMessage(what = 'cdcN', target = 6) = {
01-23 17:52:29.711  1732  3273 V NuPlayerDecoder:   int32_t callbackID = 2
01-23 17:52:29.711  1732  3273 V NuPlayerDecoder:   int32_t index = 0
01-23 17:52:29.711  1732  3273 V NuPlayerDecoder:   size_t offset = 0
01-23 17:52:29.711  1732  3273 V NuPlayerDecoder:   size_t size = 4096
01-23 17:52:29.711  1732  3273 V NuPlayerDecoder:   int64_t timeUs = 2688000
01-23 17:52:29.711  1732  3273 V NuPlayerDecoder:   int32_t flags = 1
01-23 17:52:29.711  1732  3273 V NuPlayerDecoder: }
01-23 17:52:29.711  1732  3273 V NuPlayerDecoder: [audio] kWhatCodecNotify: cbID = 2, paused = 0
01-23 17:52:29.711  1732  3273 V NuPlayerDecoder: [OMX.Freescale.std.audio_decoder.aac.sw-based] onMessage: AMessage(what = 'cdcN', target = 6) = {
01-23 17:52:29.711  1732  3273 V NuPlayerDecoder:   int32_t callbackID = 1
01-23 17:52:29.711  1732  3273 V NuPlayerDecoder:   int32_t index = 0
01-23 17:52:29.711  1732  3273 V NuPlayerDecoder: }
01-23 17:52:29.711  1732  3273 V NuPlayerDecoder: [audio] kWhatCodecNotify: cbID = 1, paused = 0
01-23 17:52:29.712  1732  3274 V ACodec  : [OMX.Freescale.std.audio_decoder.aac.sw-based] calling emptyBuffer 1 w/ time 3114666 us
01-23 17:52:29.712  1732  3273 V NuPlayerDecoder: [OMX.Freescale.std.audio_decoder.aac.sw-based] onMessage: AMessage(what = 'cdcN', target = 6) = {
01-23 17:52:29.712  1732  3273 V NuPlayerDecoder:   int32_t callbackID = 2
01-23 17:52:29.712  1732  3273 V NuPlayerDecoder:   int32_t index = 1
01-23 17:52:29.712  1732  3273 V NuPlayerDecoder:   size_t offset = 0
01-23 17:52:29.712  1732  3273 V NuPlayerDecoder:   size_t size = 4096
01-23 17:52:29.712  1732  3273 V NuPlayerDecoder:   int64_t timeUs = 2709333
01-23 17:52:29.712  1732  3273 V NuPlayerDecoder:   int32_t flags = 1
01-23 17:52:29.712  1732  3273 V NuPlayerDecoder: }
01-23 17:52:29.712  1732  3273 V NuPlayerDecoder: [audio] kWhatCodecNotify: cbID = 2, paused = 0
01-23 17:52:29.712  1732  3273 V NuPlayerDecoder: [OMX.Freescale.std.audio_decoder.aac.sw-based] onMessage: AMessage(what = 'cdcN', target = 6) = {
01-23 17:52:29.712  1732  3273 V NuPlayerDecoder:   int32_t callbackID = 1
01-23 17:52:29.712  1732  3273 V NuPlayerDecoder:   int32_t index = 1
01-23 17:52:29.712  1732  3273 V NuPlayerDecoder: }
01-23 17:52:29.712  1732  3273 V NuPlayerDecoder: [audio] kWhatCodecNotify: cbID = 1, paused = 0
01-23 17:52:29.713  1732  3274 V ACodec  : [OMX.Freescale.std.audio_decoder.aac.sw-based] calling emptyBuffer 2 w/ time 3136000 us
01-23 17:52:29.894  1732  1732 V MediaPlayerService: [1] isPlaying: 1
01-23 17:52:29.894  3233  3233 V MediaPlayerNative: isPlaying: 1
01-23 17:52:29.894  3233  3233 V MediaPlayerNative: getCurrentPosition
01-23 17:52:29.894  1732  3035 V MediaPlayerService: getCurrentPosition
01-23 17:52:29.894  1732  3035 V MediaPlayerService: [1] getCurrentPosition = 2294
01-23 17:52:29.959  1732  3270 V NuPlayerRenderer: onDrainAudioQueue: rendering audio at media time 2.69 secs
01-23 17:52:29.959  1732  3273 V NuPlayerDecoder: [OMX.Freescale.std.audio_decoder.aac.sw-based] onMessage: AMessage(what = 'rndr', target = 6) = {
01-23 17:52:29.959  1732  3273 V NuPlayerDecoder:   size_t buffer-ix = 2
01-23 17:52:29.959  1732  3273 V NuPlayerDecoder:   int32_t generation = 1
01-23 17:52:29.959  1732  3273 V NuPlayerDecoder:   size_t size = 4096
01-23 17:52:29.959  1732  3273 V NuPlayerDecoder: }
01-23 17:52:29.959  1732  3270 V AudioSink: getPlayedOutDurationUs(2359352) nowUs(198055659) frames(112320) framesAt(198036307)
01-23 17:52:29.959  1732  3270 V NuPlayerRenderer: onDrainAudioQueue: rendering audio at media time 2.71 secs
01-23 17:52:29.960  1732  3274 V ACodec  : [OMX.Freescale.std.audio_decoder.aac.sw-based] calling fillBuffer 6
01-23 17:52:29.960  1732  3273 V NuPlayerDecoder: [OMX.Freescale.std.audio_decoder.aac.sw-based] onMessage: AMessage(what = 'rndr', target = 6) = {
01-23 17:52:29.960  1732  3273 V NuPlayerDecoder:   size_t buffer-ix = 0
01-23 17:52:29.960  1732  3273 V NuPlayerDecoder:   int32_t generation = 1
01-23 17:52:29.960  1732  3273 V NuPlayerDecoder:   size_t size = 4096
01-23 17:52:29.960  1732  3273 V NuPlayerDecoder: }
01-23 17:52:29.960  1732  3274 V ACodec  : [OMX.Freescale.std.audio_decoder.aac.sw-based] calling fillBuffer 4
01-23 17:52:29.960  1732  3273 V NuPlayerDecoder: [OMX.Freescale.std.audio_decoder.aac.sw-based] onMessage: AMessage(what = 'rndr', target = 6) = {
01-23 17:52:29.960  1732  3273 V NuPlayerDecoder:   size_t buffer-ix = 1
01-23 17:52:29.960  1732  3273 V NuPlayerDecoder:   int32_t generation = 1
01-23 17:52:29.960  1732  3273 V NuPlayerDecoder:   size_t size = 4096
01-23 17:52:29.960  1732  3273 V NuPlayerDecoder: }
01-23 17:52:29.961  1732  3274 V ACodec  : [OMX.Freescale.std.audio_decoder.aac.sw-based] calling fillBuffer 5
01-23 17:52:29.962  1732  3274 V ACodec  : [OMX.Freescale.std.audio_decoder.aac.sw-based] onOMXFillBufferDone 6 time 2730666 us, flags = 0x00000030
01-23 17:52:29.962  1732  3274 V ACodec  : [OMX.Freescale.std.audio_decoder.aac.sw-based] onOMXEmptyBufferDone 3
01-23 17:52:29.962  1732  3274 V ACodec  : [OMX.Freescale.std.audio_decoder.aac.sw-based] onOMXFillBufferDone 4 time 2752000 us, flags = 0x00000030
01-23 17:52:29.962  1732  3274 V ACodec  : [OMX.Freescale.std.audio_decoder.aac.sw-based] onOMXEmptyBufferDone 1
01-23 17:52:29.962  1732  3274 V ACodec  : [OMX.Freescale.std.audio_decoder.aac.sw-based] onOMXFillBufferDone 5 time 2773333 us, flags = 0x00000030
01-23 17:52:29.962  1732  3274 V ACodec  : [OMX.Freescale.std.audio_decoder.aac.sw-based] onOMXEmptyBufferDone 2
01-23 17:52:29.962  1732  3274 V MediaCodec: -- Looking at startdata. presentation 2730666, start 197526673625
01-23 17:52:29.962  1732  3274 V MediaCodec: -- match entry for 2730666, hits our frame of 2730666
01-23 17:52:29.962  1732  3274 V MediaCodec: -- Looking at startdata. presentation 2752000, start 197532112625
01-23 17:52:29.962  1732  3274 V MediaCodec: -- match entry for 2752000, hits our frame of 2752000
01-23 17:52:29.962  1732  3273 V NuPlayerDecoder: [OMX.Freescale.std.audio_decoder.aac.sw-based] onMessage: AMessage(what = 'cdcN', target = 6) = {
01-23 17:52:29.962  1732  3273 V NuPlayerDecoder:   int32_t callbackID = 2
01-23 17:52:29.962  1732  3273 V NuPlayerDecoder:   int32_t index = 2
01-23 17:52:29.962  1732  3273 V NuPlayerDecoder:   size_t offset = 0
01-23 17:52:29.962  1732  3273 V NuPlayerDecoder:   size_t size = 4096
01-23 17:52:29.962  1732  3273 V NuPlayerDecoder:   int64_t timeUs = 2730666
01-23 17:52:29.962  1732  3273 V NuPlayerDecoder:   int32_t flags = 1
01-23 17:52:29.962  1732  3273 V NuPlayerDecoder: }
01-23 17:52:29.962  1732  3274 V MediaCodec: -- Looking at startdata. presentation 2773333, start 197534836875
01-23 17:52:29.962  1732  3273 V NuPlayerDecoder: [audio] kWhatCodecNotify: cbID = 2, paused = 0
01-23 17:52:29.962  1732  3274 V MediaCodec: -- match entry for 2773333, hits our frame of 2773333
01-23 17:52:29.962  1732  3273 V NuPlayerDecoder: [OMX.Freescale.std.audio_decoder.aac.sw-based] onMessage: AMessage(what = 'cdcN', target = 6) = {
01-23 17:52:29.962  1732  3273 V NuPlayerDecoder:   int32_t callbackID = 1
01-23 17:52:29.962  1732  3273 V NuPlayerDecoder:   int32_t index = 2
01-23 17:52:29.962  1732  3273 V NuPlayerDecoder: }
01-23 17:52:29.963  1732  3273 V NuPlayerDecoder: [audio] kWhatCodecNotify: cbID = 1, paused = 0
01-23 17:52:29.963  1732  3274 V ACodec  : [OMX.Freescale.std.audio_decoder.aac.sw-based] calling emptyBuffer 3 w/ time 3157333 us
01-23 17:52:29.963  1732  3273 V NuPlayerDecoder: [OMX.Freescale.std.audio_decoder.aac.sw-based] onMessage: AMessage(what = 'cdcN', target = 6) = {
01-23 17:52:29.963  1732  3273 V NuPlayerDecoder:   int32_t callbackID = 2
01-23 17:52:29.963  1732  3273 V NuPlayerDecoder:   int32_t index = 0
01-23 17:52:29.963  1732  3273 V NuPlayerDecoder:   size_t offset = 0
01-23 17:52:29.963  1732  3273 V NuPlayerDecoder:   size_t size = 4096
01-23 17:52:29.963  1732  3273 V NuPlayerDecoder:   int64_t timeUs = 2752000
01-23 17:52:29.963  1732  3273 V NuPlayerDecoder:   int32_t flags = 1
01-23 17:52:29.963  1732  3273 V NuPlayerDecoder: }
01-23 17:52:29.963  1732  3273 V NuPlayerDecoder: [audio] kWhatCodecNotify: cbID = 2, paused = 0
01-23 17:52:29.963  1732  3273 V NuPlayerDecoder: [OMX.Freescale.std.audio_decoder.aac.sw-based] onMessage: AMessage(what = 'cdcN', target = 6) = {
01-23 17:52:29.963  1732  3273 V NuPlayerDecoder:   int32_t callbackID = 1
01-23 17:52:29.963  1732  3273 V NuPlayerDecoder:   int32_t index = 0
01-23 17:52:29.963  1732  3273 V NuPlayerDecoder: }
01-23 17:52:29.963  1732  3270 V NuPlayerRenderer: onDrainAudioQueue: rendering audio at media time 2.73 secs
01-23 17:52:29.963  1732  3273 V NuPlayerDecoder: [audio] kWhatCodecNotify: cbID = 1, paused = 0
01-23 17:52:29.963  1732  3270 V NuPlayerRenderer: onDrainAudioQueue: rendering audio at media time 2.75 secs
01-23 17:52:29.963  1732  3274 V ACodec  : [OMX.Freescale.std.audio_decoder.aac.sw-based] calling emptyBuffer 1 w/ time 3178666 us
01-23 17:52:29.963  1732  3273 V NuPlayerDecoder: [OMX.Freescale.std.audio_decoder.aac.sw-based] onMessage: AMessage(what = 'cdcN', target = 6) = {
01-23 17:52:29.963  1732  3273 V NuPlayerDecoder:   int32_t callbackID = 2
01-23 17:52:29.963  1732  3273 V NuPlayerDecoder:   int32_t index = 1
01-23 17:52:29.963  1732  3273 V NuPlayerDecoder:   size_t offset = 0
01-23 17:52:29.963  1732  3273 V NuPlayerDecoder:   size_t size = 4096
01-23 17:52:29.963  1732  3273 V NuPlayerDecoder:   int64_t timeUs = 2773333
01-23 17:52:29.963  1732  3273 V NuPlayerDecoder:   int32_t flags = 1
01-23 17:52:29.963  1732  3273 V NuPlayerDecoder: }
01-23 17:52:29.963  1732  3273 V NuPlayerDecoder: [audio] kWhatCodecNotify: cbID = 2, paused = 0
01-23 17:52:29.964  1732  3273 V NuPlayerDecoder: [OMX.Freescale.std.audio_decoder.aac.sw-based] onMessage: AMessage(what = 'cdcN', target = 6) = {
01-23 17:52:29.964  1732  3273 V NuPlayerDecoder:   int32_t callbackID = 1
01-23 17:52:29.964  1732  3273 V NuPlayerDecoder:   int32_t index = 1
01-23 17:52:29.964  1732  3273 V NuPlayerDecoder: }
01-23 17:52:29.964  1732  3270 V NuPlayerRenderer: onDrainAudioQueue: rendering audio at media time 2.77 secs
01-23 17:52:29.964  1732  3273 V NuPlayerDecoder: [audio] kWhatCodecNotify: cbID = 1, paused = 0
01-23 17:52:29.964  1732  3274 V ACodec  : [OMX.Freescale.std.audio_decoder.aac.sw-based] calling emptyBuffer 2 w/ time 3200000 us
01-23 17:52:29.964  1732  3273 V NuPlayerDecoder: [OMX.Freescale.std.audio_decoder.aac.sw-based] onMessage: AMessage(what = 'rndr', target = 6) = {
01-23 17:52:29.964  1732  3273 V NuPlayerDecoder:   size_t buffer-ix = 2
01-23 17:52:29.964  1732  3273 V NuPlayerDecoder:   int32_t generation = 1
01-23 17:52:29.964  1732  3273 V NuPlayerDecoder:   size_t size = 4096
01-23 17:52:29.964  1732  3273 V NuPlayerDecoder: }
01-23 17:52:29.964  1732  3274 V ACodec  : [OMX.Freescale.std.audio_decoder.aac.sw-based] calling fillBuffer 6
01-23 17:52:29.964  1732  3273 V NuPlayerDecoder: [OMX.Freescale.std.audio_decoder.aac.sw-based] onMessage: AMessage(what = 'rndr', target = 6) = {
01-23 17:52:29.964  1732  3273 V NuPlayerDecoder:   size_t buffer-ix = 0
01-23 17:52:29.964  1732  3273 V NuPlayerDecoder:   int32_t generation = 1
01-23 17:52:29.964  1732  3273 V NuPlayerDecoder:   size_t size = 4096
01-23 17:52:29.964  1732  3273 V NuPlayerDecoder: }
01-23 17:52:29.965  1732  3274 V ACodec  : [OMX.Freescale.std.audio_decoder.aac.sw-based] calling fillBuffer 4
01-23 17:52:29.965  1732  3273 V NuPlayerDecoder: [OMX.Freescale.std.audio_decoder.aac.sw-based] onMessage: AMessage(what = 'rndr', target = 6) = {
01-23 17:52:29.965  1732  3273 V NuPlayerDecoder:   size_t buffer-ix = 1
01-23 17:52:29.965  1732  3273 V NuPlayerDecoder:   int32_t generation = 1
01-23 17:52:29.965  1732  3273 V NuPlayerDecoder:   size_t size = 4096
01-23 17:52:29.965  1732  3273 V NuPlayerDecoder: }
01-23 17:52:29.965  1732  3274 V ACodec  : [OMX.Freescale.std.audio_decoder.aac.sw-based] calling fillBuffer 5
01-23 17:52:29.966  1732  3274 V ACodec  : [OMX.Freescale.std.audio_decoder.aac.sw-based] onOMXFillBufferDone 6 time 2794666 us, flags = 0x00000030
01-23 17:52:29.966  1732  3274 V ACodec  : [OMX.Freescale.std.audio_decoder.aac.sw-based] onOMXEmptyBufferDone 3
01-23 17:52:29.967  1732  3274 V ACodec  : [OMX.Freescale.std.audio_decoder.aac.sw-based] onOMXFillBufferDone 4 time 2816000 us, flags = 0x00000030
01-23 17:52:29.967  1732  3274 V ACodec  : [OMX.Freescale.std.audio_decoder.aac.sw-based] onOMXEmptyBufferDone 1
01-23 17:52:29.967  1732  3274 V ACodec  : [OMX.Freescale.std.audio_decoder.aac.sw-based] onOMXFillBufferDone 5 time 2837333 us, flags = 0x00000030
01-23 17:52:29.967  1732  3274 V ACodec  : [OMX.Freescale.std.audio_decoder.aac.sw-based] onOMXEmptyBufferDone 2
01-23 17:52:29.967  1732  3274 V MediaCodec: -- Looking at startdata. presentation 2794666, start 197537685500
01-23 17:52:29.967  1732  3274 V MediaCodec: -- match entry for 2794666, hits our frame of 2794666
01-23 17:52:29.967  1732  3274 V MediaCodec: -- Looking at startdata. presentation 2816000, start 197539685750
01-23 17:52:29.967  1732  3274 V MediaCodec: -- match entry for 2816000, hits our frame of 2816000
01-23 17:52:29.967  1732  3273 V NuPlayerDecoder: [OMX.Freescale.std.audio_decoder.aac.sw-based] onMessage: AMessage(what = 'cdcN', target = 6) = {
01-23 17:52:29.967  1732  3273 V NuPlayerDecoder:   int32_t callbackID = 2
01-23 17:52:29.967  1732  3273 V NuPlayerDecoder:   int32_t index = 2
01-23 17:52:29.967  1732  3273 V NuPlayerDecoder:   size_t offset = 0
01-23 17:52:29.967  1732  3273 V NuPlayerDecoder:   size_t size = 4096
01-23 17:52:29.967  1732  3273 V NuPlayerDecoder:   int64_t timeUs = 2794666
01-23 17:52:29.967  1732  3273 V NuPlayerDecoder:   int32_t flags = 1
01-23 17:52:29.967  1732  3273 V NuPlayerDecoder: }
01-23 17:52:29.967  1732  3274 V MediaCodec: -- Looking at startdata. presentation 2837333, start 197541267750
01-23 17:52:29.967  1732  3273 V NuPlayerDecoder: [audio] kWhatCodecNotify: cbID = 2, paused = 0
01-23 17:52:29.967  1732  3274 V MediaCodec: -- match entry for 2837333, hits our frame of 2837333
01-23 17:52:29.967  1732  3273 V NuPlayerDecoder: [OMX.Freescale.std.audio_decoder.aac.sw-based] onMessage: AMessage(what = 'cdcN', target = 6) = {
01-23 17:52:29.967  1732  3273 V NuPlayerDecoder:   int32_t callbackID = 1
01-23 17:52:29.967  1732  3273 V NuPlayerDecoder:   int32_t index = 2
01-23 17:52:29.967  1732  3273 V NuPlayerDecoder: }
01-23 17:52:29.967  1732  3273 V NuPlayerDecoder: [audio] kWhatCodecNotify: cbID = 1, paused = 0
01-23 17:52:29.967  1732  3270 V NuPlayerRenderer: onDrainAudioQueue: rendering audio at media time 2.79 secs
01-23 17:52:29.967  1732  3274 V ACodec  : [OMX.Freescale.std.audio_decoder.aac.sw-based] calling emptyBuffer 3 w/ time 3221333 us
01-23 17:52:29.968  1732  3273 V NuPlayerDecoder: [OMX.Freescale.std.audio_decoder.aac.sw-based] onMessage: AMessage(what = 'cdcN', target = 6) = {
01-23 17:52:29.968  1732  3273 V NuPlayerDecoder:   int32_t callbackID = 2
01-23 17:52:29.968  1732  3273 V NuPlayerDecoder:   int32_t index = 0
01-23 17:52:29.968  1732  3273 V NuPlayerDecoder:   size_t offset = 0
01-23 17:52:29.968  1732  3273 V NuPlayerDecoder:   size_t size = 4096
01-23 17:52:29.968  1732  3273 V NuPlayerDecoder:   int64_t timeUs = 2816000
01-23 17:52:29.968  1732  3273 V NuPlayerDecoder:   int32_t flags = 1
01-23 17:52:29.968  1732  3273 V NuPlayerDecoder: }
01-23 17:52:29.968  1732  3273 V NuPlayerDecoder: [audio] kWhatCodecNotify: cbID = 2, paused = 0
01-23 17:52:29.968  1732  3273 V NuPlayerDecoder: [OMX.Freescale.std.audio_decoder.aac.sw-based] onMessage: AMessage(what = 'cdcN', target = 6) = {
01-23 17:52:29.968  1732  3273 V NuPlayerDecoder:   int32_t callbackID = 1
01-23 17:52:29.968  1732  3273 V NuPlayerDecoder:   int32_t index = 0
01-23 17:52:29.968  1732  3273 V NuPlayerDecoder: }
01-23 17:52:29.968  1732  3273 V NuPlayerDecoder: [audio] kWhatCodecNotify: cbID = 1, paused = 0
01-23 17:52:29.968  1732  3270 V NuPlayerRenderer: onDrainAudioQueue: rendering audio at media time 2.82 secs
01-23 17:52:29.968  1732  3274 V ACodec  : [OMX.Freescale.std.audio_decoder.aac.sw-based] calling emptyBuffer 1 w/ time 3242666 us
01-23 17:52:29.968  1732  3273 V NuPlayerDecoder: [OMX.Freescale.std.audio_decoder.aac.sw-based] onMessage: AMessage(what = 'cdcN', target = 6) = {
01-23 17:52:29.968  1732  3273 V NuPlayerDecoder:   int32_t callbackID = 2
01-23 17:52:29.968  1732  3273 V NuPlayerDecoder:   int32_t index = 1
01-23 17:52:29.968  1732  3273 V NuPlayerDecoder:   size_t offset = 0
01-23 17:52:29.968  1732  3273 V NuPlayerDecoder:   size_t size = 4096
01-23 17:52:29.968  1732  3273 V NuPlayerDecoder:   int64_t timeUs = 2837333
01-23 17:52:29.968  1732  3273 V NuPlayerDecoder:   int32_t flags = 1
01-23 17:52:29.968  1732  3273 V NuPlayerDecoder: }
01-23 17:52:29.968  1732  3273 V NuPlayerDecoder: [audio] kWhatCodecNotify: cbID = 2, paused = 0
01-23 17:52:29.968  1732  3273 V NuPlayerDecoder: [OMX.Freescale.std.audio_decoder.aac.sw-based] onMessage: AMessage(what = 'cdcN', target = 6) = {
01-23 17:52:29.968  1732  3273 V NuPlayerDecoder:   int32_t callbackID = 1
01-23 17:52:29.968  1732  3273 V NuPlayerDecoder:   int32_t index = 1
01-23 17:52:29.968  1732  3273 V NuPlayerDecoder: }
01-23 17:52:29.968  1732  3273 V NuPlayerDecoder: [audio] kWhatCodecNotify: cbID = 1, paused = 0
01-23 17:52:29.968  1732  3274 V ACodec  : [OMX.Freescale.std.audio_decoder.aac.sw-based] calling emptyBuffer 2 w/ time 3264000 us
01-23 17:52:29.969  1732  3270 V NuPlayerRenderer: onDrainAudioQueue: rendering audio at media time 2.84 secs
01-23 17:52:29.969  1732  3273 V NuPlayerDecoder: [OMX.Freescale.std.audio_decoder.aac.sw-based] onMessage: AMessage(what = 'rndr', target = 6) = {
01-23 17:52:29.969  1732  3273 V NuPlayerDecoder:   size_t buffer-ix = 2
01-23 17:52:29.969  1732  3273 V NuPlayerDecoder:   int32_t generation = 1
01-23 17:52:29.969  1732  3273 V NuPlayerDecoder:   size_t size = 4096
01-23 17:52:29.969  1732  3273 V NuPlayerDecoder: }
01-23 17:52:29.969  1732  3274 V ACodec  : [OMX.Freescale.std.audio_decoder.aac.sw-based] calling fillBuffer 6
01-23 17:52:29.969  1732  3273 V NuPlayerDecoder: [OMX.Freescale.std.audio_decoder.aac.sw-based] onMessage: AMessage(what = 'rndr', target = 6) = {
01-23 17:52:29.969  1732  3273 V NuPlayerDecoder:   size_t buffer-ix = 0
01-23 17:52:29.969  1732  3273 V NuPlayerDecoder:   int32_t generation = 1
01-23 17:52:29.969  1732  3273 V NuPlayerDecoder:   size_t size = 4096
01-23 17:52:29.969  1732  3273 V NuPlayerDecoder: }
01-23 17:52:29.969  1732  3274 V ACodec  : [OMX.Freescale.std.audio_decoder.aac.sw-based] calling fillBuffer 4
01-23 17:52:29.969  1732  3273 V NuPlayerDecoder: [OMX.Freescale.std.audio_decoder.aac.sw-based] onMessage: AMessage(what = 'rndr', target = 6) = {
01-23 17:52:29.969  1732  3273 V NuPlayerDecoder:   size_t buffer-ix = 1
01-23 17:52:29.969  1732  3273 V NuPlayerDecoder:   int32_t generation = 1
01-23 17:52:29.969  1732  3273 V NuPlayerDecoder:   size_t size = 4096
01-23 17:52:29.969  1732  3273 V NuPlayerDecoder: }
01-23 17:52:29.970  1732  3274 V ACodec  : [OMX.Freescale.std.audio_decoder.aac.sw-based] calling fillBuffer 5
01-23 17:52:29.970  1732  3274 V ACodec  : [OMX.Freescale.std.audio_decoder.aac.sw-based] onOMXFillBufferDone 6 time 2858666 us, flags = 0x00000030
01-23 17:52:29.970  1732  3274 V ACodec  : [OMX.Freescale.std.audio_decoder.aac.sw-based] onOMXEmptyBufferDone 3
01-23 17:52:29.970  1732  3274 V MediaCodec: -- Looking at startdata. presentation 2858666, start 197542194750
01-23 17:52:29.970  1732  3274 V MediaCodec: -- match entry for 2858666, hits our frame of 2858666
01-23 17:52:29.971  1732  3274 V ACodec  : [OMX.Freescale.std.audio_decoder.aac.sw-based] onOMXFillBufferDone 4 time 2880000 us, flags = 0x00000030
01-23 17:52:29.971  1732  3274 V ACodec  : [OMX.Freescale.std.audio_decoder.aac.sw-based] onOMXEmptyBufferDone 1
01-23 17:52:29.971  1732  3273 V NuPlayerDecoder: [OMX.Freescale.std.audio_decoder.aac.sw-based] onMessage: AMessage(what = 'cdcN', target = 6) = {
01-23 17:52:29.971  1732  3273 V NuPlayerDecoder:   int32_t callbackID = 2
01-23 17:52:29.971  1732  3273 V NuPlayerDecoder:   int32_t index = 2
01-23 17:52:29.971  1732  3273 V NuPlayerDecoder:   size_t offset = 0
01-23 17:52:29.971  1732  3273 V NuPlayerDecoder:   size_t size = 4096
01-23 17:52:29.971  1732  3273 V NuPlayerDecoder:   int64_t timeUs = 2858666
01-23 17:52:29.971  1732  3273 V NuPlayerDecoder:   int32_t flags = 1
01-23 17:52:29.971  1732  3273 V NuPlayerDecoder: }
01-23 17:52:29.971  1732  3273 V NuPlayerDecoder: [audio] kWhatCodecNotify: cbID = 2, paused = 0
01-23 17:52:29.971  1732  3274 V ACodec  : [OMX.Freescale.std.audio_decoder.aac.sw-based] onOMXFillBufferDone 5 time 2901333 us, flags = 0x00000030
01-23 17:52:29.971  1732  3274 V ACodec  : [OMX.Freescale.std.audio_decoder.aac.sw-based] onOMXEmptyBufferDone 2
01-23 17:52:29.971  1732  3273 V NuPlayerDecoder: [OMX.Freescale.std.audio_decoder.aac.sw-based] onMessage: AMessage(what = 'cdcN', target = 6) = {
01-23 17:52:29.971  1732  3273 V NuPlayerDecoder:   int32_t callbackID = 1
01-23 17:52:29.971  1732  3273 V NuPlayerDecoder:   int32_t index = 2
01-23 17:52:29.971  1732  3273 V NuPlayerDecoder: }
01-23 17:52:29.971  1732  3270 V NuPlayerRenderer: onDrainAudioQueue: rendering audio at media time 2.86 secs
01-23 17:52:29.971  1732  3273 V NuPlayerDecoder: [audio] kWhatCodecNotify: cbID = 1, paused = 0
01-23 17:52:29.971  1732  3274 V MediaCodec: -- Looking at startdata. presentation 2880000, start 197791542125
01-23 17:52:29.971  1732  3274 V MediaCodec: -- match entry for 2880000, hits our frame of 2880000
01-23 17:52:29.971  1732  3274 V MediaCodec: -- Looking at startdata. presentation 2901333, start 197792834250
01-23 17:52:29.971  1732  3274 V MediaCodec: -- match entry for 2901333, hits our frame of 2901333
01-23 17:52:29.971  1732  3274 V ACodec  : [OMX.Freescale.std.audio_decoder.aac.sw-based] calling emptyBuffer 3 w/ time 3285333 us
01-23 17:52:29.971  1732  3273 V NuPlayerDecoder: [OMX.Freescale.std.audio_decoder.aac.sw-based] onMessage: AMessage(what = 'rndr', target = 6) = {
01-23 17:52:29.971  1732  3273 V NuPlayerDecoder:   size_t buffer-ix = 2
01-23 17:52:29.971  1732  3273 V NuPlayerDecoder:   int32_t generation = 1
01-23 17:52:29.971  1732  3273 V NuPlayerDecoder:   size_t size = 4096
01-23 17:52:29.971  1732  3273 V NuPlayerDecoder: }
01-23 17:52:29.972  1732  3274 V ACodec  : [OMX.Freescale.std.audio_decoder.aac.sw-based] calling fillBuffer 6
01-23 17:52:29.972  1732  3273 V NuPlayerDecoder: [OMX.Freescale.std.audio_decoder.aac.sw-based] onMessage: AMessage(what = 'cdcN', target = 6) = {
01-23 17:52:29.972  1732  3273 V NuPlayerDecoder:   int32_t callbackID = 2
01-23 17:52:29.972  1732  3273 V NuPlayerDecoder:   int32_t index = 0
01-23 17:52:29.972  1732  3273 V NuPlayerDecoder:   size_t offset = 0
01-23 17:52:29.972  1732  3273 V NuPlayerDecoder:   size_t size = 4096
01-23 17:52:29.972  1732  3273 V NuPlayerDecoder:   int64_t timeUs = 2880000
01-23 17:52:29.972  1732  3273 V NuPlayerDecoder:   int32_t flags = 1
01-23 17:52:29.972  1732  3273 V NuPlayerDecoder: }
01-23 17:52:29.972  1732  3273 V NuPlayerDecoder: [audio] kWhatCodecNotify: cbID = 2, paused = 0
01-23 17:52:29.972  1732  3274 V ACodec  : [OMX.Freescale.std.audio_decoder.aac.sw-based] onOMXEmptyBufferDone 3
01-23 17:52:29.972  1732  3273 V NuPlayerDecoder: [OMX.Freescale.std.audio_decoder.aac.sw-based] onMessage: AMessage(what = 'cdcN', target = 6) = {
01-23 17:52:29.972  1732  3273 V NuPlayerDecoder:   int32_t callbackID = 1
01-23 17:52:29.972  1732  3273 V NuPlayerDecoder:   int32_t index = 0
01-23 17:52:29.972  1732  3273 V NuPlayerDecoder: }
01-23 17:52:29.972  1732  3273 V NuPlayerDecoder: [audio] kWhatCodecNotify: cbID = 1, paused = 0
01-23 17:52:29.972  1732  3270 V NuPlayerRenderer: onDrainAudioQueue: rendering audio at media time 2.88 secs
01-23 17:52:29.972  1732  3274 V ACodec  : [OMX.Freescale.std.audio_decoder.aac.sw-based] calling emptyBuffer 1 w/ time 3306666 us
01-23 17:52:29.972  1732  3273 V NuPlayerDecoder: [OMX.Freescale.std.audio_decoder.aac.sw-based] onMessage: AMessage(what = 'cdcN', target = 6) = {
01-23 17:52:29.972  1732  3273 V NuPlayerDecoder:   int32_t callbackID = 2
01-23 17:52:29.972  1732  3273 V NuPlayerDecoder:   int32_t index = 1
01-23 17:52:29.972  1732  3273 V NuPlayerDecoder:   size_t offset = 0
01-23 17:52:29.972  1732  3273 V NuPlayerDecoder:   size_t size = 4096
01-23 17:52:29.972  1732  3273 V NuPlayerDecoder:   int64_t timeUs = 2901333
01-23 17:52:29.972  1732  3273 V NuPlayerDecoder:   int32_t flags = 1
01-23 17:52:29.972  1732  3273 V NuPlayerDecoder: }
01-23 17:52:29.972  1732  3273 V NuPlayerDecoder: [audio] kWhatCodecNotify: cbID = 2, paused = 0
01-23 17:52:29.973  1732  3273 V NuPlayerDecoder: [OMX.Freescale.std.audio_decoder.aac.sw-based] onMessage: AMessage(what = 'cdcN', target = 6) = {
01-23 17:52:29.973  1732  3273 V NuPlayerDecoder:   int32_t callbackID = 1
01-23 17:52:29.973  1732  3273 V NuPlayerDecoder:   int32_t index = 1
01-23 17:52:29.973  1732  3273 V NuPlayerDecoder: }
01-23 17:52:29.973  1732  3273 V NuPlayerDecoder: [audio] kWhatCodecNotify: cbID = 1, paused = 0
01-23 17:52:29.973  1732  3274 V ACodec  : [OMX.Freescale.std.audio_decoder.aac.sw-based] calling emptyBuffer 2 w/ time 3328000 us
01-23 17:52:29.973  1732  3270 V NuPlayerRenderer: onDrainAudioQueue: rendering audio at media time 2.90 secs
01-23 17:52:29.973  1732  3273 V NuPlayerDecoder: [OMX.Freescale.std.audio_decoder.aac.sw-based] onMessage: AMessage(what = 'cdcN', target = 6) = {
01-23 17:52:29.973  1732  3273 V NuPlayerDecoder:   int32_t callbackID = 1
01-23 17:52:29.973  1732  3273 V NuPlayerDecoder:   int32_t index = 2
01-23 17:52:29.973  1732  3273 V NuPlayerDecoder: }
