01-23 17:37:55.664  1732  3956 V NuPlayerDecoder: [OMX.Freescale.std.audio_decoder.aac.sw-based] onMessage: AMessage(what = 'rndr', target = 60) = {
01-23 17:37:55.664  1732  3956 V NuPlayerDecoder:   size_t buffer-ix = 0
01-23 17:37:55.664  1732  3956 V NuPlayerDecoder:   int32_t generation = 1
01-23 17:37:55.664  1732  3956 V NuPlayerDecoder:   size_t size = 4096
01-23 17:37:55.664  1732  3956 V NuPlayerDecoder: }
01-23 17:37:55.664  1732  3957 V ACodec  : [OMX.Freescale.std.audio_decoder.aac.sw-based] onOMXEmptyBufferDone 1
01-23 17:37:55.664  1732  3956 V NuPlayerDecoder: [OMX.Freescale.std.audio_decoder.aac.sw-based] onMessage: AMessage(what = 'cdcN', target = 60) = {
01-23 17:37:55.664  1732  3956 V NuPlayerDecoder:   int32_t callbackID = 1
01-23 17:37:55.664  1732  3956 V NuPlayerDecoder:   int32_t index = 0
01-23 17:37:55.664  1732  3956 V NuPlayerDecoder: }
01-23 17:37:55.664  1732  3956 V NuPlayerDecoder: [audio] kWhatCodecNotify: cbID = 1, paused = 0
01-23 17:37:55.664  1732  3957 V ACodec  : [OMX.Freescale.std.audio_decoder.aac.sw-based] calling fillBuffer 4
01-23 17:37:55.665  1732  3957 V ACodec  : [OMX.Freescale.std.audio_decoder.aac.sw-based] calling emptyBuffer 1 w/ time 2346666 us
01-23 17:37:55.666  1732  3957 V ACodec  : [OMX.Freescale.std.audio_decoder.aac.sw-based] onOMXFillBufferDone 5 time 1941333 us, flags = 0x00000030
01-23 17:37:55.666  1732  3957 V ACodec  : [OMX.Freescale.std.audio_decoder.aac.sw-based] onOMXEmptyBufferDone 2
01-23 17:37:55.666  1732  3957 V ACodec  : [OMX.Freescale.std.audio_decoder.aac.sw-based] onOMXFillBufferDone 6 time 1962666 us, flags = 0x00000030
01-23 17:37:55.666  1732  3957 V ACodec  : [OMX.Freescale.std.audio_decoder.aac.sw-based] onOMXEmptyBufferDone 3
01-23 17:37:55.666  1732  3957 V MediaCodec: -- Looking at startdata. presentation 1941333, start 586510717875
01-23 17:37:55.667  1732  3957 V MediaCodec: -- match entry for 1941333, hits our frame of 1941333
01-23 17:37:55.667  1732  3956 V NuPlayerDecoder: [OMX.Freescale.std.audio_decoder.aac.sw-based] onMessage: AMessage(what = 'cdcN', target = 60) = {
01-23 17:37:55.667  1732  3956 V NuPlayerDecoder:   int32_t callbackID = 2
01-23 17:37:55.667  1732  3956 V NuPlayerDecoder:   int32_t index = 1
01-23 17:37:55.667  1732  3956 V NuPlayerDecoder:   size_t offset = 0
01-23 17:37:55.667  1732  3956 V NuPlayerDecoder:   size_t size = 4096
01-23 17:37:55.667  1732  3956 V NuPlayerDecoder:   int64_t timeUs = 1941333
01-23 17:37:55.667  1732  3956 V NuPlayerDecoder:   int32_t flags = 1
01-23 17:37:55.667  1732  3956 V NuPlayerDecoder: }
01-23 17:37:55.667  1732  3956 V NuPlayerDecoder: [audio] kWhatCodecNotify: cbID = 2, paused = 0
01-23 17:37:55.667  1732  3953 V NuPlayerRenderer: onDrainAudioQueue: rendering audio at media time 1.94 secs
01-23 17:37:55.667  1732  3956 V NuPlayerDecoder: [OMX.Freescale.std.audio_decoder.aac.sw-based] onMessage: AMessage(what = 'cdcN', target = 60) = {
01-23 17:37:55.667  1732  3956 V NuPlayerDecoder:   int32_t callbackID = 1
01-23 17:37:55.667  1732  3956 V NuPlayerDecoder:   int32_t index = 1
01-23 17:37:55.667  1732  3956 V NuPlayerDecoder: }
01-23 17:37:55.667  1732  3956 V NuPlayerDecoder: [audio] kWhatCodecNotify: cbID = 1, paused = 0
01-23 17:37:55.667  1732  3957 V MediaCodec: -- Looking at startdata. presentation 1962666, start 586511212250
01-23 17:37:55.667  1732  3957 V MediaCodec: -- match entry for 1962666, hits our frame of 1962666
01-23 17:37:55.667  1732  3957 V ACodec  : [OMX.Freescale.std.audio_decoder.aac.sw-based] onOMXEmptyBufferDone 1
01-23 17:37:55.667  1732  3957 V ACodec  : [OMX.Freescale.std.audio_decoder.aac.sw-based] onOMXFillBufferDone 4 time 1984000 us, flags = 0x00000030
01-23 17:37:55.668  1732  3956 V NuPlayerDecoder: [OMX.Freescale.std.audio_decoder.aac.sw-based] onMessage: AMessage(what = 'rndr', target = 60) = {
01-23 17:37:55.668  1732  3956 V NuPlayerDecoder:   size_t buffer-ix = 1
01-23 17:37:55.668  1732  3956 V NuPlayerDecoder:   int32_t generation = 1
01-23 17:37:55.668  1732  3956 V NuPlayerDecoder:   size_t size = 4096
01-23 17:37:55.668  1732  3956 V NuPlayerDecoder: }
01-23 17:37:55.668  1732  3957 V MediaCodec: -- Looking at startdata. presentation 1984000, start 586513753250
01-23 17:37:55.668  1732  3957 V MediaCodec: -- match entry for 1984000, hits our frame of 1984000
01-23 17:37:55.668  1732  3957 V ACodec  : [OMX.Freescale.std.audio_decoder.aac.sw-based] calling emptyBuffer 2 w/ time 2368000 us
01-23 17:37:55.668  1732  3956 V NuPlayerDecoder: [OMX.Freescale.std.audio_decoder.aac.sw-based] onMessage: AMessage(what = 'cdcN', target = 60) = {
01-23 17:37:55.668  1732  3956 V NuPlayerDecoder:   int32_t callbackID = 2
01-23 17:37:55.668  1732  3956 V NuPlayerDecoder:   int32_t index = 2
01-23 17:37:55.668  1732  3956 V NuPlayerDecoder:   size_t offset = 0
01-23 17:37:55.668  1732  3956 V NuPlayerDecoder:   size_t size = 4096
01-23 17:37:55.668  1732  3956 V NuPlayerDecoder:   int64_t timeUs = 1962666
01-23 17:37:55.668  1732  3956 V NuPlayerDecoder:   int32_t flags = 1
01-23 17:37:55.668  1732  3956 V NuPlayerDecoder: }
01-23 17:37:55.668  1732  3956 V NuPlayerDecoder: [audio] kWhatCodecNotify: cbID = 2, paused = 0
01-23 17:37:55.669  1732  3956 V NuPlayerDecoder: [OMX.Freescale.std.audio_decoder.aac.sw-based] onMessage: AMessage(what = 'cdcN', target = 60) = {
01-23 17:37:55.669  1732  3956 V NuPlayerDecoder:   int32_t callbackID = 1
01-23 17:37:55.669  1732  3956 V NuPlayerDecoder:   int32_t index = 2
01-23 17:37:55.669  1732  3956 V NuPlayerDecoder: }
01-23 17:37:55.669  1732  3956 V NuPlayerDecoder: [audio] kWhatCodecNotify: cbID = 1, paused = 0
01-23 17:37:55.669  1732  3953 V NuPlayerRenderer: onDrainAudioQueue: rendering audio at media time 1.96 secs
01-23 17:37:55.669  1732  3957 V ACodec  : [OMX.Freescale.std.audio_decoder.aac.sw-based] calling fillBuffer 5
01-23 17:37:55.669  1732  3957 V ACodec  : [OMX.Freescale.std.audio_decoder.aac.sw-based] onOMXEmptyBufferDone 2
01-23 17:37:55.669  1732  3956 V NuPlayerDecoder: [OMX.Freescale.std.audio_decoder.aac.sw-based] onMessage: AMessage(what = 'cdcN', target = 60) = {
01-23 17:37:55.669  1732  3956 V NuPlayerDecoder:   int32_t callbackID = 1
01-23 17:37:55.669  1732  3956 V NuPlayerDecoder:   int32_t index = 0
01-23 17:37:55.669  1732  3956 V NuPlayerDecoder: }
01-23 17:37:55.669  1732  3956 V NuPlayerDecoder: [audio] kWhatCodecNotify: cbID = 1, paused = 0
01-23 17:37:55.670  1732  3957 V ACodec  : [OMX.Freescale.std.audio_decoder.aac.sw-based] calling emptyBuffer 3 w/ time 2389333 us
01-23 17:37:55.670  1732  3956 V NuPlayerDecoder: [OMX.Freescale.std.audio_decoder.aac.sw-based] onMessage: AMessage(what = 'cdcN', target = 60) = {
01-23 17:37:55.670  1732  3956 V NuPlayerDecoder:   int32_t callbackID = 2
01-23 17:37:55.670  1732  3956 V NuPlayerDecoder:   int32_t index = 0
01-23 17:37:55.670  1732  3956 V NuPlayerDecoder:   size_t offset = 0
01-23 17:37:55.670  1732  3956 V NuPlayerDecoder:   size_t size = 4096
01-23 17:37:55.670  1732  3956 V NuPlayerDecoder:   int64_t timeUs = 1984000
01-23 17:37:55.670  1732  3956 V NuPlayerDecoder:   int32_t flags = 1
01-23 17:37:55.670  1732  3956 V NuPlayerDecoder: }
01-23 17:37:55.670  1732  3956 V NuPlayerDecoder: [audio] kWhatCodecNotify: cbID = 2, paused = 0
01-23 17:37:55.670  1732  3956 V NuPlayerDecoder: [OMX.Freescale.std.audio_decoder.aac.sw-based] onMessage: AMessage(what = 'rndr', target = 60) = {
01-23 17:37:55.670  1732  3956 V NuPlayerDecoder:   size_t buffer-ix = 2
01-23 17:37:55.670  1732  3956 V NuPlayerDecoder:   int32_t generation = 1
01-23 17:37:55.670  1732  3956 V NuPlayerDecoder:   size_t size = 4096
01-23 17:37:55.670  1732  3956 V NuPlayerDecoder: }
01-23 17:37:55.670  1732  3953 V NuPlayerRenderer: onDrainAudioQueue: rendering audio at media time 1.98 secs
01-23 17:37:55.670  1732  3957 V ACodec  : [OMX.Freescale.std.audio_decoder.aac.sw-based] onOMXFillBufferDone 5 time 2005333 us, flags = 0x00000030
01-23 17:37:55.671  1732  3957 V ACodec  : [OMX.Freescale.std.audio_decoder.aac.sw-based] calling emptyBuffer 1 w/ time 2410666 us
01-23 17:37:55.671  1732  3957 V ACodec  : [OMX.Freescale.std.audio_decoder.aac.sw-based] onOMXEmptyBufferDone 3
01-23 17:37:55.671  1732  3956 V NuPlayerDecoder: [OMX.Freescale.std.audio_decoder.aac.sw-based] onMessage: AMessage(what = 'cdcN', target = 60) = {
01-23 17:37:55.671  1732  3956 V NuPlayerDecoder:   int32_t callbackID = 1
01-23 17:37:55.671  1732  3956 V NuPlayerDecoder:   int32_t index = 1
01-23 17:37:55.671  1732  3956 V NuPlayerDecoder: }
01-23 17:37:55.671  1732  3956 V NuPlayerDecoder: [audio] kWhatCodecNotify: cbID = 1, paused = 0
01-23 17:37:55.671  1732  3957 V MediaCodec: -- Looking at startdata. presentation 2005333, start 586516698500
01-23 17:37:55.671  1732  3957 V MediaCodec: -- match entry for 2005333, hits our frame of 2005333
01-23 17:37:55.671  1732  3957 V ACodec  : [OMX.Freescale.std.audio_decoder.aac.sw-based] calling fillBuffer 6
01-23 17:37:55.672  1732  3956 V NuPlayerDecoder: [OMX.Freescale.std.audio_decoder.aac.sw-based] onMessage: AMessage(what = 'rndr', target = 60) = {
01-23 17:37:55.672  1732  3956 V NuPlayerDecoder:   size_t buffer-ix = 0
01-23 17:37:55.672  1732  3956 V NuPlayerDecoder:   int32_t generation = 1
01-23 17:37:55.672  1732  3956 V NuPlayerDecoder:   size_t size = 4096
01-23 17:37:55.672  1732  3956 V NuPlayerDecoder: }
01-23 17:37:55.672  1732  3957 V ACodec  : [OMX.Freescale.std.audio_decoder.aac.sw-based] calling emptyBuffer 2 w/ time 2432000 us
01-23 17:37:55.673  1732  3956 V NuPlayerDecoder: [OMX.Freescale.std.audio_decoder.aac.sw-based] onMessage: AMessage(what = 'cdcN', target = 60) = {
01-23 17:37:55.673  1732  3956 V NuPlayerDecoder:   int32_t callbackID = 2
01-23 17:37:55.673  1732  3956 V NuPlayerDecoder:   int32_t index = 1
01-23 17:37:55.673  1732  3956 V NuPlayerDecoder:   size_t offset = 0
01-23 17:37:55.673  1732  3956 V NuPlayerDecoder:   size_t size = 4096
01-23 17:37:55.673  1732  3956 V NuPlayerDecoder:   int64_t timeUs = 2005333
01-23 17:37:55.673  1732  3956 V NuPlayerDecoder:   int32_t flags = 1
01-23 17:37:55.673  1732  3956 V NuPlayerDecoder: }
01-23 17:37:55.673  1732  3956 V NuPlayerDecoder: [audio] kWhatCodecNotify: cbID = 2, paused = 0
01-23 17:37:55.673  1732  3956 V NuPlayerDecoder: [OMX.Freescale.std.audio_decoder.aac.sw-based] onMessage: AMessage(what = 'cdcN', target = 60) = {
01-23 17:37:55.673  1732  3956 V NuPlayerDecoder:   int32_t callbackID = 1
01-23 17:37:55.673  1732  3956 V NuPlayerDecoder:   int32_t index = 2
01-23 17:37:55.673  1732  3956 V NuPlayerDecoder: }
01-23 17:37:55.673  1732  3956 V NuPlayerDecoder: [audio] kWhatCodecNotify: cbID = 1, paused = 0
01-23 17:37:55.673  1732  3953 V NuPlayerRenderer: onDrainAudioQueue: rendering audio at media time 2.01 secs
01-23 17:37:55.673  1732  3957 V ACodec  : [OMX.Freescale.std.audio_decoder.aac.sw-based] onOMXFillBufferDone 6 time 2026666 us, flags = 0x00000030
01-23 17:37:55.673  1732  3957 V ACodec  : [OMX.Freescale.std.audio_decoder.aac.sw-based] calling fillBuffer 4
01-23 17:37:55.673  1732  3956 V NuPlayerDecoder: [OMX.Freescale.std.audio_decoder.aac.sw-based] onMessage: AMessage(what = 'rndr', target = 60) = {
01-23 17:37:55.673  1732  3956 V NuPlayerDecoder:   size_t buffer-ix = 1
01-23 17:37:55.673  1732  3956 V NuPlayerDecoder:   int32_t generation = 1
01-23 17:37:55.673  1732  3956 V NuPlayerDecoder:   size_t size = 4096
01-23 17:37:55.673  1732  3956 V NuPlayerDecoder: }
01-23 17:37:55.674  1732  3957 V MediaCodec: -- Looking at startdata. presentation 2026666, start 586517810875
01-23 17:37:55.674  1732  3957 V MediaCodec: -- match entry for 2026666, hits our frame of 2026666
01-23 17:37:55.674  1732  3957 V ACodec  : [OMX.Freescale.std.audio_decoder.aac.sw-based] calling emptyBuffer 3 w/ time 2453333 us
01-23 17:37:55.674  1732  3956 V NuPlayerDecoder: [OMX.Freescale.std.audio_decoder.aac.sw-based] onMessage: AMessage(what = 'cdcN', target = 60) = {
01-23 17:37:55.674  1732  3956 V NuPlayerDecoder:   int32_t callbackID = 2
01-23 17:37:55.674  1732  3956 V NuPlayerDecoder:   int32_t index = 2
01-23 17:37:55.674  1732  3956 V NuPlayerDecoder:   size_t offset = 0
01-23 17:37:55.674  1732  3956 V NuPlayerDecoder:   size_t size = 4096
01-23 17:37:55.674  1732  3956 V NuPlayerDecoder:   int64_t timeUs = 2026666
01-23 17:37:55.674  1732  3956 V NuPlayerDecoder:   int32_t flags = 1
01-23 17:37:55.674  1732  3956 V NuPlayerDecoder: }
01-23 17:37:55.674  1732  3956 V NuPlayerDecoder: [audio] kWhatCodecNotify: cbID = 2, paused = 0
01-23 17:37:55.674  1732  3957 V ACodec  : [OMX.Freescale.std.audio_decoder.aac.sw-based] calling fillBuffer 5
01-23 17:37:55.674  1732  3953 V NuPlayerRenderer: onDrainAudioQueue: rendering audio at media time 2.03 secs
01-23 17:37:55.675  1732  3956 V NuPlayerDecoder: [OMX.Freescale.std.audio_decoder.aac.sw-based] onMessage: AMessage(what = 'rndr', target = 60) = {
01-23 17:37:55.675  1732  3956 V NuPlayerDecoder:   size_t buffer-ix = 2
01-23 17:37:55.675  1732  3956 V NuPlayerDecoder:   int32_t generation = 1
01-23 17:37:55.675  1732  3956 V NuPlayerDecoder:   size_t size = 4096
01-23 17:37:55.675  1732  3956 V NuPlayerDecoder: }
01-23 17:37:55.675  1732  3957 V ACodec  : [OMX.Freescale.std.audio_decoder.aac.sw-based] onOMXEmptyBufferDone 1
01-23 17:37:55.675  1732  3957 V ACodec  : [OMX.Freescale.std.audio_decoder.aac.sw-based] onOMXFillBufferDone 4 time 2048000 us, flags = 0x00000030
01-23 17:37:55.675  1732  3957 V ACodec  : [OMX.Freescale.std.audio_decoder.aac.sw-based] onOMXEmptyBufferDone 2
01-23 17:37:55.675  1732  3957 V MediaCodec: -- Looking at startdata. presentation 2048000, start 586770152500
01-23 17:37:55.675  1732  3956 V NuPlayerDecoder: [OMX.Freescale.std.audio_decoder.aac.sw-based] onMessage: AMessage(what = 'cdcN', target = 60) = {
01-23 17:37:55.675  1732  3956 V NuPlayerDecoder:   int32_t callbackID = 1
01-23 17:37:55.675  1732  3956 V NuPlayerDecoder:   int32_t index = 0
01-23 17:37:55.675  1732  3956 V NuPlayerDecoder: }
01-23 17:37:55.675  1732  3957 V MediaCodec: -- match entry for 2048000, hits our frame of 2048000
01-23 17:37:55.675  1732  3956 V NuPlayerDecoder: [audio] kWhatCodecNotify: cbID = 1, paused = 0
01-23 17:37:55.675  1732  3957 V ACodec  : [OMX.Freescale.std.audio_decoder.aac.sw-based] calling fillBuffer 6
01-23 17:37:55.676  1732  3957 V ACodec  : [OMX.Freescale.std.audio_decoder.aac.sw-based] calling emptyBuffer 1 w/ time 2474666 us
01-23 17:37:55.676  1732  3956 V NuPlayerDecoder: [OMX.Freescale.std.audio_decoder.aac.sw-based] onMessage: AMessage(what = 'cdcN', target = 60) = {
01-23 17:37:55.676  1732  3956 V NuPlayerDecoder:   int32_t callbackID = 2
01-23 17:37:55.676  1732  3956 V NuPlayerDecoder:   int32_t index = 0
01-23 17:37:55.676  1732  3956 V NuPlayerDecoder:   size_t offset = 0
01-23 17:37:55.676  1732  3956 V NuPlayerDecoder:   size_t size = 4096
01-23 17:37:55.676  1732  3956 V NuPlayerDecoder:   int64_t timeUs = 2048000
01-23 17:37:55.676  1732  3956 V NuPlayerDecoder:   int32_t flags = 1
01-23 17:37:55.676  1732  3956 V NuPlayerDecoder: }
01-23 17:37:55.676  1732  3956 V NuPlayerDecoder: [audio] kWhatCodecNotify: cbID = 2, paused = 0
01-23 17:37:55.676  1732  3957 V ACodec  : [OMX.Freescale.std.audio_decoder.aac.sw-based] onOMXFillBufferDone 5 time 2069333 us, flags = 0x00000030
01-23 17:37:55.676  1732  3953 V NuPlayerRenderer: onDrainAudioQueue: rendering audio at media time 2.05 secs
01-23 17:37:55.676  1732  3957 V MediaCodec: -- Looking at startdata. presentation 2069333, start 586770672750
01-23 17:37:55.676  1732  3957 V MediaCodec: -- match entry for 2069333, hits our frame of 2069333
01-23 17:37:55.676  1732  3956 V NuPlayerDecoder: [OMX.Freescale.std.audio_decoder.aac.sw-based] onMessage: AMessage(what = 'cdcN', target = 60) = {
01-23 17:37:55.676  1732  3956 V NuPlayerDecoder:   int32_t callbackID = 1
01-23 17:37:55.676  1732  3956 V NuPlayerDecoder:   int32_t index = 1
01-23 17:37:55.676  1732  3956 V NuPlayerDecoder: }
01-23 17:37:55.676  1732  3956 V NuPlayerDecoder: [audio] kWhatCodecNotify: cbID = 1, paused = 0
01-23 17:37:55.676  1732  3957 V ACodec  : [OMX.Freescale.std.audio_decoder.aac.sw-based] calling emptyBuffer 2 w/ time 2496000 us
01-23 17:37:55.676  1732  3956 V NuPlayerDecoder: [OMX.Freescale.std.audio_decoder.aac.sw-based] onMessage: AMessage(what = 'rndr', target = 60) = {
01-23 17:37:55.676  1732  3956 V NuPlayerDecoder:   size_t buffer-ix = 0
01-23 17:37:55.676  1732  3956 V NuPlayerDecoder:   int32_t generation = 1
01-23 17:37:55.676  1732  3956 V NuPlayerDecoder:   size_t size = 4096
01-23 17:37:55.676  1732  3956 V NuPlayerDecoder: }
01-23 17:37:55.677  1732  3957 V ACodec  : [OMX.Freescale.std.audio_decoder.aac.sw-based] onOMXEmptyBufferDone 3
01-23 17:37:55.677  1732  3957 V ACodec  : [OMX.Freescale.std.audio_decoder.aac.sw-based] onOMXFillBufferDone 6 time 2090666 us, flags = 0x00000030
01-23 17:37:55.677  1732  3957 V MediaCodec: -- Looking at startdata. presentation 2090666, start 586771274250
01-23 17:37:55.677  1732  3957 V MediaCodec: -- match entry for 2090666, hits our frame of 2090666
01-23 17:37:55.677  1732  3956 V NuPlayerDecoder: [OMX.Freescale.std.audio_decoder.aac.sw-based] onMessage: AMessage(what = 'cdcN', target = 60) = {
01-23 17:37:55.677  1732  3956 V NuPlayerDecoder:   int32_t callbackID = 2
01-23 17:37:55.677  1732  3956 V NuPlayerDecoder:   int32_t index = 1
01-23 17:37:55.677  1732  3956 V NuPlayerDecoder:   size_t offset = 0
01-23 17:37:55.677  1732  3956 V NuPlayerDecoder:   size_t size = 4096
01-23 17:37:55.677  1732  3956 V NuPlayerDecoder:   int64_t timeUs = 2069333
01-23 17:37:55.677  1732  3956 V NuPlayerDecoder:   int32_t flags = 1
01-23 17:37:55.677  1732  3956 V NuPlayerDecoder: }
01-23 17:37:55.677  1732  3957 V ACodec  : [OMX.Freescale.std.audio_decoder.aac.sw-based] calling fillBuffer 4
01-23 17:37:55.677  1732  3956 V NuPlayerDecoder: [audio] kWhatCodecNotify: cbID = 2, paused = 0
01-23 17:37:55.677  1732  3953 V NuPlayerRenderer: onDrainAudioQueue: rendering audio at media time 2.07 secs
01-23 17:37:55.677  1732  3956 V NuPlayerDecoder: [OMX.Freescale.std.audio_decoder.aac.sw-based] onMessage: AMessage(what = 'cdcN', target = 60) = {
01-23 17:37:55.677  1732  3956 V NuPlayerDecoder:   int32_t callbackID = 1
01-23 17:37:55.677  1732  3956 V NuPlayerDecoder:   int32_t index = 2
01-23 17:37:55.677  1732  3956 V NuPlayerDecoder: }
01-23 17:37:55.677  1732  3956 V NuPlayerDecoder: [audio] kWhatCodecNotify: cbID = 1, paused = 0
01-23 17:37:55.678  1732  3957 V ACodec  : [OMX.Freescale.std.audio_decoder.aac.sw-based] calling emptyBuffer 3 w/ time 2517333 us
01-23 17:37:55.678  1732  3956 V NuPlayerDecoder: [OMX.Freescale.std.audio_decoder.aac.sw-based] onMessage: AMessage(what = 'cdcN', target = 60) = {
01-23 17:37:55.678  1732  3956 V NuPlayerDecoder:   int32_t callbackID = 2
01-23 17:37:55.678  1732  3956 V NuPlayerDecoder:   int32_t index = 2
01-23 17:37:55.678  1732  3956 V NuPlayerDecoder:   size_t offset = 0
01-23 17:37:55.678  1732  3956 V NuPlayerDecoder:   size_t size = 4096
01-23 17:37:55.678  1732  3956 V NuPlayerDecoder:   int64_t timeUs = 2090666
01-23 17:37:55.678  1732  3956 V NuPlayerDecoder:   int32_t flags = 1
01-23 17:37:55.678  1732  3956 V NuPlayerDecoder: }
01-23 17:37:55.678  1732  3956 V NuPlayerDecoder: [audio] kWhatCodecNotify: cbID = 2, paused = 0
01-23 17:37:55.678  1732  3953 V NuPlayerRenderer: onDrainAudioQueue: rendering audio at media time 2.09 secs
01-23 17:37:55.678  1732  3956 V NuPlayerDecoder: [OMX.Freescale.std.audio_decoder.aac.sw-based] onMessage: AMessage(what = 'rndr', target = 60) = {
01-23 17:37:55.678  1732  3956 V NuPlayerDecoder:   size_t buffer-ix = 1
01-23 17:37:55.678  1732  3956 V NuPlayerDecoder:   int32_t generation = 1
01-23 17:37:55.678  1732  3956 V NuPlayerDecoder:   size_t size = 4096
01-23 17:37:55.678  1732  3956 V NuPlayerDecoder: }
01-23 17:37:55.678  1732  3957 V ACodec  : [OMX.Freescale.std.audio_decoder.aac.sw-based] onOMXFillBufferDone 4 time 2112000 us, flags = 0x00000030
01-23 17:37:55.678  1732  3957 V MediaCodec: -- Looking at startdata. presentation 2112000, start 586773693125
01-23 17:37:55.678  1732  3957 V MediaCodec: -- match entry for 2112000, hits our frame of 2112000
01-23 17:37:55.678  1732  3956 V NuPlayerDecoder: [OMX.Freescale.std.audio_decoder.aac.sw-based] onMessage: AMessage(what = 'rndr', target = 60) = {
01-23 17:37:55.678  1732  3956 V NuPlayerDecoder:   size_t buffer-ix = 2
01-23 17:37:55.678  1732  3956 V NuPlayerDecoder:   int32_t generation = 1
01-23 17:37:55.678  1732  3956 V NuPlayerDecoder:   size_t size = 4096
01-23 17:37:55.678  1732  3956 V NuPlayerDecoder: }
01-23 17:37:55.678  1732  3957 V ACodec  : [OMX.Freescale.std.audio_decoder.aac.sw-based] calling fillBuffer 5
01-23 17:37:55.679  1732  3957 V ACodec  : [OMX.Freescale.std.audio_decoder.aac.sw-based] calling fillBuffer 6
01-23 17:37:55.679  1732  3956 V NuPlayerDecoder: [OMX.Freescale.std.audio_decoder.aac.sw-based] onMessage: AMessage(what = 'cdcN', target = 60) = {
01-23 17:37:55.679  1732  3956 V NuPlayerDecoder:   int32_t callbackID = 2
01-23 17:37:55.679  1732  3956 V NuPlayerDecoder:   int32_t index = 0
01-23 17:37:55.679  1732  3956 V NuPlayerDecoder:   size_t offset = 0
01-23 17:37:55.679  1732  3956 V NuPlayerDecoder:   size_t size = 4096
01-23 17:37:55.679  1732  3956 V NuPlayerDecoder:   int64_t timeUs = 2112000
01-23 17:37:55.679  1732  3956 V NuPlayerDecoder:   int32_t flags = 1
01-23 17:37:55.679  1732  3956 V NuPlayerDecoder: }
01-23 17:37:55.679  1732  3956 V NuPlayerDecoder: [audio] kWhatCodecNotify: cbID = 2, paused = 0
01-23 17:37:55.679  1732  3953 V NuPlayerRenderer: onDrainAudioQueue: rendering audio at media time 2.11 secs
01-23 17:37:55.680  1732  3956 V NuPlayerDecoder: [OMX.Freescale.std.audio_decoder.aac.sw-based] onMessage: AMessage(what = 'rndr', target = 60) = {
01-23 17:37:55.680  1732  3956 V NuPlayerDecoder:   size_t buffer-ix = 0
01-23 17:37:55.680  1732  3956 V NuPlayerDecoder:   int32_t generation = 1
01-23 17:37:55.680  1732  3956 V NuPlayerDecoder:   size_t size = 4096
01-23 17:37:55.680  1732  3956 V NuPlayerDecoder: }
01-23 17:37:55.680  1732  3957 V ACodec  : [OMX.Freescale.std.audio_decoder.aac.sw-based] calling fillBuffer 4
01-23 17:37:55.680  1732  3957 V ACodec  : [OMX.Freescale.std.audio_decoder.aac.sw-based] onOMXEmptyBufferDone 1
01-23 17:37:55.680  1732  3957 V ACodec  : [OMX.Freescale.std.audio_decoder.aac.sw-based] onOMXFillBufferDone 5 time 2133333 us, flags = 0x00000030
01-23 17:37:55.680  1732  3957 V ACodec  : [OMX.Freescale.std.audio_decoder.aac.sw-based] onOMXEmptyBufferDone 2
01-23 17:37:55.680  1732  3957 V MediaCodec: -- Looking at startdata. presentation 2133333, start 586777227000
01-23 17:37:55.680  1732  3956 V NuPlayerDecoder: [OMX.Freescale.std.audio_decoder.aac.sw-based] onMessage: AMessage(what = 'cdcN', target = 60) = {
01-23 17:37:55.680  1732  3956 V NuPlayerDecoder:   int32_t callbackID = 1
01-23 17:37:55.680  1732  3956 V NuPlayerDecoder:   int32_t index = 0
01-23 17:37:55.680  1732  3956 V NuPlayerDecoder: }
01-23 17:37:55.680  1732  3957 V MediaCodec: -- match entry for 2133333, hits our frame of 2133333
01-23 17:37:55.680  1732  3956 V NuPlayerDecoder: [audio] kWhatCodecNotify: cbID = 1, paused = 0
01-23 17:37:55.680  1732  3957 V ACodec  : [OMX.Freescale.std.audio_decoder.aac.sw-based] calling emptyBuffer 1 w/ time 2538666 us
01-23 17:37:55.681  1732  3956 V NuPlayerDecoder: [OMX.Freescale.std.audio_decoder.aac.sw-based] onMessage: AMessage(what = 'cdcN', target = 60) = {
01-23 17:37:55.681  1732  3956 V NuPlayerDecoder:   int32_t callbackID = 2
01-23 17:37:55.681  1732  3956 V NuPlayerDecoder:   int32_t index = 1
01-23 17:37:55.681  1732  3956 V NuPlayerDecoder:   size_t offset = 0
01-23 17:37:55.681  1732  3956 V NuPlayerDecoder:   size_t size = 4096
01-23 17:37:55.681  1732  3956 V NuPlayerDecoder:   int64_t timeUs = 2133333
01-23 17:37:55.681  1732  3956 V NuPlayerDecoder:   int32_t flags = 1
01-23 17:37:55.681  1732  3956 V NuPlayerDecoder: }
01-23 17:37:55.681  1732  3956 V NuPlayerDecoder: [audio] kWhatCodecNotify: cbID = 2, paused = 0
01-23 17:37:55.681  1732  3953 V NuPlayerRenderer: onDrainAudioQueue: rendering audio at media time 2.13 secs
01-23 17:37:55.681  1732  3953 V NuPlayerRenderer: AudioSink write short frame count 1280 < 4096
01-23 17:37:55.681  1732  3957 V ACodec  : [OMX.Freescale.std.audio_decoder.aac.sw-based] onOMXFillBufferDone 6 time 2154666 us, flags = 0x00000030
01-23 17:37:55.681  1732  3956 V NuPlayerDecoder: [OMX.Freescale.std.audio_decoder.aac.sw-based] onMessage: AMessage(what = 'cdcN', target = 60) = {
01-23 17:37:55.681  1732  3956 V NuPlayerDecoder:   int32_t callbackID = 1
01-23 17:37:55.681  1732  3956 V NuPlayerDecoder:   int32_t index = 1
01-23 17:37:55.681  1732  3956 V NuPlayerDecoder: }
01-23 17:37:55.681  1732  3957 V ACodec  : [OMX.Freescale.std.audio_decoder.aac.sw-based] onOMXEmptyBufferDone 3
01-23 17:37:55.681  1732  3956 V NuPlayerDecoder: [audio] kWhatCodecNotify: cbID = 1, paused = 0
01-23 17:37:55.681  1732  3957 V ACodec  : [OMX.Freescale.std.audio_decoder.aac.sw-based] onOMXFillBufferDone 4 time 2176000 us, flags = 0x00000030
01-23 17:37:55.681  1732  3957 V MediaCodec: -- Looking at startdata. presentation 2154666, start 586778197125
01-23 17:37:55.681  1732  3957 V MediaCodec: -- match entry for 2154666, hits our frame of 2154666
01-23 17:37:55.681  1732  3957 V MediaCodec: -- Looking at startdata. presentation 2176000, start 586780899125
01-23 17:37:55.681  1732  3957 V MediaCodec: -- match entry for 2176000, hits our frame of 2176000
01-23 17:37:55.682  1732  3957 V ACodec  : [OMX.Freescale.std.audio_decoder.aac.sw-based] onOMXEmptyBufferDone 1
01-23 17:37:55.682  1732  3957 V ACodec  : [OMX.Freescale.std.audio_decoder.aac.sw-based] calling emptyBuffer 2 w/ time 2560000 us
01-23 17:37:55.682  1732  3956 V NuPlayerDecoder: [OMX.Freescale.std.audio_decoder.aac.sw-based] onMessage: AMessage(what = 'cdcN', target = 60) = {
01-23 17:37:55.682  1732  3956 V NuPlayerDecoder:   int32_t callbackID = 2
01-23 17:37:55.682  1732  3956 V NuPlayerDecoder:   int32_t index = 2
01-23 17:37:55.682  1732  3956 V NuPlayerDecoder:   size_t offset = 0
01-23 17:37:55.682  1732  3956 V NuPlayerDecoder:   size_t size = 4096
01-23 17:37:55.682  1732  3956 V NuPlayerDecoder:   int64_t timeUs = 2154666
01-23 17:37:55.682  1732  3956 V NuPlayerDecoder:   int32_t flags = 1
01-23 17:37:55.682  1732  3956 V NuPlayerDecoder: }
01-23 17:37:55.682  1732  3956 V NuPlayerDecoder: [audio] kWhatCodecNotify: cbID = 2, paused = 0
01-23 17:37:55.682  1732  3956 V NuPlayerDecoder: [OMX.Freescale.std.audio_decoder.aac.sw-based] onMessage: AMessage(what = 'cdcN', target = 60) = {
01-23 17:37:55.682  1732  3956 V NuPlayerDecoder:   int32_t callbackID = 1
01-23 17:37:55.682  1732  3956 V NuPlayerDecoder:   int32_t index = 2
01-23 17:37:55.682  1732  3956 V NuPlayerDecoder: }
01-23 17:37:55.682  1732  3956 V NuPlayerDecoder: [audio] kWhatCodecNotify: cbID = 1, paused = 0
01-23 17:37:55.682  1732  3957 V ACodec  : [OMX.Freescale.std.audio_decoder.aac.sw-based] calling emptyBuffer 3 w/ time 2581333 us
01-23 17:37:55.682  1732  3956 V NuPlayerDecoder: [OMX.Freescale.std.audio_decoder.aac.sw-based] onMessage: AMessage(what = 'cdcN', target = 60) = {
01-23 17:37:55.682  1732  3956 V NuPlayerDecoder:   int32_t callbackID = 2
01-23 17:37:55.682  1732  3956 V NuPlayerDecoder:   int32_t index = 0
01-23 17:37:55.682  1732  3956 V NuPlayerDecoder:   size_t offset = 0
01-23 17:37:55.682  1732  3956 V NuPlayerDecoder:   size_t size = 4096
01-23 17:37:55.682  1732  3956 V NuPlayerDecoder:   int64_t timeUs = 2176000
01-23 17:37:55.682  1732  3956 V NuPlayerDecoder:   int32_t flags = 1
01-23 17:37:55.682  1732  3956 V NuPlayerDecoder: }
01-23 17:37:55.682  1732  3956 V NuPlayerDecoder: [audio] kWhatCodecNotify: cbID = 2, paused = 0
01-23 17:37:55.682  1732  3957 V ACodec  : [OMX.Freescale.std.audio_decoder.aac.sw-based] onOMXEmptyBufferDone 2
01-23 17:37:55.682  1732  3956 V NuPlayerDecoder: [OMX.Freescale.std.audio_decoder.aac.sw-based] onMessage: AMessage(what = 'cdcN', target = 60) = {
01-23 17:37:55.682  1732  3956 V NuPlayerDecoder:   int32_t callbackID = 1
01-23 17:37:55.682  1732  3956 V NuPlayerDecoder:   int32_t index = 0
01-23 17:37:55.682  1732  3956 V NuPlayerDecoder: }
01-23 17:37:55.683  1732  3956 V NuPlayerDecoder: [audio] kWhatCodecNotify: cbID = 1, paused = 0
01-23 17:37:55.683  1732  3957 V ACodec  : [OMX.Freescale.std.audio_decoder.aac.sw-based] calling emptyBuffer 1 w/ time 2602666 us
01-23 17:37:55.683  1732  3956 V NuPlayerDecoder: [OMX.Freescale.std.audio_decoder.aac.sw-based] onMessage: AMessage(what = 'cdcN', target = 60) = {
01-23 17:37:55.683  1732  3956 V NuPlayerDecoder:   int32_t callbackID = 1
01-23 17:37:55.683  1732  3956 V NuPlayerDecoder:   int32_t index = 1
01-23 17:37:55.683  1732  3956 V NuPlayerDecoder: }
01-23 17:37:55.683  1732  3956 V NuPlayerDecoder: [audio] kWhatCodecNotify: cbID = 1, paused = 0
01-23 17:37:55.683  1732  3957 V ACodec  : [OMX.Freescale.std.audio_decoder.aac.sw-based] calling emptyBuffer 2 w/ time 2624000 us
01-23 17:37:55.870  1732  1804 V MediaPlayerService: [6] isPlaying: 1
01-23 17:37:55.870  3660  3660 V MediaPlayerNative: isPlaying: 1
01-23 17:37:55.870  3660  3660 V MediaPlayerNative: getCurrentPosition
01-23 17:37:55.870  1732  1804 V MediaPlayerService: getCurrentPosition
01-23 17:37:55.870  1732  1804 V MediaPlayerService: [6] getCurrentPosition = 1751
01-23 17:37:55.931  1732  3956 V NuPlayerDecoder: [OMX.Freescale.std.audio_decoder.aac.sw-based] onMessage: AMessage(what = 'rndr', target = 60) = {
01-23 17:37:55.931  1732  3956 V NuPlayerDecoder:   size_t buffer-ix = 1
01-23 17:37:55.931  1732  3956 V NuPlayerDecoder:   int32_t generation = 1
01-23 17:37:55.931  1732  3956 V NuPlayerDecoder:   size_t size = 4096
01-23 17:37:55.931  1732  3956 V NuPlayerDecoder: }
01-23 17:37:55.931  1732  3953 V NuPlayerRenderer: onDrainAudioQueue: rendering audio at media time 2.15 secs
01-23 17:37:55.932  1732  3953 V AudioSink: getPlayedOutDurationUs(1812356) nowUs(587309245) frames(86208) framesAt(587292889)
01-23 17:37:55.932  1732  3957 V ACodec  : [OMX.Freescale.std.audio_decoder.aac.sw-based] calling fillBuffer 5
01-23 17:37:55.932  1732  3953 V NuPlayerRenderer: onDrainAudioQueue: rendering audio at media time 2.18 secs
01-23 17:37:55.932  1732  3956 V NuPlayerDecoder: [OMX.Freescale.std.audio_decoder.aac.sw-based] onMessage: AMessage(what = 'rndr', target = 60) = {
01-23 17:37:55.932  1732  3956 V NuPlayerDecoder:   size_t buffer-ix = 2
01-23 17:37:55.932  1732  3956 V NuPlayerDecoder:   int32_t generation = 1
01-23 17:37:55.932  1732  3956 V NuPlayerDecoder:   size_t size = 4096
01-23 17:37:55.932  1732  3956 V NuPlayerDecoder: }
01-23 17:37:55.932  1732  3957 V ACodec  : [OMX.Freescale.std.audio_decoder.aac.sw-based] calling fillBuffer 6
01-23 17:37:55.932  1732  3956 V NuPlayerDecoder: [OMX.Freescale.std.audio_decoder.aac.sw-based] onMessage: AMessage(what = 'rndr', target = 60) = {
01-23 17:37:55.932  1732  3956 V NuPlayerDecoder:   size_t buffer-ix = 0
01-23 17:37:55.932  1732  3956 V NuPlayerDecoder:   int32_t generation = 1
01-23 17:37:55.932  1732  3956 V NuPlayerDecoder:   size_t size = 4096
01-23 17:37:55.932  1732  3956 V NuPlayerDecoder: }
01-23 17:37:55.932  1732  3957 V ACodec  : [OMX.Freescale.std.audio_decoder.aac.sw-based] calling fillBuffer 4
01-23 17:37:55.933  1732  3957 V ACodec  : [OMX.Freescale.std.audio_decoder.aac.sw-based] onOMXFillBufferDone 5 time 2197333 us, flags = 0x00000030
01-23 17:37:55.933  1732  3957 V ACodec  : [OMX.Freescale.std.audio_decoder.aac.sw-based] onOMXEmptyBufferDone 3
01-23 17:37:55.933  1732  3957 V ACodec  : [OMX.Freescale.std.audio_decoder.aac.sw-based] onOMXFillBufferDone 6 time 2218666 us, flags = 0x00000030
01-23 17:37:55.933  1732  3957 V ACodec  : [OMX.Freescale.std.audio_decoder.aac.sw-based] onOMXEmptyBufferDone 1
01-23 17:37:55.933  1732  3957 V ACodec  : [OMX.Freescale.std.audio_decoder.aac.sw-based] onOMXFillBufferDone 4 time 2240000 us, flags = 0x00000030
01-23 17:37:55.933  1732  3957 V MediaCodec: -- Looking at startdata. presentation 2197333, start 586783230000
01-23 17:37:55.934  1732  3957 V MediaCodec: -- match entry for 2197333, hits our frame of 2197333
01-23 17:37:55.934  1732  3957 V MediaCodec: -- Looking at startdata. presentation 2218666, start 586784993875
01-23 17:37:55.934  1732  3957 V MediaCodec: -- match entry for 2218666, hits our frame of 2218666
01-23 17:37:55.934  1732  3956 V NuPlayerDecoder: [OMX.Freescale.std.audio_decoder.aac.sw-based] onMessage: AMessage(what = 'cdcN', target = 60) = {
01-23 17:37:55.934  1732  3956 V NuPlayerDecoder:   int32_t callbackID = 2
01-23 17:37:55.934  1732  3956 V NuPlayerDecoder:   int32_t index = 1
01-23 17:37:55.934  1732  3956 V NuPlayerDecoder:   size_t offset = 0
01-23 17:37:55.934  1732  3956 V NuPlayerDecoder:   size_t size = 4096
01-23 17:37:55.934  1732  3956 V NuPlayerDecoder:   int64_t timeUs = 2197333
01-23 17:37:55.934  1732  3956 V NuPlayerDecoder:   int32_t flags = 1
01-23 17:37:55.934  1732  3956 V NuPlayerDecoder: }
01-23 17:37:55.934  1732  3956 V NuPlayerDecoder: [audio] kWhatCodecNotify: cbID = 2, paused = 0
01-23 17:37:55.934  1732  3957 V MediaCodec: -- Looking at startdata. presentation 2240000, start 586786370625
01-23 17:37:55.934  1732  3957 V MediaCodec: -- match entry for 2240000, hits our frame of 2240000
01-23 17:37:55.934  1732  3956 V NuPlayerDecoder: [OMX.Freescale.std.audio_decoder.aac.sw-based] onMessage: AMessage(what = 'cdcN', target = 60) = {
01-23 17:37:55.934  1732  3956 V NuPlayerDecoder:   int32_t callbackID = 1
01-23 17:37:55.934  1732  3956 V NuPlayerDecoder:   int32_t index = 2
01-23 17:37:55.934  1732  3956 V NuPlayerDecoder: }
01-23 17:37:55.934  1732  3956 V NuPlayerDecoder: [audio] kWhatCodecNotify: cbID = 1, paused = 0
01-23 17:37:55.934  1732  3953 V NuPlayerRenderer: onDrainAudioQueue: rendering audio at media time 2.20 secs
01-23 17:37:55.934  1732  3957 V ACodec  : [OMX.Freescale.std.audio_decoder.aac.sw-based] calling emptyBuffer 3 w/ time 2645333 us
01-23 17:37:55.934  1732  3956 V NuPlayerDecoder: [OMX.Freescale.std.audio_decoder.aac.sw-based] onMessage: AMessage(what = 'cdcN', target = 60) = {
01-23 17:37:55.934  1732  3956 V NuPlayerDecoder:   int32_t callbackID = 2
01-23 17:37:55.934  1732  3956 V NuPlayerDecoder:   int32_t index = 2
01-23 17:37:55.934  1732  3956 V NuPlayerDecoder:   size_t offset = 0
01-23 17:37:55.934  1732  3956 V NuPlayerDecoder:   size_t size = 4096
01-23 17:37:55.934  1732  3956 V NuPlayerDecoder:   int64_t timeUs = 2218666
01-23 17:37:55.934  1732  3956 V NuPlayerDecoder:   int32_t flags = 1
01-23 17:37:55.934  1732  3956 V NuPlayerDecoder: }
01-23 17:37:55.934  1732  3956 V NuPlayerDecoder: [audio] kWhatCodecNotify: cbID = 2, paused = 0
01-23 17:37:55.934  1732  3956 V NuPlayerDecoder: [OMX.Freescale.std.audio_decoder.aac.sw-based] onMessage: AMessage(what = 'cdcN', target = 60) = {
01-23 17:37:55.934  1732  3956 V NuPlayerDecoder:   int32_t callbackID = 1
01-23 17:37:55.934  1732  3956 V NuPlayerDecoder:   int32_t index = 0
01-23 17:37:55.934  1732  3956 V NuPlayerDecoder: }
01-23 17:37:55.934  1732  3953 V NuPlayerRenderer: onDrainAudioQueue: rendering audio at media time 2.22 secs
01-23 17:37:55.934  1732  3956 V NuPlayerDecoder: [audio] kWhatCodecNotify: cbID = 1, paused = 0
01-23 17:37:55.935  1732  3957 V ACodec  : [OMX.Freescale.std.audio_decoder.aac.sw-based] calling emptyBuffer 1 w/ time 2666666 us
01-23 17:37:55.935  1732  3956 V NuPlayerDecoder: [OMX.Freescale.std.audio_decoder.aac.sw-based] onMessage: AMessage(what = 'cdcN', target = 60) = {
01-23 17:37:55.935  1732  3956 V NuPlayerDecoder:   int32_t callbackID = 2
01-23 17:37:55.935  1732  3956 V NuPlayerDecoder:   int32_t index = 0
01-23 17:37:55.935  1732  3956 V NuPlayerDecoder:   size_t offset = 0
01-23 17:37:55.935  1732  3956 V NuPlayerDecoder:   size_t size = 4096
01-23 17:37:55.935  1732  3956 V NuPlayerDecoder:   int64_t timeUs = 2240000
01-23 17:37:55.935  1732  3956 V NuPlayerDecoder:   int32_t flags = 1
01-23 17:37:55.935  1732  3956 V NuPlayerDecoder: }
01-23 17:37:55.935  1732  3956 V NuPlayerDecoder: [audio] kWhatCodecNotify: cbID = 2, paused = 0
01-23 17:37:55.935  1732  3953 V NuPlayerRenderer: onDrainAudioQueue: rendering audio at media time 2.24 secs
01-23 17:37:55.935  1732  3956 V NuPlayerDecoder: [OMX.Freescale.std.audio_decoder.aac.sw-based] onMessage: AMessage(what = 'rndr', target = 60) = {
01-23 17:37:55.935  1732  3956 V NuPlayerDecoder:   size_t buffer-ix = 1
01-23 17:37:55.935  1732  3956 V NuPlayerDecoder:   int32_t generation = 1
01-23 17:37:55.935  1732  3956 V NuPlayerDecoder:   size_t size = 4096
01-23 17:37:55.935  1732  3956 V NuPlayerDecoder: }
01-23 17:37:55.935  1732  3957 V ACodec  : [OMX.Freescale.std.audio_decoder.aac.sw-based] calling fillBuffer 5
01-23 17:37:55.935  1732  3956 V NuPlayerDecoder: [OMX.Freescale.std.audio_decoder.aac.sw-based] onMessage: AMessage(what = 'rndr', target = 60) = {
01-23 17:37:55.935  1732  3956 V NuPlayerDecoder:   size_t buffer-ix = 2
01-23 17:37:55.935  1732  3956 V NuPlayerDecoder:   int32_t generation = 1
01-23 17:37:55.935  1732  3956 V NuPlayerDecoder:   size_t size = 4096
01-23 17:37:55.935  1732  3956 V NuPlayerDecoder: }
01-23 17:37:55.936  1732  3957 V ACodec  : [OMX.Freescale.std.audio_decoder.aac.sw-based] calling fillBuffer 6
01-23 17:37:55.936  1732  3956 V NuPlayerDecoder: [OMX.Freescale.std.audio_decoder.aac.sw-based] onMessage: AMessage(what = 'rndr', target = 60) = {
01-23 17:37:55.936  1732  3956 V NuPlayerDecoder:   size_t buffer-ix = 0
01-23 17:37:55.936  1732  3956 V NuPlayerDecoder:   int32_t generation = 1
01-23 17:37:55.936  1732  3956 V NuPlayerDecoder:   size_t size = 4096
01-23 17:37:55.936  1732  3956 V NuPlayerDecoder: }
01-23 17:37:55.936  1732  3957 V ACodec  : [OMX.Freescale.std.audio_decoder.aac.sw-based] calling fillBuffer 4
01-23 17:37:55.937  1732  3957 V ACodec  : [OMX.Freescale.std.audio_decoder.aac.sw-based] onOMXFillBufferDone 5 time 2261333 us, flags = 0x00000030
01-23 17:37:55.937  1732  3957 V ACodec  : [OMX.Freescale.std.audio_decoder.aac.sw-based] onOMXEmptyBufferDone 2
01-23 17:37:55.937  1732  3957 V ACodec  : [OMX.Freescale.std.audio_decoder.aac.sw-based] onOMXFillBufferDone 6 time 2282666 us, flags = 0x00000030
01-23 17:37:55.937  1732  3957 V ACodec  : [OMX.Freescale.std.audio_decoder.aac.sw-based] onOMXEmptyBufferDone 3
01-23 17:37:55.937  1732  3957 V MediaCodec: -- Looking at startdata. presentation 2261333, start 586786829125
01-23 17:37:55.937  1732  3957 V MediaCodec: -- match entry for 2261333, hits our frame of 2261333
01-23 17:37:55.937  1732  3957 V MediaCodec: -- Looking at startdata. presentation 2282666, start 586787760625
01-23 17:37:55.937  1732  3957 V MediaCodec: -- match entry for 2282666, hits our frame of 2282666
01-23 17:37:55.937  1732  3956 V NuPlayerDecoder: [OMX.Freescale.std.audio_decoder.aac.sw-based] onMessage: AMessage(what = 'cdcN', target = 60) = {
01-23 17:37:55.937  1732  3956 V NuPlayerDecoder:   int32_t callbackID = 2
01-23 17:37:55.937  1732  3956 V NuPlayerDecoder:   int32_t index = 1
01-23 17:37:55.937  1732  3956 V NuPlayerDecoder:   size_t offset = 0
01-23 17:37:55.937  1732  3956 V NuPlayerDecoder:   size_t size = 4096
01-23 17:37:55.937  1732  3956 V NuPlayerDecoder:   int64_t timeUs = 2261333
01-23 17:37:55.937  1732  3956 V NuPlayerDecoder:   int32_t flags = 1
01-23 17:37:55.937  1732  3956 V NuPlayerDecoder: }
01-23 17:37:55.937  1732  3957 V ACodec  : [OMX.Freescale.std.audio_decoder.aac.sw-based] onOMXFillBufferDone 4 time 2304000 us, flags = 0x00000030
01-23 17:37:55.937  1732  3956 V NuPlayerDecoder: [audio] kWhatCodecNotify: cbID = 2, paused = 0
01-23 17:37:55.937  1732  3957 V ACodec  : [OMX.Freescale.std.audio_decoder.aac.sw-based] onOMXEmptyBufferDone 1
01-23 17:37:55.937  1732  3956 V NuPlayerDecoder: [OMX.Freescale.std.audio_decoder.aac.sw-based] onMessage: AMessage(what = 'cdcN', target = 60) = {
01-23 17:37:55.937  1732  3956 V NuPlayerDecoder:   int32_t callbackID = 1
01-23 17:37:55.937  1732  3956 V NuPlayerDecoder:   int32_t index = 1
01-23 17:37:55.937  1732  3956 V NuPlayerDecoder: }
01-23 17:37:55.937  1732  3953 V NuPlayerRenderer: onDrainAudioQueue: rendering audio at media time 2.26 secs
01-23 17:37:55.937  1732  3956 V NuPlayerDecoder: [audio] kWhatCodecNotify: cbID = 1, paused = 0
01-23 17:37:55.938  1732  3957 V MediaCodec: -- Looking at startdata. presentation 2304000, start 586788935750
01-23 17:37:55.938  1732  3957 V MediaCodec: -- match entry for 2304000, hits our frame of 2304000
01-23 17:37:55.938  1732  3957 V ACodec  : [OMX.Freescale.std.audio_decoder.aac.sw-based] calling emptyBuffer 2 w/ time 2688000 us
01-23 17:37:55.938  1732  3956 V NuPlayerDecoder: [OMX.Freescale.std.audio_decoder.aac.sw-based] onMessage: AMessage(what = 'cdcN', target = 60) = {
01-23 17:37:55.938  1732  3956 V NuPlayerDecoder:   int32_t callbackID = 2
01-23 17:37:55.938  1732  3956 V NuPlayerDecoder:   int32_t index = 2
01-23 17:37:55.938  1732  3956 V NuPlayerDecoder:   size_t offset = 0
01-23 17:37:55.938  1732  3956 V NuPlayerDecoder:   size_t size = 4096
01-23 17:37:55.938  1732  3956 V NuPlayerDecoder:   int64_t timeUs = 2282666
01-23 17:37:55.938  1732  3956 V NuPlayerDecoder:   int32_t flags = 1
01-23 17:37:55.938  1732  3956 V NuPlayerDecoder: }
01-23 17:37:55.938  1732  3956 V NuPlayerDecoder: [audio] kWhatCodecNotify: cbID = 2, paused = 0
01-23 17:37:55.938  1732  3956 V NuPlayerDecoder: [OMX.Freescale.std.audio_decoder.aac.sw-based] onMessage: AMessage(what = 'cdcN', target = 60) = {
01-23 17:37:55.938  1732  3956 V NuPlayerDecoder:   int32_t callbackID = 1
01-23 17:37:55.938  1732  3956 V NuPlayerDecoder:   int32_t index = 2
01-23 17:37:55.938  1732  3956 V NuPlayerDecoder: }
01-23 17:37:55.938  1732  3953 V NuPlayerRenderer: onDrainAudioQueue: rendering audio at media time 2.28 secs
01-23 17:37:55.938  1732  3956 V NuPlayerDecoder: [audio] kWhatCodecNotify: cbID = 1, paused = 0
01-23 17:37:55.938  1732  3957 V ACodec  : [OMX.Freescale.std.audio_decoder.aac.sw-based] calling emptyBuffer 3 w/ time 2709333 us
01-23 17:37:55.938  1732  3956 V NuPlayerDecoder: [OMX.Freescale.std.audio_decoder.aac.sw-based] onMessage: AMessage(what = 'rndr', target = 60) = {
01-23 17:37:55.938  1732  3956 V NuPlayerDecoder:   size_t buffer-ix = 1
01-23 17:37:55.938  1732  3956 V NuPlayerDecoder:   int32_t generation = 1
01-23 17:37:55.938  1732  3956 V NuPlayerDecoder:   size_t size = 4096
01-23 17:37:55.938  1732  3956 V NuPlayerDecoder: }
01-23 17:37:55.939  1732  3957 V ACodec  : [OMX.Freescale.std.audio_decoder.aac.sw-based] calling fillBuffer 5
01-23 17:37:55.939  1732  3956 V NuPlayerDecoder: [OMX.Freescale.std.audio_decoder.aac.sw-based] onMessage: AMessage(what = 'cdcN', target = 60) = {
01-23 17:37:55.939  1732  3956 V NuPlayerDecoder:   int32_t callbackID = 2
01-23 17:37:55.939  1732  3956 V NuPlayerDecoder:   int32_t index = 0
01-23 17:37:55.939  1732  3956 V NuPlayerDecoder:   size_t offset = 0
01-23 17:37:55.939  1732  3956 V NuPlayerDecoder:   size_t size = 4096
01-23 17:37:55.939  1732  3956 V NuPlayerDecoder:   int64_t timeUs = 2304000
01-23 17:37:55.939  1732  3956 V NuPlayerDecoder:   int32_t flags = 1
01-23 17:37:55.939  1732  3956 V NuPlayerDecoder: }
01-23 17:37:55.939  1732  3956 V NuPlayerDecoder: [audio] kWhatCodecNotify: cbID = 2, paused = 0
01-23 17:37:55.939  1732  3956 V NuPlayerDecoder: [OMX.Freescale.std.audio_decoder.aac.sw-based] onMessage: AMessage(what = 'cdcN', target = 60) = {
01-23 17:37:55.939  1732  3956 V NuPlayerDecoder:   int32_t callbackID = 1
01-23 17:37:55.939  1732  3956 V NuPlayerDecoder:   int32_t index = 0
01-23 17:37:55.939  1732  3956 V NuPlayerDecoder: }
01-23 17:37:55.939  1732  3953 V NuPlayerRenderer: onDrainAudioQueue: rendering audio at media time 2.30 secs
01-23 17:37:55.939  1732  3956 V NuPlayerDecoder: [audio] kWhatCodecNotify: cbID = 1, paused = 0
01-23 17:37:55.940  1732  3957 V ACodec  : [OMX.Freescale.std.audio_decoder.aac.sw-based] calling emptyBuffer 1 w/ time 2730666 us
01-23 17:37:55.940  1732  3956 V NuPlayerDecoder: [OMX.Freescale.std.audio_decoder.aac.sw-based] onMessage: AMessage(what = 'rndr', target = 60) = {
01-23 17:37:55.940  1732  3956 V NuPlayerDecoder:   size_t buffer-ix = 2
01-23 17:37:55.940  1732  3956 V NuPlayerDecoder:   int32_t generation = 1
01-23 17:37:55.940  1732  3956 V NuPlayerDecoder:   size_t size = 4096
01-23 17:37:55.940  1732  3956 V NuPlayerDecoder: }
01-23 17:37:55.940  1732  3957 V ACodec  : [OMX.Freescale.std.audio_decoder.aac.sw-based] onOMXEmptyBufferDone 2
01-23 17:37:55.940  1732  3956 V NuPlayerDecoder: [OMX.Freescale.std.audio_decoder.aac.sw-based] onMessage: AMessage(what = 'rndr', target = 60) = {
01-23 17:37:55.940  1732  3956 V NuPlayerDecoder:   size_t buffer-ix = 0
01-23 17:37:55.940  1732  3956 V NuPlayerDecoder:   int32_t generation = 1
01-23 17:37:55.940  1732  3956 V NuPlayerDecoder:   size_t size = 4096
01-23 17:37:55.940  1732  3956 V NuPlayerDecoder: }
01-23 17:37:55.940  1732  3957 V ACodec  : [OMX.Freescale.std.audio_decoder.aac.sw-based] calling fillBuffer 6
01-23 17:37:55.940  1732  3957 V ACodec  : [OMX.Freescale.std.audio_decoder.aac.sw-based] calling fillBuffer 4
01-23 17:37:55.940  1732  3956 V NuPlayerDecoder: [OMX.Freescale.std.audio_decoder.aac.sw-based] onMessage: AMessage(what = 'cdcN', target = 60) = {
01-23 17:37:55.940  1732  3956 V NuPlayerDecoder:   int32_t callbackID = 1
01-23 17:37:55.940  1732  3956 V NuPlayerDecoder:   int32_t index = 1
01-23 17:37:55.940  1732  3956 V NuPlayerDecoder: }
01-23 17:37:55.941  1732  3956 V NuPlayerDecoder: [audio] kWhatCodecNotify: cbID = 1, paused = 0
01-23 17:37:55.941  1732  3957 V ACodec  : [OMX.Freescale.std.audio_decoder.aac.sw-based] calling emptyBuffer 2 w/ time 2752000 us
01-23 17:37:55.941  1732  3957 V ACodec  : [OMX.Freescale.std.audio_decoder.aac.sw-based] onOMXFillBufferDone 5 time 2325333 us, flags = 0x00000030
01-23 17:37:55.941  1732  3957 V ACodec  : [OMX.Freescale.std.audio_decoder.aac.sw-based] onOMXEmptyBufferDone 3
01-23 17:37:55.941  1732  3957 V ACodec  : [OMX.Freescale.std.audio_decoder.aac.sw-based] onOMXFillBufferDone 6 time 2346666 us, flags = 0x00000030
01-23 17:37:55.941  1732  3957 V ACodec  : [OMX.Freescale.std.audio_decoder.aac.sw-based] onOMXEmptyBufferDone 1
01-23 17:37:55.941  1732  3957 V ACodec  : [OMX.Freescale.std.audio_decoder.aac.sw-based] onOMXFillBufferDone 4 time 2368000 us, flags = 0x00000030
01-23 17:37:55.941  1732  3957 V MediaCodec: -- Looking at startdata. presentation 2325333, start 586789695500
01-23 17:37:55.942  1732  3957 V MediaCodec: -- match entry for 2325333, hits our frame of 2325333
01-23 17:37:55.942  1732  3957 V ACodec  : [OMX.Freescale.std.audio_decoder.aac.sw-based] onOMXEmptyBufferDone 2
01-23 17:37:55.942  1732  3956 V NuPlayerDecoder: [OMX.Freescale.std.audio_decoder.aac.sw-based] onMessage: AMessage(what = 'cdcN', target = 60) = {
01-23 17:37:55.942  1732  3956 V NuPlayerDecoder:   int32_t callbackID = 2
01-23 17:37:55.942  1732  3956 V NuPlayerDecoder:   int32_t index = 1
01-23 17:37:55.942  1732  3956 V NuPlayerDecoder:   size_t offset = 0
01-23 17:37:55.942  1732  3956 V NuPlayerDecoder:   size_t size = 4096
01-23 17:37:55.942  1732  3956 V NuPlayerDecoder:   int64_t timeUs = 2325333
01-23 17:37:55.942  1732  3956 V NuPlayerDecoder:   int32_t flags = 1
01-23 17:37:55.942  1732  3956 V NuPlayerDecoder: }
01-23 17:37:55.942  1732  3957 V MediaCodec: -- Looking at startdata. presentation 2346666, start 587042417375
01-23 17:37:55.942  1732  3956 V NuPlayerDecoder: [audio] kWhatCodecNotify: cbID = 2, paused = 0
01-23 17:37:55.942  1732  3957 V MediaCodec: -- match entry for 2346666, hits our frame of 2346666
01-23 17:37:55.942  1732  3953 V NuPlayerRenderer: onDrainAudioQueue: rendering audio at media time 2.33 secs
01-23 17:37:55.942  1732  3956 V NuPlayerDecoder: [OMX.Freescale.std.audio_decoder.aac.sw-based] onMessage: AMessage(what = 'cdcN', target = 60) = {
01-23 17:37:55.942  1732  3956 V NuPlayerDecoder:   int32_t callbackID = 1
01-23 17:37:55.942  1732  3956 V NuPlayerDecoder:   int32_t index = 2
01-23 17:37:55.942  1732  3956 V NuPlayerDecoder: }
01-23 17:37:55.942  1732  3957 V MediaCodec: -- Looking at startdata. presentation 2368000, start 587045102375
01-23 17:37:55.942  1732  3956 V NuPlayerDecoder: [audio] kWhatCodecNotify: cbID = 1, paused = 0
01-23 17:37:55.942  1732  3957 V MediaCodec: -- match entry for 2368000, hits our frame of 2368000
01-23 17:37:55.942  1732  3957 V ACodec  : [OMX.Freescale.std.audio_decoder.aac.sw-based] calling emptyBuffer 3 w/ time 2773333 us
01-23 17:37:55.942  1732  3956 V NuPlayerDecoder: [OMX.Freescale.std.audio_decoder.aac.sw-based] onMessage: AMessage(what = 'cdcN', target = 60) = {
01-23 17:37:55.942  1732  3956 V NuPlayerDecoder:   int32_t callbackID = 2
01-23 17:37:55.942  1732  3956 V NuPlayerDecoder:   int32_t index = 2
01-23 17:37:55.942  1732  3956 V NuPlayerDecoder:   size_t offset = 0
01-23 17:37:55.942  1732  3956 V NuPlayerDecoder:   size_t size = 4096
01-23 17:37:55.942  1732  3956 V NuPlayerDecoder:   int64_t timeUs = 2346666
01-23 17:37:55.942  1732  3956 V NuPlayerDecoder:   int32_t flags = 1
01-23 17:37:55.942  1732  3956 V NuPlayerDecoder: }
01-23 17:37:55.942  1732  3956 V NuPlayerDecoder: [audio] kWhatCodecNotify: cbID = 2, paused = 0
01-23 17:37:55.943  1732  3956 V NuPlayerDecoder: [OMX.Freescale.std.audio_decoder.aac.sw-based] onMessage: AMessage(what = 'cdcN', target = 60) = {
01-23 17:37:55.943  1732  3956 V NuPlayerDecoder:   int32_t callbackID = 1
01-23 17:37:55.943  1732  3956 V NuPlayerDecoder:   int32_t index = 0
01-23 17:37:55.943  1732  3956 V NuPlayerDecoder: }
