01-23 17:37:54.317  1732  3956 V NuPlayerDecoder:   size_t size = 4096
01-23 17:37:54.317  1732  3956 V NuPlayerDecoder: }
01-23 17:37:54.317  1732  3957 V ACodec  : [OMX.Freescale.std.audio_decoder.aac.sw-based] onOMXEmptyBufferDone 1
01-23 17:37:54.318  1732  3956 V NuPlayerDecoder: [OMX.Freescale.std.audio_decoder.aac.sw-based] onMessage: AMessage(what = 'cdcN', target = 60) = {
01-23 17:37:54.318  1732  3956 V NuPlayerDecoder:   int32_t callbackID = 1
01-23 17:37:54.318  1732  3956 V NuPlayerDecoder:   int32_t index = 0
01-23 17:37:54.318  1732  3956 V NuPlayerDecoder: }
01-23 17:37:54.318  1732  3956 V NuPlayerDecoder: [audio] kWhatCodecNotify: cbID = 1, paused = 0
01-23 17:37:54.318  1732  3957 V ACodec  : [OMX.Freescale.std.audio_decoder.aac.sw-based] calling fillBuffer 6
01-23 17:37:54.319  1732  3957 V ACodec  : [OMX.Freescale.std.audio_decoder.aac.sw-based] calling emptyBuffer 1 w/ time 1066666 us
01-23 17:37:54.322  1732  3957 V ACodec  : [OMX.Freescale.std.audio_decoder.aac.sw-based] onOMXFillBufferDone 4 time 640000 us, flags = 0x00000030
01-23 17:37:54.322  1732  3957 V ACodec  : [OMX.Freescale.std.audio_decoder.aac.sw-based] onOMXEmptyBufferDone 2
01-23 17:37:54.322  1732  3957 V ACodec  : [OMX.Freescale.std.audio_decoder.aac.sw-based] onOMXFillBufferDone 5 time 661333 us, flags = 0x00000030
01-23 17:37:54.322  1732  3957 V ACodec  : [OMX.Freescale.std.audio_decoder.aac.sw-based] onOMXEmptyBufferDone 3
01-23 17:37:54.322  1732  3957 V ACodec  : [OMX.Freescale.std.audio_decoder.aac.sw-based] onOMXFillBufferDone 6 time 682666 us, flags = 0x00000030
01-23 17:37:54.322  1732  3957 V ACodec  : [OMX.Freescale.std.audio_decoder.aac.sw-based] onOMXEmptyBufferDone 1
01-23 17:37:54.322  1732  3957 V MediaCodec: -- Looking at startdata. presentation 640000, start 585371961750
01-23 17:37:54.322  1732  3957 V MediaCodec: -- match entry for 640000, hits our frame of 640000
01-23 17:37:54.322  1732  3956 V NuPlayerDecoder: [OMX.Freescale.std.audio_decoder.aac.sw-based] onMessage: AMessage(what = 'cdcN', target = 60) = {
01-23 17:37:54.322  1732  3956 V NuPlayerDecoder:   int32_t callbackID = 2
01-23 17:37:54.322  1732  3956 V NuPlayerDecoder:   int32_t index = 0
01-23 17:37:54.322  1732  3956 V NuPlayerDecoder:   size_t offset = 0
01-23 17:37:54.322  1732  3956 V NuPlayerDecoder:   size_t size = 4096
01-23 17:37:54.322  1732  3956 V NuPlayerDecoder:   int64_t timeUs = 640000
01-23 17:37:54.322  1732  3956 V NuPlayerDecoder:   int32_t flags = 1
01-23 17:37:54.322  1732  3956 V NuPlayerDecoder: }
01-23 17:37:54.322  1732  3956 V NuPlayerDecoder: [audio] kWhatCodecNotify: cbID = 2, paused = 0
01-23 17:37:54.322  1732  3953 V NuPlayerRenderer: onDrainAudioQueue: rendering audio at media time 0.64 secs
01-23 17:37:54.323  1732  3956 V NuPlayerDecoder: [OMX.Freescale.std.audio_decoder.aac.sw-based] onMessage: AMessage(what = 'rndr', target = 60) = {
01-23 17:37:54.323  1732  3956 V NuPlayerDecoder:   size_t buffer-ix = 0
01-23 17:37:54.323  1732  3956 V NuPlayerDecoder:   int32_t generation = 1
01-23 17:37:54.323  1732  3956 V NuPlayerDecoder:   size_t size = 4096
01-23 17:37:54.323  1732  3956 V NuPlayerDecoder: }
01-23 17:37:54.323  1732  3957 V MediaCodec: -- Looking at startdata. presentation 661333, start 585377193375
01-23 17:37:54.323  1732  3957 V MediaCodec: -- match entry for 661333, hits our frame of 661333
01-23 17:37:54.323  1732  3957 V MediaCodec: -- Looking at startdata. presentation 682666, start 585377905750
01-23 17:37:54.323  1732  3957 V MediaCodec: -- match entry for 682666, hits our frame of 682666
01-23 17:37:54.323  1732  3956 V NuPlayerDecoder: [OMX.Freescale.std.audio_decoder.aac.sw-based] onMessage: AMessage(what = 'cdcN', target = 60) = {
01-23 17:37:54.323  1732  3956 V NuPlayerDecoder:   int32_t callbackID = 1
01-23 17:37:54.323  1732  3956 V NuPlayerDecoder:   int32_t index = 1
01-23 17:37:54.323  1732  3956 V NuPlayerDecoder: }
01-23 17:37:54.323  1732  3956 V NuPlayerDecoder: [audio] kWhatCodecNotify: cbID = 1, paused = 0
01-23 17:37:54.323  1732  3957 V ACodec  : [OMX.Freescale.std.audio_decoder.aac.sw-based] calling fillBuffer 4
01-23 17:37:54.324  1732  3956 V NuPlayerDecoder: [OMX.Freescale.std.audio_decoder.aac.sw-based] onMessage: AMessage(what = 'cdcN', target = 60) = {
01-23 17:37:54.324  1732  3956 V NuPlayerDecoder:   int32_t callbackID = 2
01-23 17:37:54.324  1732  3956 V NuPlayerDecoder:   int32_t index = 1
01-23 17:37:54.324  1732  3956 V NuPlayerDecoder:   size_t offset = 0
01-23 17:37:54.324  1732  3956 V NuPlayerDecoder:   size_t size = 4096
01-23 17:37:54.324  1732  3956 V NuPlayerDecoder:   int64_t timeUs = 661333
01-23 17:37:54.324  1732  3956 V NuPlayerDecoder:   int32_t flags = 1
01-23 17:37:54.324  1732  3956 V NuPlayerDecoder: }
01-23 17:37:54.324  1732  3956 V NuPlayerDecoder: [audio] kWhatCodecNotify: cbID = 2, paused = 0
01-23 17:37:54.325  1732  3953 V NuPlayerRenderer: onDrainAudioQueue: rendering audio at media time 0.66 secs
01-23 17:37:54.325  1732  3956 V NuPlayerDecoder: [OMX.Freescale.std.audio_decoder.aac.sw-based] onMessage: AMessage(what = 'cdcN', target = 60) = {
01-23 17:37:54.325  1732  3956 V NuPlayerDecoder:   int32_t callbackID = 1
01-23 17:37:54.325  1732  3956 V NuPlayerDecoder:   int32_t index = 2
01-23 17:37:54.325  1732  3956 V NuPlayerDecoder: }
01-23 17:37:54.325  1732  3956 V NuPlayerDecoder: [audio] kWhatCodecNotify: cbID = 1, paused = 0
01-23 17:37:54.325  1732  3957 V ACodec  : [OMX.Freescale.std.audio_decoder.aac.sw-based] calling emptyBuffer 2 w/ time 1088000 us
01-23 17:37:54.325  1732  3956 V NuPlayerDecoder: [OMX.Freescale.std.audio_decoder.aac.sw-based] onMessage: AMessage(what = 'cdcN', target = 60) = {
01-23 17:37:54.325  1732  3956 V NuPlayerDecoder:   int32_t callbackID = 2
01-23 17:37:54.325  1732  3956 V NuPlayerDecoder:   int32_t index = 2
01-23 17:37:54.325  1732  3956 V NuPlayerDecoder:   size_t offset = 0
01-23 17:37:54.325  1732  3956 V NuPlayerDecoder:   size_t size = 4096
01-23 17:37:54.325  1732  3956 V NuPlayerDecoder:   int64_t timeUs = 682666
01-23 17:37:54.325  1732  3956 V NuPlayerDecoder:   int32_t flags = 1
01-23 17:37:54.325  1732  3956 V NuPlayerDecoder: }
01-23 17:37:54.326  1732  3956 V NuPlayerDecoder: [audio] kWhatCodecNotify: cbID = 2, paused = 0
01-23 17:37:54.326  1732  3953 V NuPlayerRenderer: onDrainAudioQueue: rendering audio at media time 0.68 secs
01-23 17:37:54.326  1732  3956 V NuPlayerDecoder: [OMX.Freescale.std.audio_decoder.aac.sw-based] onMessage: AMessage(what = 'cdcN', target = 60) = {
01-23 17:37:54.326  1732  3956 V NuPlayerDecoder:   int32_t callbackID = 1
01-23 17:37:54.326  1732  3956 V NuPlayerDecoder:   int32_t index = 0
01-23 17:37:54.326  1732  3956 V NuPlayerDecoder: }
01-23 17:37:54.326  1732  3956 V NuPlayerDecoder: [audio] kWhatCodecNotify: cbID = 1, paused = 0
01-23 17:37:54.326  1732  3957 V ACodec  : [OMX.Freescale.std.audio_decoder.aac.sw-based] calling emptyBuffer 3 w/ time 1109333 us
01-23 17:37:54.326  1732  3956 V NuPlayerDecoder: [OMX.Freescale.std.audio_decoder.aac.sw-based] onMessage: AMessage(what = 'rndr', target = 60) = {
01-23 17:37:54.326  1732  3956 V NuPlayerDecoder:   size_t buffer-ix = 1
01-23 17:37:54.326  1732  3956 V NuPlayerDecoder:   int32_t generation = 1
01-23 17:37:54.326  1732  3956 V NuPlayerDecoder:   size_t size = 4096
01-23 17:37:54.326  1732  3956 V NuPlayerDecoder: }
01-23 17:37:54.327  1732  3957 V ACodec  : [OMX.Freescale.std.audio_decoder.aac.sw-based] calling emptyBuffer 1 w/ time 1130666 us
01-23 17:37:54.327  1732  3956 V NuPlayerDecoder: [OMX.Freescale.std.audio_decoder.aac.sw-based] onMessage: AMessage(what = 'rndr', target = 60) = {
01-23 17:37:54.327  1732  3956 V NuPlayerDecoder:   size_t buffer-ix = 2
01-23 17:37:54.327  1732  3956 V NuPlayerDecoder:   int32_t generation = 1
01-23 17:37:54.327  1732  3956 V NuPlayerDecoder:   size_t size = 4096
01-23 17:37:54.327  1732  3956 V NuPlayerDecoder: }
01-23 17:37:54.327  1732  3957 V ACodec  : [OMX.Freescale.std.audio_decoder.aac.sw-based] calling fillBuffer 5
01-23 17:37:54.328  1732  3957 V ACodec  : [OMX.Freescale.std.audio_decoder.aac.sw-based] onOMXFillBufferDone 4 time 704000 us, flags = 0x00000030
01-23 17:37:54.328  1732  3957 V ACodec  : [OMX.Freescale.std.audio_decoder.aac.sw-based] onOMXEmptyBufferDone 2
01-23 17:37:54.328  1732  3957 V ACodec  : [OMX.Freescale.std.audio_decoder.aac.sw-based] calling fillBuffer 6
01-23 17:37:54.328  1732  3957 V MediaCodec: -- Looking at startdata. presentation 704000, start 585382608625
01-23 17:37:54.328  1732  3957 V MediaCodec: -- match entry for 704000, hits our frame of 704000
01-23 17:37:54.328  1732  3956 V NuPlayerDecoder: [OMX.Freescale.std.audio_decoder.aac.sw-based] onMessage: AMessage(what = 'cdcN', target = 60) = {
01-23 17:37:54.328  1732  3956 V NuPlayerDecoder:   int32_t callbackID = 2
01-23 17:37:54.328  1732  3956 V NuPlayerDecoder:   int32_t index = 0
01-23 17:37:54.328  1732  3956 V NuPlayerDecoder:   size_t offset = 0
01-23 17:37:54.328  1732  3956 V NuPlayerDecoder:   size_t size = 4096
01-23 17:37:54.328  1732  3956 V NuPlayerDecoder:   int64_t timeUs = 704000
01-23 17:37:54.328  1732  3956 V NuPlayerDecoder:   int32_t flags = 1
01-23 17:37:54.328  1732  3956 V NuPlayerDecoder: }
01-23 17:37:54.328  1732  3956 V NuPlayerDecoder: [audio] kWhatCodecNotify: cbID = 2, paused = 0
01-23 17:37:54.329  1732  3953 V NuPlayerRenderer: onDrainAudioQueue: rendering audio at media time 0.70 secs
01-23 17:37:54.329  1732  3956 V NuPlayerDecoder: [OMX.Freescale.std.audio_decoder.aac.sw-based] onMessage: AMessage(what = 'rndr', target = 60) = {
01-23 17:37:54.329  1732  3956 V NuPlayerDecoder:   size_t buffer-ix = 0
01-23 17:37:54.329  1732  3956 V NuPlayerDecoder:   int32_t generation = 1
01-23 17:37:54.329  1732  3956 V NuPlayerDecoder:   size_t size = 4096
01-23 17:37:54.329  1732  3956 V NuPlayerDecoder: }
01-23 17:37:54.329  1732  3957 V ACodec  : [OMX.Freescale.std.audio_decoder.aac.sw-based] onOMXFillBufferDone 5 time 725333 us, flags = 0x00000030
01-23 17:37:54.329  1732  3957 V ACodec  : [OMX.Freescale.std.audio_decoder.aac.sw-based] onOMXEmptyBufferDone 3
01-23 17:37:54.329  1732  3956 V NuPlayerDecoder: [OMX.Freescale.std.audio_decoder.aac.sw-based] onMessage: AMessage(what = 'cdcN', target = 60) = {
01-23 17:37:54.329  1732  3956 V NuPlayerDecoder:   int32_t callbackID = 1
01-23 17:37:54.329  1732  3956 V NuPlayerDecoder:   int32_t index = 1
01-23 17:37:54.329  1732  3956 V NuPlayerDecoder: }
01-23 17:37:54.329  1732  3956 V NuPlayerDecoder: [audio] kWhatCodecNotify: cbID = 1, paused = 0
01-23 17:37:54.329  1732  3957 V ACodec  : [OMX.Freescale.std.audio_decoder.aac.sw-based] onOMXFillBufferDone 6 time 746666 us, flags = 0x00000030
01-23 17:37:54.329  1732  3957 V MediaCodec: -- Looking at startdata. presentation 725333, start 585389392750
01-23 17:37:54.329  1732  3957 V MediaCodec: -- match entry for 725333, hits our frame of 725333
01-23 17:37:54.329  1732  3957 V ACodec  : [OMX.Freescale.std.audio_decoder.aac.sw-based] calling fillBuffer 4
01-23 17:37:54.330  1732  3957 V ACodec  : [OMX.Freescale.std.audio_decoder.aac.sw-based] onOMXEmptyBufferDone 1
01-23 17:37:54.330  1732  3956 V NuPlayerDecoder: [OMX.Freescale.std.audio_decoder.aac.sw-based] onMessage: AMessage(what = 'cdcN', target = 60) = {
01-23 17:37:54.330  1732  3956 V NuPlayerDecoder:   int32_t callbackID = 2
01-23 17:37:54.330  1732  3956 V NuPlayerDecoder:   int32_t index = 1
01-23 17:37:54.330  1732  3956 V NuPlayerDecoder:   size_t offset = 0
01-23 17:37:54.330  1732  3956 V NuPlayerDecoder:   size_t size = 4096
01-23 17:37:54.330  1732  3956 V NuPlayerDecoder:   int64_t timeUs = 725333
01-23 17:37:54.330  1732  3956 V NuPlayerDecoder:   int32_t flags = 1
01-23 17:37:54.330  1732  3956 V NuPlayerDecoder: }
01-23 17:37:54.330  1732  3956 V NuPlayerDecoder: [audio] kWhatCodecNotify: cbID = 2, paused = 0
01-23 17:37:54.330  1732  3953 V NuPlayerRenderer: onDrainAudioQueue: rendering audio at media time 0.73 secs
01-23 17:37:54.330  1732  3956 V NuPlayerDecoder: [OMX.Freescale.std.audio_decoder.aac.sw-based] onMessage: AMessage(what = 'cdcN', target = 60) = {
01-23 17:37:54.330  1732  3956 V NuPlayerDecoder:   int32_t callbackID = 1
01-23 17:37:54.330  1732  3956 V NuPlayerDecoder:   int32_t index = 2
01-23 17:37:54.330  1732  3956 V NuPlayerDecoder: }
01-23 17:37:54.330  1732  3956 V NuPlayerDecoder: [audio] kWhatCodecNotify: cbID = 1, paused = 0
01-23 17:37:54.331  1732  3957 V MediaCodec: -- Looking at startdata. presentation 746666, start 585392160125
01-23 17:37:54.331  1732  3957 V MediaCodec: -- match entry for 746666, hits our frame of 746666
01-23 17:37:54.331  1732  3957 V ACodec  : [OMX.Freescale.std.audio_decoder.aac.sw-based] calling emptyBuffer 2 w/ time 1152000 us
01-23 17:37:54.331  1732  3957 V ACodec  : [OMX.Freescale.std.audio_decoder.aac.sw-based] onOMXFillBufferDone 4 time 768000 us, flags = 0x00000030
01-23 17:37:54.331  1732  3956 V NuPlayerDecoder: [OMX.Freescale.std.audio_decoder.aac.sw-based] onMessage: AMessage(what = 'rndr', target = 60) = {
01-23 17:37:54.331  1732  3956 V NuPlayerDecoder:   size_t buffer-ix = 1
01-23 17:37:54.331  1732  3956 V NuPlayerDecoder:   int32_t generation = 1
01-23 17:37:54.331  1732  3956 V NuPlayerDecoder:   size_t size = 4096
01-23 17:37:54.331  1732  3956 V NuPlayerDecoder: }
01-23 17:37:54.332  1732  3957 V ACodec  : [OMX.Freescale.std.audio_decoder.aac.sw-based] onOMXEmptyBufferDone 2
01-23 17:37:54.332  1732  3957 V MediaCodec: -- Looking at startdata. presentation 768000, start 585394947250
01-23 17:37:54.332  1732  3957 V MediaCodec: -- match entry for 768000, hits our frame of 768000
01-23 17:37:54.332  1732  3957 V ACodec  : [OMX.Freescale.std.audio_decoder.aac.sw-based] calling emptyBuffer 3 w/ time 1173333 us
01-23 17:37:54.332  1732  3956 V NuPlayerDecoder: [OMX.Freescale.std.audio_decoder.aac.sw-based] onMessage: AMessage(what = 'cdcN', target = 60) = {
01-23 17:37:54.332  1732  3956 V NuPlayerDecoder:   int32_t callbackID = 2
01-23 17:37:54.332  1732  3956 V NuPlayerDecoder:   int32_t index = 2
01-23 17:37:54.332  1732  3956 V NuPlayerDecoder:   size_t offset = 0
01-23 17:37:54.332  1732  3956 V NuPlayerDecoder:   size_t size = 4096
01-23 17:37:54.332  1732  3956 V NuPlayerDecoder:   int64_t timeUs = 746666
01-23 17:37:54.332  1732  3956 V NuPlayerDecoder:   int32_t flags = 1
01-23 17:37:54.332  1732  3956 V NuPlayerDecoder: }
01-23 17:37:54.332  1732  3956 V NuPlayerDecoder: [audio] kWhatCodecNotify: cbID = 2, paused = 0
01-23 17:37:54.333  1732  3953 V NuPlayerRenderer: onDrainAudioQueue: rendering audio at media time 0.75 secs
01-23 17:37:54.333  1732  3953 V AudioSink: getPlayedOutDurationUs(213285) nowUs(585710317) frames(9424) framesAt(585693365)
01-23 17:37:54.333  3660  3660 V MediaPlayerNative: getCurrentPosition
01-23 17:37:54.333  1732  3956 V NuPlayerDecoder: [OMX.Freescale.std.audio_decoder.aac.sw-based] onMessage: AMessage(what = 'cdcN', target = 60) = {
01-23 17:37:54.333  1732  3956 V NuPlayerDecoder:   int32_t callbackID = 1
01-23 17:37:54.333  1732  3956 V NuPlayerDecoder:   int32_t index = 0
01-23 17:37:54.333  1732  3956 V NuPlayerDecoder: }
01-23 17:37:54.333  1732  3956 V NuPlayerDecoder: [audio] kWhatCodecNotify: cbID = 1, paused = 0
01-23 17:37:54.333  1732  1732 V MediaPlayerService: getCurrentPosition
01-23 17:37:54.333  1732  3957 V ACodec  : [OMX.Freescale.std.audio_decoder.aac.sw-based] calling fillBuffer 5
01-23 17:37:54.333  1732  1732 V MediaPlayerService: [6] getCurrentPosition = 214
01-23 17:37:54.333  1732  1732 V MediaPlayerService: [6] isPlaying: 1
01-23 17:37:54.333  3660  3660 V MediaPlayerNative: isPlaying: 1
01-23 17:37:54.333  1732  3956 V NuPlayerDecoder: [OMX.Freescale.std.audio_decoder.aac.sw-based] onMessage: AMessage(what = 'cdcN', target = 60) = {
01-23 17:37:54.333  1732  3956 V NuPlayerDecoder:   int32_t callbackID = 2
01-23 17:37:54.333  1732  3956 V NuPlayerDecoder:   int32_t index = 0
01-23 17:37:54.333  1732  3956 V NuPlayerDecoder:   size_t offset = 0
01-23 17:37:54.333  1732  3956 V NuPlayerDecoder:   size_t size = 4096
01-23 17:37:54.333  1732  3956 V NuPlayerDecoder:   int64_t timeUs = 768000
01-23 17:37:54.333  1732  3956 V NuPlayerDecoder:   int32_t flags = 1
01-23 17:37:54.333  1732  3956 V NuPlayerDecoder: }
01-23 17:37:54.334  1732  3956 V NuPlayerDecoder: [audio] kWhatCodecNotify: cbID = 2, paused = 0
01-23 17:37:54.334  1732  3953 V NuPlayerRenderer: onDrainAudioQueue: rendering audio at media time 0.77 secs
01-23 17:37:54.334  1732  3953 V NuPlayerRenderer: AudioSink write short frame count 2304 < 4096
01-23 17:37:54.334  1732  3956 V NuPlayerDecoder: [OMX.Freescale.std.audio_decoder.aac.sw-based] onMessage: AMessage(what = 'rndr', target = 60) = {
01-23 17:37:54.334  1732  3956 V NuPlayerDecoder:   size_t buffer-ix = 2
01-23 17:37:54.334  1732  3956 V NuPlayerDecoder:   int32_t generation = 1
01-23 17:37:54.334  1732  3956 V NuPlayerDecoder:   size_t size = 4096
01-23 17:37:54.334  1732  3956 V NuPlayerDecoder: }
01-23 17:37:54.334  1732  3957 V ACodec  : [OMX.Freescale.std.audio_decoder.aac.sw-based] calling emptyBuffer 1 w/ time 1194666 us
01-23 17:37:54.334  1732  3957 V ACodec  : [OMX.Freescale.std.audio_decoder.aac.sw-based] onOMXFillBufferDone 5 time 789333 us, flags = 0x00000030
01-23 17:37:54.335  1732  3956 V NuPlayerDecoder: [OMX.Freescale.std.audio_decoder.aac.sw-based] onMessage: AMessage(what = 'cdcN', target = 60) = {
01-23 17:37:54.335  1732  3956 V NuPlayerDecoder:   int32_t callbackID = 1
01-23 17:37:54.335  1732  3956 V NuPlayerDecoder:   int32_t index = 1
01-23 17:37:54.335  1732  3956 V NuPlayerDecoder: }
01-23 17:37:54.335  1732  3956 V NuPlayerDecoder: [audio] kWhatCodecNotify: cbID = 1, paused = 0
01-23 17:37:54.335  1732  3957 V MediaCodec: -- Looking at startdata. presentation 789333, start 585396506750
01-23 17:37:54.335  1732  3957 V MediaCodec: -- match entry for 789333, hits our frame of 789333
01-23 17:37:54.335  1732  3957 V ACodec  : [OMX.Freescale.std.audio_decoder.aac.sw-based] calling fillBuffer 6
01-23 17:37:54.336  1732  3956 V NuPlayerDecoder: [OMX.Freescale.std.audio_decoder.aac.sw-based] onMessage: AMessage(what = 'cdcN', target = 60) = {
01-23 17:37:54.336  1732  3956 V NuPlayerDecoder:   int32_t callbackID = 2
01-23 17:37:54.336  1732  3956 V NuPlayerDecoder:   int32_t index = 1
01-23 17:37:54.336  1732  3956 V NuPlayerDecoder:   size_t offset = 0
01-23 17:37:54.336  1732  3956 V NuPlayerDecoder:   size_t size = 4096
01-23 17:37:54.336  1732  3956 V NuPlayerDecoder:   int64_t timeUs = 789333
01-23 17:37:54.336  1732  3956 V NuPlayerDecoder:   int32_t flags = 1
01-23 17:37:54.336  1732  3956 V NuPlayerDecoder: }
01-23 17:37:54.336  1732  3956 V NuPlayerDecoder: [audio] kWhatCodecNotify: cbID = 2, paused = 0
01-23 17:37:54.336  1732  3957 V ACodec  : [OMX.Freescale.std.audio_decoder.aac.sw-based] calling emptyBuffer 2 w/ time 1216000 us
01-23 17:37:54.336  1732  3957 V ACodec  : [OMX.Freescale.std.audio_decoder.aac.sw-based] onOMXEmptyBufferDone 3
01-23 17:37:54.336  1732  3957 V ACodec  : [OMX.Freescale.std.audio_decoder.aac.sw-based] onOMXFillBufferDone 6 time 810666 us, flags = 0x00000030
01-23 17:37:54.336  1732  3957 V ACodec  : [OMX.Freescale.std.audio_decoder.aac.sw-based] onOMXEmptyBufferDone 1
01-23 17:37:54.337  1732  3956 V NuPlayerDecoder: [OMX.Freescale.std.audio_decoder.aac.sw-based] onMessage: AMessage(what = 'cdcN', target = 60) = {
01-23 17:37:54.337  1732  3956 V NuPlayerDecoder:   int32_t callbackID = 1
01-23 17:37:54.337  1732  3956 V NuPlayerDecoder:   int32_t index = 2
01-23 17:37:54.337  1732  3956 V NuPlayerDecoder: }
01-23 17:37:54.337  1732  3956 V NuPlayerDecoder: [audio] kWhatCodecNotify: cbID = 1, paused = 0
01-23 17:37:54.337  1732  3957 V MediaCodec: -- Looking at startdata. presentation 810666, start 585401313000
01-23 17:37:54.337  1732  3957 V MediaCodec: -- match entry for 810666, hits our frame of 810666
01-23 17:37:54.337  1732  3956 V NuPlayerDecoder: [OMX.Freescale.std.audio_decoder.aac.sw-based] onMessage: AMessage(what = 'cdcN', target = 60) = {
01-23 17:37:54.337  1732  3956 V NuPlayerDecoder:   int32_t callbackID = 2
01-23 17:37:54.337  1732  3956 V NuPlayerDecoder:   int32_t index = 2
01-23 17:37:54.337  1732  3956 V NuPlayerDecoder:   size_t offset = 0
01-23 17:37:54.337  1732  3956 V NuPlayerDecoder:   size_t size = 4096
01-23 17:37:54.337  1732  3956 V NuPlayerDecoder:   int64_t timeUs = 810666
01-23 17:37:54.337  1732  3956 V NuPlayerDecoder:   int32_t flags = 1
01-23 17:37:54.337  1732  3956 V NuPlayerDecoder: }
01-23 17:37:54.337  1732  3956 V NuPlayerDecoder: [audio] kWhatCodecNotify: cbID = 2, paused = 0
01-23 17:37:54.337  1732  3956 V NuPlayerDecoder: [OMX.Freescale.std.audio_decoder.aac.sw-based] onMessage: AMessage(what = 'cdcN', target = 60) = {
01-23 17:37:54.337  1732  3956 V NuPlayerDecoder:   int32_t callbackID = 1
01-23 17:37:54.337  1732  3956 V NuPlayerDecoder:   int32_t index = 0
01-23 17:37:54.337  1732  3956 V NuPlayerDecoder: }
01-23 17:37:54.337  1732  3956 V NuPlayerDecoder: [audio] kWhatCodecNotify: cbID = 1, paused = 0
01-23 17:37:54.337  1732  3957 V ACodec  : [OMX.Freescale.std.audio_decoder.aac.sw-based] calling emptyBuffer 3 w/ time 1237333 us
01-23 17:37:54.338  1732  3957 V ACodec  : [OMX.Freescale.std.audio_decoder.aac.sw-based] calling emptyBuffer 1 w/ time 1258666 us
01-23 17:37:54.361  1732  1732 V MediaPlayerService: [6] isPlaying: 1
01-23 17:37:54.361  3660  3660 V MediaPlayerNative: isPlaying: 1
01-23 17:37:54.361  3660  3660 V MediaPlayerNative: getCurrentPosition
01-23 17:37:54.362  1732  1732 V MediaPlayerService: getCurrentPosition
01-23 17:37:54.362  1732  1732 V MediaPlayerService: [6] getCurrentPosition = 242
01-23 17:37:54.584  1732  3953 V NuPlayerRenderer: onDrainAudioQueue: rendering audio at media time 0.79 secs
01-23 17:37:54.584  1732  3953 V AudioSink: getPlayedOutDurationUs(464865) nowUs(585961757) frames(21888) framesAt(585952892)
01-23 17:37:54.584  1732  3953 V NuPlayerRenderer: onDrainAudioQueue: rendering audio at media time 0.81 secs
01-23 17:37:54.584  1732  3956 V NuPlayerDecoder: [OMX.Freescale.std.audio_decoder.aac.sw-based] onMessage: AMessage(what = 'rndr', target = 60) = {
01-23 17:37:54.584  1732  3956 V NuPlayerDecoder:   size_t buffer-ix = 0
01-23 17:37:54.584  1732  3956 V NuPlayerDecoder:   int32_t generation = 1
01-23 17:37:54.584  1732  3956 V NuPlayerDecoder:   size_t size = 4096
01-23 17:37:54.584  1732  3956 V NuPlayerDecoder: }
01-23 17:37:54.584  1732  3957 V ACodec  : [OMX.Freescale.std.audio_decoder.aac.sw-based] calling fillBuffer 4
01-23 17:37:54.585  1732  3956 V NuPlayerDecoder: [OMX.Freescale.std.audio_decoder.aac.sw-based] onMessage: AMessage(what = 'rndr', target = 60) = {
01-23 17:37:54.585  1732  3956 V NuPlayerDecoder:   size_t buffer-ix = 1
01-23 17:37:54.585  1732  3956 V NuPlayerDecoder:   int32_t generation = 1
01-23 17:37:54.585  1732  3956 V NuPlayerDecoder:   size_t size = 4096
01-23 17:37:54.585  1732  3956 V NuPlayerDecoder: }
01-23 17:37:54.585  1732  3957 V ACodec  : [OMX.Freescale.std.audio_decoder.aac.sw-based] calling fillBuffer 5
01-23 17:37:54.585  1732  3956 V NuPlayerDecoder: [OMX.Freescale.std.audio_decoder.aac.sw-based] onMessage: AMessage(what = 'rndr', target = 60) = {
01-23 17:37:54.585  1732  3956 V NuPlayerDecoder:   size_t buffer-ix = 2
01-23 17:37:54.585  1732  3956 V NuPlayerDecoder:   int32_t generation = 1
01-23 17:37:54.585  1732  3956 V NuPlayerDecoder:   size_t size = 4096
01-23 17:37:54.585  1732  3956 V NuPlayerDecoder: }
01-23 17:37:54.586  1732  3957 V ACodec  : [OMX.Freescale.std.audio_decoder.aac.sw-based] onOMXFillBufferDone 4 time 832000 us, flags = 0x00000030
01-23 17:37:54.586  1732  3957 V MediaCodec: -- Looking at startdata. presentation 832000, start 585412735625
01-23 17:37:54.586  1732  3957 V MediaCodec: -- match entry for 832000, hits our frame of 832000
01-23 17:37:54.586  1732  3957 V ACodec  : [OMX.Freescale.std.audio_decoder.aac.sw-based] calling fillBuffer 6
01-23 17:37:54.586  1732  3956 V NuPlayerDecoder: [OMX.Freescale.std.audio_decoder.aac.sw-based] onMessage: AMessage(what = 'cdcN', target = 60) = {
01-23 17:37:54.586  1732  3956 V NuPlayerDecoder:   int32_t callbackID = 2
01-23 17:37:54.586  1732  3956 V NuPlayerDecoder:   int32_t index = 0
01-23 17:37:54.586  1732  3956 V NuPlayerDecoder:   size_t offset = 0
01-23 17:37:54.586  1732  3956 V NuPlayerDecoder:   size_t size = 4096
01-23 17:37:54.586  1732  3956 V NuPlayerDecoder:   int64_t timeUs = 832000
01-23 17:37:54.586  1732  3956 V NuPlayerDecoder:   int32_t flags = 1
01-23 17:37:54.586  1732  3956 V NuPlayerDecoder: }
01-23 17:37:54.586  1732  3956 V NuPlayerDecoder: [audio] kWhatCodecNotify: cbID = 2, paused = 0
01-23 17:37:54.586  1732  3953 V NuPlayerRenderer: onDrainAudioQueue: rendering audio at media time 0.83 secs
01-23 17:37:54.586  1732  3956 V NuPlayerDecoder: [OMX.Freescale.std.audio_decoder.aac.sw-based] onMessage: AMessage(what = 'rndr', target = 60) = {
01-23 17:37:54.586  1732  3956 V NuPlayerDecoder:   size_t buffer-ix = 0
01-23 17:37:54.586  1732  3956 V NuPlayerDecoder:   int32_t generation = 1
01-23 17:37:54.586  1732  3956 V NuPlayerDecoder:   size_t size = 4096
01-23 17:37:54.586  1732  3956 V NuPlayerDecoder: }
01-23 17:37:54.587  1732  3957 V ACodec  : [OMX.Freescale.std.audio_decoder.aac.sw-based] onOMXEmptyBufferDone 2
01-23 17:37:54.587  1732  3957 V ACodec  : [OMX.Freescale.std.audio_decoder.aac.sw-based] onOMXFillBufferDone 5 time 853333 us, flags = 0x00000030
01-23 17:37:54.587  1732  3957 V ACodec  : [OMX.Freescale.std.audio_decoder.aac.sw-based] onOMXEmptyBufferDone 3
01-23 17:37:54.587  1732  3957 V MediaCodec: -- Looking at startdata. presentation 853333, start 585415706000
01-23 17:37:54.587  1732  3957 V MediaCodec: -- match entry for 853333, hits our frame of 853333
01-23 17:37:54.587  1732  3957 V ACodec  : [OMX.Freescale.std.audio_decoder.aac.sw-based] calling fillBuffer 4
01-23 17:37:54.587  1732  3956 V NuPlayerDecoder: [OMX.Freescale.std.audio_decoder.aac.sw-based] onMessage: AMessage(what = 'cdcN', target = 60) = {
01-23 17:37:54.587  1732  3956 V NuPlayerDecoder:   int32_t callbackID = 1
01-23 17:37:54.587  1732  3956 V NuPlayerDecoder:   int32_t index = 1
01-23 17:37:54.587  1732  3956 V NuPlayerDecoder: }
01-23 17:37:54.587  1732  3956 V NuPlayerDecoder: [audio] kWhatCodecNotify: cbID = 1, paused = 0
01-23 17:37:54.588  1732  3957 V ACodec  : [OMX.Freescale.std.audio_decoder.aac.sw-based] calling emptyBuffer 2 w/ time 1280000 us
01-23 17:37:54.588  1732  3956 V NuPlayerDecoder: [OMX.Freescale.std.audio_decoder.aac.sw-based] onMessage: AMessage(what = 'cdcN', target = 60) = {
01-23 17:37:54.588  1732  3956 V NuPlayerDecoder:   int32_t callbackID = 2
01-23 17:37:54.588  1732  3956 V NuPlayerDecoder:   int32_t index = 1
01-23 17:37:54.588  1732  3956 V NuPlayerDecoder:   size_t offset = 0
01-23 17:37:54.588  1732  3956 V NuPlayerDecoder:   size_t size = 4096
01-23 17:37:54.588  1732  3956 V NuPlayerDecoder:   int64_t timeUs = 853333
01-23 17:37:54.588  1732  3956 V NuPlayerDecoder:   int32_t flags = 1
01-23 17:37:54.588  1732  3956 V NuPlayerDecoder: }
01-23 17:37:54.588  1732  3956 V NuPlayerDecoder: [audio] kWhatCodecNotify: cbID = 2, paused = 0
01-23 17:37:54.588  1732  3956 V NuPlayerDecoder: [OMX.Freescale.std.audio_decoder.aac.sw-based] onMessage: AMessage(what = 'cdcN', target = 60) = {
01-23 17:37:54.588  1732  3956 V NuPlayerDecoder:   int32_t callbackID = 1
01-23 17:37:54.588  1732  3956 V NuPlayerDecoder:   int32_t index = 2
01-23 17:37:54.588  1732  3956 V NuPlayerDecoder: }
01-23 17:37:54.588  1732  3956 V NuPlayerDecoder: [audio] kWhatCodecNotify: cbID = 1, paused = 0
01-23 17:37:54.589  1732  3953 V NuPlayerRenderer: onDrainAudioQueue: rendering audio at media time 0.85 secs
01-23 17:37:54.589  1732  3957 V ACodec  : [OMX.Freescale.std.audio_decoder.aac.sw-based] onOMXFillBufferDone 6 time 874666 us, flags = 0x00000030
01-23 17:37:54.589  1732  3957 V ACodec  : [OMX.Freescale.std.audio_decoder.aac.sw-based] onOMXEmptyBufferDone 1
01-23 17:37:54.589  1732  3957 V ACodec  : [OMX.Freescale.std.audio_decoder.aac.sw-based] onOMXFillBufferDone 4 time 896000 us, flags = 0x00000030
01-23 17:37:54.589  1732  3957 V ACodec  : [OMX.Freescale.std.audio_decoder.aac.sw-based] onOMXEmptyBufferDone 2
01-23 17:37:54.589  1732  3957 V MediaCodec: -- Looking at startdata. presentation 874666, start 585418012750
01-23 17:37:54.589  1732  3957 V MediaCodec: -- match entry for 874666, hits our frame of 874666
01-23 17:37:54.589  1732  3957 V MediaCodec: -- Looking at startdata. presentation 896000, start 585418884875
01-23 17:37:54.589  1732  3957 V MediaCodec: -- match entry for 896000, hits our frame of 896000
01-23 17:37:54.589  1732  3957 V ACodec  : [OMX.Freescale.std.audio_decoder.aac.sw-based] calling emptyBuffer 3 w/ time 1301333 us
01-23 17:37:54.590  1732  3956 V NuPlayerDecoder: [OMX.Freescale.std.audio_decoder.aac.sw-based] onMessage: AMessage(what = 'rndr', target = 60) = {
01-23 17:37:54.590  1732  3956 V NuPlayerDecoder:   size_t buffer-ix = 1
01-23 17:37:54.590  1732  3956 V NuPlayerDecoder:   int32_t generation = 1
01-23 17:37:54.590  1732  3956 V NuPlayerDecoder:   size_t size = 4096
01-23 17:37:54.590  1732  3956 V NuPlayerDecoder: }
01-23 17:37:54.590  1732  3957 V ACodec  : [OMX.Freescale.std.audio_decoder.aac.sw-based] calling fillBuffer 5
01-23 17:37:54.590  1732  3956 V NuPlayerDecoder: [OMX.Freescale.std.audio_decoder.aac.sw-based] onMessage: AMessage(what = 'cdcN', target = 60) = {
01-23 17:37:54.590  1732  3956 V NuPlayerDecoder:   int32_t callbackID = 2
01-23 17:37:54.590  1732  3956 V NuPlayerDecoder:   int32_t index = 2
01-23 17:37:54.590  1732  3956 V NuPlayerDecoder:   size_t offset = 0
01-23 17:37:54.590  1732  3956 V NuPlayerDecoder:   size_t size = 4096
01-23 17:37:54.590  1732  3956 V NuPlayerDecoder:   int64_t timeUs = 874666
01-23 17:37:54.590  1732  3956 V NuPlayerDecoder:   int32_t flags = 1
01-23 17:37:54.590  1732  3956 V NuPlayerDecoder: }
01-23 17:37:54.590  1732  3956 V NuPlayerDecoder: [audio] kWhatCodecNotify: cbID = 2, paused = 0
01-23 17:37:54.590  1732  3956 V NuPlayerDecoder: [OMX.Freescale.std.audio_decoder.aac.sw-based] onMessage: AMessage(what = 'cdcN', target = 60) = {
01-23 17:37:54.590  1732  3956 V NuPlayerDecoder:   int32_t callbackID = 1
01-23 17:37:54.590  1732  3956 V NuPlayerDecoder:   int32_t index = 0
01-23 17:37:54.590  1732  3956 V NuPlayerDecoder: }
01-23 17:37:54.590  1732  3956 V NuPlayerDecoder: [audio] kWhatCodecNotify: cbID = 1, paused = 0
01-23 17:37:54.591  1732  3953 V NuPlayerRenderer: onDrainAudioQueue: rendering audio at media time 0.87 secs
01-23 17:37:54.591  1732  3957 V ACodec  : [OMX.Freescale.std.audio_decoder.aac.sw-based] onOMXFillBufferDone 5 time 917333 us, flags = 0x00000030
01-23 17:37:54.592  1732  3956 V NuPlayerDecoder: [OMX.Freescale.std.audio_decoder.aac.sw-based] onMessage: AMessage(what = 'cdcN', target = 60) = {
01-23 17:37:54.592  1732  3956 V NuPlayerDecoder:   int32_t callbackID = 2
01-23 17:37:54.592  1732  3956 V NuPlayerDecoder:   int32_t index = 0
01-23 17:37:54.592  1732  3956 V NuPlayerDecoder:   size_t offset = 0
01-23 17:37:54.592  1732  3956 V NuPlayerDecoder:   size_t size = 4096
01-23 17:37:54.592  1732  3956 V NuPlayerDecoder:   int64_t timeUs = 896000
01-23 17:37:54.592  1732  3956 V NuPlayerDecoder:   int32_t flags = 1
01-23 17:37:54.592  1732  3956 V NuPlayerDecoder: }
01-23 17:37:54.592  1732  3956 V NuPlayerDecoder: [audio] kWhatCodecNotify: cbID = 2, paused = 0
01-23 17:37:54.592  1732  3957 V ACodec  : [OMX.Freescale.std.audio_decoder.aac.sw-based] calling emptyBuffer 1 w/ time 1322666 us
01-23 17:37:54.592  1732  3956 V NuPlayerDecoder: [OMX.Freescale.std.audio_decoder.aac.sw-based] onMessage: AMessage(what = 'cdcN', target = 60) = {
01-23 17:37:54.592  1732  3956 V NuPlayerDecoder:   int32_t callbackID = 1
01-23 17:37:54.592  1732  3956 V NuPlayerDecoder:   int32_t index = 1
01-23 17:37:54.592  1732  3956 V NuPlayerDecoder: }
01-23 17:37:54.592  1732  3956 V NuPlayerDecoder: [audio] kWhatCodecNotify: cbID = 1, paused = 0
01-23 17:37:54.592  1732  3953 V NuPlayerRenderer: onDrainAudioQueue: rendering audio at media time 0.90 secs
01-23 17:37:54.592  1732  3957 V MediaCodec: -- Looking at startdata. presentation 917333, start 585419695250
01-23 17:37:54.592  1732  3957 V MediaCodec: -- match entry for 917333, hits our frame of 917333
01-23 17:37:54.592  1732  3957 V ACodec  : [OMX.Freescale.std.audio_decoder.aac.sw-based] calling emptyBuffer 2 w/ time 1344000 us
01-23 17:37:54.592  1732  3956 V NuPlayerDecoder: [OMX.Freescale.std.audio_decoder.aac.sw-based] onMessage: AMessage(what = 'rndr', target = 60) = {
01-23 17:37:54.592  1732  3956 V NuPlayerDecoder:   size_t buffer-ix = 2
01-23 17:37:54.592  1732  3956 V NuPlayerDecoder:   int32_t generation = 1
01-23 17:37:54.592  1732  3956 V NuPlayerDecoder:   size_t size = 4096
01-23 17:37:54.592  1732  3956 V NuPlayerDecoder: }
01-23 17:37:54.593  1732  3957 V ACodec  : [OMX.Freescale.std.audio_decoder.aac.sw-based] calling fillBuffer 6
01-23 17:37:54.593  1732  3956 V NuPlayerDecoder: [OMX.Freescale.std.audio_decoder.aac.sw-based] onMessage: AMessage(what = 'rndr', target = 60) = {
01-23 17:37:54.593  1732  3956 V NuPlayerDecoder:   size_t buffer-ix = 0
01-23 17:37:54.593  1732  3956 V NuPlayerDecoder:   int32_t generation = 1
01-23 17:37:54.593  1732  3956 V NuPlayerDecoder:   size_t size = 4096
01-23 17:37:54.593  1732  3956 V NuPlayerDecoder: }
01-23 17:37:54.593  1732  3957 V ACodec  : [OMX.Freescale.std.audio_decoder.aac.sw-based] calling fillBuffer 4
01-23 17:37:54.593  1732  3956 V NuPlayerDecoder: [OMX.Freescale.std.audio_decoder.aac.sw-based] onMessage: AMessage(what = 'cdcN', target = 60) = {
01-23 17:37:54.593  1732  3956 V NuPlayerDecoder:   int32_t callbackID = 2
01-23 17:37:54.593  1732  3956 V NuPlayerDecoder:   int32_t index = 1
01-23 17:37:54.593  1732  3956 V NuPlayerDecoder:   size_t offset = 0
01-23 17:37:54.593  1732  3956 V NuPlayerDecoder:   size_t size = 4096
01-23 17:37:54.593  1732  3956 V NuPlayerDecoder:   int64_t timeUs = 917333
01-23 17:37:54.593  1732  3956 V NuPlayerDecoder:   int32_t flags = 1
01-23 17:37:54.593  1732  3956 V NuPlayerDecoder: }
01-23 17:37:54.593  1732  3956 V NuPlayerDecoder: [audio] kWhatCodecNotify: cbID = 2, paused = 0
01-23 17:37:54.593  1732  3953 V NuPlayerRenderer: onDrainAudioQueue: rendering audio at media time 0.92 secs
01-23 17:37:54.593  1732  3957 V ACodec  : [OMX.Freescale.std.audio_decoder.aac.sw-based] onOMXEmptyBufferDone 3
01-23 17:37:54.593  1732  3956 V NuPlayerDecoder: [OMX.Freescale.std.audio_decoder.aac.sw-based] onMessage: AMessage(what = 'rndr', target = 60) = {
01-23 17:37:54.593  1732  3956 V NuPlayerDecoder:   size_t buffer-ix = 1
01-23 17:37:54.593  1732  3956 V NuPlayerDecoder:   int32_t generation = 1
01-23 17:37:54.593  1732  3956 V NuPlayerDecoder:   size_t size = 4096
01-23 17:37:54.593  1732  3956 V NuPlayerDecoder: }
01-23 17:37:54.593  1732  3957 V ACodec  : [OMX.Freescale.std.audio_decoder.aac.sw-based] calling fillBuffer 5
01-23 17:37:54.594  1732  3956 V NuPlayerDecoder: [OMX.Freescale.std.audio_decoder.aac.sw-based] onMessage: AMessage(what = 'cdcN', target = 60) = {
01-23 17:37:54.594  1732  3956 V NuPlayerDecoder:   int32_t callbackID = 1
01-23 17:37:54.594  1732  3956 V NuPlayerDecoder:   int32_t index = 2
01-23 17:37:54.594  1732  3956 V NuPlayerDecoder: }
01-23 17:37:54.594  1732  3956 V NuPlayerDecoder: [audio] kWhatCodecNotify: cbID = 1, paused = 0
01-23 17:37:54.594  1732  3957 V ACodec  : [OMX.Freescale.std.audio_decoder.aac.sw-based] onOMXFillBufferDone 6 time 938666 us, flags = 0x00000030
01-23 17:37:54.594  1732  3957 V ACodec  : [OMX.Freescale.std.audio_decoder.aac.sw-based] calling emptyBuffer 3 w/ time 1365333 us
01-23 17:37:54.594  1732  3957 V MediaCodec: -- Looking at startdata. presentation 938666, start 585420452500
01-23 17:37:54.595  1732  3957 V MediaCodec: -- match entry for 938666, hits our frame of 938666
01-23 17:37:54.595  1732  3956 V NuPlayerDecoder: [OMX.Freescale.std.audio_decoder.aac.sw-based] onMessage: AMessage(what = 'cdcN', target = 60) = {
01-23 17:37:54.595  1732  3956 V NuPlayerDecoder:   int32_t callbackID = 2
01-23 17:37:54.595  1732  3956 V NuPlayerDecoder:   int32_t index = 2
01-23 17:37:54.595  1732  3956 V NuPlayerDecoder:   size_t offset = 0
01-23 17:37:54.595  1732  3956 V NuPlayerDecoder:   size_t size = 4096
01-23 17:37:54.595  1732  3956 V NuPlayerDecoder:   int64_t timeUs = 938666
01-23 17:37:54.595  1732  3956 V NuPlayerDecoder:   int32_t flags = 1
01-23 17:37:54.595  1732  3956 V NuPlayerDecoder: }
01-23 17:37:54.595  1732  3956 V NuPlayerDecoder: [audio] kWhatCodecNotify: cbID = 2, paused = 0
01-23 17:37:54.595  1732  3957 V ACodec  : [OMX.Freescale.std.audio_decoder.aac.sw-based] onOMXFillBufferDone 4 time 960000 us, flags = 0x00000030
01-23 17:37:54.595  1732  3953 V NuPlayerRenderer: onDrainAudioQueue: rendering audio at media time 0.94 secs
01-23 17:37:54.595  1732  3957 V MediaCodec: -- Looking at startdata. presentation 960000, start 585420837250
01-23 17:37:54.595  1732  3957 V MediaCodec: -- match entry for 960000, hits our frame of 960000
01-23 17:37:54.595  1732  3956 V NuPlayerDecoder: [OMX.Freescale.std.audio_decoder.aac.sw-based] onMessage: AMessage(what = 'rndr', target = 60) = {
01-23 17:37:54.595  1732  3956 V NuPlayerDecoder:   size_t buffer-ix = 2
01-23 17:37:54.595  1732  3956 V NuPlayerDecoder:   int32_t generation = 1
01-23 17:37:54.595  1732  3956 V NuPlayerDecoder:   size_t size = 4096
01-23 17:37:54.595  1732  3956 V NuPlayerDecoder: }
01-23 17:37:54.595  1732  3957 V ACodec  : [OMX.Freescale.std.audio_decoder.aac.sw-based] onOMXEmptyBufferDone 1
01-23 17:37:54.595  1732  3957 V ACodec  : [OMX.Freescale.std.audio_decoder.aac.sw-based] calling fillBuffer 6
01-23 17:37:54.595  1732  3956 V NuPlayerDecoder: [OMX.Freescale.std.audio_decoder.aac.sw-based] onMessage: AMessage(what = 'cdcN', target = 60) = {
01-23 17:37:54.595  1732  3956 V NuPlayerDecoder:   int32_t callbackID = 2
01-23 17:37:54.595  1732  3956 V NuPlayerDecoder:   int32_t index = 0
01-23 17:37:54.595  1732  3956 V NuPlayerDecoder:   size_t offset = 0
01-23 17:37:54.595  1732  3956 V NuPlayerDecoder:   size_t size = 4096
01-23 17:37:54.595  1732  3956 V NuPlayerDecoder:   int64_t timeUs = 960000
01-23 17:37:54.595  1732  3956 V NuPlayerDecoder:   int32_t flags = 1
01-23 17:37:54.595  1732  3956 V NuPlayerDecoder: }
01-23 17:37:54.596  1732  3956 V NuPlayerDecoder: [audio] kWhatCodecNotify: cbID = 2, paused = 0
01-23 17:37:54.596  1732  3953 V NuPlayerRenderer: onDrainAudioQueue: rendering audio at media time 0.96 secs
01-23 17:37:54.596  1732  3957 V ACodec  : [OMX.Freescale.std.audio_decoder.aac.sw-based] onOMXFillBufferDone 5 time 981333 us, flags = 0x00000030
01-23 17:37:54.596  1732  3956 V NuPlayerDecoder: [OMX.Freescale.std.audio_decoder.aac.sw-based] onMessage: AMessage(what = 'cdcN', target = 60) = {
01-23 17:37:54.596  1732  3956 V NuPlayerDecoder:   int32_t callbackID = 1
01-23 17:37:54.596  1732  3956 V NuPlayerDecoder:   int32_t index = 0
01-23 17:37:54.596  1732  3956 V NuPlayerDecoder: }
01-23 17:37:54.596  1732  3956 V NuPlayerDecoder: [audio] kWhatCodecNotify: cbID = 1, paused = 0
01-23 17:37:54.596  1732  3957 V MediaCodec: -- Looking at startdata. presentation 981333, start 585685301000
01-23 17:37:54.596  1732  3957 V MediaCodec: -- match entry for 981333, hits our frame of 981333
01-23 17:37:54.596  1732  3957 V ACodec  : [OMX.Freescale.std.audio_decoder.aac.sw-based] onOMXEmptyBufferDone 2
01-23 17:37:54.596  1732  3957 V ACodec  : [OMX.Freescale.std.audio_decoder.aac.sw-based] calling emptyBuffer 1 w/ time 1386666 us
01-23 17:37:54.596  1732  3956 V NuPlayerDecoder: [OMX.Freescale.std.audio_decoder.aac.sw-based] onMessage: AMessage(what = 'rndr', target = 60) = {
01-23 17:37:54.596  1732  3956 V NuPlayerDecoder:   size_t buffer-ix = 0
01-23 17:37:54.596  1732  3956 V NuPlayerDecoder:   int32_t generation = 1
01-23 17:37:54.596  1732  3956 V NuPlayerDecoder:   size_t size = 4096
01-23 17:37:54.596  1732  3956 V NuPlayerDecoder: }
01-23 17:37:54.597  1732  3957 V ACodec  : [OMX.Freescale.std.audio_decoder.aac.sw-based] calling fillBuffer 4
01-23 17:37:54.597  1732  3956 V NuPlayerDecoder: [OMX.Freescale.std.audio_decoder.aac.sw-based] onMessage: AMessage(what = 'cdcN', target = 60) = {
01-23 17:37:54.597  1732  3956 V NuPlayerDecoder:   int32_t callbackID = 2
01-23 17:37:54.597  1732  3956 V NuPlayerDecoder:   int32_t index = 1
01-23 17:37:54.597  1732  3956 V NuPlayerDecoder:   size_t offset = 0
01-23 17:37:54.597  1732  3956 V NuPlayerDecoder:   size_t size = 4096
01-23 17:37:54.597  1732  3956 V NuPlayerDecoder:   int64_t timeUs = 981333
01-23 17:37:54.597  1732  3956 V NuPlayerDecoder:   int32_t flags = 1
01-23 17:37:54.597  1732  3956 V NuPlayerDecoder: }
01-23 17:37:54.597  1732  3956 V NuPlayerDecoder: [audio] kWhatCodecNotify: cbID = 2, paused = 0
01-23 17:37:54.597  1732  3953 V NuPlayerRenderer: onDrainAudioQueue: rendering audio at media time 0.98 secs
01-23 17:37:54.597  1732  3957 V ACodec  : [OMX.Freescale.std.audio_decoder.aac.sw-based] onOMXFillBufferDone 6 time 1002666 us, flags = 0x00000030
01-23 17:37:54.597  1732  3956 V NuPlayerDecoder: [OMX.Freescale.std.audio_decoder.aac.sw-based] onMessage: AMessage(what = 'cdcN', target = 60) = {
01-23 17:37:54.597  1732  3956 V NuPlayerDecoder:   int32_t callbackID = 1
01-23 17:37:54.597  1732  3956 V NuPlayerDecoder:   int32_t index = 1
01-23 17:37:54.597  1732  3956 V NuPlayerDecoder: }
01-23 17:37:54.597  1732  3956 V NuPlayerDecoder: [audio] kWhatCodecNotify: cbID = 1, paused = 0
01-23 17:37:54.597  1732  3957 V MediaCodec: -- Looking at startdata. presentation 1002666, start 585688357750
01-23 17:37:54.597  1732  3957 V MediaCodec: -- match entry for 1002666, hits our frame of 1002666
01-23 17:37:54.597  1732  3957 V ACodec  : [OMX.Freescale.std.audio_decoder.aac.sw-based] calling emptyBuffer 2 w/ time 1408000 us
01-23 17:37:54.597  1732  3956 V NuPlayerDecoder: [OMX.Freescale.std.audio_decoder.aac.sw-based] onMessage: AMessage(what = 'rndr', target = 60) = {
01-23 17:37:54.597  1732  3956 V NuPlayerDecoder:   size_t buffer-ix = 1
01-23 17:37:54.597  1732  3956 V NuPlayerDecoder:   int32_t generation = 1
01-23 17:37:54.597  1732  3956 V NuPlayerDecoder:   size_t size = 4096
01-23 17:37:54.597  1732  3956 V NuPlayerDecoder: }
01-23 17:37:54.598  1732  3957 V ACodec  : [OMX.Freescale.std.audio_decoder.aac.sw-based] calling fillBuffer 5
01-23 17:37:54.598  1732  3956 V NuPlayerDecoder: [OMX.Freescale.std.audio_decoder.aac.sw-based] onMessage: AMessage(what = 'cdcN', target = 60) = {
01-23 17:37:54.598  1732  3956 V NuPlayerDecoder:   int32_t callbackID = 2
01-23 17:37:54.598  1732  3956 V NuPlayerDecoder:   int32_t index = 2
01-23 17:37:54.598  1732  3956 V NuPlayerDecoder:   size_t offset = 0
01-23 17:37:54.598  1732  3956 V NuPlayerDecoder:   size_t size = 4096
01-23 17:37:54.598  1732  3956 V NuPlayerDecoder:   int64_t timeUs = 1002666
01-23 17:37:54.598  1732  3956 V NuPlayerDecoder:   int32_t flags = 1
01-23 17:37:54.598  1732  3956 V NuPlayerDecoder: }
01-23 17:37:54.598  1732  3956 V NuPlayerDecoder: [audio] kWhatCodecNotify: cbID = 2, paused = 0
01-23 17:37:54.598  1732  3957 V ACodec  : [OMX.Freescale.std.audio_decoder.aac.sw-based] onOMXEmptyBufferDone 3
01-23 17:37:54.598  1732  3953 V NuPlayerRenderer: onDrainAudioQueue: rendering audio at media time 1.00 secs
01-23 17:37:54.598  1732  3956 V NuPlayerDecoder: [OMX.Freescale.std.audio_decoder.aac.sw-based] onMessage: AMessage(what = 'rndr', target = 60) = {
01-23 17:37:54.598  1732  3956 V NuPlayerDecoder:   size_t buffer-ix = 2
01-23 17:37:54.598  1732  3956 V NuPlayerDecoder:   int32_t generation = 1
01-23 17:37:54.598  1732  3956 V NuPlayerDecoder:   size_t size = 4096
01-23 17:37:54.598  1732  3956 V NuPlayerDecoder: }
01-23 17:37:54.598  1732  3957 V ACodec  : [OMX.Freescale.std.audio_decoder.aac.sw-based] calling fillBuffer 6
01-23 17:37:54.598  1732  3956 V NuPlayerDecoder: [OMX.Freescale.std.audio_decoder.aac.sw-based] onMessage: AMessage(what = 'cdcN', target = 60) = {
01-23 17:37:54.598  1732  3956 V NuPlayerDecoder:   int32_t callbackID = 1
01-23 17:37:54.598  1732  3956 V NuPlayerDecoder:   int32_t index = 2
01-23 17:37:54.598  1732  3956 V NuPlayerDecoder: }
01-23 17:37:54.598  1732  3956 V NuPlayerDecoder: [audio] kWhatCodecNotify: cbID = 1, paused = 0
01-23 17:37:54.598  1732  3957 V ACodec  : [OMX.Freescale.std.audio_decoder.aac.sw-based] onOMXFillBufferDone 4 time 1024000 us, flags = 0x00000030
01-23 17:37:54.599  1732  3957 V ACodec  : [OMX.Freescale.std.audio_decoder.aac.sw-based] onOMXEmptyBufferDone 1
01-23 17:37:54.599  1732  3957 V MediaCodec: -- Looking at startdata. presentation 1024000, start 585689494500
01-23 17:37:54.599  1732  3957 V MediaCodec: -- match entry for 1024000, hits our frame of 1024000
01-23 17:37:54.599  1732  3957 V ACodec  : [OMX.Freescale.std.audio_decoder.aac.sw-based] calling emptyBuffer 3 w/ time 1429333 us
01-23 17:37:54.599  1732  3956 V NuPlayerDecoder: [OMX.Freescale.std.audio_decoder.aac.sw-based] onMessage: AMessage(what = 'cdcN', target = 60) = {
01-23 17:37:54.599  1732  3956 V NuPlayerDecoder:   int32_t callbackID = 2
01-23 17:37:54.599  1732  3956 V NuPlayerDecoder:   int32_t index = 0
01-23 17:37:54.599  1732  3956 V NuPlayerDecoder:   size_t offset = 0
01-23 17:37:54.599  1732  3956 V NuPlayerDecoder:   size_t size = 4096
01-23 17:37:54.599  1732  3956 V NuPlayerDecoder:   int64_t timeUs = 1024000
01-23 17:37:54.599  1732  3956 V NuPlayerDecoder:   int32_t flags = 1
01-23 17:37:54.599  1732  3956 V NuPlayerDecoder: }
01-23 17:37:54.599  1732  3956 V NuPlayerDecoder: [audio] kWhatCodecNotify: cbID = 2, paused = 0
01-23 17:37:54.599  1732  3953 V NuPlayerRenderer: onDrainAudioQueue: rendering audio at media time 1.02 secs
01-23 17:37:54.599  1732  3957 V ACodec  : [OMX.Freescale.std.audio_decoder.aac.sw-based] onOMXFillBufferDone 5 time 1045333 us, flags = 0x00000030
01-23 17:37:54.599  1732  3956 V NuPlayerDecoder: [OMX.Freescale.std.audio_decoder.aac.sw-based] onMessage: AMessage(what = 'cdcN', target = 60) = {
01-23 17:37:54.599  1732  3956 V NuPlayerDecoder:   int32_t callbackID = 1
01-23 17:37:54.599  1732  3956 V NuPlayerDecoder:   int32_t index = 0
01-23 17:37:54.599  1732  3956 V NuPlayerDecoder: }
01-23 17:37:54.599  1732  3956 V NuPlayerDecoder: [audio] kWhatCodecNotify: cbID = 1, paused = 0
01-23 17:37:54.600  1732  3957 V ACodec  : [OMX.Freescale.std.audio_decoder.aac.sw-based] onOMXEmptyBufferDone 2
01-23 17:37:54.600  1732  3957 V MediaCodec: -- Looking at startdata. presentation 1045333, start 585690690125
01-23 17:37:54.600  1732  3957 V MediaCodec: -- match entry for 1045333, hits our frame of 1045333
01-23 17:37:54.600  1732  3957 V ACodec  : [OMX.Freescale.std.audio_decoder.aac.sw-based] onOMXFillBufferDone 6 time 1066666 us, flags = 0x00000030
01-23 17:37:54.600  1732  3957 V MediaCodec: -- Looking at startdata. presentation 1066666, start 585696426625
01-23 17:37:54.600  1732  3957 V MediaCodec: -- match entry for 1066666, hits our frame of 1066666
01-23 17:37:54.600  1732  3957 V ACodec  : [OMX.Freescale.std.audio_decoder.aac.sw-based] onOMXEmptyBufferDone 3
01-23 17:37:54.601  1732  3957 V ACodec  : [OMX.Freescale.std.audio_decoder.aac.sw-based] calling emptyBuffer 1 w/ time 1450666 us
01-23 17:37:54.601  1732  3956 V NuPlayerDecoder: [OMX.Freescale.std.audio_decoder.aac.sw-based] onMessage: AMessage(what = 'rndr', target = 60) = {
01-23 17:37:54.601  1732  3956 V NuPlayerDecoder:   size_t buffer-ix = 0
01-23 17:37:54.601  1732  3956 V NuPlayerDecoder:   int32_t generation = 1
01-23 17:37:54.601  1732  3956 V NuPlayerDecoder:   size_t size = 4096
01-23 17:37:54.601  1732  3956 V NuPlayerDecoder: }
01-23 17:37:54.601  1732  3957 V ACodec  : [OMX.Freescale.std.audio_decoder.aac.sw-based] calling fillBuffer 4
01-23 17:37:54.601  1732  3956 V NuPlayerDecoder: [OMX.Freescale.std.audio_decoder.aac.sw-based] onMessage: AMessage(what = 'cdcN', target = 60) = {
01-23 17:37:54.601  1732  3956 V NuPlayerDecoder:   int32_t callbackID = 2
01-23 17:37:54.601  1732  3956 V NuPlayerDecoder:   int32_t index = 1
01-23 17:37:54.601  1732  3956 V NuPlayerDecoder:   size_t offset = 0
01-23 17:37:54.601  1732  3956 V NuPlayerDecoder:   size_t size = 4096
01-23 17:37:54.601  1732  3956 V NuPlayerDecoder:   int64_t timeUs = 1045333
01-23 17:37:54.601  1732  3956 V NuPlayerDecoder:   int32_t flags = 1
01-23 17:37:54.601  1732  3956 V NuPlayerDecoder: }
01-23 17:37:54.601  1732  3956 V NuPlayerDecoder: [audio] kWhatCodecNotify: cbID = 2, paused = 0
01-23 17:37:54.601  1732  3953 V NuPlayerRenderer: onDrainAudioQueue: rendering audio at media time 1.05 secs
01-23 17:37:54.602  1732  3953 V NuPlayerRenderer: AudioSink write short frame count 2816 < 4096
01-23 17:37:54.602  1732  3956 V NuPlayerDecoder: [OMX.Freescale.std.audio_decoder.aac.sw-based] onMessage: AMessage(what = 'cdcN', target = 60) = {
01-23 17:37:54.602  1732  3956 V NuPlayerDecoder:   int32_t callbackID = 1
01-23 17:37:54.602  1732  3956 V NuPlayerDecoder:   int32_t index = 1
01-23 17:37:54.602  1732  3956 V NuPlayerDecoder: }
01-23 17:37:54.602  1732  3956 V NuPlayerDecoder: [audio] kWhatCodecNotify: cbID = 1, paused = 0
01-23 17:37:54.602  1732  3957 V ACodec  : [OMX.Freescale.std.audio_decoder.aac.sw-based] calling emptyBuffer 2 w/ time 1472000 us
01-23 17:37:54.602  1732  3956 V NuPlayerDecoder: [OMX.Freescale.std.audio_decoder.aac.sw-based] onMessage: AMessage(what = 'cdcN', target = 60) = {
01-23 17:37:54.602  1732  3956 V NuPlayerDecoder:   int32_t callbackID = 2
01-23 17:37:54.602  1732  3956 V NuPlayerDecoder:   int32_t index = 2
01-23 17:37:54.602  1732  3956 V NuPlayerDecoder:   size_t offset = 0
