01-23 17:37:55.132  1732  3957 V MediaCodec: -- match entry for 1514666, hits our frame of 1514666
01-23 17:37:55.132  1732  3956 V NuPlayerDecoder: [OMX.Freescale.std.audio_decoder.aac.sw-based] onMessage: AMessage(what = 'cdcN', target = 60) = {
01-23 17:37:55.132  1732  3956 V NuPlayerDecoder:   int32_t callbackID = 2
01-23 17:37:55.132  1732  3956 V NuPlayerDecoder:   int32_t index = 1
01-23 17:37:55.132  1732  3956 V NuPlayerDecoder:   size_t offset = 0
01-23 17:37:55.132  1732  3956 V NuPlayerDecoder:   size_t size = 4096
01-23 17:37:55.132  1732  3956 V NuPlayerDecoder:   int64_t timeUs = 1493333
01-23 17:37:55.132  1732  3956 V NuPlayerDecoder:   int32_t flags = 1
01-23 17:37:55.132  1732  3956 V NuPlayerDecoder: }
01-23 17:37:55.132  1732  3956 V NuPlayerDecoder: [audio] kWhatCodecNotify: cbID = 2, paused = 0
01-23 17:37:55.132  1732  3957 V MediaCodec: -- Looking at startdata. presentation 1536000, start 586233528000
01-23 17:37:55.132  1732  3957 V MediaCodec: -- match entry for 1536000, hits our frame of 1536000
01-23 17:37:55.132  1732  3956 V NuPlayerDecoder: [OMX.Freescale.std.audio_decoder.aac.sw-based] onMessage: AMessage(what = 'cdcN', target = 60) = {
01-23 17:37:55.132  1732  3956 V NuPlayerDecoder:   int32_t callbackID = 1
01-23 17:37:55.132  1732  3956 V NuPlayerDecoder:   int32_t index = 1
01-23 17:37:55.132  1732  3956 V NuPlayerDecoder: }
01-23 17:37:55.132  1732  3956 V NuPlayerDecoder: [audio] kWhatCodecNotify: cbID = 1, paused = 0
01-23 17:37:55.132  1732  3953 V NuPlayerRenderer: onDrainAudioQueue: rendering audio at media time 1.49 secs
01-23 17:37:55.133  1732  3957 V ACodec  : [OMX.Freescale.std.audio_decoder.aac.sw-based] calling emptyBuffer 2 w/ time 1920000 us
01-23 17:37:55.133  1732  3956 V NuPlayerDecoder: [OMX.Freescale.std.audio_decoder.aac.sw-based] onMessage: AMessage(what = 'cdcN', target = 60) = {
01-23 17:37:55.133  1732  3956 V NuPlayerDecoder:   int32_t callbackID = 2
01-23 17:37:55.133  1732  3956 V NuPlayerDecoder:   int32_t index = 2
01-23 17:37:55.133  1732  3956 V NuPlayerDecoder:   size_t offset = 0
01-23 17:37:55.133  1732  3956 V NuPlayerDecoder:   size_t size = 4096
01-23 17:37:55.133  1732  3956 V NuPlayerDecoder:   int64_t timeUs = 1514666
01-23 17:37:55.133  1732  3956 V NuPlayerDecoder:   int32_t flags = 1
01-23 17:37:55.133  1732  3956 V NuPlayerDecoder: }
01-23 17:37:55.133  1732  3956 V NuPlayerDecoder: [audio] kWhatCodecNotify: cbID = 2, paused = 0
01-23 17:37:55.133  1732  3953 V NuPlayerRenderer: onDrainAudioQueue: rendering audio at media time 1.51 secs
01-23 17:37:55.133  1732  3956 V NuPlayerDecoder: [OMX.Freescale.std.audio_decoder.aac.sw-based] onMessage: AMessage(what = 'cdcN', target = 60) = {
01-23 17:37:55.133  1732  3956 V NuPlayerDecoder:   int32_t callbackID = 1
01-23 17:37:55.133  1732  3956 V NuPlayerDecoder:   int32_t index = 2
01-23 17:37:55.133  1732  3956 V NuPlayerDecoder: }
01-23 17:37:55.133  1732  3956 V NuPlayerDecoder: [audio] kWhatCodecNotify: cbID = 1, paused = 0
01-23 17:37:55.133  1732  3957 V ACodec  : [OMX.Freescale.std.audio_decoder.aac.sw-based] calling emptyBuffer 3 w/ time 1941333 us
01-23 17:37:55.133  1732  3956 V NuPlayerDecoder: [OMX.Freescale.std.audio_decoder.aac.sw-based] onMessage: AMessage(what = 'cdcN', target = 60) = {
01-23 17:37:55.133  1732  3956 V NuPlayerDecoder:   int32_t callbackID = 2
01-23 17:37:55.133  1732  3956 V NuPlayerDecoder:   int32_t index = 0
01-23 17:37:55.133  1732  3956 V NuPlayerDecoder:   size_t offset = 0
01-23 17:37:55.133  1732  3956 V NuPlayerDecoder:   size_t size = 4096
01-23 17:37:55.133  1732  3956 V NuPlayerDecoder:   int64_t timeUs = 1536000
01-23 17:37:55.133  1732  3956 V NuPlayerDecoder:   int32_t flags = 1
01-23 17:37:55.133  1732  3956 V NuPlayerDecoder: }
01-23 17:37:55.133  1732  3956 V NuPlayerDecoder: [audio] kWhatCodecNotify: cbID = 2, paused = 0
01-23 17:37:55.133  1732  3953 V NuPlayerRenderer: onDrainAudioQueue: rendering audio at media time 1.54 secs
01-23 17:37:55.133  1732  3956 V NuPlayerDecoder: [OMX.Freescale.std.audio_decoder.aac.sw-based] onMessage: AMessage(what = 'cdcN', target = 60) = {
01-23 17:37:55.133  1732  3956 V NuPlayerDecoder:   int32_t callbackID = 1
01-23 17:37:55.133  1732  3956 V NuPlayerDecoder:   int32_t index = 0
01-23 17:37:55.133  1732  3956 V NuPlayerDecoder: }
01-23 17:37:55.133  1732  3956 V NuPlayerDecoder: [audio] kWhatCodecNotify: cbID = 1, paused = 0
01-23 17:37:55.134  1732  3957 V ACodec  : [OMX.Freescale.std.audio_decoder.aac.sw-based] calling emptyBuffer 1 w/ time 1962666 us
01-23 17:37:55.134  1732  3956 V NuPlayerDecoder: [OMX.Freescale.std.audio_decoder.aac.sw-based] onMessage: AMessage(what = 'rndr', target = 60) = {
01-23 17:37:55.134  1732  3956 V NuPlayerDecoder:   size_t buffer-ix = 1
01-23 17:37:55.134  1732  3956 V NuPlayerDecoder:   int32_t generation = 1
01-23 17:37:55.134  1732  3956 V NuPlayerDecoder:   size_t size = 4096
01-23 17:37:55.134  1732  3956 V NuPlayerDecoder: }
01-23 17:37:55.134  1732  3957 V ACodec  : [OMX.Freescale.std.audio_decoder.aac.sw-based] calling fillBuffer 5
01-23 17:37:55.134  1732  3956 V NuPlayerDecoder: [OMX.Freescale.std.audio_decoder.aac.sw-based] onMessage: AMessage(what = 'rndr', target = 60) = {
01-23 17:37:55.134  1732  3956 V NuPlayerDecoder:   size_t buffer-ix = 2
01-23 17:37:55.134  1732  3956 V NuPlayerDecoder:   int32_t generation = 1
01-23 17:37:55.134  1732  3956 V NuPlayerDecoder:   size_t size = 4096
01-23 17:37:55.134  1732  3956 V NuPlayerDecoder: }
01-23 17:37:55.134  1732  3957 V ACodec  : [OMX.Freescale.std.audio_decoder.aac.sw-based] calling fillBuffer 6
01-23 17:37:55.134  1732  3956 V NuPlayerDecoder: [OMX.Freescale.std.audio_decoder.aac.sw-based] onMessage: AMessage(what = 'rndr', target = 60) = {
01-23 17:37:55.134  1732  3956 V NuPlayerDecoder:   size_t buffer-ix = 0
01-23 17:37:55.134  1732  3956 V NuPlayerDecoder:   int32_t generation = 1
01-23 17:37:55.134  1732  3956 V NuPlayerDecoder:   size_t size = 4096
01-23 17:37:55.134  1732  3956 V NuPlayerDecoder: }
01-23 17:37:55.135  1732  3957 V ACodec  : [OMX.Freescale.std.audio_decoder.aac.sw-based] calling fillBuffer 4
01-23 17:37:55.135  1732  3957 V ACodec  : [OMX.Freescale.std.audio_decoder.aac.sw-based] onOMXFillBufferDone 5 time 1557333 us, flags = 0x00000030
01-23 17:37:55.135  1732  3957 V ACodec  : [OMX.Freescale.std.audio_decoder.aac.sw-based] onOMXEmptyBufferDone 2
01-23 17:37:55.135  1732  3957 V MediaCodec: -- Looking at startdata. presentation 1557333, start 586234206750
01-23 17:37:55.135  1732  3957 V MediaCodec: -- match entry for 1557333, hits our frame of 1557333
01-23 17:37:55.135  1732  3957 V ACodec  : [OMX.Freescale.std.audio_decoder.aac.sw-based] onOMXFillBufferDone 6 time 1578666 us, flags = 0x00000030
01-23 17:37:55.135  1732  3957 V ACodec  : [OMX.Freescale.std.audio_decoder.aac.sw-based] onOMXEmptyBufferDone 3
01-23 17:37:55.135  1732  3957 V MediaCodec: -- Looking at startdata. presentation 1578666, start 586235569000
01-23 17:37:55.135  1732  3956 V NuPlayerDecoder: [OMX.Freescale.std.audio_decoder.aac.sw-based] onMessage: AMessage(what = 'cdcN', target = 60) = {
01-23 17:37:55.135  1732  3956 V NuPlayerDecoder:   int32_t callbackID = 2
01-23 17:37:55.135  1732  3956 V NuPlayerDecoder:   int32_t index = 1
01-23 17:37:55.135  1732  3956 V NuPlayerDecoder:   size_t offset = 0
01-23 17:37:55.135  1732  3956 V NuPlayerDecoder:   size_t size = 4096
01-23 17:37:55.135  1732  3956 V NuPlayerDecoder:   int64_t timeUs = 1557333
01-23 17:37:55.135  1732  3956 V NuPlayerDecoder:   int32_t flags = 1
01-23 17:37:55.135  1732  3956 V NuPlayerDecoder: }
01-23 17:37:55.135  1732  3956 V NuPlayerDecoder: [audio] kWhatCodecNotify: cbID = 2, paused = 0
01-23 17:37:55.136  1732  3956 V NuPlayerDecoder: [OMX.Freescale.std.audio_decoder.aac.sw-based] onMessage: AMessage(what = 'cdcN', target = 60) = {
01-23 17:37:55.136  1732  3956 V NuPlayerDecoder:   int32_t callbackID = 1
01-23 17:37:55.136  1732  3956 V NuPlayerDecoder:   int32_t index = 1
01-23 17:37:55.136  1732  3956 V NuPlayerDecoder: }
01-23 17:37:55.136  1732  3956 V NuPlayerDecoder: [audio] kWhatCodecNotify: cbID = 1, paused = 0
01-23 17:37:55.136  1732  3953 V NuPlayerRenderer: onDrainAudioQueue: rendering audio at media time 1.56 secs
01-23 17:37:55.136  1732  3957 V MediaCodec: -- match entry for 1578666, hits our frame of 1578666
01-23 17:37:55.136  1732  3957 V ACodec  : [OMX.Freescale.std.audio_decoder.aac.sw-based] onOMXFillBufferDone 4 time 1600000 us, flags = 0x00000030
01-23 17:37:55.136  1732  3957 V ACodec  : [OMX.Freescale.std.audio_decoder.aac.sw-based] onOMXEmptyBufferDone 1
01-23 17:37:55.136  1732  3957 V MediaCodec: -- Looking at startdata. presentation 1600000, start 586237824000
01-23 17:37:55.136  1732  3957 V MediaCodec: -- match entry for 1600000, hits our frame of 1600000
01-23 17:37:55.136  1732  3956 V NuPlayerDecoder: [OMX.Freescale.std.audio_decoder.aac.sw-based] onMessage: AMessage(what = 'rndr', target = 60) = {
01-23 17:37:55.136  1732  3956 V NuPlayerDecoder:   size_t buffer-ix = 1
01-23 17:37:55.136  1732  3956 V NuPlayerDecoder:   int32_t generation = 1
01-23 17:37:55.136  1732  3956 V NuPlayerDecoder:   size_t size = 4096
01-23 17:37:55.136  1732  3956 V NuPlayerDecoder: }
01-23 17:37:55.136  1732  3957 V ACodec  : [OMX.Freescale.std.audio_decoder.aac.sw-based] calling emptyBuffer 2 w/ time 1984000 us
01-23 17:37:55.137  1732  3957 V ACodec  : [OMX.Freescale.std.audio_decoder.aac.sw-based] calling fillBuffer 5
01-23 17:37:55.137  1732  3956 V NuPlayerDecoder: [OMX.Freescale.std.audio_decoder.aac.sw-based] onMessage: AMessage(what = 'cdcN', target = 60) = {
01-23 17:37:55.137  1732  3956 V NuPlayerDecoder:   int32_t callbackID = 2
01-23 17:37:55.137  1732  3956 V NuPlayerDecoder:   int32_t index = 2
01-23 17:37:55.137  1732  3956 V NuPlayerDecoder:   size_t offset = 0
01-23 17:37:55.137  1732  3956 V NuPlayerDecoder:   size_t size = 4096
01-23 17:37:55.137  1732  3956 V NuPlayerDecoder:   int64_t timeUs = 1578666
01-23 17:37:55.137  1732  3956 V NuPlayerDecoder:   int32_t flags = 1
01-23 17:37:55.137  1732  3956 V NuPlayerDecoder: }
01-23 17:37:55.137  1732  3956 V NuPlayerDecoder: [audio] kWhatCodecNotify: cbID = 2, paused = 0
01-23 17:37:55.137  1732  3956 V NuPlayerDecoder: [OMX.Freescale.std.audio_decoder.aac.sw-based] onMessage: AMessage(what = 'cdcN', target = 60) = {
01-23 17:37:55.137  1732  3956 V NuPlayerDecoder:   int32_t callbackID = 1
01-23 17:37:55.137  1732  3956 V NuPlayerDecoder:   int32_t index = 2
01-23 17:37:55.137  1732  3956 V NuPlayerDecoder: }
01-23 17:37:55.137  1732  3953 V NuPlayerRenderer: onDrainAudioQueue: rendering audio at media time 1.58 secs
01-23 17:37:55.137  1732  3956 V NuPlayerDecoder: [audio] kWhatCodecNotify: cbID = 1, paused = 0
01-23 17:37:55.137  1732  3953 V NuPlayerRenderer: AudioSink write short frame count 256 < 4096
01-23 17:37:55.139  1732  3957 V ACodec  : [OMX.Freescale.std.audio_decoder.aac.sw-based] onOMXFillBufferDone 5 time 1621333 us, flags = 0x00000030
01-23 17:37:55.139  1732  3956 V NuPlayerDecoder: [OMX.Freescale.std.audio_decoder.aac.sw-based] onMessage: AMessage(what = 'cdcN', target = 60) = {
01-23 17:37:55.139  1732  3956 V NuPlayerDecoder:   int32_t callbackID = 2
01-23 17:37:55.139  1732  3956 V NuPlayerDecoder:   int32_t index = 0
01-23 17:37:55.139  1732  3956 V NuPlayerDecoder:   size_t offset = 0
01-23 17:37:55.139  1732  3956 V NuPlayerDecoder:   size_t size = 4096
01-23 17:37:55.139  1732  3956 V NuPlayerDecoder:   int64_t timeUs = 1600000
01-23 17:37:55.139  1732  3956 V NuPlayerDecoder:   int32_t flags = 1
01-23 17:37:55.139  1732  3956 V NuPlayerDecoder: }
01-23 17:37:55.139  1732  3957 V ACodec  : [OMX.Freescale.std.audio_decoder.aac.sw-based] calling emptyBuffer 3 w/ time 2005333 us
01-23 17:37:55.139  1732  3956 V NuPlayerDecoder: [audio] kWhatCodecNotify: cbID = 2, paused = 0
01-23 17:37:55.140  1732  3957 V MediaCodec: -- Looking at startdata. presentation 1621333, start 586238548625
01-23 17:37:55.140  1732  3957 V MediaCodec: -- match entry for 1621333, hits our frame of 1621333
01-23 17:37:55.140  1732  3956 V NuPlayerDecoder: [OMX.Freescale.std.audio_decoder.aac.sw-based] onMessage: AMessage(what = 'cdcN', target = 60) = {
01-23 17:37:55.140  1732  3956 V NuPlayerDecoder:   int32_t callbackID = 1
01-23 17:37:55.140  1732  3956 V NuPlayerDecoder:   int32_t index = 0
01-23 17:37:55.140  1732  3956 V NuPlayerDecoder: }
01-23 17:37:55.140  1732  3956 V NuPlayerDecoder: [audio] kWhatCodecNotify: cbID = 1, paused = 0
01-23 17:37:55.140  1732  3957 V ACodec  : [OMX.Freescale.std.audio_decoder.aac.sw-based] calling emptyBuffer 1 w/ time 2026666 us
01-23 17:37:55.140  1732  3956 V NuPlayerDecoder: [OMX.Freescale.std.audio_decoder.aac.sw-based] onMessage: AMessage(what = 'cdcN', target = 60) = {
01-23 17:37:55.140  1732  3956 V NuPlayerDecoder:   int32_t callbackID = 2
01-23 17:37:55.140  1732  3956 V NuPlayerDecoder:   int32_t index = 1
01-23 17:37:55.140  1732  3956 V NuPlayerDecoder:   size_t offset = 0
01-23 17:37:55.140  1732  3956 V NuPlayerDecoder:   size_t size = 4096
01-23 17:37:55.140  1732  3956 V NuPlayerDecoder:   int64_t timeUs = 1621333
01-23 17:37:55.140  1732  3956 V NuPlayerDecoder:   int32_t flags = 1
01-23 17:37:55.140  1732  3956 V NuPlayerDecoder: }
01-23 17:37:55.140  1732  3956 V NuPlayerDecoder: [audio] kWhatCodecNotify: cbID = 2, paused = 0
01-23 17:37:55.368  1732  1732 V MediaPlayerService: [6] isPlaying: 1
01-23 17:37:55.368  3660  3660 V MediaPlayerNative: isPlaying: 1
01-23 17:37:55.368  3660  3660 V MediaPlayerNative: getCurrentPosition
01-23 17:37:55.368  1732  1804 V MediaPlayerService: getCurrentPosition
01-23 17:37:55.368  1732  1804 V MediaPlayerService: [6] getCurrentPosition = 1249
01-23 17:37:55.388  1732  3953 V NuPlayerRenderer: onDrainAudioQueue: rendering audio at media time 1.60 secs
01-23 17:37:55.388  1732  3953 V AudioSink: getPlayedOutDurationUs(1268474) nowUs(586765412) frames(60296) framesAt(586753104)
01-23 17:37:55.388  1732  3953 V NuPlayerRenderer: onDrainAudioQueue: rendering audio at media time 1.62 secs
01-23 17:37:55.388  1732  3956 V NuPlayerDecoder: [OMX.Freescale.std.audio_decoder.aac.sw-based] onMessage: AMessage(what = 'rndr', target = 60) = {
01-23 17:37:55.388  1732  3956 V NuPlayerDecoder:   size_t buffer-ix = 2
01-23 17:37:55.388  1732  3956 V NuPlayerDecoder:   int32_t generation = 1
01-23 17:37:55.388  1732  3956 V NuPlayerDecoder:   size_t size = 4096
01-23 17:37:55.388  1732  3956 V NuPlayerDecoder: }
01-23 17:37:55.388  1732  3957 V ACodec  : [OMX.Freescale.std.audio_decoder.aac.sw-based] calling fillBuffer 6
01-23 17:37:55.388  1732  3956 V NuPlayerDecoder: [OMX.Freescale.std.audio_decoder.aac.sw-based] onMessage: AMessage(what = 'rndr', target = 60) = {
01-23 17:37:55.388  1732  3956 V NuPlayerDecoder:   size_t buffer-ix = 0
01-23 17:37:55.388  1732  3956 V NuPlayerDecoder:   int32_t generation = 1
01-23 17:37:55.388  1732  3956 V NuPlayerDecoder:   size_t size = 4096
01-23 17:37:55.388  1732  3956 V NuPlayerDecoder: }
01-23 17:37:55.389  1732  3957 V ACodec  : [OMX.Freescale.std.audio_decoder.aac.sw-based] calling fillBuffer 4
01-23 17:37:55.389  1732  3956 V NuPlayerDecoder: [OMX.Freescale.std.audio_decoder.aac.sw-based] onMessage: AMessage(what = 'rndr', target = 60) = {
01-23 17:37:55.389  1732  3956 V NuPlayerDecoder:   size_t buffer-ix = 1
01-23 17:37:55.389  1732  3956 V NuPlayerDecoder:   int32_t generation = 1
01-23 17:37:55.389  1732  3956 V NuPlayerDecoder:   size_t size = 4096
01-23 17:37:55.389  1732  3956 V NuPlayerDecoder: }
01-23 17:37:55.389  1732  3957 V ACodec  : [OMX.Freescale.std.audio_decoder.aac.sw-based] calling fillBuffer 5
01-23 17:37:55.390  1732  3957 V ACodec  : [OMX.Freescale.std.audio_decoder.aac.sw-based] onOMXEmptyBufferDone 2
01-23 17:37:55.390  1732  3957 V ACodec  : [OMX.Freescale.std.audio_decoder.aac.sw-based] onOMXFillBufferDone 6 time 1642666 us, flags = 0x00000030
01-23 17:37:55.390  1732  3957 V ACodec  : [OMX.Freescale.std.audio_decoder.aac.sw-based] onOMXEmptyBufferDone 3
01-23 17:37:55.390  1732  3957 V ACodec  : [OMX.Freescale.std.audio_decoder.aac.sw-based] onOMXFillBufferDone 4 time 1664000 us, flags = 0x00000030
01-23 17:37:55.390  1732  3957 V ACodec  : [OMX.Freescale.std.audio_decoder.aac.sw-based] onOMXEmptyBufferDone 1
01-23 17:37:55.391  1732  3957 V ACodec  : [OMX.Freescale.std.audio_decoder.aac.sw-based] onOMXFillBufferDone 5 time 1685333 us, flags = 0x00000030
01-23 17:37:55.391  1732  3957 V MediaCodec: -- Looking at startdata. presentation 1642666, start 586238910625
01-23 17:37:55.392  1732  3956 V NuPlayerDecoder: [OMX.Freescale.std.audio_decoder.aac.sw-based] onMessage: AMessage(what = 'cdcN', target = 60) = {
01-23 17:37:55.392  1732  3956 V NuPlayerDecoder:   int32_t callbackID = 1
01-23 17:37:55.392  1732  3956 V NuPlayerDecoder:   int32_t index = 1
01-23 17:37:55.392  1732  3956 V NuPlayerDecoder: }
01-23 17:37:55.392  1732  3956 V NuPlayerDecoder: [audio] kWhatCodecNotify: cbID = 1, paused = 0
01-23 17:37:55.392  1732  3957 V MediaCodec: -- match entry for 1642666, hits our frame of 1642666
01-23 17:37:55.392  1732  3957 V MediaCodec: -- Looking at startdata. presentation 1664000, start 586240526750
01-23 17:37:55.392  1732  3957 V MediaCodec: -- match entry for 1664000, hits our frame of 1664000
01-23 17:37:55.392  1732  3957 V MediaCodec: -- Looking at startdata. presentation 1685333, start 586242689625
01-23 17:37:55.392  1732  3957 V MediaCodec: -- match entry for 1685333, hits our frame of 1685333
01-23 17:37:55.392  1732  3957 V ACodec  : [OMX.Freescale.std.audio_decoder.aac.sw-based] calling emptyBuffer 2 w/ time 2048000 us
01-23 17:37:55.393  1732  3956 V NuPlayerDecoder: [OMX.Freescale.std.audio_decoder.aac.sw-based] onMessage: AMessage(what = 'cdcN', target = 60) = {
01-23 17:37:55.393  1732  3956 V NuPlayerDecoder:   int32_t callbackID = 2
01-23 17:37:55.393  1732  3956 V NuPlayerDecoder:   int32_t index = 2
01-23 17:37:55.393  1732  3956 V NuPlayerDecoder:   size_t offset = 0
01-23 17:37:55.393  1732  3956 V NuPlayerDecoder:   size_t size = 4096
01-23 17:37:55.393  1732  3956 V NuPlayerDecoder:   int64_t timeUs = 1642666
01-23 17:37:55.393  1732  3956 V NuPlayerDecoder:   int32_t flags = 1
01-23 17:37:55.393  1732  3956 V NuPlayerDecoder: }
01-23 17:37:55.393  1732  3956 V NuPlayerDecoder: [audio] kWhatCodecNotify: cbID = 2, paused = 0
01-23 17:37:55.393  1732  3956 V NuPlayerDecoder: [OMX.Freescale.std.audio_decoder.aac.sw-based] onMessage: AMessage(what = 'cdcN', target = 60) = {
01-23 17:37:55.393  1732  3956 V NuPlayerDecoder:   int32_t callbackID = 1
01-23 17:37:55.393  1732  3956 V NuPlayerDecoder:   int32_t index = 2
01-23 17:37:55.393  1732  3956 V NuPlayerDecoder: }
01-23 17:37:55.393  1732  3956 V NuPlayerDecoder: [audio] kWhatCodecNotify: cbID = 1, paused = 0
01-23 17:37:55.393  1732  3957 V ACodec  : [OMX.Freescale.std.audio_decoder.aac.sw-based] calling emptyBuffer 3 w/ time 2069333 us
01-23 17:37:55.393  1732  3953 V NuPlayerRenderer: onDrainAudioQueue: rendering audio at media time 1.64 secs
01-23 17:37:55.393  1732  3956 V NuPlayerDecoder: [OMX.Freescale.std.audio_decoder.aac.sw-based] onMessage: AMessage(what = 'cdcN', target = 60) = {
01-23 17:37:55.393  1732  3956 V NuPlayerDecoder:   int32_t callbackID = 2
01-23 17:37:55.393  1732  3956 V NuPlayerDecoder:   int32_t index = 0
01-23 17:37:55.393  1732  3956 V NuPlayerDecoder:   size_t offset = 0
01-23 17:37:55.393  1732  3956 V NuPlayerDecoder:   size_t size = 4096
01-23 17:37:55.393  1732  3956 V NuPlayerDecoder:   int64_t timeUs = 1664000
01-23 17:37:55.393  1732  3956 V NuPlayerDecoder:   int32_t flags = 1
01-23 17:37:55.393  1732  3956 V NuPlayerDecoder: }
01-23 17:37:55.393  1732  3956 V NuPlayerDecoder: [audio] kWhatCodecNotify: cbID = 2, paused = 0
01-23 17:37:55.393  1732  3956 V NuPlayerDecoder: [OMX.Freescale.std.audio_decoder.aac.sw-based] onMessage: AMessage(what = 'cdcN', target = 60) = {
01-23 17:37:55.393  1732  3956 V NuPlayerDecoder:   int32_t callbackID = 1
01-23 17:37:55.393  1732  3956 V NuPlayerDecoder:   int32_t index = 0
01-23 17:37:55.393  1732  3956 V NuPlayerDecoder: }
01-23 17:37:55.393  1732  3956 V NuPlayerDecoder: [audio] kWhatCodecNotify: cbID = 1, paused = 0
01-23 17:37:55.394  1732  3953 V NuPlayerRenderer: onDrainAudioQueue: rendering audio at media time 1.66 secs
01-23 17:37:55.394  1732  3957 V ACodec  : [OMX.Freescale.std.audio_decoder.aac.sw-based] calling emptyBuffer 1 w/ time 2090666 us
01-23 17:37:55.394  1732  3957 V ACodec  : [OMX.Freescale.std.audio_decoder.aac.sw-based] onOMXEmptyBufferDone 2
01-23 17:37:55.394  1732  3956 V NuPlayerDecoder: [OMX.Freescale.std.audio_decoder.aac.sw-based] onMessage: AMessage(what = 'cdcN', target = 60) = {
01-23 17:37:55.394  1732  3956 V NuPlayerDecoder:   int32_t callbackID = 2
01-23 17:37:55.394  1732  3956 V NuPlayerDecoder:   int32_t index = 1
01-23 17:37:55.394  1732  3956 V NuPlayerDecoder:   size_t offset = 0
01-23 17:37:55.394  1732  3956 V NuPlayerDecoder:   size_t size = 4096
01-23 17:37:55.394  1732  3956 V NuPlayerDecoder:   int64_t timeUs = 1685333
01-23 17:37:55.394  1732  3956 V NuPlayerDecoder:   int32_t flags = 1
01-23 17:37:55.394  1732  3956 V NuPlayerDecoder: }
01-23 17:37:55.394  1732  3956 V NuPlayerDecoder: [audio] kWhatCodecNotify: cbID = 2, paused = 0
01-23 17:37:55.395  1732  3956 V NuPlayerDecoder: [OMX.Freescale.std.audio_decoder.aac.sw-based] onMessage: AMessage(what = 'rndr', target = 60) = {
01-23 17:37:55.395  1732  3956 V NuPlayerDecoder:   size_t buffer-ix = 2
01-23 17:37:55.395  1732  3956 V NuPlayerDecoder:   int32_t generation = 1
01-23 17:37:55.395  1732  3956 V NuPlayerDecoder:   size_t size = 4096
01-23 17:37:55.395  1732  3956 V NuPlayerDecoder: }
01-23 17:37:55.395  1732  3953 V NuPlayerRenderer: onDrainAudioQueue: rendering audio at media time 1.69 secs
01-23 17:37:55.395  1732  3957 V ACodec  : [OMX.Freescale.std.audio_decoder.aac.sw-based] calling fillBuffer 6
01-23 17:37:55.395  1732  3956 V NuPlayerDecoder: [OMX.Freescale.std.audio_decoder.aac.sw-based] onMessage: AMessage(what = 'rndr', target = 60) = {
01-23 17:37:55.395  1732  3956 V NuPlayerDecoder:   size_t buffer-ix = 0
01-23 17:37:55.395  1732  3956 V NuPlayerDecoder:   int32_t generation = 1
01-23 17:37:55.395  1732  3956 V NuPlayerDecoder:   size_t size = 4096
01-23 17:37:55.395  1732  3956 V NuPlayerDecoder: }
01-23 17:37:55.395  1732  3957 V ACodec  : [OMX.Freescale.std.audio_decoder.aac.sw-based] calling fillBuffer 4
01-23 17:37:55.395  1732  3956 V NuPlayerDecoder: [OMX.Freescale.std.audio_decoder.aac.sw-based] onMessage: AMessage(what = 'cdcN', target = 60) = {
01-23 17:37:55.395  1732  3956 V NuPlayerDecoder:   int32_t callbackID = 1
01-23 17:37:55.395  1732  3956 V NuPlayerDecoder:   int32_t index = 1
01-23 17:37:55.395  1732  3956 V NuPlayerDecoder: }
01-23 17:37:55.396  1732  3956 V NuPlayerDecoder: [audio] kWhatCodecNotify: cbID = 1, paused = 0
01-23 17:37:55.396  1732  3957 V ACodec  : [OMX.Freescale.std.audio_decoder.aac.sw-based] calling emptyBuffer 2 w/ time 2112000 us
01-23 17:37:55.396  1732  3956 V NuPlayerDecoder: [OMX.Freescale.std.audio_decoder.aac.sw-based] onMessage: AMessage(what = 'rndr', target = 60) = {
01-23 17:37:55.396  1732  3956 V NuPlayerDecoder:   size_t buffer-ix = 1
01-23 17:37:55.396  1732  3956 V NuPlayerDecoder:   int32_t generation = 1
01-23 17:37:55.396  1732  3956 V NuPlayerDecoder:   size_t size = 4096
01-23 17:37:55.396  1732  3956 V NuPlayerDecoder: }
01-23 17:37:55.397  1732  3957 V ACodec  : [OMX.Freescale.std.audio_decoder.aac.sw-based] calling fillBuffer 5
01-23 17:37:55.398  1732  3957 V ACodec  : [OMX.Freescale.std.audio_decoder.aac.sw-based] onOMXFillBufferDone 6 time 1706666 us, flags = 0x00000030
01-23 17:37:55.398  1732  3957 V ACodec  : [OMX.Freescale.std.audio_decoder.aac.sw-based] onOMXEmptyBufferDone 3
01-23 17:37:55.398  1732  3957 V ACodec  : [OMX.Freescale.std.audio_decoder.aac.sw-based] onOMXFillBufferDone 4 time 1728000 us, flags = 0x00000030
01-23 17:37:55.398  1732  3957 V ACodec  : [OMX.Freescale.std.audio_decoder.aac.sw-based] onOMXEmptyBufferDone 1
01-23 17:37:55.398  1732  3957 V ACodec  : [OMX.Freescale.std.audio_decoder.aac.sw-based] onOMXFillBufferDone 5 time 1749333 us, flags = 0x00000030
01-23 17:37:55.398  1732  3957 V MediaCodec: -- Looking at startdata. presentation 1706666, start 586243649500
01-23 17:37:55.398  1732  3957 V MediaCodec: -- match entry for 1706666, hits our frame of 1706666
01-23 17:37:55.398  1732  3957 V MediaCodec: -- Looking at startdata. presentation 1728000, start 586246555250
01-23 17:37:55.398  1732  3957 V MediaCodec: -- match entry for 1728000, hits our frame of 1728000
01-23 17:37:55.399  1732  3957 V MediaCodec: -- Looking at startdata. presentation 1749333, start 586247303375
01-23 17:37:55.399  1732  3957 V MediaCodec: -- match entry for 1749333, hits our frame of 1749333
01-23 17:37:55.398  1732  3956 V NuPlayerDecoder: [OMX.Freescale.std.audio_decoder.aac.sw-based] onMessage: AMessage(what = 'cdcN', target = 60) = {
01-23 17:37:55.398  1732  3956 V NuPlayerDecoder:   int32_t callbackID = 2
01-23 17:37:55.398  1732  3956 V NuPlayerDecoder:   int32_t index = 2
01-23 17:37:55.398  1732  3956 V NuPlayerDecoder:   size_t offset = 0
01-23 17:37:55.398  1732  3956 V NuPlayerDecoder:   size_t size = 4096
01-23 17:37:55.398  1732  3956 V NuPlayerDecoder:   int64_t timeUs = 1706666
01-23 17:37:55.398  1732  3956 V NuPlayerDecoder:   int32_t flags = 1
01-23 17:37:55.398  1732  3956 V NuPlayerDecoder: }
01-23 17:37:55.399  1732  3956 V NuPlayerDecoder: [audio] kWhatCodecNotify: cbID = 2, paused = 0
01-23 17:37:55.399  1732  3953 V NuPlayerRenderer: onDrainAudioQueue: rendering audio at media time 1.71 secs
01-23 17:37:55.399  1732  3956 V NuPlayerDecoder: [OMX.Freescale.std.audio_decoder.aac.sw-based] onMessage: AMessage(what = 'cdcN', target = 60) = {
01-23 17:37:55.399  1732  3956 V NuPlayerDecoder:   int32_t callbackID = 1
01-23 17:37:55.399  1732  3956 V NuPlayerDecoder:   int32_t index = 2
01-23 17:37:55.399  1732  3956 V NuPlayerDecoder: }
01-23 17:37:55.399  1732  3956 V NuPlayerDecoder: [audio] kWhatCodecNotify: cbID = 1, paused = 0
01-23 17:37:55.400  1732  3957 V ACodec  : [OMX.Freescale.std.audio_decoder.aac.sw-based] calling emptyBuffer 3 w/ time 2133333 us
01-23 17:37:55.400  1732  3956 V NuPlayerDecoder: [OMX.Freescale.std.audio_decoder.aac.sw-based] onMessage: AMessage(what = 'cdcN', target = 60) = {
01-23 17:37:55.400  1732  3956 V NuPlayerDecoder:   int32_t callbackID = 2
01-23 17:37:55.400  1732  3956 V NuPlayerDecoder:   int32_t index = 0
01-23 17:37:55.400  1732  3956 V NuPlayerDecoder:   size_t offset = 0
01-23 17:37:55.400  1732  3956 V NuPlayerDecoder:   size_t size = 4096
01-23 17:37:55.400  1732  3956 V NuPlayerDecoder:   int64_t timeUs = 1728000
01-23 17:37:55.400  1732  3956 V NuPlayerDecoder:   int32_t flags = 1
01-23 17:37:55.400  1732  3956 V NuPlayerDecoder: }
01-23 17:37:55.400  1732  3956 V NuPlayerDecoder: [audio] kWhatCodecNotify: cbID = 2, paused = 0
01-23 17:37:55.400  1732  3953 V NuPlayerRenderer: onDrainAudioQueue: rendering audio at media time 1.73 secs
01-23 17:37:55.400  1732  3956 V NuPlayerDecoder: [OMX.Freescale.std.audio_decoder.aac.sw-based] onMessage: AMessage(what = 'cdcN', target = 60) = {
01-23 17:37:55.400  1732  3956 V NuPlayerDecoder:   int32_t callbackID = 1
01-23 17:37:55.400  1732  3956 V NuPlayerDecoder:   int32_t index = 0
01-23 17:37:55.400  1732  3956 V NuPlayerDecoder: }
01-23 17:37:55.400  1732  3956 V NuPlayerDecoder: [audio] kWhatCodecNotify: cbID = 1, paused = 0
01-23 17:37:55.401  1732  3957 V ACodec  : [OMX.Freescale.std.audio_decoder.aac.sw-based] calling emptyBuffer 1 w/ time 2154666 us
01-23 17:37:55.401  1732  3956 V NuPlayerDecoder: [OMX.Freescale.std.audio_decoder.aac.sw-based] onMessage: AMessage(what = 'cdcN', target = 60) = {
01-23 17:37:55.401  1732  3956 V NuPlayerDecoder:   int32_t callbackID = 2
01-23 17:37:55.401  1732  3956 V NuPlayerDecoder:   int32_t index = 1
01-23 17:37:55.401  1732  3956 V NuPlayerDecoder:   size_t offset = 0
01-23 17:37:55.401  1732  3956 V NuPlayerDecoder:   size_t size = 4096
01-23 17:37:55.401  1732  3956 V NuPlayerDecoder:   int64_t timeUs = 1749333
01-23 17:37:55.401  1732  3956 V NuPlayerDecoder:   int32_t flags = 1
01-23 17:37:55.401  1732  3956 V NuPlayerDecoder: }
01-23 17:37:55.401  1732  3956 V NuPlayerDecoder: [audio] kWhatCodecNotify: cbID = 2, paused = 0
01-23 17:37:55.401  1732  3953 V NuPlayerRenderer: onDrainAudioQueue: rendering audio at media time 1.75 secs
01-23 17:37:55.401  1732  3956 V NuPlayerDecoder: [OMX.Freescale.std.audio_decoder.aac.sw-based] onMessage: AMessage(what = 'rndr', target = 60) = {
01-23 17:37:55.401  1732  3956 V NuPlayerDecoder:   size_t buffer-ix = 2
01-23 17:37:55.401  1732  3956 V NuPlayerDecoder:   int32_t generation = 1
01-23 17:37:55.401  1732  3956 V NuPlayerDecoder:   size_t size = 4096
01-23 17:37:55.401  1732  3956 V NuPlayerDecoder: }
01-23 17:37:55.401  1732  3957 V ACodec  : [OMX.Freescale.std.audio_decoder.aac.sw-based] calling fillBuffer 6
01-23 17:37:55.401  1732  3956 V NuPlayerDecoder: [OMX.Freescale.std.audio_decoder.aac.sw-based] onMessage: AMessage(what = 'rndr', target = 60) = {
01-23 17:37:55.401  1732  3956 V NuPlayerDecoder:   size_t buffer-ix = 0
01-23 17:37:55.401  1732  3956 V NuPlayerDecoder:   int32_t generation = 1
01-23 17:37:55.401  1732  3956 V NuPlayerDecoder:   size_t size = 4096
01-23 17:37:55.401  1732  3956 V NuPlayerDecoder: }
01-23 17:37:55.402  1732  3957 V ACodec  : [OMX.Freescale.std.audio_decoder.aac.sw-based] calling fillBuffer 4
01-23 17:37:55.402  1732  3956 V NuPlayerDecoder: [OMX.Freescale.std.audio_decoder.aac.sw-based] onMessage: AMessage(what = 'rndr', target = 60) = {
01-23 17:37:55.402  1732  3956 V NuPlayerDecoder:   size_t buffer-ix = 1
01-23 17:37:55.402  1732  3956 V NuPlayerDecoder:   int32_t generation = 1
01-23 17:37:55.402  1732  3956 V NuPlayerDecoder:   size_t size = 4096
01-23 17:37:55.402  1732  3956 V NuPlayerDecoder: }
01-23 17:37:55.402  1732  3957 V ACodec  : [OMX.Freescale.std.audio_decoder.aac.sw-based] onOMXEmptyBufferDone 2
01-23 17:37:55.402  1732  3957 V ACodec  : [OMX.Freescale.std.audio_decoder.aac.sw-based] calling fillBuffer 5
01-23 17:37:55.403  1732  3956 V NuPlayerDecoder: [OMX.Freescale.std.audio_decoder.aac.sw-based] onMessage: AMessage(what = 'cdcN', target = 60) = {
01-23 17:37:55.403  1732  3956 V NuPlayerDecoder:   int32_t callbackID = 1
01-23 17:37:55.403  1732  3956 V NuPlayerDecoder:   int32_t index = 1
01-23 17:37:55.403  1732  3956 V NuPlayerDecoder: }
01-23 17:37:55.403  1732  3956 V NuPlayerDecoder: [audio] kWhatCodecNotify: cbID = 1, paused = 0
01-23 17:37:55.403  1732  3957 V ACodec  : [OMX.Freescale.std.audio_decoder.aac.sw-based] onOMXFillBufferDone 6 time 1770666 us, flags = 0x00000030
01-23 17:37:55.403  1732  3957 V ACodec  : [OMX.Freescale.std.audio_decoder.aac.sw-based] calling emptyBuffer 2 w/ time 2176000 us
01-23 17:37:55.404  1732  3957 V MediaCodec: -- Looking at startdata. presentation 1770666, start 586247830375
01-23 17:37:55.405  1732  3957 V MediaCodec: -- match entry for 1770666, hits our frame of 1770666
01-23 17:37:55.405  1732  3957 V ACodec  : [OMX.Freescale.std.audio_decoder.aac.sw-based] onOMXEmptyBufferDone 3
01-23 17:37:55.405  1732  3956 V NuPlayerDecoder: [OMX.Freescale.std.audio_decoder.aac.sw-based] onMessage: AMessage(what = 'cdcN', target = 60) = {
01-23 17:37:55.405  1732  3956 V NuPlayerDecoder:   int32_t callbackID = 2
01-23 17:37:55.405  1732  3956 V NuPlayerDecoder:   int32_t index = 2
01-23 17:37:55.405  1732  3956 V NuPlayerDecoder:   size_t offset = 0
01-23 17:37:55.405  1732  3956 V NuPlayerDecoder:   size_t size = 4096
01-23 17:37:55.405  1732  3956 V NuPlayerDecoder:   int64_t timeUs = 1770666
01-23 17:37:55.405  1732  3956 V NuPlayerDecoder:   int32_t flags = 1
01-23 17:37:55.405  1732  3956 V NuPlayerDecoder: }
01-23 17:37:55.405  1732  3957 V ACodec  : [OMX.Freescale.std.audio_decoder.aac.sw-based] onOMXFillBufferDone 4 time 1792000 us, flags = 0x00000030
01-23 17:37:55.405  1732  3956 V NuPlayerDecoder: [audio] kWhatCodecNotify: cbID = 2, paused = 0
01-23 17:37:55.405  1732  3957 V MediaCodec: -- Looking at startdata. presentation 1792000, start 586248871000
01-23 17:37:55.405  1732  3957 V MediaCodec: -- match entry for 1792000, hits our frame of 1792000
01-23 17:37:55.405  1732  3953 V NuPlayerRenderer: onDrainAudioQueue: rendering audio at media time 1.77 secs
01-23 17:37:55.405  1732  3957 V ACodec  : [OMX.Freescale.std.audio_decoder.aac.sw-based] onOMXEmptyBufferDone 1
01-23 17:37:55.405  1732  3956 V NuPlayerDecoder: [OMX.Freescale.std.audio_decoder.aac.sw-based] onMessage: AMessage(what = 'cdcN', target = 60) = {
01-23 17:37:55.405  1732  3956 V NuPlayerDecoder:   int32_t callbackID = 1
01-23 17:37:55.405  1732  3956 V NuPlayerDecoder:   int32_t index = 2
01-23 17:37:55.405  1732  3956 V NuPlayerDecoder: }
01-23 17:37:55.405  1732  3956 V NuPlayerDecoder: [audio] kWhatCodecNotify: cbID = 1, paused = 0
01-23 17:37:55.406  1732  3957 V ACodec  : [OMX.Freescale.std.audio_decoder.aac.sw-based] onOMXFillBufferDone 5 time 1813333 us, flags = 0x00000030
01-23 17:37:55.406  1732  3956 V NuPlayerDecoder: [OMX.Freescale.std.audio_decoder.aac.sw-based] onMessage: AMessage(what = 'cdcN', target = 60) = {
01-23 17:37:55.406  1732  3956 V NuPlayerDecoder:   int32_t callbackID = 2
01-23 17:37:55.406  1732  3956 V NuPlayerDecoder:   int32_t index = 0
01-23 17:37:55.406  1732  3956 V NuPlayerDecoder:   size_t offset = 0
01-23 17:37:55.406  1732  3956 V NuPlayerDecoder:   size_t size = 4096
01-23 17:37:55.406  1732  3956 V NuPlayerDecoder:   int64_t timeUs = 1792000
01-23 17:37:55.406  1732  3956 V NuPlayerDecoder:   int32_t flags = 1
01-23 17:37:55.406  1732  3956 V NuPlayerDecoder: }
01-23 17:37:55.406  1732  3957 V ACodec  : [OMX.Freescale.std.audio_decoder.aac.sw-based] calling emptyBuffer 3 w/ time 2197333 us
01-23 17:37:55.406  1732  3956 V NuPlayerDecoder: [audio] kWhatCodecNotify: cbID = 2, paused = 0
01-23 17:37:55.406  1732  3953 V NuPlayerRenderer: onDrainAudioQueue: rendering audio at media time 1.79 secs
01-23 17:37:55.406  1732  3957 V ACodec  : [OMX.Freescale.std.audio_decoder.aac.sw-based] onOMXEmptyBufferDone 2
01-23 17:37:55.406  1732  3956 V NuPlayerDecoder: [OMX.Freescale.std.audio_decoder.aac.sw-based] onMessage: AMessage(what = 'rndr', target = 60) = {
01-23 17:37:55.406  1732  3956 V NuPlayerDecoder:   size_t buffer-ix = 2
01-23 17:37:55.406  1732  3956 V NuPlayerDecoder:   int32_t generation = 1
01-23 17:37:55.406  1732  3956 V NuPlayerDecoder:   size_t size = 4096
01-23 17:37:55.406  1732  3956 V NuPlayerDecoder: }
01-23 17:37:55.406  1732  3957 V MediaCodec: -- Looking at startdata. presentation 1813333, start 586500428250
01-23 17:37:55.406  1732  3957 V MediaCodec: -- match entry for 1813333, hits our frame of 1813333
01-23 17:37:55.406  1732  3957 V ACodec  : [OMX.Freescale.std.audio_decoder.aac.sw-based] onOMXEmptyBufferDone 3
01-23 17:37:55.406  1732  3956 V NuPlayerDecoder: [OMX.Freescale.std.audio_decoder.aac.sw-based] onMessage: AMessage(what = 'cdcN', target = 60) = {
01-23 17:37:55.406  1732  3956 V NuPlayerDecoder:   int32_t callbackID = 1
01-23 17:37:55.406  1732  3956 V NuPlayerDecoder:   int32_t index = 0
01-23 17:37:55.406  1732  3956 V NuPlayerDecoder: }
01-23 17:37:55.406  1732  3956 V NuPlayerDecoder: [audio] kWhatCodecNotify: cbID = 1, paused = 0
01-23 17:37:55.407  1732  3957 V ACodec  : [OMX.Freescale.std.audio_decoder.aac.sw-based] calling fillBuffer 6
01-23 17:37:55.407  1732  3957 V ACodec  : [OMX.Freescale.std.audio_decoder.aac.sw-based] calling emptyBuffer 1 w/ time 2218666 us
01-23 17:37:55.408  1732  3956 V NuPlayerDecoder: [OMX.Freescale.std.audio_decoder.aac.sw-based] onMessage: AMessage(what = 'rndr', target = 60) = {
01-23 17:37:55.408  1732  3956 V NuPlayerDecoder:   size_t buffer-ix = 0
01-23 17:37:55.408  1732  3956 V NuPlayerDecoder:   int32_t generation = 1
01-23 17:37:55.408  1732  3956 V NuPlayerDecoder:   size_t size = 4096
01-23 17:37:55.408  1732  3956 V NuPlayerDecoder: }
01-23 17:37:55.408  1732  3957 V ACodec  : [OMX.Freescale.std.audio_decoder.aac.sw-based] calling fillBuffer 4
01-23 17:37:55.408  1732  3956 V NuPlayerDecoder: [OMX.Freescale.std.audio_decoder.aac.sw-based] onMessage: AMessage(what = 'cdcN', target = 60) = {
01-23 17:37:55.408  1732  3956 V NuPlayerDecoder:   int32_t callbackID = 2
01-23 17:37:55.408  1732  3956 V NuPlayerDecoder:   int32_t index = 1
01-23 17:37:55.408  1732  3956 V NuPlayerDecoder:   size_t offset = 0
01-23 17:37:55.408  1732  3956 V NuPlayerDecoder:   size_t size = 4096
01-23 17:37:55.408  1732  3956 V NuPlayerDecoder:   int64_t timeUs = 1813333
01-23 17:37:55.408  1732  3956 V NuPlayerDecoder:   int32_t flags = 1
01-23 17:37:55.408  1732  3956 V NuPlayerDecoder: }
01-23 17:37:55.408  1732  3956 V NuPlayerDecoder: [audio] kWhatCodecNotify: cbID = 2, paused = 0
01-23 17:37:55.408  1732  3953 V NuPlayerRenderer: onDrainAudioQueue: rendering audio at media time 1.81 secs
01-23 17:37:55.408  1732  3953 V AudioSink: getPlayedOutDurationUs(1288993) nowUs(586785942) frames(61264) framesAt(586773282)
01-23 17:37:55.408  1732  3957 V ACodec  : [OMX.Freescale.std.audio_decoder.aac.sw-based] onOMXFillBufferDone 6 time 1834666 us, flags = 0x00000030
01-23 17:37:55.408  1732  3956 V NuPlayerDecoder: [OMX.Freescale.std.audio_decoder.aac.sw-based] onMessage: AMessage(what = 'cdcN', target = 60) = {
01-23 17:37:55.408  1732  3956 V NuPlayerDecoder:   int32_t callbackID = 1
01-23 17:37:55.408  1732  3956 V NuPlayerDecoder:   int32_t index = 1
01-23 17:37:55.408  1732  3956 V NuPlayerDecoder: }
01-23 17:37:55.408  1732  3956 V NuPlayerDecoder: [audio] kWhatCodecNotify: cbID = 1, paused = 0
01-23 17:37:55.409  1732  3957 V MediaCodec: -- Looking at startdata. presentation 1834666, start 586501425750
01-23 17:37:55.409  1732  3957 V MediaCodec: -- match entry for 1834666, hits our frame of 1834666
01-23 17:37:55.409  1732  3957 V ACodec  : [OMX.Freescale.std.audio_decoder.aac.sw-based] onOMXEmptyBufferDone 1
01-23 17:37:55.409  1732  3957 V ACodec  : [OMX.Freescale.std.audio_decoder.aac.sw-based] calling emptyBuffer 2 w/ time 2240000 us
01-23 17:37:55.409  1732  3956 V NuPlayerDecoder: [OMX.Freescale.std.audio_decoder.aac.sw-based] onMessage: AMessage(what = 'cdcN', target = 60) = {
01-23 17:37:55.409  1732  3956 V NuPlayerDecoder:   int32_t callbackID = 1
01-23 17:37:55.409  1732  3956 V NuPlayerDecoder:   int32_t index = 2
01-23 17:37:55.409  1732  3956 V NuPlayerDecoder: }
01-23 17:37:55.409  1732  3956 V NuPlayerDecoder: [audio] kWhatCodecNotify: cbID = 1, paused = 0
01-23 17:37:55.409  1732  3957 V ACodec  : [OMX.Freescale.std.audio_decoder.aac.sw-based] calling emptyBuffer 3 w/ time 2261333 us
01-23 17:37:55.409  1732  3956 V NuPlayerDecoder: [OMX.Freescale.std.audio_decoder.aac.sw-based] onMessage: AMessage(what = 'rndr', target = 60) = {
01-23 17:37:55.409  1732  3956 V NuPlayerDecoder:   size_t buffer-ix = 1
01-23 17:37:55.409  1732  3956 V NuPlayerDecoder:   int32_t generation = 1
01-23 17:37:55.409  1732  3956 V NuPlayerDecoder:   size_t size = 4096
01-23 17:37:55.409  1732  3956 V NuPlayerDecoder: }
01-23 17:37:55.409  1732  3957 V ACodec  : [OMX.Freescale.std.audio_decoder.aac.sw-based] calling fillBuffer 5
01-23 17:37:55.410  1732  3956 V NuPlayerDecoder: [OMX.Freescale.std.audio_decoder.aac.sw-based] onMessage: AMessage(what = 'cdcN', target = 60) = {
01-23 17:37:55.410  1732  3956 V NuPlayerDecoder:   int32_t callbackID = 2
01-23 17:37:55.410  1732  3956 V NuPlayerDecoder:   int32_t index = 2
01-23 17:37:55.410  1732  3956 V NuPlayerDecoder:   size_t offset = 0
01-23 17:37:55.410  1732  3956 V NuPlayerDecoder:   size_t size = 4096
01-23 17:37:55.410  1732  3956 V NuPlayerDecoder:   int64_t timeUs = 1834666
01-23 17:37:55.410  1732  3956 V NuPlayerDecoder:   int32_t flags = 1
01-23 17:37:55.410  1732  3956 V NuPlayerDecoder: }
01-23 17:37:55.410  1732  3956 V NuPlayerDecoder: [audio] kWhatCodecNotify: cbID = 2, paused = 0
01-23 17:37:55.410  1732  3957 V ACodec  : [OMX.Freescale.std.audio_decoder.aac.sw-based] onOMXFillBufferDone 4 time 1856000 us, flags = 0x00000030
01-23 17:37:55.410  1732  3953 V NuPlayerRenderer: onDrainAudioQueue: rendering audio at media time 1.83 secs
01-23 17:37:55.410  1732  3957 V MediaCodec: -- Looking at startdata. presentation 1856000, start 586505412875
01-23 17:37:55.410  1732  3957 V MediaCodec: -- match entry for 1856000, hits our frame of 1856000
01-23 17:37:55.410  1732  3956 V NuPlayerDecoder: [OMX.Freescale.std.audio_decoder.aac.sw-based] onMessage: AMessage(what = 'cdcN', target = 60) = {
01-23 17:37:55.410  1732  3956 V NuPlayerDecoder:   int32_t callbackID = 1
01-23 17:37:55.410  1732  3956 V NuPlayerDecoder:   int32_t index = 0
01-23 17:37:55.410  1732  3956 V NuPlayerDecoder: }
01-23 17:37:55.410  1732  3956 V NuPlayerDecoder: [audio] kWhatCodecNotify: cbID = 1, paused = 0
01-23 17:37:55.410  1732  3957 V ACodec  : [OMX.Freescale.std.audio_decoder.aac.sw-based] onOMXEmptyBufferDone 2
01-23 17:37:55.410  1732  3957 V ACodec  : [OMX.Freescale.std.audio_decoder.aac.sw-based] calling emptyBuffer 1 w/ time 2282666 us
01-23 17:37:55.410  1732  3956 V NuPlayerDecoder: [OMX.Freescale.std.audio_decoder.aac.sw-based] onMessage: AMessage(what = 'rndr', target = 60) = {
01-23 17:37:55.410  1732  3956 V NuPlayerDecoder:   size_t buffer-ix = 2
01-23 17:37:55.410  1732  3956 V NuPlayerDecoder:   int32_t generation = 1
01-23 17:37:55.410  1732  3956 V NuPlayerDecoder:   size_t size = 4096
01-23 17:37:55.410  1732  3956 V NuPlayerDecoder: }
01-23 17:37:55.410  1732  3957 V ACodec  : [OMX.Freescale.std.audio_decoder.aac.sw-based] calling fillBuffer 6
01-23 17:37:55.411  1732  3956 V NuPlayerDecoder: [OMX.Freescale.std.audio_decoder.aac.sw-based] onMessage: AMessage(what = 'cdcN', target = 60) = {
01-23 17:37:55.411  1732  3956 V NuPlayerDecoder:   int32_t callbackID = 2
01-23 17:37:55.411  1732  3956 V NuPlayerDecoder:   int32_t index = 0
01-23 17:37:55.411  1732  3956 V NuPlayerDecoder:   size_t offset = 0
01-23 17:37:55.411  1732  3956 V NuPlayerDecoder:   size_t size = 4096
01-23 17:37:55.411  1732  3956 V NuPlayerDecoder:   int64_t timeUs = 1856000
01-23 17:37:55.411  1732  3956 V NuPlayerDecoder:   int32_t flags = 1
01-23 17:37:55.411  1732  3956 V NuPlayerDecoder: }
01-23 17:37:55.411  1732  3956 V NuPlayerDecoder: [audio] kWhatCodecNotify: cbID = 2, paused = 0
01-23 17:37:55.411  1732  3953 V NuPlayerRenderer: onDrainAudioQueue: rendering audio at media time 1.86 secs
01-23 17:37:55.411  1732  3957 V ACodec  : [OMX.Freescale.std.audio_decoder.aac.sw-based] onOMXFillBufferDone 5 time 1877333 us, flags = 0x00000030
01-23 17:37:55.411  1732  3953 V NuPlayerRenderer: AudioSink write short frame count 768 < 4096
01-23 17:37:55.411  1732  3957 V MediaCodec: -- Looking at startdata. presentation 1877333, start 586506166875
01-23 17:37:55.411  1732  3956 V NuPlayerDecoder: [OMX.Freescale.std.audio_decoder.aac.sw-based] onMessage: AMessage(what = 'cdcN', target = 60) = {
01-23 17:37:55.411  1732  3956 V NuPlayerDecoder:   int32_t callbackID = 1
01-23 17:37:55.411  1732  3956 V NuPlayerDecoder:   int32_t index = 1
01-23 17:37:55.411  1732  3956 V NuPlayerDecoder: }
01-23 17:37:55.411  1732  3957 V MediaCodec: -- match entry for 1877333, hits our frame of 1877333
01-23 17:37:55.411  1732  3956 V NuPlayerDecoder: [audio] kWhatCodecNotify: cbID = 1, paused = 0
01-23 17:37:55.411  1732  3957 V ACodec  : [OMX.Freescale.std.audio_decoder.aac.sw-based] onOMXEmptyBufferDone 3
01-23 17:37:55.411  1732  3957 V ACodec  : [OMX.Freescale.std.audio_decoder.aac.sw-based] calling emptyBuffer 2 w/ time 2304000 us
01-23 17:37:55.412  1732  3956 V NuPlayerDecoder: [OMX.Freescale.std.audio_decoder.aac.sw-based] onMessage: AMessage(what = 'cdcN', target = 60) = {
01-23 17:37:55.412  1732  3956 V NuPlayerDecoder:   int32_t callbackID = 2
01-23 17:37:55.412  1732  3956 V NuPlayerDecoder:   int32_t index = 1
01-23 17:37:55.412  1732  3956 V NuPlayerDecoder:   size_t offset = 0
01-23 17:37:55.412  1732  3956 V NuPlayerDecoder:   size_t size = 4096
01-23 17:37:55.412  1732  3956 V NuPlayerDecoder:   int64_t timeUs = 1877333
01-23 17:37:55.412  1732  3956 V NuPlayerDecoder:   int32_t flags = 1
01-23 17:37:55.412  1732  3956 V NuPlayerDecoder: }
01-23 17:37:55.412  1732  3956 V NuPlayerDecoder: [audio] kWhatCodecNotify: cbID = 2, paused = 0
01-23 17:37:55.412  1732  3956 V NuPlayerDecoder: [OMX.Freescale.std.audio_decoder.aac.sw-based] onMessage: AMessage(what = 'cdcN', target = 60) = {
01-23 17:37:55.412  1732  3956 V NuPlayerDecoder:   int32_t callbackID = 1
01-23 17:37:55.412  1732  3956 V NuPlayerDecoder:   int32_t index = 2
01-23 17:37:55.412  1732  3956 V NuPlayerDecoder: }
01-23 17:37:55.412  1732  3956 V NuPlayerDecoder: [audio] kWhatCodecNotify: cbID = 1, paused = 0
01-23 17:37:55.412  1732  3957 V ACodec  : [OMX.Freescale.std.audio_decoder.aac.sw-based] calling emptyBuffer 3 w/ time 2325333 us
01-23 17:37:55.412  1732  3957 V ACodec  : [OMX.Freescale.std.audio_decoder.aac.sw-based] onOMXFillBufferDone 6 time 1898666 us, flags = 0x00000030
01-23 17:37:55.412  1732  3957 V MediaCodec: -- Looking at startdata. presentation 1898666, start 586506708750
01-23 17:37:55.412  1732  3957 V MediaCodec: -- match entry for 1898666, hits our frame of 1898666
01-23 17:37:55.413  1732  3956 V NuPlayerDecoder: [OMX.Freescale.std.audio_decoder.aac.sw-based] onMessage: AMessage(what = 'cdcN', target = 60) = {
01-23 17:37:55.413  1732  3956 V NuPlayerDecoder:   int32_t callbackID = 2
01-23 17:37:55.413  1732  3956 V NuPlayerDecoder:   int32_t index = 2
01-23 17:37:55.413  1732  3956 V NuPlayerDecoder:   size_t offset = 0
01-23 17:37:55.413  1732  3956 V NuPlayerDecoder:   size_t size = 4096
01-23 17:37:55.413  1732  3956 V NuPlayerDecoder:   int64_t timeUs = 1898666
01-23 17:37:55.413  1732  3956 V NuPlayerDecoder:   int32_t flags = 1
01-23 17:37:55.413  1732  3956 V NuPlayerDecoder: }
01-23 17:37:55.413  1732  3956 V NuPlayerDecoder: [audio] kWhatCodecNotify: cbID = 2, paused = 0
01-23 17:37:55.661  1732  3953 V NuPlayerRenderer: onDrainAudioQueue: rendering audio at media time 1.88 secs
01-23 17:37:55.661  1732  3953 V AudioSink: getPlayedOutDurationUs(1542066) nowUs(587038954) frames(73728) framesAt(587032888)
01-23 17:37:55.661  1732  3950 V NuPlayer: kWhatMediaClockNotify
01-23 17:37:55.661  1732  3953 V NuPlayerRenderer: onDrainAudioQueue: rendering audio at media time 1.90 secs
01-23 17:37:55.661  1732  3950 D NuPlayerDriver: notifyListener_l(0xe7c9eb80), (211, 0, 0, 20), loop setting(0, 0)
01-23 17:37:55.662  1732  3950 V MediaPlayerService: [6] notify (211, 0, 0)
01-23 17:37:55.662  1732  3956 V NuPlayerDecoder: [OMX.Freescale.std.audio_decoder.aac.sw-based] onMessage: AMessage(what = 'rndr', target = 60) = {
01-23 17:37:55.662  1732  3956 V NuPlayerDecoder:   size_t buffer-ix = 0
01-23 17:37:55.662  1732  3956 V NuPlayerDecoder:   int32_t generation = 1
01-23 17:37:55.662  1732  3956 V NuPlayerDecoder:   size_t size = 4096
01-23 17:37:55.662  1732  3956 V NuPlayerDecoder: }
01-23 17:37:55.662  3660  3673 V MediaPlayerNative: message received msg=211, ext1=0, ext2=0
01-23 17:37:55.662  3660  3673 V MediaPlayerNative: unrecognized message: (211, 0, 0)
01-23 17:37:55.662  3660  3673 V MediaPlayerNative: callback application
01-23 17:37:55.662  1732  3956 V NuPlayerDecoder: [OMX.Freescale.std.audio_decoder.aac.sw-based] onMessage: AMessage(what = 'rndr', target = 60) = {
01-23 17:37:55.662  1732  3956 V NuPlayerDecoder:   size_t buffer-ix = 1
01-23 17:37:55.662  1732  3956 V NuPlayerDecoder:   int32_t generation = 1
01-23 17:37:55.662  1732  3956 V NuPlayerDecoder:   size_t size = 4096
01-23 17:37:55.662  1732  3956 V NuPlayerDecoder: }
01-23 17:37:55.662  1732  3957 V ACodec  : [OMX.Freescale.std.audio_decoder.aac.sw-based] calling fillBuffer 4
01-23 17:37:55.662  3660  3673 V MediaPlayerNative: back from callback
01-23 17:37:55.662  1732  3956 V NuPlayerDecoder: [OMX.Freescale.std.audio_decoder.aac.sw-based] onMessage: AMessage(what = 'rndr', target = 60) = {
01-23 17:37:55.662  1732  3956 V NuPlayerDecoder:   size_t buffer-ix = 2
01-23 17:37:55.662  1732  3956 V NuPlayerDecoder:   int32_t generation = 1
01-23 17:37:55.662  1732  3956 V NuPlayerDecoder:   size_t size = 4096
01-23 17:37:55.662  1732  3956 V NuPlayerDecoder: }
01-23 17:37:55.663  1732  3957 V ACodec  : [OMX.Freescale.std.audio_decoder.aac.sw-based] calling fillBuffer 5
01-23 17:37:55.663  1732  3957 V ACodec  : [OMX.Freescale.std.audio_decoder.aac.sw-based] calling fillBuffer 6
01-23 17:37:55.663  1732  3957 V ACodec  : [OMX.Freescale.std.audio_decoder.aac.sw-based] onOMXFillBufferDone 4 time 1920000 us, flags = 0x00000030
01-23 17:37:55.663  1732  3957 V MediaCodec: -- Looking at startdata. presentation 1920000, start 586510195500
01-23 17:37:55.663  1732  3957 V MediaCodec: -- match entry for 1920000, hits our frame of 1920000
01-23 17:37:55.663  1732  3956 V NuPlayerDecoder: [OMX.Freescale.std.audio_decoder.aac.sw-based] onMessage: AMessage(what = 'cdcN', target = 60) = {
01-23 17:37:55.663  1732  3956 V NuPlayerDecoder:   int32_t callbackID = 2
01-23 17:37:55.663  1732  3956 V NuPlayerDecoder:   int32_t index = 0
01-23 17:37:55.663  1732  3956 V NuPlayerDecoder:   size_t offset = 0
01-23 17:37:55.663  1732  3956 V NuPlayerDecoder:   size_t size = 4096
01-23 17:37:55.663  1732  3956 V NuPlayerDecoder:   int64_t timeUs = 1920000
01-23 17:37:55.663  1732  3956 V NuPlayerDecoder:   int32_t flags = 1
01-23 17:37:55.663  1732  3956 V NuPlayerDecoder: }
01-23 17:37:55.664  1732  3956 V NuPlayerDecoder: [audio] kWhatCodecNotify: cbID = 2, paused = 0
01-23 17:37:55.664  1732  3953 V NuPlayerRenderer: onDrainAudioQueue: rendering audio at media time 1.92 secs
