01-23 17:52:27.532  1732  3274 V MediaCodec: -- Looking at startdata. presentation 448000, start 195571565125
01-23 17:52:27.532  1732  3273 V NuPlayerDecoder: [OMX.Freescale.std.audio_decoder.aac.sw-based] onMessage: AMessage(what = 'cdcN', target = 6) = {
01-23 17:52:27.532  1732  3273 V NuPlayerDecoder:   int32_t callbackID = 1
01-23 17:52:27.532  1732  3273 V NuPlayerDecoder:   int32_t index = 0
01-23 17:52:27.532  1732  3273 V NuPlayerDecoder: }
01-23 17:52:27.532  1732  3273 V NuPlayerDecoder: [audio] kWhatCodecNotify: cbID = 1, paused = 0
01-23 17:52:27.532  1732  3274 V MediaCodec: -- match entry for 448000, hits our frame of 448000
01-23 17:52:27.533  1732  3274 V ACodec  : [OMX.Freescale.std.audio_decoder.aac.sw-based] calling fillBuffer 5
01-23 17:52:27.534  1732  3274 V ACodec  : [OMX.Freescale.std.audio_decoder.aac.sw-based] calling emptyBuffer 1 w/ time 810666 us
01-23 17:52:27.534  1732  3273 V NuPlayerDecoder: [OMX.Freescale.std.audio_decoder.aac.sw-based] onMessage: AMessage(what = 'rndr', target = 6) = {
01-23 17:52:27.534  1732  3273 V NuPlayerDecoder:   size_t buffer-ix = 2
01-23 17:52:27.534  1732  3273 V NuPlayerDecoder:   int32_t generation = 1
01-23 17:52:27.534  1732  3273 V NuPlayerDecoder:   size_t size = 4096
01-23 17:52:27.534  1732  3273 V NuPlayerDecoder: }
01-23 17:52:27.535  1732  3274 V ACodec  : [OMX.Freescale.std.audio_decoder.aac.sw-based] onOMXEmptyBufferDone 3
01-23 17:52:27.535  1732  3274 V ACodec  : [OMX.Freescale.std.audio_decoder.aac.sw-based] calling fillBuffer 6
01-23 17:52:27.535  1732  3273 V NuPlayerDecoder: [OMX.Freescale.std.audio_decoder.aac.sw-based] onMessage: AMessage(what = 'cdcN', target = 6) = {
01-23 17:52:27.535  1732  3273 V NuPlayerDecoder:   int32_t callbackID = 2
01-23 17:52:27.535  1732  3273 V NuPlayerDecoder:   int32_t index = 0
01-23 17:52:27.535  1732  3273 V NuPlayerDecoder:   size_t offset = 0
01-23 17:52:27.535  1732  3273 V NuPlayerDecoder:   size_t size = 4096
01-23 17:52:27.535  1732  3273 V NuPlayerDecoder:   int64_t timeUs = 448000
01-23 17:52:27.535  1732  3273 V NuPlayerDecoder:   int32_t flags = 1
01-23 17:52:27.535  1732  3273 V NuPlayerDecoder: }
01-23 17:52:27.535  1732  3273 V NuPlayerDecoder: [audio] kWhatCodecNotify: cbID = 2, paused = 0
01-23 17:52:27.535  1732  3273 V NuPlayerDecoder: [OMX.Freescale.std.audio_decoder.aac.sw-based] onMessage: AMessage(what = 'cdcN', target = 6) = {
01-23 17:52:27.535  1732  3273 V NuPlayerDecoder:   int32_t callbackID = 1
01-23 17:52:27.535  1732  3273 V NuPlayerDecoder:   int32_t index = 1
01-23 17:52:27.535  1732  3273 V NuPlayerDecoder: }
01-23 17:52:27.535  1732  3273 V NuPlayerDecoder: [audio] kWhatCodecNotify: cbID = 1, paused = 0
01-23 17:52:27.536  1732  3270 V NuPlayerRenderer: onDrainAudioQueue: rendering audio at media time 0.45 secs
01-23 17:52:27.537  1732  3274 V ACodec  : [OMX.Freescale.std.audio_decoder.aac.sw-based] calling emptyBuffer 2 w/ time 832000 us
01-23 17:52:27.537  1732  3273 V NuPlayerDecoder: [OMX.Freescale.std.audio_decoder.aac.sw-based] onMessage: AMessage(what = 'cdcN', target = 6) = {
01-23 17:52:27.537  1732  3273 V NuPlayerDecoder:   int32_t callbackID = 1
01-23 17:52:27.537  1732  3273 V NuPlayerDecoder:   int32_t index = 2
01-23 17:52:27.537  1732  3273 V NuPlayerDecoder: }
01-23 17:52:27.537  1732  3273 V NuPlayerDecoder: [audio] kWhatCodecNotify: cbID = 1, paused = 0
01-23 17:52:27.538  1732  3274 V ACodec  : [OMX.Freescale.std.audio_decoder.aac.sw-based] calling emptyBuffer 3 w/ time 853333 us
01-23 17:52:27.538  1732  3273 V NuPlayerDecoder: [OMX.Freescale.std.audio_decoder.aac.sw-based] onMessage: AMessage(what = 'rndr', target = 6) = {
01-23 17:52:27.538  1732  3273 V NuPlayerDecoder:   size_t buffer-ix = 0
01-23 17:52:27.538  1732  3273 V NuPlayerDecoder:   int32_t generation = 1
01-23 17:52:27.538  1732  3273 V NuPlayerDecoder:   size_t size = 4096
01-23 17:52:27.538  1732  3273 V NuPlayerDecoder: }
01-23 17:52:27.538  1732  3274 V ACodec  : [OMX.Freescale.std.audio_decoder.aac.sw-based] onOMXFillBufferDone 5 time 469333 us, flags = 0x00000030
01-23 17:52:27.538  1732  3274 V MediaCodec: -- Looking at startdata. presentation 469333, start 195583169250
01-23 17:52:27.538  1732  3274 V MediaCodec: -- match entry for 469333, hits our frame of 469333
01-23 17:52:27.538  1732  3274 V ACodec  : [OMX.Freescale.std.audio_decoder.aac.sw-based] calling fillBuffer 4
01-23 17:52:27.539  1732  3273 V NuPlayerDecoder: [OMX.Freescale.std.audio_decoder.aac.sw-based] onMessage: AMessage(what = 'cdcN', target = 6) = {
01-23 17:52:27.539  1732  3273 V NuPlayerDecoder:   int32_t callbackID = 2
01-23 17:52:27.539  1732  3273 V NuPlayerDecoder:   int32_t index = 1
01-23 17:52:27.539  1732  3273 V NuPlayerDecoder:   size_t offset = 0
01-23 17:52:27.539  1732  3273 V NuPlayerDecoder:   size_t size = 4096
01-23 17:52:27.539  1732  3273 V NuPlayerDecoder:   int64_t timeUs = 469333
01-23 17:52:27.539  1732  3273 V NuPlayerDecoder:   int32_t flags = 1
01-23 17:52:27.539  1732  3273 V NuPlayerDecoder: }
01-23 17:52:27.539  1732  3273 V NuPlayerDecoder: [audio] kWhatCodecNotify: cbID = 2, paused = 0
01-23 17:52:27.539  1732  3270 V NuPlayerRenderer: onDrainAudioQueue: rendering audio at media time 0.47 secs
01-23 17:52:27.539  1732  3273 V NuPlayerDecoder: [OMX.Freescale.std.audio_decoder.aac.sw-based] onMessage: AMessage(what = 'rndr', target = 6) = {
01-23 17:52:27.539  1732  3273 V NuPlayerDecoder:   size_t buffer-ix = 1
01-23 17:52:27.539  1732  3273 V NuPlayerDecoder:   int32_t generation = 1
01-23 17:52:27.539  1732  3273 V NuPlayerDecoder:   size_t size = 4096
01-23 17:52:27.539  1732  3273 V NuPlayerDecoder: }
01-23 17:52:27.539  1732  3274 V ACodec  : [OMX.Freescale.std.audio_decoder.aac.sw-based] onOMXEmptyBufferDone 1
01-23 17:52:27.539  1732  3274 V ACodec  : [OMX.Freescale.std.audio_decoder.aac.sw-based] onOMXFillBufferDone 6 time 490666 us, flags = 0x00000030
01-23 17:52:27.539  1732  3274 V ACodec  : [OMX.Freescale.std.audio_decoder.aac.sw-based] onOMXEmptyBufferDone 2
01-23 17:52:27.539  1732  3274 V ACodec  : [OMX.Freescale.std.audio_decoder.aac.sw-based] calling fillBuffer 5
01-23 17:52:27.539  1732  3273 V NuPlayerDecoder: [OMX.Freescale.std.audio_decoder.aac.sw-based] onMessage: AMessage(what = 'cdcN', target = 6) = {
01-23 17:52:27.539  1732  3273 V NuPlayerDecoder:   int32_t callbackID = 1
01-23 17:52:27.539  1732  3273 V NuPlayerDecoder:   int32_t index = 0
01-23 17:52:27.539  1732  3273 V NuPlayerDecoder: }
01-23 17:52:27.539  1732  3273 V NuPlayerDecoder: [audio] kWhatCodecNotify: cbID = 1, paused = 0
01-23 17:52:27.540  1732  3274 V MediaCodec: -- Looking at startdata. presentation 490666, start 195586506250
01-23 17:52:27.540  1732  3274 V MediaCodec: -- match entry for 490666, hits our frame of 490666
01-23 17:52:27.540  1732  3273 V NuPlayerDecoder: [OMX.Freescale.std.audio_decoder.aac.sw-based] onMessage: AMessage(what = 'cdcN', target = 6) = {
01-23 17:52:27.540  1732  3273 V NuPlayerDecoder:   int32_t callbackID = 2
01-23 17:52:27.540  1732  3273 V NuPlayerDecoder:   int32_t index = 2
01-23 17:52:27.540  1732  3273 V NuPlayerDecoder:   size_t offset = 0
01-23 17:52:27.540  1732  3273 V NuPlayerDecoder:   size_t size = 4096
01-23 17:52:27.540  1732  3273 V NuPlayerDecoder:   int64_t timeUs = 490666
01-23 17:52:27.540  1732  3273 V NuPlayerDecoder:   int32_t flags = 1
01-23 17:52:27.540  1732  3273 V NuPlayerDecoder: }
01-23 17:52:27.540  1732  3273 V NuPlayerDecoder: [audio] kWhatCodecNotify: cbID = 2, paused = 0
01-23 17:52:27.540  1732  3274 V ACodec  : [OMX.Freescale.std.audio_decoder.aac.sw-based] onOMXEmptyBufferDone 3
01-23 17:52:27.540  1732  3273 V NuPlayerDecoder: [OMX.Freescale.std.audio_decoder.aac.sw-based] onMessage: AMessage(what = 'cdcN', target = 6) = {
01-23 17:52:27.540  1732  3273 V NuPlayerDecoder:   int32_t callbackID = 1
01-23 17:52:27.540  1732  3273 V NuPlayerDecoder:   int32_t index = 1
01-23 17:52:27.540  1732  3273 V NuPlayerDecoder: }
01-23 17:52:27.540  1732  3273 V NuPlayerDecoder: [audio] kWhatCodecNotify: cbID = 1, paused = 0
01-23 17:52:27.540  1732  3274 V ACodec  : [OMX.Freescale.std.audio_decoder.aac.sw-based] calling emptyBuffer 1 w/ time 874666 us
01-23 17:52:27.541  1732  3270 V NuPlayerRenderer: onDrainAudioQueue: rendering audio at media time 0.49 secs
01-23 17:52:27.541  1732  3270 V NuPlayerRenderer: AudioSink write short frame count 1792 < 4096
01-23 17:52:27.541  1732  3274 V ACodec  : [OMX.Freescale.std.audio_decoder.aac.sw-based] calling emptyBuffer 2 w/ time 896000 us
01-23 17:52:27.541  1732  3273 V NuPlayerDecoder: [OMX.Freescale.std.audio_decoder.aac.sw-based] onMessage: AMessage(what = 'cdcN', target = 6) = {
01-23 17:52:27.541  1732  3273 V NuPlayerDecoder:   int32_t callbackID = 1
01-23 17:52:27.541  1732  3273 V NuPlayerDecoder:   int32_t index = 2
01-23 17:52:27.541  1732  3273 V NuPlayerDecoder: }
01-23 17:52:27.541  1732  3273 V NuPlayerDecoder: [audio] kWhatCodecNotify: cbID = 1, paused = 0
01-23 17:52:27.542  1732  3274 V ACodec  : [OMX.Freescale.std.audio_decoder.aac.sw-based] onOMXFillBufferDone 4 time 512000 us, flags = 0x00000030
01-23 17:52:27.542  1732  3274 V ACodec  : [OMX.Freescale.std.audio_decoder.aac.sw-based] calling emptyBuffer 3 w/ time 917333 us
01-23 17:52:27.542  1732  3274 V MediaCodec: -- Looking at startdata. presentation 512000, start 195587074750
01-23 17:52:27.542  1732  3274 V MediaCodec: -- match entry for 512000, hits our frame of 512000
01-23 17:52:27.542  1732  3273 V NuPlayerDecoder: [OMX.Freescale.std.audio_decoder.aac.sw-based] onMessage: AMessage(what = 'cdcN', target = 6) = {
01-23 17:52:27.542  1732  3273 V NuPlayerDecoder:   int32_t callbackID = 2
01-23 17:52:27.542  1732  3273 V NuPlayerDecoder:   int32_t index = 0
01-23 17:52:27.542  1732  3273 V NuPlayerDecoder:   size_t offset = 0
01-23 17:52:27.542  1732  3273 V NuPlayerDecoder:   size_t size = 4096
01-23 17:52:27.542  1732  3273 V NuPlayerDecoder:   int64_t timeUs = 512000
01-23 17:52:27.542  1732  3273 V NuPlayerDecoder:   int32_t flags = 1
01-23 17:52:27.542  1732  3273 V NuPlayerDecoder: }
01-23 17:52:27.542  1732  3273 V NuPlayerDecoder: [audio] kWhatCodecNotify: cbID = 2, paused = 0
01-23 17:52:27.542  1732  3274 V ACodec  : [OMX.Freescale.std.audio_decoder.aac.sw-based] onOMXEmptyBufferDone 1
01-23 17:52:27.543  1732  3273 V NuPlayerDecoder: [OMX.Freescale.std.audio_decoder.aac.sw-based] onMessage: AMessage(what = 'cdcN', target = 6) = {
01-23 17:52:27.543  1732  3273 V NuPlayerDecoder:   int32_t callbackID = 1
01-23 17:52:27.543  1732  3273 V NuPlayerDecoder:   int32_t index = 0
01-23 17:52:27.543  1732  3273 V NuPlayerDecoder: }
01-23 17:52:27.543  1732  3273 V NuPlayerDecoder: [audio] kWhatCodecNotify: cbID = 1, paused = 0
01-23 17:52:27.543  1732  3274 V ACodec  : [OMX.Freescale.std.audio_decoder.aac.sw-based] onOMXFillBufferDone 5 time 533333 us, flags = 0x00000030
01-23 17:52:27.543  1732  3274 V ACodec  : [OMX.Freescale.std.audio_decoder.aac.sw-based] calling emptyBuffer 1 w/ time 938666 us
01-23 17:52:27.543  1732  3275 V ACodec  : [OMX.Freescale.std.video_decoder.avc.v3.hw-based] Registered graphic buffer with ID 7 (pointer = 0xe94bc7c0)
01-23 17:52:27.543  1732  3274 V MediaCodec: -- Looking at startdata. presentation 533333, start 195588070625
01-23 17:52:27.543  1732  3274 V MediaCodec: -- match entry for 533333, hits our frame of 533333
01-23 17:52:27.543  1732  3273 V NuPlayerDecoder: [OMX.Freescale.std.audio_decoder.aac.sw-based] onMessage: AMessage(what = 'cdcN', target = 6) = {
01-23 17:52:27.543  1732  3273 V NuPlayerDecoder:   int32_t callbackID = 2
01-23 17:52:27.543  1732  3273 V NuPlayerDecoder:   int32_t index = 1
01-23 17:52:27.543  1732  3273 V NuPlayerDecoder:   size_t offset = 0
01-23 17:52:27.543  1732  3273 V NuPlayerDecoder:   size_t size = 4096
01-23 17:52:27.543  1732  3273 V NuPlayerDecoder:   int64_t timeUs = 533333
01-23 17:52:27.543  1732  3273 V NuPlayerDecoder:   int32_t flags = 1
01-23 17:52:27.543  1732  3273 V NuPlayerDecoder: }
01-23 17:52:27.543  1732  3273 V NuPlayerDecoder: [audio] kWhatCodecNotify: cbID = 2, paused = 0
01-23 17:52:27.544  1597  1691 W MapperHal: buffer descriptor with invalid usage bits 0x2000
01-23 17:52:27.544  1732  3274 V ACodec  : [OMX.Freescale.std.audio_decoder.aac.sw-based] onOMXEmptyBufferDone 2
01-23 17:52:27.544  1732  3274 V ACodec  : [OMX.Freescale.std.audio_decoder.aac.sw-based] onOMXEmptyBufferDone 3
01-23 17:52:27.544  1732  3273 V NuPlayerDecoder: [OMX.Freescale.std.audio_decoder.aac.sw-based] onMessage: AMessage(what = 'cdcN', target = 6) = {
01-23 17:52:27.544  1732  3273 V NuPlayerDecoder:   int32_t callbackID = 1
01-23 17:52:27.544  1732  3273 V NuPlayerDecoder:   int32_t index = 1
01-23 17:52:27.544  1732  3273 V NuPlayerDecoder: }
01-23 17:52:27.544  1732  3273 V NuPlayerDecoder: [audio] kWhatCodecNotify: cbID = 1, paused = 0
01-23 17:52:27.544  1732  3274 V ACodec  : [OMX.Freescale.std.audio_decoder.aac.sw-based] calling emptyBuffer 2 w/ time 960000 us
01-23 17:52:27.544  1732  3273 V NuPlayerDecoder: [OMX.Freescale.std.audio_decoder.aac.sw-based] onMessage: AMessage(what = 'cdcN', target = 6) = {
01-23 17:52:27.544  1732  3273 V NuPlayerDecoder:   int32_t callbackID = 1
01-23 17:52:27.544  1732  3273 V NuPlayerDecoder:   int32_t index = 2
01-23 17:52:27.544  1732  3273 V NuPlayerDecoder: }
01-23 17:52:27.544  1732  3273 V NuPlayerDecoder: [audio] kWhatCodecNotify: cbID = 1, paused = 0
01-23 17:52:27.545  1732  3274 V ACodec  : [OMX.Freescale.std.audio_decoder.aac.sw-based] calling emptyBuffer 3 w/ time 981333 us
01-23 17:52:27.548  1732  3275 V ACodec  : [OMX.Freescale.std.video_decoder.avc.v3.hw-based] Registered graphic buffer with ID 8 (pointer = 0xe94bc900)
01-23 17:52:27.548  1597  1691 W MapperHal: buffer descriptor with invalid usage bits 0x2000
01-23 17:52:27.558  1732  3275 V ACodec  : [OMX.Freescale.std.video_decoder.avc.v3.hw-based] Registered graphic buffer with ID 9 (pointer = 0xe94bca40)
01-23 17:52:27.558  1597  1691 W MapperHal: buffer descriptor with invalid usage bits 0x2000
01-23 17:52:27.569  1732  3275 V ACodec  : [OMX.Freescale.std.video_decoder.avc.v3.hw-based] Registered graphic buffer with ID 10 (pointer = 0xe94bcb80)
01-23 17:52:27.569  1732  3275 V ACodec  : [OMX.Freescale.std.video_decoder.avc.v3.hw-based] Calling cancelBuffer on buffer 7
01-23 17:52:27.569  1732  3275 V ACodec  : [OMX.Freescale.std.video_decoder.avc.v3.hw-based] Calling cancelBuffer on buffer 8
01-23 17:52:27.570  1732  3275 V ACodec  : [OMX.Freescale.std.video_decoder.avc.v3.hw-based] Calling cancelBuffer on buffer 9
01-23 17:52:27.570  1732  3275 V ACodec  : [OMX.Freescale.std.video_decoder.avc.v3.hw-based] Calling cancelBuffer on buffer 10
01-23 17:52:27.571  1732  3275 V ACodec  : [OMX.Freescale.std.video_decoder.avc.v3.hw-based] Now Idle->Executing
01-23 17:52:27.574  1732  3275 V ACodec  : [OMX.Freescale.std.video_decoder.avc.v3.hw-based] calling fillBuffer 4
01-23 17:52:27.574  1732  3271 V NuPlayerDecoder: [OMX.Freescale.std.video_decoder.avc.v3.hw-based] onMessage: AMessage(what = 'setP', target = 5) = {
01-23 17:52:27.574  1732  3271 V NuPlayerDecoder:   AMessage params = AMessage(what = 0x00000000) = {
01-23 17:52:27.574  1732  3271 V NuPlayerDecoder:                       float frame-rate-total = 29.000000
01-23 17:52:27.574  1732  3271 V NuPlayerDecoder:                     }
01-23 17:52:27.574  1732  3271 V NuPlayerDecoder: }
01-23 17:52:27.574  1732  3271 V NuPlayerDecoder: onSetParameters: allowed layers=1, decodeFps=29
01-23 17:52:27.575  1732  3275 V ACodec  : [OMX.Freescale.std.video_decoder.avc.v3.hw-based] calling fillBuffer 5
01-23 17:52:27.575  1732  3275 V ACodec  : [OMX.Freescale.std.video_decoder.avc.v3.hw-based] calling fillBuffer 6
01-23 17:52:27.576  1732  3275 V ACodec  : [OMX.Freescale.std.video_decoder.avc.v3.hw-based] Now Executing
01-23 17:52:27.576  1732  3272 V MediaCodec: presentation time: 0
01-23 17:52:27.577  1732  3272 V MediaCodec: presentation time: 0
01-23 17:52:27.577  1732  3271 V NuPlayerDecoder: [OMX.Freescale.std.video_decoder.avc.v3.hw-based] onMessage: AMessage(what = 'cdcN', target = 5) = {
01-23 17:52:27.577  1732  3271 V NuPlayerDecoder:   int32_t callbackID = 1
01-23 17:52:27.577  1732  3271 V NuPlayerDecoder:   int32_t index = 2
01-23 17:52:27.577  1732  3271 V NuPlayerDecoder: }
01-23 17:52:27.577  1732  3271 V NuPlayerDecoder: [video] kWhatCodecNotify: cbID = 1, paused = 0
01-23 17:52:27.577  1732  3275 V ACodec  : [OMX.Freescale.std.video_decoder.avc.v3.hw-based] calling emptyBuffer 1 w/ codec specific data
01-23 17:52:27.578  1732  3275 V ACodec  : [OMX.Freescale.std.video_decoder.avc.v3.hw-based] calling emptyBuffer 2 w/ codec specific data
01-23 17:52:27.578  1732  3275 V ACodec  : [OMX.Freescale.std.video_decoder.avc.v3.hw-based] calling emptyBuffer 3 w/ time 66866 us
01-23 17:52:27.579  1732  3275 V ACodec  : [OMX.Freescale.std.video_decoder.avc.v3.hw-based] onOMXEmptyBufferDone 1
01-23 17:52:27.579  1732  3271 V NuPlayerDecoder: [OMX.Freescale.std.video_decoder.avc.v3.hw-based] onMessage: AMessage(what = 'cdcN', target = 5) = {
01-23 17:52:27.579  1732  3271 V NuPlayerDecoder:   int32_t callbackID = 1
01-23 17:52:27.579  1732  3271 V NuPlayerDecoder:   int32_t index = 0
01-23 17:52:27.579  1732  3271 V NuPlayerDecoder: }
01-23 17:52:27.579  1732  3271 V NuPlayerDecoder: [video] kWhatCodecNotify: cbID = 1, paused = 0
01-23 17:52:27.579  1732  3275 V ACodec  : [OMX.Freescale.std.video_decoder.avc.v3.hw-based] onOMXEmptyBufferDone 2
01-23 17:52:27.579  1732  3271 V NuPlayerDecoder: [OMX.Freescale.std.video_decoder.avc.v3.hw-based] onMessage: AMessage(what = 'cdcN', target = 5) = {
01-23 17:52:27.579  1732  3271 V NuPlayerDecoder:   int32_t callbackID = 1
01-23 17:52:27.579  1732  3271 V NuPlayerDecoder:   int32_t index = 1
01-23 17:52:27.579  1732  3271 V NuPlayerDecoder: }
01-23 17:52:27.580  1732  3271 V NuPlayerDecoder: [video] kWhatCodecNotify: cbID = 1, paused = 0
01-23 17:52:27.580  1732  3275 V ACodec  : [OMX.Freescale.std.video_decoder.avc.v3.hw-based] calling emptyBuffer 1 w/ time 133733 us
01-23 17:52:27.584  1732  3275 V ACodec  : [OMX.Freescale.std.video_decoder.avc.v3.hw-based] calling emptyBuffer 2 w/ time 100300 us




01-23 17:52:27.586  1742  3278 I OMXPlayer: LEVEL: 1 FUNCTION: FilterOneBuffer LINE: 3359
01-23 17:52:27.586  1742  3278 I OMXPlayer: FilterOneBuffer: malloc memory failure: 

01-23 17:52:27.587  1742  3278 I OMXPlayer: LEVEL: 1 FUNCTION: FilterOneBuffer LINE: 3359
01-23 17:52:27.587  1742  3278 I OMXPlayer: FilterOneBuffer: malloc memory failure: 





01-23 17:52:27.587  1732  3275 E ACodec  : [OMX.Freescale.std.video_decoder.avc.v3.hw-based] BaseState::onOMXEvent ERROR(0x8000100b)
01-23 17:52:27.588  1732  3275 E ACodec  : signalError(omxError 0x8000100b, internalError -2147483648)
01-23 17:52:27.588  1732  3272 E MediaCodec: Codec reported err 0x8000100b, actionCode 0, while in state 6
01-23 17:52:27.588  1732  3272 V MediaCodec: MediaCodec::updateAnalyticsItem
01-23 17:52:27.589  1732  3271 V NuPlayerDecoder: [OMX.Freescale.std.video_decoder.avc.v3.hw-based] onMessage: AMessage(what = 'cdcN', target = 5) = {
01-23 17:52:27.589  1732  3271 V NuPlayerDecoder:   int32_t callbackID = 3
01-23 17:52:27.589  1732  3271 V NuPlayerDecoder:   int32_t err = -2147479541
01-23 17:52:27.589  1732  3271 V NuPlayerDecoder:   int32_t actionCode = 0
01-23 17:52:27.589  1732  3271 V NuPlayerDecoder: }
01-23 17:52:27.589  1732  3271 V NuPlayerDecoder: [video] kWhatCodecNotify: cbID = 3, paused = 0
01-23 17:52:27.589  1732  3271 E NuPlayerDecoder: Decoder (video) reported error : 0x8000100b
01-23 17:52:27.589  1732  3266 E NuPlayer: received error(0x8000100b) from video decoder, flushing(0), now shutting down
01-23 17:52:27.589  1732  3266 V NuPlayer: performDecoderFlush audio=0, video=2
01-23 17:52:27.589  1732  3266 V NuPlayer: [video] flushDecoder needShutdown=1









































01-23 17:52:27.590  1732  3271 V NuPlayerDecoder: [OMX.Freescale.std.video_decoder.avc.v3.hw-based] onMessage: AMessage(what = 'flus', target = 5) = {
01-23 17:52:27.590  1732  3271 V NuPlayerDecoder: }
01-23 17:52:27.590  1732  3270 V NuPlayerRenderer: flushing video
01-23 17:52:27.591  1732  3266 D NuPlayerDriver: notifyListener_l(0xeae13480), (200, 805, -2147479541, -1), loop setting(0, 0)
01-23 17:52:27.591  1732  3266 V MediaPlayerService: [1] notify (200, 805, -2147479541)
01-23 17:52:27.591  1732  3266 V NuPlayer: renderer video flush completed.
01-23 17:52:27.591  3233  3256 V MediaPlayerNative: message received msg=200, ext1=805, ext2=-2147479541
01-23 17:52:27.591  3233  3256 W MediaPlayerNative: info/warning (805, -2147479541)
01-23 17:52:27.591  3233  3256 V MediaPlayerNative: callback application
01-23 17:52:27.592  3233  3256 V MediaPlayerNative: back from callback
01-23 17:52:27.593  1732  3275 E ACodec  : [OMX.Freescale.std.video_decoder.avc.v3.hw-based] BaseState::onOMXEvent ERROR(0x8000100b)
01-23 17:52:27.593  1732  3275 E ACodec  : signalError(omxError 0x8000100b, internalError -2147483648)
01-23 17:52:27.595  1732  3272 D SurfaceUtils: disconnecting from surface 0xe8f2a808, reason disconnectFromSurface
01-23 17:52:27.599  1732  3272 E MediaCodec: Codec reported err 0x8000100b, actionCode 0, while in state 0
01-23 17:52:27.599  1732  3271 E NuPlayerDecoder: failed to flush [OMX.Freescale.std.video_decoder.avc.v3.hw-based] (err=-38)
01-23 17:52:27.599  1732  3266 E NuPlayer: received error(0xffffffda) from video decoder, flushing(2), now shutting down
01-23 17:52:27.601  1732  3266 D NuPlayerDriver: notifyListener_l(0xeae13480), (200, 805, -38, -1), loop setting(0, 0)
01-23 17:52:27.601  1732  3266 V MediaPlayerService: [1] notify (200, 805, -38)
01-23 17:52:27.601  1732  3266 V NuPlayer: decoder video flush completed
01-23 17:52:27.601  1732  3266 V NuPlayer: initiating video decoder shutdown


01-23 17:52:27.601  1732  3271 V NuPlayerDecoder: [OMX.Freescale.std.video_decoder.avc.v3.hw-based] onMessage: AMessage(what = 'shuD', target = 5) = {
01-23 17:52:27.601  1732  3271 V NuPlayerDecoder: }
01-23 17:52:27.602  1732  3275 V ACodec  : [OMX.Freescale.std.video_decoder.avc.v3.hw-based] Now Executing->Idle
01-23 17:52:27.602  1742  3278 I OMXPlayer: LEVEL: 1 FUNCTION: FlushInputBuffer LINE: 4177
01-23 17:52:27.602  1742  3278 I OMXPlayer: FlushInputBuffer: failure state transition, current state=1 

01-23 17:52:27.601  3233  3256 V MediaPlayerNative: message received msg=200, ext1=805, ext2=-38
01-23 17:52:27.602  3233  3256 W MediaPlayerNative: info/warning (805, -38)
01-23 17:52:27.602  3233  3256 V MediaPlayerNative: callback application
01-23 17:52:27.602  3233  3256 V MediaPlayerNative: back from callback
01-23 17:52:27.602  1732  3275 V ACodec  : [OMX.Freescale.std.video_decoder.avc.v3.hw-based] onOMXEmptyBufferDone 3
01-23 17:52:27.603  1732  3275 V ACodec  : [OMX.Freescale.std.video_decoder.avc.v3.hw-based] onOMXEmptyBufferDone 1
01-23 17:52:27.603  1732  3275 V ACodec  : [OMX.Freescale.std.video_decoder.avc.v3.hw-based] onOMXEmptyBufferDone 2
01-23 17:52:27.603  1732  3275 V ACodec  : [OMX.Freescale.std.video_decoder.avc.v3.hw-based] onOMXFillBufferDone 4 time 0 us, flags = 0x00000000
01-23 17:52:27.603  1732  3275 V ACodec  : [OMX.Freescale.std.video_decoder.avc.v3.hw-based] onOMXFillBufferDone 5 time 0 us, flags = 0x00000000
01-23 17:52:27.603  1732  3275 V ACodec  : [OMX.Freescale.std.video_decoder.avc.v3.hw-based] onOMXFillBufferDone 6 time 0 us, flags = 0x00000000
01-23 17:52:27.606  1732  3275 V ACodec  : [OMX.Freescale.std.video_decoder.avc.v3.hw-based] Calling cancelBuffer on buffer 6
01-23 17:52:27.606  1732  3275 E Surface : getSlotFromBufferLocked: unknown buffer: 0xe94bc860
01-23 17:52:27.606  1732  3275 W ACodec  : [OMX.Freescale.std.video_decoder.avc.v3.hw-based] can not return buffer 6 to native window
01-23 17:52:27.607  1732  3275 V ACodec  : [OMX.Freescale.std.video_decoder.avc.v3.hw-based] Calling cancelBuffer on buffer 5
01-23 17:52:27.607  1732  3275 E Surface : getSlotFromBufferLocked: unknown buffer: 0xe94bc720
01-23 17:52:27.607  1732  3275 W ACodec  : [OMX.Freescale.std.video_decoder.avc.v3.hw-based] can not return buffer 5 to native window
01-23 17:52:27.608  1732  3275 V ACodec  : [OMX.Freescale.std.video_decoder.avc.v3.hw-based] Calling cancelBuffer on buffer 4
01-23 17:52:27.608  1732  3275 E Surface : getSlotFromBufferLocked: unknown buffer: 0xe94bc360
01-23 17:52:27.608  1732  3275 W ACodec  : [OMX.Freescale.std.video_decoder.avc.v3.hw-based] can not return buffer 4 to native window
01-23 17:52:27.609  1732  3275 V ACodec  : [OMX.Freescale.std.video_decoder.avc.v3.hw-based] Now Idle->Loaded
01-23 17:52:27.609  1732  3275 V ACodec  : [OMX.Freescale.std.video_decoder.avc.v3.hw-based] Now Loaded
01-23 17:52:27.610  1742  1742 I media.codec: freeNode 
01-23 17:52:27.611  1732  3275 V ACodec  : Now uninitialized
01-23 17:52:27.613  1732  3271 V MediaCodec: MediaCodec::updateAnalyticsItem
01-23 17:52:27.614  1732  3271 D SurfaceUtils: connecting to surface 0xe8f2a808, reason onShutdown
01-23 17:52:27.617  1732  3266 V NuPlayer: video shutdown completed
01-23 17:52:27.618  1732  3266 V NuPlayer: both audio and video are flushed now.
01-23 17:52:27.791  1732  3270 V NuPlayerRenderer: onDrainAudioQueue: rendering audio at media time 0.51 secs
01-23 17:52:27.791  1732  3266 V NuPlayer: media rendering started
01-23 17:52:27.791  1732  3266 D NuPlayerDriver: notifyListener_l(0xeae13480), (6, 0, 0, -1), loop setting(0, 0)
01-23 17:52:27.791  1732  3270 V AudioSink: getPlayedOutDurationUs(191200) nowUs(195887497) frames(8456) framesAt(195872463)
01-23 17:52:27.791  1732  3266 V MediaPlayerService: [1] notify (6, 0, 0)
01-23 17:52:27.791  1732  3270 V NuPlayerRenderer: onDrainAudioQueue: rendering audio at media time 0.53 secs
01-23 17:52:27.791  1732  3266 V NuPlayer: kWhatMediaClockNotify
01-23 17:52:27.791  1732  3266 D NuPlayerDriver: notifyListener_l(0xeae13480), (211, 0, 0, 20), loop setting(0, 0)
01-23 17:52:27.791  1732  3266 V MediaPlayerService: [1] notify (211, 0, 0)
01-23 17:52:27.792  1732  3273 V NuPlayerDecoder: [OMX.Freescale.std.audio_decoder.aac.sw-based] onMessage: AMessage(what = 'rndr', target = 6) = {
01-23 17:52:27.792  1732  3273 V NuPlayerDecoder:   size_t buffer-ix = 2
01-23 17:52:27.792  1732  3273 V NuPlayerDecoder:   int32_t generation = 1
01-23 17:52:27.792  1732  3273 V NuPlayerDecoder:   size_t size = 4096
01-23 17:52:27.792  1732  3273 V NuPlayerDecoder: }
01-23 17:52:27.792  1732  3274 V ACodec  : [OMX.Freescale.std.audio_decoder.aac.sw-based] calling fillBuffer 6
01-23 17:52:27.792  1732  3273 V NuPlayerDecoder: [OMX.Freescale.std.audio_decoder.aac.sw-based] onMessage: AMessage(what = 'rndr', target = 6) = {
01-23 17:52:27.792  1732  3273 V NuPlayerDecoder:   size_t buffer-ix = 0
01-23 17:52:27.792  1732  3273 V NuPlayerDecoder:   int32_t generation = 1
01-23 17:52:27.792  1732  3273 V NuPlayerDecoder:   size_t size = 4096
01-23 17:52:27.792  1732  3273 V NuPlayerDecoder: }
01-23 17:52:27.792  3233  3245 V MediaPlayerNative: message received msg=6, ext1=0, ext2=0
01-23 17:52:27.792  3233  3245 V MediaPlayerNative: unrecognized message: (6, 0, 0)
01-23 17:52:27.793  3233  3245 V MediaPlayerNative: callback application
01-23 17:52:27.793  1732  3274 V ACodec  : [OMX.Freescale.std.audio_decoder.aac.sw-based] calling fillBuffer 4
01-23 17:52:27.793  3233  3245 V MediaPlayerNative: back from callback
01-23 17:52:27.793  1732  3273 V NuPlayerDecoder: [OMX.Freescale.std.audio_decoder.aac.sw-based] onMessage: AMessage(what = 'rndr', target = 6) = {
01-23 17:52:27.793  1732  3273 V NuPlayerDecoder:   size_t buffer-ix = 1
01-23 17:52:27.793  1732  3273 V NuPlayerDecoder:   int32_t generation = 1
01-23 17:52:27.793  1732  3273 V NuPlayerDecoder:   size_t size = 4096
01-23 17:52:27.793  1732  3273 V NuPlayerDecoder: }
01-23 17:52:27.793  3233  3245 V MediaPlayerNative: message received msg=211, ext1=0, ext2=0
01-23 17:52:27.793  3233  3245 V MediaPlayerNative: unrecognized message: (211, 0, 0)
01-23 17:52:27.793  3233  3245 V MediaPlayerNative: callback application
01-23 17:52:27.793  1732  3274 V ACodec  : [OMX.Freescale.std.audio_decoder.aac.sw-based] calling fillBuffer 5
01-23 17:52:27.793  3233  3245 V MediaPlayerNative: back from callback
01-23 17:52:27.794  1732  3274 V ACodec  : [OMX.Freescale.std.audio_decoder.aac.sw-based] onOMXFillBufferDone 6 time 554666 us, flags = 0x00000030
01-23 17:52:27.794  1732  3274 V ACodec  : [OMX.Freescale.std.audio_decoder.aac.sw-based] onOMXEmptyBufferDone 1
01-23 17:52:27.795  1732  3274 V MediaCodec: -- Looking at startdata. presentation 554666, start 195591190750
01-23 17:52:27.795  1732  3274 V MediaCodec: -- match entry for 554666, hits our frame of 554666
01-23 17:52:27.796  1732  3273 V NuPlayerDecoder: [OMX.Freescale.std.audio_decoder.aac.sw-based] onMessage: AMessage(what = 'cdcN', target = 6) = {
01-23 17:52:27.796  1732  3273 V NuPlayerDecoder:   int32_t callbackID = 2
01-23 17:52:27.796  1732  3273 V NuPlayerDecoder:   int32_t index = 2
01-23 17:52:27.796  1732  3273 V NuPlayerDecoder:   size_t offset = 0
01-23 17:52:27.796  1732  3273 V NuPlayerDecoder:   size_t size = 4096
01-23 17:52:27.796  1732  3273 V NuPlayerDecoder:   int64_t timeUs = 554666
01-23 17:52:27.796  1732  3273 V NuPlayerDecoder:   int32_t flags = 1
01-23 17:52:27.796  1732  3273 V NuPlayerDecoder: }
01-23 17:52:27.797  1732  3273 V NuPlayerDecoder: [audio] kWhatCodecNotify: cbID = 2, paused = 0
01-23 17:52:27.798  1732  3273 V NuPlayerDecoder: [OMX.Freescale.std.audio_decoder.aac.sw-based] onMessage: AMessage(what = 'cdcN', target = 6) = {
01-23 17:52:27.798  1732  3273 V NuPlayerDecoder:   int32_t callbackID = 1
01-23 17:52:27.798  1732  3273 V NuPlayerDecoder:   int32_t index = 0
01-23 17:52:27.798  1732  3273 V NuPlayerDecoder: }
01-23 17:52:27.798  1732  3273 V NuPlayerDecoder: [audio] kWhatCodecNotify: cbID = 1, paused = 0
01-23 17:52:27.798  1732  3270 V NuPlayerRenderer: onDrainAudioQueue: rendering audio at media time 0.55 secs
01-23 17:52:27.798  1732  3274 V ACodec  : [OMX.Freescale.std.audio_decoder.aac.sw-based] calling emptyBuffer 1 w/ time 1002666 us
01-23 17:52:27.799  1732  3273 V NuPlayerDecoder: [OMX.Freescale.std.audio_decoder.aac.sw-based] onMessage: AMessage(what = 'rndr', target = 6) = {
01-23 17:52:27.799  1732  3273 V NuPlayerDecoder:   size_t buffer-ix = 2
01-23 17:52:27.799  1732  3273 V NuPlayerDecoder:   int32_t generation = 1
01-23 17:52:27.799  1732  3273 V NuPlayerDecoder:   size_t size = 4096
01-23 17:52:27.799  1732  3273 V NuPlayerDecoder: }
01-23 17:52:27.799  1732  3274 V ACodec  : [OMX.Freescale.std.audio_decoder.aac.sw-based] calling fillBuffer 6
01-23 17:52:27.801  1732  3274 V ACodec  : [OMX.Freescale.std.audio_decoder.aac.sw-based] onOMXFillBufferDone 4 time 576000 us, flags = 0x00000030
01-23 17:52:27.801  1732  3274 V ACodec  : [OMX.Freescale.std.audio_decoder.aac.sw-based] onOMXEmptyBufferDone 2
01-23 17:52:27.801  1732  3274 V ACodec  : [OMX.Freescale.std.audio_decoder.aac.sw-based] onOMXFillBufferDone 5 time 597333 us, flags = 0x00000030
01-23 17:52:27.801  1732  3274 V ACodec  : [OMX.Freescale.std.audio_decoder.aac.sw-based] onOMXEmptyBufferDone 3
01-23 17:52:27.801  1732  3274 V MediaCodec: -- Looking at startdata. presentation 576000, start 195592586375
01-23 17:52:27.801  1732  3274 V MediaCodec: -- match entry for 576000, hits our frame of 576000
01-23 17:52:27.801  1732  3274 V MediaCodec: -- Looking at startdata. presentation 597333, start 195594891875
01-23 17:52:27.801  1732  3274 V MediaCodec: -- match entry for 597333, hits our frame of 597333
01-23 17:52:27.801  1732  3273 V NuPlayerDecoder: [OMX.Freescale.std.audio_decoder.aac.sw-based] onMessage: AMessage(what = 'cdcN', target = 6) = {
01-23 17:52:27.801  1732  3273 V NuPlayerDecoder:   int32_t callbackID = 2
01-23 17:52:27.801  1732  3273 V NuPlayerDecoder:   int32_t index = 0
01-23 17:52:27.801  1732  3273 V NuPlayerDecoder:   size_t offset = 0
01-23 17:52:27.801  1732  3273 V NuPlayerDecoder:   size_t size = 4096
01-23 17:52:27.801  1732  3273 V NuPlayerDecoder:   int64_t timeUs = 576000
01-23 17:52:27.801  1732  3273 V NuPlayerDecoder:   int32_t flags = 1
01-23 17:52:27.801  1732  3273 V NuPlayerDecoder: }
01-23 17:52:27.802  1732  3273 V NuPlayerDecoder: [audio] kWhatCodecNotify: cbID = 2, paused = 0
01-23 17:52:27.802  1732  3273 V NuPlayerDecoder: [OMX.Freescale.std.audio_decoder.aac.sw-based] onMessage: AMessage(what = 'cdcN', target = 6) = {
01-23 17:52:27.802  1732  3273 V NuPlayerDecoder:   int32_t callbackID = 1
01-23 17:52:27.802  1732  3273 V NuPlayerDecoder:   int32_t index = 1
01-23 17:52:27.802  1732  3273 V NuPlayerDecoder: }
01-23 17:52:27.802  1732  3273 V NuPlayerDecoder: [audio] kWhatCodecNotify: cbID = 1, paused = 0
01-23 17:52:27.802  1732  3270 V NuPlayerRenderer: onDrainAudioQueue: rendering audio at media time 0.58 secs
01-23 17:52:27.802  1732  3274 V ACodec  : [OMX.Freescale.std.audio_decoder.aac.sw-based] calling emptyBuffer 2 w/ time 1024000 us
01-23 17:52:27.802  1732  3273 V NuPlayerDecoder: [OMX.Freescale.std.audio_decoder.aac.sw-based] onMessage: AMessage(what = 'cdcN', target = 6) = {
01-23 17:52:27.802  1732  3273 V NuPlayerDecoder:   int32_t callbackID = 2
01-23 17:52:27.802  1732  3273 V NuPlayerDecoder:   int32_t index = 1
01-23 17:52:27.802  1732  3273 V NuPlayerDecoder:   size_t offset = 0
01-23 17:52:27.802  1732  3273 V NuPlayerDecoder:   size_t size = 4096
01-23 17:52:27.802  1732  3273 V NuPlayerDecoder:   int64_t timeUs = 597333
01-23 17:52:27.802  1732  3273 V NuPlayerDecoder:   int32_t flags = 1
01-23 17:52:27.802  1732  3273 V NuPlayerDecoder: }
01-23 17:52:27.802  1732  3273 V NuPlayerDecoder: [audio] kWhatCodecNotify: cbID = 2, paused = 0
01-23 17:52:27.802  1732  3273 V NuPlayerDecoder: [OMX.Freescale.std.audio_decoder.aac.sw-based] onMessage: AMessage(what = 'cdcN', target = 6) = {
01-23 17:52:27.802  1732  3273 V NuPlayerDecoder:   int32_t callbackID = 1
01-23 17:52:27.802  1732  3273 V NuPlayerDecoder:   int32_t index = 2
01-23 17:52:27.802  1732  3273 V NuPlayerDecoder: }
01-23 17:52:27.802  1732  3270 V NuPlayerRenderer: onDrainAudioQueue: rendering audio at media time 0.60 secs
01-23 17:52:27.802  1732  3273 V NuPlayerDecoder: [audio] kWhatCodecNotify: cbID = 1, paused = 0
01-23 17:52:27.803  1732  3274 V ACodec  : [OMX.Freescale.std.audio_decoder.aac.sw-based] calling emptyBuffer 3 w/ time 1045333 us
01-23 17:52:27.803  1732  3273 V NuPlayerDecoder: [OMX.Freescale.std.audio_decoder.aac.sw-based] onMessage: AMessage(what = 'rndr', target = 6) = {
01-23 17:52:27.803  1732  3273 V NuPlayerDecoder:   size_t buffer-ix = 0
01-23 17:52:27.803  1732  3273 V NuPlayerDecoder:   int32_t generation = 1
01-23 17:52:27.803  1732  3273 V NuPlayerDecoder:   size_t size = 4096
01-23 17:52:27.803  1732  3273 V NuPlayerDecoder: }
01-23 17:52:27.803  1732  3274 V ACodec  : [OMX.Freescale.std.audio_decoder.aac.sw-based] calling fillBuffer 4
01-23 17:52:27.803  1732  3273 V NuPlayerDecoder: [OMX.Freescale.std.audio_decoder.aac.sw-based] onMessage: AMessage(what = 'rndr', target = 6) = {
01-23 17:52:27.803  1732  3273 V NuPlayerDecoder:   size_t buffer-ix = 1
01-23 17:52:27.803  1732  3273 V NuPlayerDecoder:   int32_t generation = 1
01-23 17:52:27.803  1732  3273 V NuPlayerDecoder:   size_t size = 4096
01-23 17:52:27.803  1732  3273 V NuPlayerDecoder: }
01-23 17:52:27.804  1732  3274 V ACodec  : [OMX.Freescale.std.audio_decoder.aac.sw-based] onOMXFillBufferDone 6 time 618666 us, flags = 0x00000030
01-23 17:52:27.804  1732  3274 V ACodec  : [OMX.Freescale.std.audio_decoder.aac.sw-based] calling fillBuffer 5
01-23 17:52:27.804  1732  3274 V MediaCodec: -- Looking at startdata. presentation 618666, start 195598674625
01-23 17:52:27.804  1732  3274 V MediaCodec: -- match entry for 618666, hits our frame of 618666
01-23 17:52:27.805  1732  3273 V NuPlayerDecoder: [OMX.Freescale.std.audio_decoder.aac.sw-based] onMessage: AMessage(what = 'cdcN', target = 6) = {
01-23 17:52:27.805  1732  3273 V NuPlayerDecoder:   int32_t callbackID = 2
01-23 17:52:27.805  1732  3273 V NuPlayerDecoder:   int32_t index = 2
01-23 17:52:27.805  1732  3273 V NuPlayerDecoder:   size_t offset = 0
01-23 17:52:27.805  1732  3273 V NuPlayerDecoder:   size_t size = 4096
01-23 17:52:27.805  1732  3273 V NuPlayerDecoder:   int64_t timeUs = 618666
01-23 17:52:27.805  1732  3273 V NuPlayerDecoder:   int32_t flags = 1
01-23 17:52:27.805  1732  3273 V NuPlayerDecoder: }
01-23 17:52:27.805  1732  3273 V NuPlayerDecoder: [audio] kWhatCodecNotify: cbID = 2, paused = 0
01-23 17:52:27.805  1732  3270 V NuPlayerRenderer: onDrainAudioQueue: rendering audio at media time 0.62 secs
01-23 17:52:27.805  1732  3273 V NuPlayerDecoder: [OMX.Freescale.std.audio_decoder.aac.sw-based] onMessage: AMessage(what = 'rndr', target = 6) = {
01-23 17:52:27.805  1732  3273 V NuPlayerDecoder:   size_t buffer-ix = 2
01-23 17:52:27.805  1732  3273 V NuPlayerDecoder:   int32_t generation = 1
01-23 17:52:27.805  1732  3273 V NuPlayerDecoder:   size_t size = 4096
01-23 17:52:27.805  1732  3273 V NuPlayerDecoder: }
01-23 17:52:27.807  1732  3274 V ACodec  : [OMX.Freescale.std.audio_decoder.aac.sw-based] calling fillBuffer 6
01-23 17:52:27.809  1732  3274 V ACodec  : [OMX.Freescale.std.audio_decoder.aac.sw-based] onOMXEmptyBufferDone 1
01-23 17:52:27.809  1732  3273 V NuPlayerDecoder: [OMX.Freescale.std.audio_decoder.aac.sw-based] onMessage: AMessage(what = 'cdcN', target = 6) = {
01-23 17:52:27.809  1732  3273 V NuPlayerDecoder:   int32_t callbackID = 1
01-23 17:52:27.809  1732  3273 V NuPlayerDecoder:   int32_t index = 0
01-23 17:52:27.809  1732  3273 V NuPlayerDecoder: }
01-23 17:52:27.809  1732  3273 V NuPlayerDecoder: [audio] kWhatCodecNotify: cbID = 1, paused = 0
01-23 17:52:27.809  1732  3274 V ACodec  : [OMX.Freescale.std.audio_decoder.aac.sw-based] calling emptyBuffer 1 w/ time 1066666 us
01-23 17:52:27.810  1732  3274 V ACodec  : [OMX.Freescale.std.audio_decoder.aac.sw-based] onOMXFillBufferDone 4 time 640000 us, flags = 0x00000030
01-23 17:52:27.810  1732  3274 V MediaCodec: -- Looking at startdata. presentation 640000, start 195602343875
01-23 17:52:27.810  1732  3274 V MediaCodec: -- match entry for 640000, hits our frame of 640000
01-23 17:52:27.811  1732  3273 V NuPlayerDecoder: [OMX.Freescale.std.audio_decoder.aac.sw-based] onMessage: AMessage(what = 'cdcN', target = 6) = {
01-23 17:52:27.811  1732  3273 V NuPlayerDecoder:   int32_t callbackID = 2
01-23 17:52:27.811  1732  3273 V NuPlayerDecoder:   int32_t index = 0
01-23 17:52:27.811  1732  3273 V NuPlayerDecoder:   size_t offset = 0
01-23 17:52:27.811  1732  3273 V NuPlayerDecoder:   size_t size = 4096
01-23 17:52:27.811  1732  3273 V NuPlayerDecoder:   int64_t timeUs = 640000
01-23 17:52:27.811  1732  3273 V NuPlayerDecoder:   int32_t flags = 1
01-23 17:52:27.811  1732  3273 V NuPlayerDecoder: }
01-23 17:52:27.811  1732  3273 V NuPlayerDecoder: [audio] kWhatCodecNotify: cbID = 2, paused = 0
01-23 17:52:27.811  1732  3270 V NuPlayerRenderer: onDrainAudioQueue: rendering audio at media time 0.64 secs
01-23 17:52:27.811  1732  3274 V ACodec  : [OMX.Freescale.std.audio_decoder.aac.sw-based] onOMXEmptyBufferDone 2
01-23 17:52:27.811  1732  3273 V NuPlayerDecoder: [OMX.Freescale.std.audio_decoder.aac.sw-based] onMessage: AMessage(what = 'rndr', target = 6) = {
01-23 17:52:27.811  1732  3273 V NuPlayerDecoder:   size_t buffer-ix = 0
01-23 17:52:27.811  1732  3273 V NuPlayerDecoder:   int32_t generation = 1
01-23 17:52:27.811  1732  3273 V NuPlayerDecoder:   size_t size = 4096
01-23 17:52:27.811  1732  3273 V NuPlayerDecoder: }
01-23 17:52:27.811  1732  3274 V ACodec  : [OMX.Freescale.std.audio_decoder.aac.sw-based] calling fillBuffer 4
01-23 17:52:27.811  1732  3273 V NuPlayerDecoder: [OMX.Freescale.std.audio_decoder.aac.sw-based] onMessage: AMessage(what = 'cdcN', target = 6) = {
01-23 17:52:27.811  1732  3273 V NuPlayerDecoder:   int32_t callbackID = 1
01-23 17:52:27.811  1732  3273 V NuPlayerDecoder:   int32_t index = 1
01-23 17:52:27.811  1732  3273 V NuPlayerDecoder: }
01-23 17:52:27.811  1732  3273 V NuPlayerDecoder: [audio] kWhatCodecNotify: cbID = 1, paused = 0
01-23 17:52:27.812  1732  3274 V ACodec  : [OMX.Freescale.std.audio_decoder.aac.sw-based] calling emptyBuffer 2 w/ time 1088000 us
01-23 17:52:27.814  1732  3274 V ACodec  : [OMX.Freescale.std.audio_decoder.aac.sw-based] onOMXFillBufferDone 5 time 661333 us, flags = 0x00000030
01-23 17:52:27.815  1732  3274 V MediaCodec: -- Looking at startdata. presentation 661333, start 195604682000
01-23 17:52:27.815  1732  3274 V MediaCodec: -- match entry for 661333, hits our frame of 661333
01-23 17:52:27.817  1732  3273 V NuPlayerDecoder: [OMX.Freescale.std.audio_decoder.aac.sw-based] onMessage: AMessage(what = 'cdcN', target = 6) = {
01-23 17:52:27.817  1732  3273 V NuPlayerDecoder:   int32_t callbackID = 2
01-23 17:52:27.817  1732  3273 V NuPlayerDecoder:   int32_t index = 1
01-23 17:52:27.817  1732  3273 V NuPlayerDecoder:   size_t offset = 0
01-23 17:52:27.817  1732  3273 V NuPlayerDecoder:   size_t size = 4096
01-23 17:52:27.817  1732  3273 V NuPlayerDecoder:   int64_t timeUs = 661333
01-23 17:52:27.817  1732  3273 V NuPlayerDecoder:   int32_t flags = 1
01-23 17:52:27.817  1732  3273 V NuPlayerDecoder: }
01-23 17:52:27.817  1732  3273 V NuPlayerDecoder: [audio] kWhatCodecNotify: cbID = 2, paused = 0
01-23 17:52:27.817  1732  3274 V ACodec  : [OMX.Freescale.std.audio_decoder.aac.sw-based] onOMXEmptyBufferDone 3
01-23 17:52:27.817  1732  3270 V NuPlayerRenderer: onDrainAudioQueue: rendering audio at media time 0.66 secs
01-23 17:52:27.817  1732  3270 V AudioSink: getPlayedOutDurationUs(216738) nowUs(195913089) frames(10376) framesAt(195912517)
01-23 17:52:27.817  1732  3273 V NuPlayerDecoder: [OMX.Freescale.std.audio_decoder.aac.sw-based] onMessage: AMessage(what = 'cdcN', target = 6) = {
01-23 17:52:27.817  1732  3273 V NuPlayerDecoder:   int32_t callbackID = 1
01-23 17:52:27.817  1732  3273 V NuPlayerDecoder:   int32_t index = 2
01-23 17:52:27.817  1732  3273 V NuPlayerDecoder: }
01-23 17:52:27.817  1732  3273 V NuPlayerDecoder: [audio] kWhatCodecNotify: cbID = 1, paused = 0
01-23 17:52:27.817  1732  3274 V ACodec  : [OMX.Freescale.std.audio_decoder.aac.sw-based] calling emptyBuffer 3 w/ time 1109333 us
01-23 17:52:27.817  1732  3273 V NuPlayerDecoder: [OMX.Freescale.std.audio_decoder.aac.sw-based] onMessage: AMessage(what = 'rndr', target = 6) = {
01-23 17:52:27.817  1732  3273 V NuPlayerDecoder:   size_t buffer-ix = 1
01-23 17:52:27.817  1732  3273 V NuPlayerDecoder:   int32_t generation = 1
01-23 17:52:27.817  1732  3273 V NuPlayerDecoder:   size_t size = 4096
01-23 17:52:27.817  1732  3273 V NuPlayerDecoder: }
01-23 17:52:27.817  1732  3274 V ACodec  : [OMX.Freescale.std.audio_decoder.aac.sw-based] calling fillBuffer 5
01-23 17:52:27.818  1732  3274 V ACodec  : [OMX.Freescale.std.audio_decoder.aac.sw-based] onOMXFillBufferDone 6 time 682666 us, flags = 0x00000030
01-23 17:52:27.818  1732  3274 V MediaCodec: -- Looking at startdata. presentation 682666, start 195613148250
01-23 17:52:27.818  1732  3274 V MediaCodec: -- match entry for 682666, hits our frame of 682666
01-23 17:52:27.819  1732  3273 V NuPlayerDecoder: [OMX.Freescale.std.audio_decoder.aac.sw-based] onMessage: AMessage(what = 'cdcN', target = 6) = {
01-23 17:52:27.819  1732  3273 V NuPlayerDecoder:   int32_t callbackID = 2
01-23 17:52:27.819  1732  3273 V NuPlayerDecoder:   int32_t index = 2
01-23 17:52:27.819  1732  3273 V NuPlayerDecoder:   size_t offset = 0
01-23 17:52:27.819  1732  3273 V NuPlayerDecoder:   size_t size = 4096
01-23 17:52:27.819  1732  3273 V NuPlayerDecoder:   int64_t timeUs = 682666
01-23 17:52:27.819  1732  3273 V NuPlayerDecoder:   int32_t flags = 1
01-23 17:52:27.819  1732  3273 V NuPlayerDecoder: }
01-23 17:52:27.819  1732  3273 V NuPlayerDecoder: [audio] kWhatCodecNotify: cbID = 2, paused = 0
01-23 17:52:27.819  1732  3270 V NuPlayerRenderer: onDrainAudioQueue: rendering audio at media time 0.68 secs
01-23 17:52:27.819  1732  3274 V ACodec  : [OMX.Freescale.std.audio_decoder.aac.sw-based] onOMXEmptyBufferDone 1
01-23 17:52:27.819  1732  3273 V NuPlayerDecoder: [OMX.Freescale.std.audio_decoder.aac.sw-based] onMessage: AMessage(what = 'rndr', target = 6) = {
01-23 17:52:27.819  1732  3273 V NuPlayerDecoder:   size_t buffer-ix = 2
01-23 17:52:27.819  1732  3273 V NuPlayerDecoder:   int32_t generation = 1
01-23 17:52:27.819  1732  3273 V NuPlayerDecoder:   size_t size = 4096
01-23 17:52:27.819  1732  3273 V NuPlayerDecoder: }
01-23 17:52:27.819  1732  3274 V ACodec  : [OMX.Freescale.std.audio_decoder.aac.sw-based] calling fillBuffer 6
01-23 17:52:27.819  1732  3273 V NuPlayerDecoder: [OMX.Freescale.std.audio_decoder.aac.sw-based] onMessage: AMessage(what = 'cdcN', target = 6) = {
01-23 17:52:27.819  1732  3273 V NuPlayerDecoder:   int32_t callbackID = 1
01-23 17:52:27.819  1732  3273 V NuPlayerDecoder:   int32_t index = 0
01-23 17:52:27.819  1732  3273 V NuPlayerDecoder: }
01-23 17:52:27.819  1732  3273 V NuPlayerDecoder: [audio] kWhatCodecNotify: cbID = 1, paused = 0
01-23 17:52:27.819  1732  3274 V ACodec  : [OMX.Freescale.std.audio_decoder.aac.sw-based] calling emptyBuffer 1 w/ time 1130666 us
01-23 17:52:27.821  1732  3274 V ACodec  : [OMX.Freescale.std.audio_decoder.aac.sw-based] onOMXFillBufferDone 4 time 704000 us, flags = 0x00000030
01-23 17:52:27.821  1732  3274 V MediaCodec: -- Looking at startdata. presentation 704000, start 195613787250
01-23 17:52:27.821  1732  3274 V MediaCodec: -- match entry for 704000, hits our frame of 704000
01-23 17:52:27.821  1732  3273 V NuPlayerDecoder: [OMX.Freescale.std.audio_decoder.aac.sw-based] onMessage: AMessage(what = 'cdcN', target = 6) = {
01-23 17:52:27.821  1732  3273 V NuPlayerDecoder:   int32_t callbackID = 2
01-23 17:52:27.821  1732  3273 V NuPlayerDecoder:   int32_t index = 0
01-23 17:52:27.821  1732  3273 V NuPlayerDecoder:   size_t offset = 0
01-23 17:52:27.821  1732  3273 V NuPlayerDecoder:   size_t size = 4096
01-23 17:52:27.821  1732  3273 V NuPlayerDecoder:   int64_t timeUs = 704000
01-23 17:52:27.821  1732  3273 V NuPlayerDecoder:   int32_t flags = 1
01-23 17:52:27.821  1732  3273 V NuPlayerDecoder: }
01-23 17:52:27.821  1732  3273 V NuPlayerDecoder: [audio] kWhatCodecNotify: cbID = 2, paused = 0
01-23 17:52:27.821  1732  3270 V NuPlayerRenderer: onDrainAudioQueue: rendering audio at media time 0.70 secs
01-23 17:52:27.822  1732  3274 V ACodec  : [OMX.Freescale.std.audio_decoder.aac.sw-based] onOMXEmptyBufferDone 2
01-23 17:52:27.822  1732  3273 V NuPlayerDecoder: [OMX.Freescale.std.audio_decoder.aac.sw-based] onMessage: AMessage(what = 'rndr', target = 6) = {
01-23 17:52:27.822  1732  3273 V NuPlayerDecoder:   size_t buffer-ix = 0
01-23 17:52:27.822  1732  3273 V NuPlayerDecoder:   int32_t generation = 1
01-23 17:52:27.822  1732  3273 V NuPlayerDecoder:   size_t size = 4096
01-23 17:52:27.822  1732  3273 V NuPlayerDecoder: }
01-23 17:52:27.822  1732  3274 V ACodec  : [OMX.Freescale.std.audio_decoder.aac.sw-based] calling fillBuffer 4
01-23 17:52:27.822  1732  3273 V NuPlayerDecoder: [OMX.Freescale.std.audio_decoder.aac.sw-based] onMessage: AMessage(what = 'cdcN', target = 6) = {
01-23 17:52:27.822  1732  3273 V NuPlayerDecoder:   int32_t callbackID = 1
01-23 17:52:27.822  1732  3273 V NuPlayerDecoder:   int32_t index = 1
01-23 17:52:27.822  1732  3273 V NuPlayerDecoder: }
01-23 17:52:27.822  1732  3273 V NuPlayerDecoder: [audio] kWhatCodecNotify: cbID = 1, paused = 0
01-23 17:52:27.822  1732  3274 V ACodec  : [OMX.Freescale.std.audio_decoder.aac.sw-based] calling emptyBuffer 2 w/ time 1152000 us
01-23 17:52:27.824  1732  3274 V ACodec  : [OMX.Freescale.std.audio_decoder.aac.sw-based] onOMXFillBufferDone 5 time 725333 us, flags = 0x00000030
01-23 17:52:27.824  1732  3274 V MediaCodec: -- Looking at startdata. presentation 725333, start 195615091625
01-23 17:52:27.824  1732  3274 V MediaCodec: -- match entry for 725333, hits our frame of 725333
01-23 17:52:27.824  1732  3273 V NuPlayerDecoder: [OMX.Freescale.std.audio_decoder.aac.sw-based] onMessage: AMessage(what = 'cdcN', target = 6) = {
01-23 17:52:27.824  1732  3273 V NuPlayerDecoder:   int32_t callbackID = 2
01-23 17:52:27.824  1732  3273 V NuPlayerDecoder:   int32_t index = 1
01-23 17:52:27.824  1732  3273 V NuPlayerDecoder:   size_t offset = 0
01-23 17:52:27.824  1732  3273 V NuPlayerDecoder:   size_t size = 4096
01-23 17:52:27.824  1732  3273 V NuPlayerDecoder:   int64_t timeUs = 725333
01-23 17:52:27.824  1732  3273 V NuPlayerDecoder:   int32_t flags = 1
01-23 17:52:27.824  1732  3273 V NuPlayerDecoder: }
01-23 17:52:27.824  1732  3273 V NuPlayerDecoder: [audio] kWhatCodecNotify: cbID = 2, paused = 0
01-23 17:52:27.825  1732  3274 V ACodec  : [OMX.Freescale.std.audio_decoder.aac.sw-based] onOMXEmptyBufferDone 3
01-23 17:52:27.826  1732  3270 V NuPlayerRenderer: onDrainAudioQueue: rendering audio at media time 0.73 secs
01-23 17:52:27.826  1732  3273 V NuPlayerDecoder: [OMX.Freescale.std.audio_decoder.aac.sw-based] onMessage: AMessage(what = 'cdcN', target = 6) = {
01-23 17:52:27.826  1732  3273 V NuPlayerDecoder:   int32_t callbackID = 1
01-23 17:52:27.826  1732  3273 V NuPlayerDecoder:   int32_t index = 2
01-23 17:52:27.826  1732  3273 V NuPlayerDecoder: }
01-23 17:52:27.826  1732  3273 V NuPlayerDecoder: [audio] kWhatCodecNotify: cbID = 1, paused = 0
01-23 17:52:27.826  1732  3274 V ACodec  : [OMX.Freescale.std.audio_decoder.aac.sw-based] onOMXFillBufferDone 6 time 746666 us, flags = 0x00000030
01-23 17:52:27.826  1732  3274 V MediaCodec: -- Looking at startdata. presentation 746666, start 195618314250
01-23 17:52:27.826  1732  3274 V MediaCodec: -- match entry for 746666, hits our frame of 746666
01-23 17:52:27.827  1732  3274 V ACodec  : [OMX.Freescale.std.audio_decoder.aac.sw-based] onOMXEmptyBufferDone 1
