01-23 17:52:26.733  1810  2017 I ActivityManager: START u0 {dat=/storage/B4FE-5315/test.mp4 typ=video/mp4 cmp=com.freescale.cactusplayer/.VideoPlayer} from uid 10074
01-23 17:52:26.735  1810  2017 W ContextImpl: Calling a method in the system process without a qualified user: android.app.ContextImpl.sendBroadcast:1005 com.android.server.am.ActivityStackSupervisor.sendActivityStart:4695 com.android.server.am.ActivityStackSupervisor.isBackToPrevTask:4669 com.android.server.am.ActivityStarter.startActivityUnchecked:1235 com.android.server.am.ActivityStarter.startActivity:1201 
01-23 17:52:26.743  1810  2017 I ActivityManager: Pause: ActivityRecord{687743b u0 com.freescale.cactusplayer/.VideoMenu t35}, ActivityRecord{f3331eb u0 com.freescale.cactusplayer/.VideoPlayer t35}, bundle: Bundle[{triggerActivity=ComponentInfo{com.freescale.cactusplayer/com.freescale.cactusplayer.VideoPlayer}}]
01-23 17:52:26.783  3233  3233 W ActivityThread: handleWindowVisibility: no activity for token android.os.BinderProxy@73579db
01-23 17:52:26.795  3233  3233 D Cactus  : VideoPlayer: onCreate
01-23 17:52:26.796  3233  3233 I Cactus  : no need to request permission.WRITE_EXTERNAL_STORAGE
01-23 17:52:26.823  3233  3233 D Cactus  : VideoPlayer: onStart
01-23 17:52:26.835  3233  3233 D Cactus  : VideoPlayer: onResume mLastPlayState:-1
01-23 17:52:26.839  3233  3233 D Cactus  : VideoPlayer: parseIntent
01-23 17:52:26.954  3233  3233 D CactusPlayer: onMeasure mVideoW 0 mVideoH 0 widthMesaureSpec 1073743744 heightMeasureSpec 1073742400
01-23 17:52:26.979  3233  3233 D CactusPlayer: onMeasure mVideoW 0 mVideoH 0 widthMesaureSpec 1073743744 heightMeasureSpec 1073742400
01-23 17:52:26.991  1597  1690 W ServiceManager: Permission failure: android.permission.ACCESS_SURFACE_FLINGER from uid=10074 pid=3233
01-23 17:52:26.991  1597  1690 D PermissionCache: checking android.permission.ACCESS_SURFACE_FLINGER for uid=10074 => denied (1622 us)
01-23 17:52:27.006  3233  3233 D Cactus  : surfaceCreated
01-23 17:52:27.007  3233  3233 V MediaPlayerNative: constructor
01-23 17:52:27.013  3233  3233 V MediaPlayerNative: setListener
01-23 17:52:27.019  3233  3233 W MediaPlayer: Couldn't open /storage/B4FE-5315/test.mp4: java.io.FileNotFoundException: No content provider: /storage/B4FE-5315/test.mp4
01-23 17:52:27.020  3233  3233 V MediaPlayerNative: setDataSource(43, 0, 576460752303423487)
01-23 17:52:27.021  1732  1732 V MediaPlayerService: Client(1) constructor
01-23 17:52:27.021  1732  1732 V MediaPlayerService: Create new client(1) from pid 3233, uid 10074, 
01-23 17:52:27.022  1732  1732 V MediaPlayerService: setDataSource fd=6 (/storage/B4FE-5315/test.mp4), offset=0, length=576460752303423487
01-23 17:52:27.022  1732  1732 V MediaPlayerService: st_dev  = 29
01-23 17:52:27.022  1732  1732 V MediaPlayerService: st_mode = 33261
01-23 17:52:27.022  1732  1732 V MediaPlayerService: st_uid  = 0
01-23 17:52:27.022  1732  1732 V MediaPlayerService: st_gid  = 9997
01-23 17:52:27.022  1732  1732 V MediaPlayerService: st_size = 8075523
01-23 17:52:27.022  1732  1732 V MediaPlayerService: calculated length = 8075523
01-23 17:52:27.022  1732  1732 V MediaPlayerService: player type = 4
01-23 17:52:27.028  1732  1732 D NuPlayerDriver: NuPlayerDriver(0xeae13480) created, clientPid(3233)
01-23 17:52:27.033  1732  1732 V AudioSink: AudioOutput(17)
01-23 17:52:27.034  1732  1732 V NuPlayerDriver: setDataSource(0xeae13480) file(6)
01-23 17:52:27.034  1732  3266 V NuPlayer: kWhatSetAudioSink
01-23 17:52:27.034  1732  1732 V NuPlayer: setDataSourceAsync fd 6/0/8075523 source: 0xe8f27000
01-23 17:52:27.034  1732  3266 V NuPlayer: kWhatSetDataSource
01-23 17:52:27.034  1732  1732 V MediaPlayerService:  setDataSource
01-23 17:52:27.035  3233  3233 V MediaPlayerNative: setVideoSurfaceTexture
01-23 17:52:27.035  1732  3035 V MediaPlayerService: [1] setVideoSurfaceTexture(0xeae1c420)
01-23 17:52:27.036  1732  3035 D SurfaceUtils: connecting to surface 0xe8f2a008, reason setVideoSurfaceTexture
01-23 17:52:27.036  1732  3035 V NuPlayerDriver: setVideoSurfaceTexture(0xeae13480)
01-23 17:52:27.036  1732  3266 D NuPlayer: onSetVideoSurface(0xe8f2a800, no video decoder)
01-23 17:52:27.036  1732  3266 V NuPlayer: performSetSurface
01-23 17:52:27.036  1732  3266 V NuPlayerDriver: notifySetSurfaceComplete(0xeae13480)
01-23 17:52:27.037  3233  3233 W MediaPlayer: Use of stream types is deprecated for operations other than volume control
01-23 17:52:27.037  3233  3233 W MediaPlayer: See the documentation of setAudioStreamType() for what to use instead with android.media.AudioAttributes to qualify your playback use case
01-23 17:52:27.038  3233  3233 V MediaPlayerNative: MediaPlayer::setVolume(1.000000, 1.000000)
01-23 17:52:27.038  1732  3035 V MediaPlayerService: [1] setVolume(1.000000, 1.000000)
01-23 17:52:27.038  1732  3035 V AudioSink: setVolume(1.000000, 1.000000)
01-23 17:52:27.039  3233  3233 V MediaPlayerNative: MediaPlayer::setAuxEffectSendLevel(0.000000)
01-23 17:52:27.039  1732  3035 V MediaPlayerService: [1] setAuxEffectSendLevel(0.000000)
01-23 17:52:27.039  1732  3035 V AudioSink: setAuxEffectSendLevel(0.000000)
01-23 17:52:27.039  3233  3233 V MediaPlayerNative: MediaPlayer::setAudioStreamType
01-23 17:52:27.039  3233  3233 W Cactus  : Url is /storage/B4FE-5315/test.mp4
01-23 17:52:27.040  3233  3233 V MediaPlayerNative: setVideoSurfaceTexture
01-23 17:52:27.041  1732  3035 V MediaPlayerService: [1] setVideoSurfaceTexture(0xeae1c5a0)
01-23 17:52:27.041  3233  3233 V MediaPlayerNative: prepareAsync
01-23 17:52:27.041  1732  3035 V MediaPlayerService: [1] setAudioStreamType(3)
01-23 17:52:27.041  1732  3035 V MediaPlayerService: [1] prepareAsync
01-23 17:52:27.041  1732  3035 V NuPlayerDriver: prepareAsync(0xeae13480)
01-23 17:52:27.041  1732  3035 V NuPlayer: prepareAsync
01-23 17:52:27.041  1732  3266 V NuPlayer: onMessageReceived kWhatPrepare
01-23 17:52:27.041  3233  3233 D Cactus  : surfaceChanged: parameter w/h 1920/576 mSurfaceW/H 0/0,mPlayState: 0 mTargetState: -1
01-23 17:52:27.044  1732  3267 D GenericSource: FileSource remote
01-23 17:52:27.053  1728  1927 I FslExtractor: FslExtractor Sniff
01-23 17:52:27.053  1728  1927 I FslInspector: TryMp4Type SUCCESS
01-23 17:52:27.053  1728  1927 I FslExtractor: FslExtractor Sniff mimeType video/mp4, confidence 0.350000
01-23 17:52:27.053  1728  1927 D FslExtractor: FslExtractor::FslExtractor mime=video/mp4
01-23 17:52:27.054  1728  1927 D FslExtractor: FslExtractor::Init BEGIN
01-23 17:52:27.054  1728  1927 D FslExtractor: GetLibraryName lib_mp4_parser_arm11_elinux.3.0.so
01-23 17:52:27.055  1728  1927 D FslExtractor: load parser name lib_mp4_parser_arm11_elinux.3.0.so
01-23 17:52:27.056  1728  1927 D FslExtractor: FslExtractor::CreateParserInterface success
01-23 17:52:27.056  1728  1927 I FslExtractor: Core parser MPEG4PARSER_06.14.03  build on Sep 28 2018 17:33:31 
01-23 17:52:27.057  1728  1927 D FslExtractor: createParser2 flag=5c,err=0
01-23 17:52:27.057  1728  1927 I FslExtractor: mReadMode=1,mNumTracks=2
01-23 17:52:27.057  1728  1927 I FslExtractor: bSeekable 1
01-23 17:52:27.057  1728  1927 I FslExtractor: FslParser kKeyDate=20181207T094844.000Z
01-23 17:52:27.057  1728  1927 D FslExtractor: FslExtractor::ParseMediaFormat BEGIN
01-23 17:52:27.057  1728  1927 D FslExtractor: ParseAudio index=0,type=6,subtype=2
01-23 17:52:27.057  1728  1927 I FslExtractor: audio track 0, lanuage: und
01-23 17:52:27.057  1728  1927 I FslExtractor: audio codec data size=2
01-23 17:52:27.057  1728  1927 I FslExtractor: add esds metadata for aac audio size=2
01-23 17:52:27.057  1728  1927 I FslExtractor: ParseAudio channel=2,sampleRate=48000,bitRate=192059,bitPerSample=16,audioBlockAlign=0
01-23 17:52:27.057  1728  1927 I FslExtractor: add audio track index=0,sourceIndex=0,mime=audio/aac-fsl
01-23 17:52:27.057  1728  1927 D FslExtractor: ParseVideo index=1,type=6,subtype=0
01-23 17:52:27.057  1728  1927 I FslExtractor: ParseVideo width=544,height=960,fps=29,rotate=0
01-23 17:52:27.057  1728  1927 I FslExtractor: video codec data size=38
01-23 17:52:27.057  1728  1927 I FslExtractor: add avcc metadata for h264 video size=38
01-23 17:52:27.057  1728  1927 I FslExtractor: add video track index=1,source index=1,mime=video/avc
01-23 17:52:27.057  1728  1927 D FslExtractor: FslExtractor::Init ret=0
01-23 17:52:27.058  3233  3233 D Cactus  : ==========onCreateOptionsMenu 
01-23 17:52:27.058  3233  3233 D Cactus  : ==========onPrepareOptionsMenu 
01-23 17:52:27.058  1728  1927 D FslExtractor: FslExtractor::getTrack index=0
01-23 17:52:27.063  1728  1927 D FslExtractor: FslExtractor::getTrack index=1
01-23 17:52:27.063  1728  1927 D FslExtractor: FslMediaSource::FslMediaSource avc mNALLengthSize=4
01-23 17:52:27.066  1732  3266 V NuPlayer: Video input format 544 x 960
01-23 17:52:27.066  1732  3266 V NuPlayer: Video display width and height are overridden to 544 x 960
01-23 17:52:27.066  1732  3266 D NuPlayerDriver: notifyListener_l(0xeae13480), (5, 544, 960, -1), loop setting(0, 0)
01-23 17:52:27.066  1732  3266 V MediaPlayerService: [1] notify (5, 544, 960)
01-23 17:52:27.066  3233  3256 V MediaPlayerNative: message received msg=5, ext1=544, ext2=960
01-23 17:52:27.066  3233  3256 V MediaPlayerNative: New video size 544 x 960
01-23 17:52:27.066  3233  3256 V MediaPlayerNative: callback application
01-23 17:52:27.066  3233  3256 V MediaPlayerNative: back from callback
01-23 17:52:27.067  1732  3266 V NuPlayer: onSourceNotify() kWhatFlagsChanged  FLAG_CAN_PAUSE: 1  FLAG_CAN_SEEK_BACKWARD: 1 
01-23 17:52:27.067  1732  3266 V NuPlayer: 				 FLAG_CAN_SEEK_FORWARD: 1  FLAG_CAN_SEEK: 1  FLAG_DYNAMIC_DURATION: 0 
01-23 17:52:27.067  1732  3266 V NuPlayer: 				 FLAG_SECURE: 0  FLAG_PROTECTED: 0
01-23 17:52:27.067  1728  1927 D FslExtractor: start track 0
01-23 17:52:27.068  1728  1927 D FslExtractor: source start track 0
01-23 17:52:27.068  1728  1927 D FslExtractor: start track 1
01-23 17:52:27.068  1728  1927 D FslExtractor: source start track 1
01-23 17:52:27.068  1732  3267 V NuPlayer: Source::notifyPrepared 0
01-23 17:52:27.069  1732  3266 V NuPlayer: NuPlayer::onSourceNotify Source::kWhatPrepared source: 0xe8f27000
01-23 17:52:27.069  1732  3266 V NuPlayerDriver: notifyPrepareCompleted 0
01-23 17:52:27.069  1732  3266 D NuPlayerDriver: notifyListener_l(0xeae13480), (1, 0, 0, -1), loop setting(0, 0)
01-23 17:52:27.069  1732  3266 V MediaPlayerService: [1] notify (1, 0, 0)
01-23 17:52:27.069  3233  3256 V MediaPlayerNative: message received msg=1, ext1=0, ext2=0
01-23 17:52:27.069  3233  3256 V MediaPlayerNative: MediaPlayer::notify() prepared
01-23 17:52:27.069  3233  3256 V MediaPlayerNative: callback application
01-23 17:52:27.070  3233  3256 V MediaPlayerNative: back from callback
01-23 17:52:27.220  3233  3233 D Cactus  : onVideoSizeChanged
01-23 17:52:27.220  3233  3233 V MediaPlayerNative: getVideoWidth
01-23 17:52:27.220  3233  3233 V MediaPlayerNative: getVideoHeight
01-23 17:52:27.220  3233  3233 D CactusPlayer: onVideoSizeChanged: 544 x 960, (1/1)
01-23 17:52:27.225  3233  3233 V MediaPlayerNative: invoke 68
01-23 17:52:27.232  3233  3233 D Cactus  : onPrepared: play state 0 video:544,960 mSurface:1920,576 mTargetState:-1
01-23 17:52:27.235  3233  3233 D CactusPlayer: onMeasure mVideoW 544 mVideoH 960 widthMesaureSpec 1073743744 heightMeasureSpec 1073742400
01-23 17:52:27.239  3233  3233 D Cactus  : surfaceChanged: parameter w/h 544/960 mSurfaceW/H 1920/576,mPlayState: 1 mTargetState: -1
01-23 17:52:27.239  3233  3233 V MediaPlayerNative: getDuration_l
01-23 17:52:27.239  1732  3035 V MediaPlayerService: getDuration
01-23 17:52:27.239  1732  3035 V MediaPlayerService: [1] getDuration = 49877
01-23 17:52:27.240  3233  3233 D Cactus  : start(), last state -1
01-23 17:52:27.240  3233  3233 V MediaPlayerNative: start
01-23 17:52:27.241  1732  3035 V MediaPlayerService: [1] setLooping(0)
01-23 17:52:27.242  1732  3035 V MediaPlayerService: [1] setVolume(1.000000, 1.000000)
01-23 17:52:27.242  1732  3035 V AudioSink: setVolume(1.000000, 1.000000)
01-23 17:52:27.242  1732  3035 V MediaPlayerService: [1] setAuxEffectSendLevel(0.000000)
01-23 17:52:27.242  1732  3035 V AudioSink: setAuxEffectSendLevel(0.000000)
01-23 17:52:27.242  1732  3035 V MediaPlayerService: [1] start
01-23 17:52:27.242  1732  3035 D NuPlayerDriver: start(0xeae13480), state is 4, eos is 0
01-23 17:52:27.242  1732  3266 V NuPlayer: kWhatStart
01-23 17:52:27.242  1732  3266 V NuPlayer: onStart: mCrypto: 0x0 (0)









01-23 17:52:27.242  1732  3266 I GenericSource: start
01-23 17:52:27.243  3233  3233 D Cactus  : start(), change state to playing
01-23 17:52:27.249  1732  3266 V NuPlayer: startPlaybackTimer() time         195345647250 (onstart)
01-23 17:52:27.250  1732  3266 V NuPlayer: scanning sources haveAudio=0, haveVideo=0
01-23 17:52:27.251  1732  3266 V NuPlayer: instantiateDecoder video Decoder
01-23 17:52:27.252  1732  3271 V NuPlayerDecoder: [decoder] onMessage: AMessage(what = 'conf', target = 5) = {
01-23 17:52:27.252  1732  3271 V NuPlayerDecoder:   AMessage format = AMessage(what = 0x00000000) = {
01-23 17:52:27.252  1732  3271 V NuPlayerDecoder:                       string mime = "video/avc"
01-23 17:52:27.252  1732  3271 V NuPlayerDecoder:                       int64_t durationUs = 49856266
01-23 17:52:27.252  1732  3271 V NuPlayerDecoder:                       int32_t track-id = 1
01-23 17:52:27.252  1732  3271 V NuPlayerDecoder:                       int32_t width = 544
01-23 17:52:27.252  1732  3271 V NuPlayerDecoder:                       int32_t height = 960
01-23 17:52:27.252  1732  3271 V NuPlayerDecoder:                       int32_t display-width = 544
01-23 17:52:27.252  1732  3271 V NuPlayerDecoder:                       int32_t display-height = 960
01-23 17:52:27.252  1732  3271 V NuPlayerDecoder:                       int32_t max-input-size = 391700
01-23 17:52:27.252  1732  3271 V NuPlayerDecoder:                       int32_t frame-rate = 29
01-23 17:52:27.252  1732  3271 V NuPlayerDecoder:                       int32_t profile = 8
01-23 17:52:27.252  1732  3271 V NuPlayerDecoder:                       int32_t level = 512
01-23 17:52:27.252  1732  3271 V NuPlayerDecoder:                       Buffer csd-0 = {
01-23 17:52:27.252  1732  3271 V NuPlayerDecoder:                         00000000:  00 00 00 01 67 64 00 1f  ac d9 40 88 1e 68 40 00  ....gd....@..h@.
01-23 17:52:27.252  1732  3271 V NuPlayerDecoder:                         00000010:  f4 24 00 39 0a 85 83 c6  0c 65 80                 .$.9.....e.
01-23 17:52:27.252  1732  3271 V NuPlayerDecoder:                       }
01-23 17:52:27.252  1732  3271 V NuPlayerDecoder:                       Buffer csd-1 = {
01-23 17:52:27.252  1732  3271 V NuPlayerDecoder:                         00000000:  00 00 00 01 68 ef bc b0                           ....h...
01-23 17:52:27.252  1732  3271 V NuPlayerDecoder:   
01-23 17:52:27.252  1732  3271 V NuPlayerDecoder: [video/avc decoder] onConfigure (surface=0xe8f2a800)
01-23 17:52:27.254  1732  3266 V NuPlayer: instantiateDecoder audio Decoder
01-23 17:52:27.255  1732  3273 V NuPlayerDecoder: [decoder] onMessage: AMessage(what = 'conf', target = 6) = {
01-23 17:52:27.255  1732  3273 V NuPlayerDecoder:   AMessage format = AMessage(what = 0x00000000) = {
01-23 17:52:27.255  1732  3273 V NuPlayerDecoder:                       string mime = "audio/aac-fsl"
01-23 17:52:27.255  1732  3273 V NuPlayerDecoder:                       int64_t durationUs = 49877333
01-23 17:52:27.255  1732  3273 V NuPlayerDecoder:                       int32_t track-id = 0
01-23 17:52:27.255  1732  3273 V NuPlayerDecoder:                       string language = "und"
01-23 17:52:27.255  1732  3273 V NuPlayerDecoder:                       int32_t channel-count = 2
01-23 17:52:27.255  1732  3273 V NuPlayerDecoder:                       int32_t sample-rate = 48000
01-23 17:52:27.255  1732  3273 V NuPlayerDecoder:                       Buffer csd-0 = {
01-23 17:52:27.255  1732  3273 V NuPlayerDecoder:                         00000000:  11 90                                             ..
01-23 17:52:27.255  1732  3273 V NuPlayerDecoder:                       }
01-23 17:52:27.255  1732  3273 V NuPlayerDecoder:                       int32_t profile = 2
01-23 17:52:27.255  1732  3273 V NuPlayerDecoder:                       int32_t priority = 0
01-23 17:52:27.255  1732  3273 V NuPlayerDecoder:                       int32_t streaming = 0
01-23 17:52:27.255  1732  3273 V NuPlayerDecoder:                     }
01-23 17:52:27.255  1732  3273 V NuPlayerDecoder: }
01-23 17:52:27.255  1732  3273 V NuPlayerDecoder: [audio/aac-fsl decoder] onConfigure (surface=0x0)
01-23 17:52:27.256  1732  3271 V ACodec  : Now uninitialized
01-23 17:52:27.257  1732  3273 V ACodec  : Now uninitialized
01-23 17:52:27.257  1732  3274 V ACodec  : onAllocateComponent
01-23 17:52:27.260  1732  3274 I OMXClient: IOmx service obtained default





01-23 17:52:27.260  1742  2306 I media.codec: allocateNode OMX.Freescale.std.audio_decoder.aac.sw-based
01-23 17:52:27.260  1742  2306 I OMXMaster: makeComponentInstance(OMX.Freescale.std.audio_decoder.aac.sw-based) in omx@1.0-service process
01-23 17:52:27.264  1742  2306 I OMXPlayer: Can't open library: lib_aacplusd_wrap_arm12_elinux_android.so
01-23 17:52:27.264  1742  2306 I OMXPlayer: dlopen failed: library "lib_aacplusd_wrap_arm12_elinux_android.so" not found
01-23 17:52:27.273  1732  3274 V ACodec  : [OMX.Freescale.std.audio_decoder.aac.sw-based] Now Loaded
01-23 17:52:27.273  1732  3273 V NuPlayerDecoder: onConfigure mCrypto: 0x0 (0)  mIsSecure: 0
01-23 17:52:27.273  1732  3274 V MediaCodec: kWhatConfigure: Old mCrypto: 0x0 (0)
01-23 17:52:27.274  1732  3274 V MediaCodec: kWhatConfigure: New mCrypto: 0x0 (0)
01-23 17:52:27.274  1732  3274 V MediaCodec: Found 1 pieces of codec specific data.
01-23 17:52:27.274  1732  3274 V ACodec  : onConfigureComponent









01-23 17:52:27.275  1742  2306 E OMXNodeInstance: setParameter(0xf1751a04:Freescale.std._decoder.aac.sw-based, ??(0x6f400006)) ERROR: UnsupportedIndex(0x8000101a)
01-23 17:52:27.275  1742  2306 E OMXNodeInstance: setParameter(0xf1751a04:Freescale.std._decoder.aac.sw-based, ParamAudioAndroidAacPresentation(0x6f400003)) ERROR: UnsupportedIndex(0x8000101a)
01-23 17:52:27.275  1742  2306 I OMXPlayer: AudioFilter SetParameter OMX_IndexParamAudioOutputConvert
01-23 17:52:27.275  1742  2306 I OMXPlayer: AudioFilter SetParameter OMX_IndexParamAudioSendFirstPortSettingChanged 0
01-23 17:52:27.276  1742  2306 E OMXNodeInstance: setConfig(0xf1751a04:Freescale.std._decoder.aac.sw-based, ConfigPriority(0x6f800002)) ERROR: UnsupportedIndex(0x8000101a)
01-23 17:52:27.276  1732  3274 I ACodec  : codec does not support config priority (err -1010)
01-23 17:52:27.276  1742  2306 E OMXNodeInstance: getConfig(0xf1751a04:Freescale.std._decoder.aac.sw-based, ConfigAndroidVendorExtension(0x6f100004)) ERROR: UnsupportedIndex(0x8000101a)
01-23 17:52:27.277  1732  3274 V MediaCodec: [OMX.Freescale.std.audio_decoder.aac.sw-based] configured as input format: AMessage(what = 0x00000000) = {
01-23 17:52:27.277  1732  3274 V MediaCodec:       string mime = "audio/mp4a-latm"
01-23 17:52:27.277  1732  3274 V MediaCodec:       int32_t channel-count = 2
01-23 17:52:27.277  1732  3274 V MediaCodec:       int32_t sample-rate = 48000
01-23 17:52:27.277  1732  3274 V MediaCodec:       int32_t tunneled-playback = 0
01-23 17:52:27.277  1732  3274 V MediaCodec:     }, output format: AMessage(what = 0x00000000) = {
01-23 17:52:27.277  1732  3274 V MediaCodec:       string mime = "audio/raw"
01-23 17:52:27.277  1732  3274 V MediaCodec:       int32_t channel-count = 2
01-23 17:52:27.277  1732  3274 V MediaCodec:       int32_t sample-rate = 48000
01-23 17:52:27.277  1732  3274 V MediaCodec:       int32_t pcm-encoding = 2
01-23 17:52:27.277  1732  3274 V MediaCodec:     }
01-23 17:52:27.277  1732  3274 I MediaCodec: MediaCodec will operate in async mode
01-23 17:52:27.277  1732  3274 V ACodec  : onStart
01-23 17:52:27.278  1732  3274 V ACodec  : [OMX.Freescale.std.audio_decoder.aac.sw-based] Now Loaded->Idle
01-23 17:52:27.278  1732  3274 V ACodec  : [OMX.Freescale.std.audio_decoder.aac.sw-based] Allocating 3 buffers of size 32768 (from 32768 using PresetByteBuffer) on input port
01-23 17:52:27.282  1661  1661 W AshmemAllocator: ashmem_create_region(32768) returning hidl_memory(0xea8793e2c100, 32768)
01-23 17:52:27.286  1732  3275 V ACodec  : onAllocateComponent
01-23 17:52:27.295  1732  3275 I OMXClient: IOmx service obtained default
01-23 17:52:27.302  1742  1786 I media.codec: allocateNode OMX.Freescale.std.video_decoder.avc.v3.hw-based
01-23 17:52:27.302  1742  1786 I OMXMaster: makeComponentInstance(OMX.Freescale.std.video_decoder.avc.v3.hw-based) in omx@1.0-service process
01-23 17:52:27.304  1732  3275 V ACodec  : [OMX.Freescale.std.video_decoder.avc.v3.hw-based] Now Loaded
01-23 17:52:27.305  1732  3271 D SurfaceUtils: disconnecting from surface 0xe8f2a808, reason onConfigure
01-23 17:52:27.305  1732  3271 V NuPlayerDecoder: onConfigure mCrypto: 0x0 (0)  mIsSecure: 0
01-23 17:52:27.306  1732  3272 D SurfaceUtils: connecting to surface 0xe8f2a808, reason connectToSurface
01-23 17:52:27.310  1732  3272 I MediaCodec: [OMX.Freescale.std.video_decoder.avc.v3.hw-based] setting surface generation to 1773569
01-23 17:52:27.310  1732  3272 D SurfaceUtils: disconnecting from surface 0xe8f2a808, reason connectToSurface(reconnect)
01-23 17:52:27.316  1732  3272 D SurfaceUtils: connecting to surface 0xe8f2a808, reason connectToSurface(reconnect)
01-23 17:52:27.320  1810  1833 I ActivityManager: Displayed com.freescale.cactusplayer/.VideoPlayer: +506ms
01-23 17:52:27.327  1732  3272 V MediaCodec: kWhatConfigure: Old mCrypto: 0x0 (0)
01-23 17:52:27.327  1732  3272 V MediaCodec: kWhatConfigure: New mCrypto: 0x0 (0)
01-23 17:52:27.328  1732  3272 V MediaCodec: Found 2 pieces of codec specific data.
01-23 17:52:27.328  1732  3275 V ACodec  : onConfigureComponent
01-23 17:52:27.329  1732  3275 I ACodec  : Send reorder config(0) to VPU (0)
01-23 17:52:27.330  1732  3275 V ACodec  : Configuring CPU controlled video playback.
01-23 17:52:27.330  1742  1786 W OMXNodeInstance: [0xf1752904:Freescale.std._decoder.avc.v3.hw-based] component does not support metadata mode; using fallback

01-23 17:52:27.330  1732  3275 E ACodec  : [OMX.Freescale.std.video_decoder.avc.v3.hw-based] setPortMode on output to DynamicANWBuffer failed w/ err -1010
01-23 17:52:27.330  1742  1786 W OMXNodeInstance: [0xf1752904:Freescale.std._decoder.avc.v3.hw-based] component does not support metadata mode; using fallback
01-23 17:52:27.331  1732  3275 W OMXUtils: do not know color format 0x7f000002 = 2130706434
01-23 17:52:27.331  1732  3275 W ACodec  : [OMX.Freescale.std.video_decoder.avc.v3.hw-based] does not support color format 21
01-23 17:52:27.333  1732  3275 V ACodec  : [OMX.Freescale.std.video_decoder.avc.v3.hw-based] setting color aspects (R:2(Limited), P:1(BT709_5), M:1(BT709_5), T:3(SMPTE170M)) err=-1010(??)
01-23 17:52:27.333  1732  3275 V ACodec  : [OMX.Freescale.std.video_decoder.avc.v3.hw-based] setting  HDRStaticInfo (R: 0 0, G: 0 0, B: 0, 0, W: 0, 0, MaxDispL: 0, MinDispL: 0, MaxContentL: 0, MaxFrameAvgL: 0)
01-23 17:52:27.334  1732  3275 V ACodec  : [OMX.Freescale.std.video_decoder.avc.v3.hw-based] input format is AMessage(what = 0x00000000) = {
01-23 17:52:27.334  1732  3275 V ACodec  :   int32_t adaptive-playback = 0
01-23 17:52:27.334  1732  3275 V ACodec  :   string mime = "video/avc"
01-23 17:52:27.334  1732  3275 V ACodec  :   int32_t width = 544
01-23 17:52:27.334  1732  3275 V ACodec  :   int32_t height = 960
01-23 17:52:27.334  1732  3275 V ACodec  : }
01-23 17:52:27.335  1742  2306 E OMXNodeInstance: getConfig(0xf1752904:Freescale.std._decoder.avc.v3.hw-based, ConfigAndroidVendorExtension(0x6f100004)) ERROR: IncorrectStateTransition(0x80001017)
01-23 17:52:27.335  1661  1661 W AshmemAllocator: ashmem_create_region(32768) returning hidl_memory(0xea8793e2c100, 32768)
01-23 17:52:27.335  1742  1934 E OMXNodeInstance: getConfig(0xf1752904:Freescale.std._decoder.avc.v3.hw-based, ConfigCommonOutputCrop(0x700000f)) ERROR: IncorrectStateTransition(0x80001017)
01-23 17:52:27.335  1732  3275 V ACodec  : [OMX.Freescale.std.video_decoder.avc.v3.hw-based] setting color aspects (R:2(Limited), P:1(BT709_5), M:1(BT709_5), T:3(SMPTE170M)) err=-1010(??)
01-23 17:52:27.336  1732  3275 V ACodec  : [OMX.Freescale.std.video_decoder.avc.v3.hw-based] using color aspects (R:2(Limited), P:1(BT709_5), M:1(BT709_5), T:3(SMPTE170M)) and dataspace 0x104
01-23 17:52:27.336  1732  3275 V ACodec  : [OMX.Freescale.std.video_decoder.avc.v3.hw-based] output format is AMessage(what = 0x00000000) = {
01-23 17:52:27.336  1732  3275 V ACodec  :   int32_t color-range = 2
01-23 17:52:27.336  1732  3275 V ACodec  :   int32_t color-standard = 1
01-23 17:52:27.336  1732  3275 V ACodec  :   int32_t color-transfer = 3
01-23 17:52:27.336  1732  3275 V ACodec  :   string mime = "video/raw"
01-23 17:52:27.336  1732  3275 V ACodec  :   int32_t stride = 176
01-23 17:52:27.336  1732  3275 V ACodec  :   int32_t slice-height = 144
01-23 17:52:27.336  1732  3275 V ACodec  :   int32_t color-format = 260
01-23 17:52:27.336  1732  3275 V ACodec  :   Rect crop(0, 0, 543, 959)
01-23 17:52:27.336  1732  3275 V ACodec  :   int32_t android._dataspace = 260
01-23 17:52:27.336  1732  3275 V ACodec  :   int32_t width = 544
01-23 17:52:27.336  1732  3275 V ACodec  :   int32_t height = 960
01-23 17:52:27.336  1732  3275 V ACodec  : }
01-23 17:52:27.336  1661  1661 W AshmemAllocator: ashmem_create_region(32768) returning hidl_memory(0xea8793e2c100, 32768)
01-23 17:52:27.337  1732  3272 V MediaCodec: [OMX.Freescale.std.video_decoder.avc.v3.hw-based] configured as input format: AMessage(what = 0x00000000) = {
01-23 17:52:27.337  1732  3272 V MediaCodec:       int32_t adaptive-playback = 0
01-23 17:52:27.337  1732  3272 V MediaCodec:       string mime = "video/avc"
01-23 17:52:27.337  1732  3272 V MediaCodec:       int32_t width = 544
01-23 17:52:27.337  1732  3272 V MediaCodec:       int32_t height = 960
01-23 17:52:27.337  1732  3272 V MediaCodec:       int32_t tunneled-playback = 0
01-23 17:52:27.337  1732  3272 V MediaCodec:     }, output format: AMessage(what = 0x00000000) = {
01-23 17:52:27.337  1732  3272 V MediaCodec:       int32_t color-range = 2
01-23 17:52:27.337  1732  3272 V MediaCodec:       int32_t color-standard = 1
01-23 17:52:27.337  1732  3272 V MediaCodec:       int32_t color-transfer = 3
01-23 17:52:27.337  1732  3272 V MediaCodec:       string mime = "video/raw"
01-23 17:52:27.337  1732  3272 V MediaCodec:       int32_t stride = 176
01-23 17:52:27.337  1732  3272 V MediaCodec:       int32_t slice-height = 144
01-23 17:52:27.337  1732  3272 V MediaCodec:       int32_t color-format = 260
01-23 17:52:27.337  1732  3272 V MediaCodec:       Rect crop(0, 0, 543, 959)
01-23 17:52:27.337  1732  3272 V MediaCodec:       int32_t android._dataspace = 260
01-23 17:52:27.337  1732  3272 V MediaCodec:       int32_t width = 544
01-23 17:52:27.337  1732  3272 V MediaCodec:       int32_t height = 960
01-23 17:52:27.337  1732  3272 V MediaCodec:     }
01-23 17:52:27.339  1732  3274 V ACodec  : [OMX.Freescale.std.audio_decoder.aac.sw-based] Allocating 3 buffers of size 49152 (from 49152 using PresetByteBuffer) on output port
01-23 17:52:27.340  1732  3272 I MediaCodec: MediaCodec will operate in async mode
01-23 17:52:27.340  1732  3275 V ACodec  : onStart
01-23 17:52:27.340  1732  3275 V ACodec  : [OMX.Freescale.std.video_decoder.avc.v3.hw-based] Now Loaded->Idle
01-23 17:52:27.341  1732  3275 V ACodec  : [OMX.Freescale.std.video_decoder.avc.v3.hw-based] Allocating 3 buffers of size 1048576 (from 1048576 using PresetByteBuffer) on input port
01-23 17:52:27.348  1661  1661 W AshmemAllocator: ashmem_create_region(49152) returning hidl_memory(0xea8793e2c100, 49152)
01-23 17:52:27.350  1661  1661 W AshmemAllocator: ashmem_create_region(1048576) returning hidl_memory(0xea8793e2c100, 1048576)
01-23 17:52:27.351  1661  1661 W AshmemAllocator: ashmem_create_region(49152) returning hidl_memory(0xea8793e2c100, 49152)
01-23 17:52:27.352  1661  1661 W AshmemAllocator: ashmem_create_region(1048576) returning hidl_memory(0xea8793e2c100, 1048576)
01-23 17:52:27.354  1661  1661 W AshmemAllocator: ashmem_create_region(1048576) returning hidl_memory(0xea8793e2c100, 1048576)
01-23 17:52:27.355  1661  1661 W AshmemAllocator: ashmem_create_region(49152) returning hidl_memory(0xea8793e2c100, 49152)
01-23 17:52:27.357  1732  3275 V ACodec  : gralloc usage: 0x80000000(OMX) => 0x80002900(ACodec)
01-23 17:52:27.357  1732  3275 D SurfaceUtils: disconnecting from surface 0xe8f2a808, reason setNativeWindowSizeFormatAndUsage
01-23 17:52:27.358  1742  3276 I OMXPlayer: SetupDecoder AAC decoder Wrapper  build on Dec  7 2017 18:13:50 
01-23 17:52:27.358  1732  3274 V ACodec  : [OMX.Freescale.std.audio_decoder.aac.sw-based] Now Idle->Executing
01-23 17:52:27.360  1732  3274 V ACodec  : [OMX.Freescale.std.audio_decoder.aac.sw-based] calling fillBuffer 4
01-23 17:52:27.360  1732  3274 V ACodec  : [OMX.Freescale.std.audio_decoder.aac.sw-based] calling fillBuffer 5
01-23 17:52:27.360  1732  3274 V ACodec  : [OMX.Freescale.std.audio_decoder.aac.sw-based] calling fillBuffer 6
01-23 17:52:27.361  1732  3274 V ACodec  : [OMX.Freescale.std.audio_decoder.aac.sw-based] Now Executing
01-23 17:52:27.361  1732  3274 V MediaCodec: presentation time: 0
01-23 17:52:27.361  1732  3273 V NuPlayerDecoder: [OMX.Freescale.std.audio_decoder.aac.sw-based] onMessage: AMessage(what = 'cdcN', target = 6) = {
01-23 17:52:27.361  1732  3273 V NuPlayerDecoder:   int32_t callbackID = 1
01-23 17:52:27.361  1732  3273 V NuPlayerDecoder:   int32_t index = 1
01-23 17:52:27.361  1732  3273 V NuPlayerDecoder: }
01-23 17:52:27.361  1732  3273 V NuPlayerDecoder: [audio] kWhatCodecNotify: cbID = 1, paused = 0
01-23 17:52:27.361  1732  3274 V ACodec  : [OMX.Freescale.std.audio_decoder.aac.sw-based] calling emptyBuffer 1 w/ codec specific data
01-23 17:52:27.362  1732  3274 V MediaCodec: presentation time: 0
01-23 17:52:27.362  1732  3275 D SurfaceUtils: connecting to surface 0xe8f2a808, reason setNativeWindowSizeFormatAndUsage
01-23 17:52:27.362  1732  3273 V NuPlayerDecoder: [OMX.Freescale.std.audio_decoder.aac.sw-based] onMessage: AMessage(what = 'cdcN', target = 6) = {
01-23 17:52:27.362  1732  3273 V NuPlayerDecoder:   int32_t callbackID = 1
01-23 17:52:27.362  1732  3273 V NuPlayerDecoder:   int32_t index = 2
01-23 17:52:27.362  1732  3273 V NuPlayerDecoder: }
01-23 17:52:27.362  1732  3273 V NuPlayerDecoder: [audio] kWhatCodecNotify: cbID = 1, paused = 0
01-23 17:52:27.362  1732  3274 V ACodec  : [OMX.Freescale.std.audio_decoder.aac.sw-based] calling emptyBuffer 2 w/ time 0 us
01-23 17:52:27.362  1732  3275 D SurfaceUtils: set up nativeWindow 0xe8f2a808 for 544x960, color 0x104, rotation 0, usage 0x80002900
01-23 17:52:27.362  1732  3274 V ACodec  : [OMX.Freescale.std.audio_decoder.aac.sw-based] onOMXEmptyBufferDone 1
01-23 17:52:27.363  1732  3274 V ACodec  : [OMX.Freescale.std.audio_decoder.aac.sw-based] calling emptyBuffer 3 w/ time 21333 us
01-23 17:52:27.363  1732  3274 V ACodec  : [OMX.Freescale.std.audio_decoder.aac.sw-based] onOMXEmptyBufferDone 2
01-23 17:52:27.363  1732  3275 V ACodec  : [OMX.Freescale.std.video_decoder.avc.v3.hw-based] Allocating 7 buffers from a native window of size 783360 on output port
01-23 17:52:27.364  1732  3273 V NuPlayerDecoder: [OMX.Freescale.std.audio_decoder.aac.sw-based] onMessage: AMessage(what = 'cdcN', target = 6) = {
01-23 17:52:27.364  1732  3273 V NuPlayerDecoder:   int32_t callbackID = 1
01-23 17:52:27.364  1732  3273 V NuPlayerDecoder:   int32_t index = 0
01-23 17:52:27.364  1732  3273 V NuPlayerDecoder: }
01-23 17:52:27.364  1732  3273 V NuPlayerDecoder: [audio] kWhatCodecNotify: cbID = 1, paused = 0
01-23 17:52:27.364  1597  2242 W MapperHal: buffer descriptor with invalid usage bits 0x2000
01-23 17:52:27.365  1732  3274 V ACodec  : [OMX.Freescale.std.audio_decoder.aac.sw-based] onOMXEmptyBufferDone 3
01-23 17:52:27.366  1732  3273 V NuPlayerDecoder: [OMX.Freescale.std.audio_decoder.aac.sw-based] onMessage: AMessage(what = 'cdcN', target = 6) = {
01-23 17:52:27.366  1732  3273 V NuPlayerDecoder:   int32_t callbackID = 1
01-23 17:52:27.366  1732  3273 V NuPlayerDecoder:   int32_t index = 1
01-23 17:52:27.366  1732  3273 V NuPlayerDecoder: }
01-23 17:52:27.366  1732  3273 V NuPlayerDecoder: [audio] kWhatCodecNotify: cbID = 1, paused = 0
01-23 17:52:27.366  1732  3274 V ACodec  : [OMX.Freescale.std.audio_decoder.aac.sw-based] calling emptyBuffer 1 w/ time 42666 us
01-23 17:52:27.367  1732  3273 V NuPlayerDecoder: [OMX.Freescale.std.audio_decoder.aac.sw-based] onMessage: AMessage(what = 'cdcN', target = 6) = {
01-23 17:52:27.367  1732  3273 V NuPlayerDecoder:   int32_t callbackID = 1
01-23 17:52:27.367  1732  3273 V NuPlayerDecoder:   int32_t index = 2
01-23 17:52:27.367  1732  3273 V NuPlayerDecoder: }
01-23 17:52:27.368  1732  3273 V NuPlayerDecoder: [audio] kWhatCodecNotify: cbID = 1, paused = 0
01-23 17:52:27.368  1732  3274 V ACodec  : [OMX.Freescale.std.audio_decoder.aac.sw-based] calling emptyBuffer 2 w/ time 64000 us
01-23 17:52:27.369  1732  3274 V ACodec  : [OMX.Freescale.std.audio_decoder.aac.sw-based] onOMXEmptyBufferDone 1
01-23 17:52:27.370  1732  3274 V ACodec  : [OMX.Freescale.std.audio_decoder.aac.sw-based] onOMXEmptyBufferDone 2
01-23 17:52:27.370  1732  3274 V ACodec  : [OMX.Freescale.std.audio_decoder.aac.sw-based] calling emptyBuffer 3 w/ time 85333 us
01-23 17:52:27.370  1732  3273 V NuPlayerDecoder: [OMX.Freescale.std.audio_decoder.aac.sw-based] onMessage: AMessage(what = 'cdcN', target = 6) = {
01-23 17:52:27.370  1732  3273 V NuPlayerDecoder:   int32_t callbackID = 1
01-23 17:52:27.370  1732  3273 V NuPlayerDecoder:   int32_t index = 0
01-23 17:52:27.370  1732  3273 V NuPlayerDecoder: }
01-23 17:52:27.370  1732  3273 V NuPlayerDecoder: [audio] kWhatCodecNotify: cbID = 1, paused = 0
01-23 17:52:27.371  1732  3274 V ACodec  : [OMX.Freescale.std.audio_decoder.aac.sw-based] onOMXEmptyBufferDone 3
01-23 17:52:27.371  1732  3274 V ACodec  : [OMX.Freescale.std.audio_decoder.aac.sw-based] calling emptyBuffer 1 w/ time 106666 us
01-23 17:52:27.371  1732  3273 V NuPlayerDecoder: [OMX.Freescale.std.audio_decoder.aac.sw-based] onMessage: AMessage(what = 'cdcN', target = 6) = {
01-23 17:52:27.371  1732  3273 V NuPlayerDecoder:   int32_t callbackID = 1
01-23 17:52:27.371  1732  3273 V NuPlayerDecoder:   int32_t index = 1
01-23 17:52:27.371  1732  3273 V NuPlayerDecoder: }
01-23 17:52:27.371  1732  3273 V NuPlayerDecoder: [audio] kWhatCodecNotify: cbID = 1, paused = 0
01-23 17:52:27.372  1732  3274 V ACodec  : [OMX.Freescale.std.audio_decoder.aac.sw-based] onOMXEmptyBufferDone 1
01-23 17:52:27.372  1732  3273 V NuPlayerDecoder: [OMX.Freescale.std.audio_decoder.aac.sw-based] onMessage: AMessage(what = 'cdcN', target = 6) = {
01-23 17:52:27.372  1732  3273 V NuPlayerDecoder:   int32_t callbackID = 1
01-23 17:52:27.372  1732  3273 V NuPlayerDecoder:   int32_t index = 2
01-23 17:52:27.372  1732  3273 V NuPlayerDecoder: }
01-23 17:52:27.372  1732  3274 V ACodec  : [OMX.Freescale.std.audio_decoder.aac.sw-based] calling emptyBuffer 2 w/ time 128000 us
01-23 17:52:27.372  1732  3273 V NuPlayerDecoder: [audio] kWhatCodecNotify: cbID = 1, paused = 0
01-23 17:52:27.374  1732  3274 V ACodec  : [OMX.Freescale.std.audio_decoder.aac.sw-based] calling emptyBuffer 3 w/ time 149333 us
01-23 17:52:27.374  1732  3273 V NuPlayerDecoder: [OMX.Freescale.std.audio_decoder.aac.sw-based] onMessage: AMessage(what = 'cdcN', target = 6) = {
01-23 17:52:27.374  1732  3273 V NuPlayerDecoder:   int32_t callbackID = 1
01-23 17:52:27.374  1732  3273 V NuPlayerDecoder:   int32_t index = 0
01-23 17:52:27.374  1732  3273 V NuPlayerDecoder: }
01-23 17:52:27.374  1732  3273 V NuPlayerDecoder: [audio] kWhatCodecNotify: cbID = 1, paused = 0
01-23 17:52:27.377  1732  3274 V ACodec  : [OMX.Freescale.std.audio_decoder.aac.sw-based] onOMXEmptyBufferDone 2
01-23 17:52:27.377  1732  3274 V ACodec  : [OMX.Freescale.std.audio_decoder.aac.sw-based] onOMXEmptyBufferDone 3
01-23 17:52:27.377  1732  3274 V ACodec  : [OMX.Freescale.std.audio_decoder.aac.sw-based] calling emptyBuffer 1 w/ time 170666 us
01-23 17:52:27.378  1732  3274 V ACodec  : [OMX.Freescale.std.audio_decoder.aac.sw-based] onOMXFillBufferDone 4 time 0 us, flags = 0x00000032
01-23 17:52:27.378  1732  3273 V NuPlayerDecoder: [OMX.Freescale.std.audio_decoder.aac.sw-based] onMessage: AMessage(what = 'cdcN', target = 6) = {
01-23 17:52:27.378  1732  3273 V NuPlayerDecoder:   int32_t callbackID = 1
01-23 17:52:27.378  1732  3273 V NuPlayerDecoder:   int32_t index = 1
01-23 17:52:27.378  1732  3273 V NuPlayerDecoder: }
01-23 17:52:27.378  1732  3273 V NuPlayerDecoder: [audio] kWhatCodecNotify: cbID = 1, paused = 0
01-23 17:52:27.379  1732  3274 V MediaCodec: [OMX.Freescale.std.audio_decoder.aac.sw-based] output format changed to: AMessage(what = 0x00000000) = {
01-23 17:52:27.379  1732  3274 V MediaCodec:       string mime = "audio/raw"
01-23 17:52:27.379  1732  3274 V MediaCodec:       int32_t channel-count = 2
01-23 17:52:27.379  1732  3274 V MediaCodec:       int32_t sample-rate = 48000
01-23 17:52:27.379  1732  3274 V MediaCodec:       int32_t pcm-encoding = 2
01-23 17:52:27.379  1732  3274 V MediaCodec:     }
01-23 17:52:27.379  1732  3274 V MediaCodec: -- returned buffer timestamp 0 <= 0, ignore it
01-23 17:52:27.379  1732  3274 V ACodec  : [OMX.Freescale.std.audio_decoder.aac.sw-based] calling emptyBuffer 2 w/ time 192000 us
01-23 17:52:27.380  1732  3273 V NuPlayerDecoder: [OMX.Freescale.std.audio_decoder.aac.sw-based] onMessage: AMessage(what = 'cdcN', target = 6) = {
01-23 17:52:27.380  1732  3273 V NuPlayerDecoder:   int32_t callbackID = 1
01-23 17:52:27.380  1732  3273 V NuPlayerDecoder:   int32_t index = 2
01-23 17:52:27.380  1732  3273 V NuPlayerDecoder: }
01-23 17:52:27.380  1732  3273 V NuPlayerDecoder: [audio] kWhatCodecNotify: cbID = 1, paused = 0
01-23 17:52:27.380  1732  3274 V ACodec  : [OMX.Freescale.std.audio_decoder.aac.sw-based] calling emptyBuffer 3 w/ time 213333 us
01-23 17:52:27.381  1732  3273 V NuPlayerDecoder: [OMX.Freescale.std.audio_decoder.aac.sw-based] onMessage: AMessage(what = 'cdcN', target = 6) = {
01-23 17:52:27.381  1732  3273 V NuPlayerDecoder:   int32_t callbackID = 4
01-23 17:52:27.381  1732  3273 V NuPlayerDecoder:   AMessage format = AMessage(what = 0x00000000) = {
01-23 17:52:27.381  1732  3273 V NuPlayerDecoder:                       string mime = "audio/raw"
01-23 17:52:27.381  1732  3273 V NuPlayerDecoder:                       int32_t channel-count = 2
01-23 17:52:27.381  1732  3273 V NuPlayerDecoder:                       int32_t sample-rate = 48000
01-23 17:52:27.381  1732  3273 V NuPlayerDecoder:                       int32_t pcm-encoding = 2
01-23 17:52:27.381  1732  3273 V NuPlayerDecoder:                     }
01-23 17:52:27.381  1732  3273 V NuPlayerDecoder: }
01-23 17:52:27.381  1732  1732 V MediaPlayerService: [1] isPlaying: 1
01-23 17:52:27.381  1732  3273 V NuPlayerDecoder: [audio] kWhatCodecNotify: cbID = 4, paused = 0
01-23 17:52:27.381  1732  3273 V NuPlayerDecoder: [OMX.Freescale.std.audio_decoder.aac.sw-based] onMessage: AMessage(what = 'cdcN', target = 6) = {
01-23 17:52:27.381  1732  3273 V NuPlayerDecoder:   int32_t callbackID = 2
01-23 17:52:27.381  1732  3273 V NuPlayerDecoder:   int32_t index = 0
01-23 17:52:27.381  1732  3273 V NuPlayerDecoder:   size_t offset = 0
01-23 17:52:27.381  1732  3273 V NuPlayerDecoder:   size_t size = 4096
01-23 17:52:27.381  1732  3273 V NuPlayerDecoder:   int64_t timeUs = 0
01-23 17:52:27.381  1732  3273 V NuPlayerDecoder:   int32_t flags = 1
01-23 17:52:27.381  1732  3273 V NuPlayerDecoder: }
01-23 17:52:27.381  1732  3273 V NuPlayerDecoder: [audio] kWhatCodecNotify: cbID = 2, paused = 0
01-23 17:52:27.381  3233  3233 V MediaPlayerNative: isPlaying: 1
01-23 17:52:27.381  1732  3270 W NuPlayerRenderer: onMessageReceived onChangeAudioFormat
01-23 17:52:27.381  3233  3233 V MediaPlayerNative: getCurrentPosition
01-23 17:52:27.381  1732  3270 V NuPlayerRenderer: onChangeAudioFormat
01-23 17:52:27.381  1732  3270 V NuPlayerRenderer: openAudioSink: offloadOnly(0) offloadingAudio(0)
01-23 17:52:27.382  1732  3270 V NuPlayerRenderer: openAudioSink: open AudioSink in NON-offload mode
01-23 17:52:27.382  1732  3270 V AudioSink: close
01-23 17:52:27.382  1732  1732 V MediaPlayerService: getCurrentPosition
01-23 17:52:27.382  1732  3270 V AudioSink: setPlaybackRate(1.000000 1.000000 0 0)
01-23 17:52:27.382  1732  1732 V MediaPlayerService: [1] getCurrentPosition = 0
01-23 17:52:27.382  1732  3270 V AudioSink: open(48000, 2, 0x0, 0x1, 0, 17 0x8)
01-23 17:52:27.383  1732  3270 V AudioSink: no track available to recycle
01-23 17:52:27.383  1732  3270 V AudioSink: creating new AudioTrack
01-23 17:52:27.384  1705  1802 W AudioFlinger: createTrack_l(): mismatch between requested flags (00000008) and output flags (00000006)
01-23 17:52:27.384  1705  1802 D AudioFlinger: Client defaulted notificationFrames to 12000 for frameCount 24000
01-23 17:52:27.387  1732  3270 V AudioSink: deleteRecycledTrack_l
01-23 17:52:27.387  1732  3270 V AudioSink: setVolume
01-23 17:52:27.387  1732  3270 V AudioSink: updateTrack() DONE status 0
01-23 17:52:27.387  1732  3270 V AudioSink: start
01-23 17:52:27.389  1732  3270 V NuPlayerRenderer: onDrainAudioQueue: rendering audio at media time 0.00 secs
01-23 17:52:27.389  1732  3273 V NuPlayerDecoder: [OMX.Freescale.std.audio_decoder.aac.sw-based] onMessage: AMessage(what = 'aofc', target = 6) = {
01-23 17:52:27.389  1732  3273 V NuPlayerDecoder:   int32_t generation = 1
01-23 17:52:27.389  1732  3273 V NuPlayerDecoder: }
01-23 17:52:27.389  1732  3266 V NuPlayer: media rendering started
01-23 17:52:27.389  1732  3273 V NuPlayerDecoder: [OMX.Freescale.std.audio_decoder.aac.sw-based] onMessage: AMessage(what = 'rndr', target = 6) = {
01-23 17:52:27.389  1732  3273 V NuPlayerDecoder:   size_t buffer-ix = 0
01-23 17:52:27.389  1732  3273 V NuPlayerDecoder:   int32_t generation = 1
01-23 17:52:27.389  1732  3273 V NuPlayerDecoder:   size_t size = 4096
01-23 17:52:27.389  1732  3273 V NuPlayerDecoder: }
01-23 17:52:27.389  1732  3266 D NuPlayerDriver: notifyListener_l(0xeae13480), (6, 0, 0, -1), loop setting(0, 0)
01-23 17:52:27.389  1732  3266 V MediaPlayerService: [1] notify (6, 0, 0)
01-23 17:52:27.389  1732  3274 V ACodec  : [OMX.Freescale.std.audio_decoder.aac.sw-based] calling fillBuffer 4
01-23 17:52:27.389  3233  3256 V MediaPlayerNative: message received msg=6, ext1=0, ext2=0
01-23 17:52:27.389  3233  3256 V MediaPlayerNative: unrecognized message: (6, 0, 0)
01-23 17:52:27.389  3233  3256 V MediaPlayerNative: callback application
01-23 17:52:27.389  3233  3256 V MediaPlayerNative: back from callback
01-23 17:52:27.390  3233  3233 V MediaRouter: onRestoreRoute() : route=RouteInfo{ name=Tablet, description=null, status=null, category=RouteCategory{ name=System types=ROUTE_TYPE_LIVE_AUDIO ROUTE_TYPE_LIVE_VIDEO  groupable=false }, supportedTypes=ROUTE_TYPE_LIVE_AUDIO ROUTE_TYPE_LIVE_VIDEO , presentationDisplay=Display id 1: DisplayInfo{"HDMI Screen", uniqueId "local:1", app 1920 x 720, real 1920 x 720, largest app 1920 x 1920, smallest app 720 x 720, mode 2, defaultMode 2, modes [{id=2, width=1920, height=720, fps=60.000004}], colorMode 0, supportedColorModes [0], hdrCapabilities android.view.Display$HdrCapabilities@40f16308, rotation 0, density 213 (213.0 x 213.0) dpi, layerStack 1, appVsyncOff 1000000, presDeadline 16666666, type HDMI, state ON, FLAG_SECURE, FLAG_SUPPORTS_PROTECTED_BUFFERS, FLAG_PRESENTATION, removeMode 0}, DisplayMetrics{density=1.3312501, width=1920, height=720, scaledDensity=1.3312501, xdpi=213.0, ydpi=213.0}, isValid=true }
01-23 17:52:27.390  1665  3229 I audio_hw_primary: start_output_stream_primary... 0xea4d7000, device 2
01-23 17:52:27.392  3233  3233 V MediaRouter: Selecting route: RouteInfo{ name=Tablet, description=null, status=null, category=RouteCategory{ name=System types=ROUTE_TYPE_LIVE_AUDIO ROUTE_TYPE_LIVE_VIDEO  groupable=false }, supportedTypes=ROUTE_TYPE_LIVE_AUDIO ROUTE_TYPE_LIVE_VIDEO , presentationDisplay=Display id 1: DisplayInfo{"HDMI Screen", uniqueId "local:1", app 1920 x 720, real 1920 x 720, largest app 1920 x 1920, smallest app 720 x 720, mode 2, defaultMode 2, modes [{id=2, width=1920, height=720, fps=60.000004}], colorMode 0, supportedColorModes [0], hdrCapabilities android.view.Display$HdrCapabilities@40f16308, rotation 0, density 213 (213.0 x 213.0) dpi, layerStack 1, appVsyncOff 1000000, presDeadline 16666666, type HDMI, state ON, FLAG_SECURE, FLAG_SUPPORTS_PROTECTED_BUFFERS, FLAG_PRESENTATION, removeMode 0}, DisplayMetrics{density=1.3312501, width=1920, height=720, scaledDensity=1.3312501, xdpi=213.0, ydpi=213.0}, isValid=true }
01-23 17:52:27.403  3233  3233 V MediaPlayerNative: getCurrentPosition
01-23 17:52:27.404  1732  1732 V MediaPlayerService: getCurrentPosition
01-23 17:52:27.404  1732  1732 V MediaPlayerService: [1] getCurrentPosition = 0
01-23 17:52:27.405  1732  3035 V MediaPlayerService: [1] isPlaying: 1
01-23 17:52:27.410  3233  3233 V MediaPlayerNative: isPlaying: 1
01-23 17:52:27.427  1732  3274 V ACodec  : [OMX.Freescale.std.audio_decoder.aac.sw-based] onOMXEmptyBufferDone 1
01-23 17:52:27.428  1732  3273 V NuPlayerDecoder: [OMX.Freescale.std.audio_decoder.aac.sw-based] onMessage: AMessage(what = 'cdcN', target = 6) = {
01-23 17:52:27.428  1732  3273 V NuPlayerDecoder:   int32_t callbackID = 1
01-23 17:52:27.428  1732  3273 V NuPlayerDecoder:   int32_t index = 0
01-23 17:52:27.428  1732  3273 V NuPlayerDecoder: }
01-23 17:52:27.428  1732  3273 V NuPlayerDecoder: [audio] kWhatCodecNotify: cbID = 1, paused = 0
01-23 17:52:27.428  1732  3274 V ACodec  : [OMX.Freescale.std.audio_decoder.aac.sw-based] calling emptyBuffer 1 w/ time 234666 us
01-23 17:52:27.433  1732  3274 V ACodec  : [OMX.Freescale.std.audio_decoder.aac.sw-based] onOMXFillBufferDone 5 time 21333 us, flags = 0x00000030
01-23 17:52:27.433  1732  3274 V ACodec  : [OMX.Freescale.std.audio_decoder.aac.sw-based] onOMXEmptyBufferDone 2
01-23 17:52:27.433  1732  3274 V MediaCodec: -- Looking at startdata. presentation 21333, start 195458602250
01-23 17:52:27.433  1732  3274 V MediaCodec: -- match entry for 21333, hits our frame of 21333
01-23 17:52:27.433  1732  3274 V ACodec  : [OMX.Freescale.std.audio_decoder.aac.sw-based] onOMXFillBufferDone 6 time 42666 us, flags = 0x00000030
01-23 17:52:27.433  1732  3274 V MediaCodec: -- Looking at startdata. presentation 42666, start 195461570750
01-23 17:52:27.433  1732  3274 V MediaCodec: -- match entry for 42666, hits our frame of 42666
01-23 17:52:27.433  1732  3273 V NuPlayerDecoder: [OMX.Freescale.std.audio_decoder.aac.sw-based] onMessage: AMessage(what = 'cdcN', target = 6) = {
01-23 17:52:27.433  1732  3273 V NuPlayerDecoder:   int32_t callbackID = 2
01-23 17:52:27.433  1732  3273 V NuPlayerDecoder:   int32_t index = 1
01-23 17:52:27.433  1732  3273 V NuPlayerDecoder:   size_t offset = 0
01-23 17:52:27.433  1732  3273 V NuPlayerDecoder:   size_t size = 4096
01-23 17:52:27.433  1732  3273 V NuPlayerDecoder:   int64_t timeUs = 21333
01-23 17:52:27.433  1732  3273 V NuPlayerDecoder:   int32_t flags = 1
01-23 17:52:27.433  1732  3273 V NuPlayerDecoder: }
01-23 17:52:27.433  1732  3273 V NuPlayerDecoder: [audio] kWhatCodecNotify: cbID = 2, paused = 0
01-23 17:52:27.433  1732  3273 V NuPlayerDecoder: [OMX.Freescale.std.audio_decoder.aac.sw-based] onMessage: AMessage(what = 'cdcN', target = 6) = {
01-23 17:52:27.433  1732  3273 V NuPlayerDecoder:   int32_t callbackID = 1
01-23 17:52:27.433  1732  3273 V NuPlayerDecoder:   int32_t index = 1
01-23 17:52:27.433  1732  3273 V NuPlayerDecoder: }
01-23 17:52:27.433  1732  3273 V NuPlayerDecoder: [audio] kWhatCodecNotify: cbID = 1, paused = 0
01-23 17:52:27.433  1732  3270 V NuPlayerRenderer: onDrainAudioQueue: rendering audio at media time 0.02 secs
01-23 17:52:27.433  1732  3274 V ACodec  : [OMX.Freescale.std.audio_decoder.aac.sw-based] calling emptyBuffer 2 w/ time 256000 us
01-23 17:52:27.434  1732  3273 V NuPlayerDecoder: [OMX.Freescale.std.audio_decoder.aac.sw-based] onMessage: AMessage(what = 'cdcN', target = 6) = {
01-23 17:52:27.434  1732  3273 V NuPlayerDecoder:   int32_t callbackID = 2
01-23 17:52:27.434  1732  3273 V NuPlayerDecoder:   int32_t index = 2
01-23 17:52:27.434  1732  3273 V NuPlayerDecoder:   size_t offset = 0
01-23 17:52:27.434  1732  3273 V NuPlayerDecoder:   size_t size = 4096
01-23 17:52:27.434  1732  3273 V NuPlayerDecoder:   int64_t timeUs = 42666
01-23 17:52:27.434  1732  3273 V NuPlayerDecoder:   int32_t flags = 1
01-23 17:52:27.434  1732  3273 V NuPlayerDecoder: }
01-23 17:52:27.434  1732  3273 V NuPlayerDecoder: [audio] kWhatCodecNotify: cbID = 2, paused = 0
01-23 17:52:27.435  1732  3273 V NuPlayerDecoder: [OMX.Freescale.std.audio_decoder.aac.sw-based] onMessage: AMessage(what = 'rndr', target = 6) = {
01-23 17:52:27.435  1732  3273 V NuPlayerDecoder:   size_t buffer-ix = 1
01-23 17:52:27.435  1732  3273 V NuPlayerDecoder:   int32_t generation = 1
01-23 17:52:27.435  1732  3273 V NuPlayerDecoder:   size_t size = 4096
01-23 17:52:27.435  1732  3273 V NuPlayerDecoder: }
01-23 17:52:27.435  1732  3270 V NuPlayerRenderer: onDrainAudioQueue: rendering audio at media time 0.04 secs
01-23 17:52:27.435  1732  3274 V ACodec  : [OMX.Freescale.std.audio_decoder.aac.sw-based] calling fillBuffer 5
01-23 17:52:27.435  1732  3273 V NuPlayerDecoder: [OMX.Freescale.std.audio_decoder.aac.sw-based] onMessage: AMessage(what = 'rndr', target = 6) = {
01-23 17:52:27.435  1732  3273 V NuPlayerDecoder:   size_t buffer-ix = 2
01-23 17:52:27.435  1732  3273 V NuPlayerDecoder:   int32_t generation = 1
