--------- beginning of main
10-10 17:30:12.928  1769  1798 V AudioFlinger: registerClient() client 0xf44155d8, pid 3345
10-10 17:30:12.928  1769  1798 V AudioFlinger: sendConfigEvent_l() num events 1 event 0
10-10 17:30:12.928  1769  1798 V AudioFlinger: sendConfigEvent_l() num events 1 event 0
10-10 17:30:12.928  1769  1805 V AudioFlinger: thread 0xf3803ec0 type 0 TID 1805 waking up
10-10 17:30:12.928  1769  1805 V AudioFlinger: acquireWakeLock_l() AudioOut_15 status 0
10-10 17:30:12.928  1769  1805 D AudioFlinger: updateWakeLockUids_l AudioOut_15 uids:
10-10 17:30:12.928  1769  1805 V AudioFlinger: updateWakeLockUids_l() AudioOut_15 status 0
10-10 17:30:12.928  1769  1805 V AudioFlinger: processConfigEvents_l() remaining events 1
10-10 17:30:12.928  1769  1805 V AudioFlinger: PlaybackThread::ioConfigChanged, thread 0xf3803ec0, event 0
10-10 17:30:12.929  1769  1805 V AudioFlinger: processConfigEvents_l() DONE thread 0xf3803ec0
10-10 17:30:12.929  1769  1804 V AudioFlinger: processConfigEvents_l() remaining events 1
10-10 17:30:12.929  1769  1804 V AudioFlinger: PlaybackThread::ioConfigChanged, thread 0xf3983f80, event 0
10-10 17:30:12.929  1769  1804 V AudioFlinger: processConfigEvents_l() DONE thread 0xf3983f80
10-10 17:30:12.930  1769  1798 V AudioFlinger: createRecord() output.sessionId:57 output.selectedDeviceId:0 output.flags:0
10-10 17:30:12.930  1769  1798 V AudioPolicyIntefaceImpl: getInputForAttr (0,0,8,0x0,) 0 57 3345 0 MLS_AUDIO_RECORD (48000,0xC,1) 0x0 0 0
10-10 17:30:12.930  1769  1798 V APM_AudioPolicyManager: getInputForAttr() source 8, sampling rate 48000, format 0x1, channel mask 0xc,session 57, flags 0
10-10 17:30:12.930  1769  1798 V APM_AudioPolicyManager: getInputForAttr() tags()
10-10 17:30:12.930  1769  1798 V APM_AudioPolicyManager: getInputForAttr() availableDeviceTypes(0x104) selectedDeviceFromMix(0)
10-10 17:30:12.930  1769  1798 V APM_AudioPolicyManager: getInputForAttr() device 0x80000100
10-10 17:30:12.930  1769  1798 I AudioFlinger: openInput() this 0xf443e000, module 34 Device 0x80000100, SamplingRate 48000, Format 0x000001, Channels 0xc, flags 0,addr 0
10-10 17:30:12.932  1769  1798 V AudioFlinger: openInput_l() openInputStream returned input 0xf4093550, devices 0x80000100, SamplingRate 48000, Format 0x1, Channels 0xc, flags 0, status 0 addr 0
10-10 17:30:12.933  1769  1798 V AudioFlinger: 0xf1f03c00 RecordThread params: mChannelCount=2, mFormat=0x1, mFrameSize=4, mBufferSize=4096, mFrameCount=1024
10-10 17:30:12.933  1769  1798 V AudioFlinger: 0xf1f03c00 kUseFastCapture = Static, (1024 * 1000) / 48000 vs 12, initFastCapture = 0
10-10 17:30:12.933  1769  1798 V AudioFlinger: openInput_l() created record thread: ID 46 thread 0xf1f03c00
10-10 17:30:12.934  1769  1798 V AudioPolicyService: AudioCommandThread() adding update audio port list
10-10 17:30:12.934  1769  1798 V AudioPolicyService: inserting command: 9 at index 0, num commands 0
10-10 17:30:12.934  1769  1798 V APM_AudioPolicyManager: getInputForAttr() returns input 46 type 1 selectedDeviceId 10
10-10 17:30:12.934  1769  1793 V AudioPolicyService: AudioCommandThread() processing update audio port list
10-10 17:30:12.934  1769  1798 V AudioPolicyIntefaceImpl: getInputForAttr inputType:1 
10-10 17:30:12.934  1769  1798 V AudioFlinger: createRecord() lSessionId: 57 input 46
10-10 17:30:12.934  1769  1798 V AudioFlinger: createRecord() output.selectedDeviceId: 10 portId 31
10-10 17:30:12.934  1769  1793 V AudioPolicyService: AudioCommandThread() going to sleep
10-10 17:30:12.934  1769  1798 V AudioFlinger: getOrphanEffectChain_l session 57 index -2
10-10 17:30:12.934  1769  3351 I AudioFlinger: AudioFlinger's thread 0xf1f03c00 tid=3351 ready to run
10-10 17:30:12.935  1769  1797 V APM_AudioPolicyManager: listAudioPorts() role 0 type 0 num_ports 0 ports 0xf4417188
10-10 17:30:12.935  1769  1797 V APM_AudioPolicyManager: listAudioPorts() got 0 ports needed 7
10-10 17:30:12.935  1769  3257 V APM_AudioPolicyManager: listAudioPorts() role 0 type 0 num_ports 0 ports 0xf40b7080
10-10 17:30:12.935  1769  1798 V AudioFlinger: acquiring 57 from 3345, for -1
10-10 17:30:12.935  1769  3257 V APM_AudioPolicyManager: listAudioPorts() got 0 ports needed 7
10-10 17:30:12.935  1769  1798 V AudioFlinger:  added new entry for 57
10-10 17:30:12.935  1769  1797 V APM_AudioPolicyManager: listAudioPorts() role 0 type 0 num_ports 7 ports 0xf447a800
10-10 17:30:12.935  1769  1797 V APM_AudioPolicyManager: listAudioPorts() got 7 ports needed 7
10-10 17:30:12.935  1769  3257 V APM_AudioPolicyManager: listAudioPorts() role 0 type 0 num_ports 7 ports 0xf1e37000
10-10 17:30:12.935  1769  1798 V AudioFlinger: RecordHandle::start()
10-10 17:30:12.935  1769  1798 V AudioFlinger: RecordThread::start event 0, triggerSession 0
10-10 17:30:12.935  1769  3257 V APM_AudioPolicyManager: listAudioPorts() got 7 ports needed 7
10-10 17:30:12.936  1769  1798 V APM_AudioPolicyManager: AudioPolicyManager::startInput(input:46, session:57, silenced:0, concurrency:0)
10-10 17:30:12.936  1769  1798 V APM_AudioPolicyManager: getInputForAttr() availableDeviceTypes(0x104) selectedDeviceFromMix(0)
10-10 17:30:12.936  1769  1798 V AudioPolicyService: AudioCommandThread() adding create patch delay 0
10-10 17:30:12.936  1769  1798 V AudioPolicyService: inserting command: 7 at index 0, num commands 0
10-10 17:30:12.936  1769  1792 V AudioPolicyService: AudioCommandThread() processing create audio patch
10-10 17:30:12.936  1769  1792 V AudioFlinger: sendConfigEvent_l() num events 1 event 3
10-10 17:30:12.936  1769  3351 V AudioFlinger: acquireWakeLock_l() AudioIn_2E status 0
10-10 17:30:12.937  1769  3351 D AudioFlinger: updateWakeLockUids_l AudioIn_2E uids:0 
10-10 17:30:12.937  1769  3351 V AudioFlinger: updateWakeLockUids_l() AudioIn_2E status 0
10-10 17:30:12.938  1769  3351 V AudioFlinger: processConfigEvents_l() remaining events 1
10-10 17:30:12.938  1769  3351 V AudioFlinger: sendConfigEvent_l() num events 1 event 0
10-10 17:30:12.938  1769  3351 V AudioFlinger: processConfigEvents_l() remaining events 1
10-10 17:30:12.939  1769  3351 V AudioFlinger: processConfigEvents_l() DONE thread 0xf1f03c00
10-10 17:30:12.939  1769  1792 V AudioPolicyService: AudioCommandThread() going to sleep
10-10 17:30:12.939  1769  1798 V APM_AudioPolicyManager: setInputDevice() createAudioPatch returned 0 patchHandle 76
10-10 17:30:12.940  1769  1798 V AudioPolicyService: AudioCommandThread() adding recording configuration update event 1, source 8 uid 0
10-10 17:30:12.940  1769  1798 V AudioPolicyService: inserting command: 13 at index 0, num commands 0
10-10 17:30:12.940  1769  1793 V AudioPolicyService: AudioCommandThread() processing recording configuration update
10-10 17:30:12.940  1769  1793 V AudioPolicyService: AudioCommandThread() going to sleep
10-10 17:30:12.940  1769  1798 V AudioPolicyService: AudioCommandThread() adding update audio patch list
10-10 17:30:12.940  1769  1798 V AudioPolicyService: inserting command: 10 at index 0, num commands 0
10-10 17:30:12.940  1769  1793 V AudioPolicyService: AudioCommandThread() processing update audio patch list
10-10 17:30:12.940  1769  1793 V AudioPolicyService: AudioCommandThread() going to sleep
10-10 17:30:12.940  1769  1798 V APM_AudioPolicyManager: setDeviceConnectionStateInt() device: 0x8000, state 1, address 0 name remote-submix
10-10 17:30:12.940  1769  1798 V APM_AudioPolicyManager: setDeviceConnectionState() connecting device 8000
10-10 17:30:12.940  1769  1798 V AudioPolicyService: AudioCommandThread() adding set parameter string 0=;connect=32768, io 0 ,delay 0
10-10 17:30:12.940  1769  1798 V AudioPolicyService: inserting command: 3 at index 0, num commands 0
10-10 17:30:12.940  1769  1792 V AudioPolicyService: AudioCommandThread() processing set parameters string 0=;connect=32768, io 0
10-10 17:30:12.940  1769  1792 V AudioFlinger: setParameters(): io 0, keyvalue 0=;connect=32768, calling pid 1769 calling uid 1041
10-10 17:30:12.940  1769  1792 V AudioFlinger: setParameters: filtered keyvalue 0=;connect=32768
10-10 17:30:12.941  1769  1792 V AudioPolicyService: AudioCommandThread() going to sleep
10-10 17:30:12.941  1769  1798 V APM_AudioPolicyManager: checkOutputsForDevice(): adding profile 0 from module r_submix
10-10 17:30:12.941  1769  1798 V APM_AudioPolicyManager:   found 1 profiles, 0 outputs
10-10 17:30:12.941  1769  1798 V APM_AudioPolicyManager: opening output for device 00008000 with params 0 profile 0xf4443640 name r_submix output
10-10 17:30:12.941  1769  1798 I AudioFlinger: openOutput() this 0xf443e000, module 34 Device 0x8000, SamplingRate 48000, Format 0x000001, Channels 0x3, flags 0,addr 0
10-10 17:30:12.943  1769  1798 V AudioFlinger: openOutput_l() openOutputStream returned output 0xf40b8498, devices 0x8000, SamplingRate 48000, Format 0x1, Channels 0x3, flags 0, status 0 addr 0
10-10 17:30:12.944  1769  1798 I AudioFlinger: HAL output buffer size 1024 frames, normal sink buffer size 1024 frames
10-10 17:30:12.944  1769  1798 V AudioFlinger: MixerThread() id=61 device=0x8000 type=0
10-10 17:30:12.944  1769  1798 V AudioFlinger: mSampleRate=48000, mChannelMask=0x3, mChannelCount=2, mFormat=0x1, mFrameSize=4, mFrameCount=1024, mNormalFrameCount=1024
10-10 17:30:12.945  1769  1798 V AudioFlinger: openOutput_l() created mixer output: ID 61 thread 0xf1e83280
10-10 17:30:12.945  1769  1798 V AudioFlinger: PlaybackThread::ioConfigChanged, thread 0xf1e83280, event 1
10-10 17:30:12.946  1769  1798 V AudioPolicyService: AudioCommandThread() adding set parameter string mix=0, io 61 ,delay 0
10-10 17:30:12.946  1769  1798 V AudioPolicyService: inserting command: 3 at index 0, num commands 0
10-10 17:30:12.947  1769  1792 V AudioPolicyService: AudioCommandThread() processing set parameters string mix=0, io 61
10-10 17:30:12.947  1769  1792 V AudioFlinger: setParameters(): io 61, keyvalue mix=0, calling pid 1769 calling uid 1041
10-10 17:30:12.947  1769  1792 V AudioFlinger: setParameters: filtered keyvalue mix=0
10-10 17:30:12.947  1769  1792 V AudioFlinger: ThreadBase::setParameters() mix=0
10-10 17:30:12.947  1769  1792 V AudioFlinger: sendConfigEvent_l() num events 1 event 2
10-10 17:30:12.948  1769  3352 I AudioFlinger: AudioFlinger's thread 0xf1e83280 tid=3352 ready to run
10-10 17:30:12.949  1769  3352 V AudioFlinger: acquireWakeLock_l() AudioOut_3D status 0
10-10 17:30:12.949  1769  3352 D AudioFlinger: updateWakeLockUids_l AudioOut_3D uids:
10-10 17:30:12.949  1769  3352 V AudioFlinger: updateWakeLockUids_l() AudioOut_3D status 0
10-10 17:30:12.949  1769  3352 D AudioFlinger: ro.audio.silent will be ignored for threads on AUDIO_DEVICE_OUT_REMOTE_SUBMIX
10-10 17:30:12.949  1769  3352 V AudioFlinger: processConfigEvents_l() remaining events 1
10-10 17:30:12.950  1769  3352 V AudioFlinger: processConfigEvents_l() DONE thread 0xf1e83280
10-10 17:30:12.951  1769  3352 V AudioFlinger: Audio hardware entering standby, mixer 0xf1e83280, suspend count 0
10-10 17:30:12.951  1769  3352 V AudioFlinger: releaseWakeLock_l() AudioOut_3D
10-10 17:30:12.951  1769  3352 V AudioFlinger: thread 0xf1e83280 type 0 TID 3352 going to sleep
10-10 17:30:12.951  1769  1792 V AudioPolicyService: AudioCommandThread() going to sleep
10-10 17:30:12.951  1769  1798 V AudioPolicyService: AudioCommandThread() adding set volume stream 0, volume 0.508023, output 61
10-10 17:30:12.951  1769  1798 V AudioPolicyService: inserting command: 2 at index 0, num commands 0
10-10 17:30:12.951  1769  1792 V AudioPolicyService: AudioCommandThread() processing set volume stream 0,                             volume 0.508023, output 61
10-10 17:30:12.951  1769  1792 V AudioPolicyService: AudioCommandThread() going to sleep
10-10 17:30:12.951  1769  3352 V AudioFlinger: thread 0xf1e83280 type 0 TID 3352 waking up
10-10 17:30:12.951  1769  1798 V AudioPolicyService: AudioCommandThread() adding set volume stream 1, volume 0.283754, output 61
10-10 17:30:12.951  1769  1798 V AudioPolicyService: inserting command: 2 at index 0, num commands 0
10-10 17:30:12.951  1769  1792 V AudioPolicyService: AudioCommandThread() processing set volume stream 1,                             volume 0.283754, output 61
10-10 17:30:12.951  1769  3352 V AudioFlinger: acquireWakeLock_l() AudioOut_3D status 0
10-10 17:30:12.951  1769  3352 D AudioFlinger: updateWakeLockUids_l AudioOut_3D uids:
10-10 17:30:12.951  1769  3352 V AudioFlinger: updateWakeLockUids_l() AudioOut_3D status 0
10-10 17:30:12.951  1769  3352 D AudioFlinger: ro.audio.silent will be ignored for threads on AUDIO_DEVICE_OUT_REMOTE_SUBMIX
10-10 17:30:12.952  1769  1792 V AudioPolicyService: AudioCommandThread() going to sleep
10-10 17:30:12.954  1769  1798 V AudioPolicyService: AudioCommandThread() adding set volume stream 2, volume 0.367283, output 61
10-10 17:30:12.954  1769  1798 V AudioPolicyService: inserting command: 2 at index 0, num commands 0
10-10 17:30:12.954  1769  1792 V AudioPolicyService: AudioCommandThread() processing set volume stream 2,                             volume 0.367283, output 61
10-10 17:30:12.954  1769  1792 V AudioPolicyService: AudioCommandThread() going to sleep
10-10 17:30:12.954  1769  1798 V AudioPolicyService: AudioCommandThread() adding set volume stream 3, volume 0.077849, output 61
10-10 17:30:12.955  1769  1798 V AudioPolicyService: inserting command: 2 at index 0, num commands 0
10-10 17:30:12.955  1769  1792 V AudioPolicyService: AudioCommandThread() processing set volume stream 3,                             volume 0.077849, output 61
10-10 17:30:12.955  1769  1792 V AudioPolicyService: AudioCommandThread() going to sleep
10-10 17:30:12.955  1769  1798 V AudioPolicyService: AudioCommandThread() adding set volume stream 4, volume 0.251189, output 61
10-10 17:30:12.955  1769  1798 V AudioPolicyService: inserting command: 2 at index 0, num commands 0
10-10 17:30:12.955  1769  1792 V AudioPolicyService: AudioCommandThread() processing set volume stream 4,                             volume 0.251189, output 61
10-10 17:30:12.956  1769  1792 V AudioPolicyService: AudioCommandThread() going to sleep
10-10 17:30:12.956  1769  1798 V AudioPolicyService: AudioCommandThread() adding set volume stream 5, volume 0.367283, output 61
10-10 17:30:12.956  1769  1798 V AudioPolicyService: inserting command: 2 at index 0, num commands 0
10-10 17:30:12.956  1769  1792 V AudioPolicyService: AudioCommandThread() processing set volume stream 5,                             volume 0.367283, output 61
10-10 17:30:12.956  1769  1792 V AudioPolicyService: AudioCommandThread() going to sleep
10-10 17:30:12.956  1769  1798 V APM_AudioPolicyManager: checkAndSetVolume() cannot set stream 6 volume with force use = 0 for comm
10-10 17:30:12.956  1769  1798 V AudioPolicyService: AudioCommandThread() adding set volume stream 7, volume 0.278047, output 61
10-10 17:30:12.956  1769  1798 V AudioPolicyService: inserting command: 2 at index 0, num commands 0
10-10 17:30:12.956  1769  1792 V AudioPolicyService: AudioCommandThread() processing set volume stream 7,                             volume 0.278047, output 61
10-10 17:30:12.956  1769  1792 V AudioPolicyService: AudioCommandThread() going to sleep
10-10 17:30:12.956  1769  1798 V AudioPolicyService: AudioCommandThread() adding set volume stream 8, volume 0.289578, output 61
10-10 17:30:12.956  1769  1798 V AudioPolicyService: inserting command: 2 at index 0, num commands 0
10-10 17:30:12.956  1769  1792 V AudioPolicyService: AudioCommandThread() processing set volume stream 8,                             volume 0.289578, output 61
10-10 17:30:12.956  1769  1792 V AudioPolicyService: AudioCommandThread() going to sleep
10-10 17:30:12.956  1769  1798 V AudioPolicyService: AudioCommandThread() adding set volume stream 9, volume 1.000000, output 61
10-10 17:30:12.956  1769  1798 V AudioPolicyService: inserting command: 2 at index 0, num commands 0
10-10 17:30:12.956  1769  1792 V AudioPolicyService: AudioCommandThread() processing set volume stream 9,                             volume 1.000000, output 61
10-10 17:30:12.956  1769  1792 V AudioPolicyService: AudioCommandThread() going to sleep
10-10 17:30:12.956  1769  1798 V AudioPolicyService: AudioCommandThread() adding set volume stream 10, volume 0.088869, output 61
10-10 17:30:12.957  1769  1798 V AudioPolicyService: inserting command: 2 at index 0, num commands 0
10-10 17:30:12.957  1769  1792 V AudioPolicyService: AudioCommandThread() processing set volume stream 10,                             volume 0.088869, output 61
10-10 17:30:12.957  1769  1792 V AudioPolicyService: AudioCommandThread() going to sleep
10-10 17:30:12.957  1769  1798 V AudioPolicyService: AudioCommandThread() adding set volume stream 11, volume 1.000000, output 61
10-10 17:30:12.957  1769  1798 V AudioPolicyService: inserting command: 2 at index 0, num commands 0
10-10 17:30:12.957  1769  1792 V AudioPolicyService: AudioCommandThread() processing set volume stream 11,                             volume 1.000000, output 61
10-10 17:30:12.957  1769  1792 V AudioPolicyService: AudioCommandThread() going to sleep
10-10 17:30:12.957  1769  1798 V AudioPolicyService: AudioCommandThread() adding set parameter string mono_output=0, io 61 ,delay 0
10-10 17:30:12.957  1769  1798 V AudioPolicyService: inserting command: 3 at index 0, num commands 0
10-10 17:30:12.957  1769  1792 V AudioPolicyService: AudioCommandThread() processing set parameters string mono_output=0, io 61
10-10 17:30:12.957  1769  1792 V AudioFlinger: setParameters(): io 61, keyvalue mono_output=0, calling pid 1769 calling uid 1041
10-10 17:30:12.957  1769  1792 V AudioFlinger: setParameters: filtered keyvalue mono_output=0
10-10 17:30:12.957  1769  1792 V AudioFlinger: ThreadBase::setParameters() mono_output=0
10-10 17:30:12.957  1769  1792 V AudioPolicyService: AudioCommandThread() going to sleep
10-10 17:30:12.957  1769  1798 V AudioFlinger: moveEffects() session 0, srcOutput 13, dstOutput 61
10-10 17:30:12.957  1769  1798 V AudioFlinger: moveEffectChain_l() session 0 from thread 0xf3983f80 to thread 0xf1e83280
10-10 17:30:12.957  1769  1798 W AudioFlinger: moveEffectChain_l() effect chain for session 0 not on source thread 0xf3983f80
10-10 17:30:12.957  1769  1798 V APM_AudioPolicyManager: selectOutputForMusicEffects selected output 61
10-10 17:30:12.958  1769  1798 I AudioFlinger: HAL output buffer size 1024 frames, normal sink buffer size 1024 frames
10-10 17:30:12.958  1769  1798 V AudioFlinger: MixerThread() id=69 device=0x8000 type=2
10-10 17:30:12.958  1769  1798 V AudioFlinger: mSampleRate=48000, mChannelMask=0x3, mChannelCount=2, mFormat=0x5, mFrameSize=8, mFrameCount=1024, mNormalFrameCount=1024
10-10 17:30:12.958  1769  1798 V AudioFlinger: OutputTrack constructor mCblk 0xf1f5d4c0, mBuffer 0xf1f5d5a0, frameCount 3072, mChannelMask 0x00000003
10-10 17:30:12.959  1769  1798 V AudioFlinger: addOutputTrack() track 0xf1f5a000, on thread 0xf1e83280
10-10 17:30:12.959  1769  1798 V AudioFlinger: OutputTrack constructor mCblk 0xf1f68100, mBuffer 0xf1f681e0, frameCount 3072, mChannelMask 0x00000003
10-10 17:30:12.959  1769  1798 V AudioFlinger: addOutputTrack() track 0xf1f5a300, on thread 0xf3983f80
10-10 17:30:12.959  1769  1798 V AudioFlinger: PlaybackThread::ioConfigChanged, thread 0xf1b03cc0, event 1
10-10 17:30:12.959  1769  3353 I AudioFlinger: AudioFlinger's thread 0xf1b03cc0 tid=3353 ready to run
10-10 17:30:12.960  1769  3353 V AudioFlinger: acquireWakeLock_l() AudioOut_45 status 0
10-10 17:30:12.960  1769  3353 D AudioFlinger: updateWakeLockUids_l AudioOut_45 uids:
10-10 17:30:12.960  1769  3353 V AudioFlinger: updateWakeLockUids_l() AudioOut_45 status 0
10-10 17:30:12.960  1769  3353 D AudioFlinger: ro.audio.silent will be ignored for threads on AUDIO_DEVICE_OUT_REMOTE_SUBMIX
10-10 17:30:12.960  1769  3353 V AudioFlinger: stop(0), calling pid 1769
10-10 17:30:12.960  1769  3353 V AudioFlinger: stop(1), calling pid 1769
10-10 17:30:12.960  1769  3353 V AudioFlinger: releaseWakeLock_l() AudioOut_45
10-10 17:30:12.960  1769  3353 V AudioFlinger: thread 0xf1b03cc0 type 2 TID 3353 going to sleep
10-10 17:30:12.962  1769  1798 W APM_AudioPolicyManager: getDeviceForVolume() invalid device combination: 00000000
10-10 17:30:12.962  1769  1798 V AudioPolicyService: AudioCommandThread() adding set volume stream 0, volume 0.508023, output 69
10-10 17:30:12.962  1769  1798 V AudioPolicyService: inserting command: 2 at index 0, num commands 0
10-10 17:30:12.962  1769  1792 V AudioPolicyService: AudioCommandThread() processing set volume stream 0,                             volume 0.508023, output 69
10-10 17:30:12.962  1769  1792 V AudioPolicyService: AudioCommandThread() going to sleep
10-10 17:30:12.962  1769  1798 W APM_AudioPolicyManager: getDeviceForVolume() invalid device combination: 00000000
10-10 17:30:12.962  1769  3353 V AudioFlinger: thread 0xf1b03cc0 type 2 TID 3353 waking up
10-10 17:30:12.962  1769  1798 V AudioPolicyService: AudioCommandThread() adding set volume stream 1, volume 0.283754, output 69
10-10 17:30:12.962  1769  1798 V AudioPolicyService: inserting command: 2 at index 0, num commands 0
10-10 17:30:12.962  1769  1792 V AudioPolicyService: AudioCommandThread() processing set volume stream 1,                             volume 0.283754, output 69
10-10 17:30:12.962  1769  3353 V AudioFlinger: acquireWakeLock_l() AudioOut_45 status 0
10-10 17:30:12.962  1769  3353 D AudioFlinger: updateWakeLockUids_l AudioOut_45 uids:
10-10 17:30:12.962  1769  3353 V AudioFlinger: updateWakeLockUids_l() AudioOut_45 status 0
10-10 17:30:12.962  1769  3353 D AudioFlinger: ro.audio.silent will be ignored for threads on AUDIO_DEVICE_OUT_REMOTE_SUBMIX
10-10 17:30:12.962  1769  1792 V AudioPolicyService: AudioCommandThread() going to sleep
10-10 17:30:12.963  1769  1798 W APM_AudioPolicyManager: getDeviceForVolume() invalid device combination: 00000000
10-10 17:30:12.964  1769  1798 V AudioPolicyService: AudioCommandThread() adding set volume stream 2, volume 0.367283, output 69
10-10 17:30:12.964  1769  1798 V AudioPolicyService: inserting command: 2 at index 0, num commands 0
10-10 17:30:12.964  1769  1792 V AudioPolicyService: AudioCommandThread() processing set volume stream 2,                             volume 0.367283, output 69
10-10 17:30:12.964  1769  1792 V AudioPolicyService: AudioCommandThread() going to sleep
10-10 17:30:12.964  1769  1798 W APM_AudioPolicyManager: getDeviceForVolume() invalid device combination: 00000000
10-10 17:30:12.964  1769  1798 V AudioPolicyService: AudioCommandThread() adding set volume stream 3, volume 0.077849, output 69
10-10 17:30:12.964  1769  1798 V AudioPolicyService: inserting command: 2 at index 0, num commands 0
10-10 17:30:12.964  1769  1792 V AudioPolicyService: AudioCommandThread() processing set volume stream 3,                             volume 0.077849, output 69
10-10 17:30:12.964  1769  1792 V AudioPolicyService: AudioCommandThread() going to sleep
10-10 17:30:12.964  1769  1798 W APM_AudioPolicyManager: getDeviceForVolume() invalid device combination: 00000000
10-10 17:30:12.964  1769  1798 V AudioPolicyService: AudioCommandThread() adding set volume stream 4, volume 0.251189, output 69
10-10 17:30:12.964  1769  1798 V AudioPolicyService: inserting command: 2 at index 0, num commands 0
10-10 17:30:12.964  1769  1792 V AudioPolicyService: AudioCommandThread() processing set volume stream 4,                             volume 0.251189, output 69
10-10 17:30:12.964  1769  1792 V AudioPolicyService: AudioCommandThread() going to sleep
10-10 17:30:12.964  1769  1798 W APM_AudioPolicyManager: getDeviceForVolume() invalid device combination: 00000000
10-10 17:30:12.964  1769  1798 V AudioPolicyService: AudioCommandThread() adding set volume stream 5, volume 0.367283, output 69
10-10 17:30:12.964  1769  1798 V AudioPolicyService: inserting command: 2 at index 0, num commands 0
10-10 17:30:12.964  1769  1792 V AudioPolicyService: AudioCommandThread() processing set volume stream 5,                             volume 0.367283, output 69
10-10 17:30:12.964  1769  1792 V AudioPolicyService: AudioCommandThread() going to sleep
10-10 17:30:12.964  1769  1798 V APM_AudioPolicyManager: checkAndSetVolume() cannot set stream 6 volume with force use = 0 for comm
10-10 17:30:12.964  1769  1798 W APM_AudioPolicyManager: getDeviceForVolume() invalid device combination: 00000000
10-10 17:30:12.964  1769  1798 V AudioPolicyService: AudioCommandThread() adding set volume stream 7, volume 0.278047, output 69
10-10 17:30:12.964  1769  1798 V AudioPolicyService: inserting command: 2 at index 0, num commands 0
10-10 17:30:12.965  1769  1792 V AudioPolicyService: AudioCommandThread() processing set volume stream 7,                             volume 0.278047, output 69
10-10 17:30:12.965  1769  1792 V AudioPolicyService: AudioCommandThread() going to sleep
10-10 17:30:12.965  1769  1798 W APM_AudioPolicyManager: getDeviceForVolume() invalid device combination: 00000000
10-10 17:30:12.965  1769  1798 V AudioPolicyService: AudioCommandThread() adding set volume stream 8, volume 0.289578, output 69
10-10 17:30:12.965  1769  1798 V AudioPolicyService: inserting command: 2 at index 0, num commands 0
10-10 17:30:12.965  1769  1792 V AudioPolicyService: AudioCommandThread() processing set volume stream 8,                             volume 0.289578, output 69
10-10 17:30:12.965  1769  1792 V AudioPolicyService: AudioCommandThread() going to sleep
10-10 17:30:12.965  1769  1798 W APM_AudioPolicyManager: getDeviceForVolume() invalid device combination: 00000000
10-10 17:30:12.965  1769  1798 V AudioPolicyService: AudioCommandThread() adding set volume stream 9, volume 1.000000, output 69
10-10 17:30:12.965  1769  1798 V AudioPolicyService: inserting command: 2 at index 0, num commands 0
10-10 17:30:12.965  1769  1792 V AudioPolicyService: AudioCommandThread() processing set volume stream 9,                             volume 1.000000, output 69
10-10 17:30:12.965  1769  1792 V AudioPolicyService: AudioCommandThread() going to sleep
10-10 17:30:12.965  1769  1798 W APM_AudioPolicyManager: getDeviceForVolume() invalid device combination: 00000000
10-10 17:30:12.965  1769  1798 V AudioPolicyService: AudioCommandThread() adding set volume stream 10, volume 0.088869, output 69
10-10 17:30:12.965  1769  1798 V AudioPolicyService: inserting command: 2 at index 0, num commands 0
10-10 17:30:12.965  1769  1792 V AudioPolicyService: AudioCommandThread() processing set volume stream 10,                             volume 0.088869, output 69
10-10 17:30:12.965  1769  1792 V AudioPolicyService: AudioCommandThread() going to sleep
10-10 17:30:12.965  1769  1798 W APM_AudioPolicyManager: getDeviceForVolume() invalid device combination: 00000000
10-10 17:30:12.965  1769  1798 V AudioPolicyService: AudioCommandThread() adding set volume stream 11, volume 1.000000, output 69
10-10 17:30:12.965  1769  1798 V AudioPolicyService: inserting command: 2 at index 0, num commands 0
10-10 17:30:12.965  1769  1792 V AudioPolicyService: AudioCommandThread() processing set volume stream 11,                             volume 1.000000, output 69
10-10 17:30:12.965  1769  1792 V AudioPolicyService: AudioCommandThread() going to sleep
10-10 17:30:12.965  1769  1798 V AudioPolicyService: AudioCommandThread() adding set parameter string mono_output=0, io 69 ,delay 0
10-10 17:30:12.965  1769  1798 V AudioPolicyService: inserting command: 3 at index 0, num commands 0
10-10 17:30:12.965  1769  1792 V AudioPolicyService: AudioCommandThread() processing set parameters string mono_output=0, io 69
10-10 17:30:12.965  1769  1792 V AudioFlinger: setParameters(): io 69, keyvalue mono_output=0, calling pid 1769 calling uid 1041
10-10 17:30:12.965  1769  1792 V AudioFlinger: setParameters: filtered keyvalue mono_output=0
10-10 17:30:12.965  1769  1792 V AudioFlinger: ThreadBase::setParameters() mono_output=0
10-10 17:30:12.966  1769  1792 V AudioPolicyService: AudioCommandThread() going to sleep
10-10 17:30:12.966  1769  1798 V APM_AudioPolicyManager: selectOutputForMusicEffects selected output 61
10-10 17:30:12.966  1769  1798 V APM_AudioPolicyManager: checkOutputsForDevice(): setOutputDevice(dev=0x8000, addr=0)
10-10 17:30:12.966  1769  1798 V APM_AudioPolicyManager: setOutputDevice() device 8000 delayMs 0
10-10 17:30:12.966  1769  1798 V APM_AudioPolicyManager: setOutputDevice() prevDevice 0x8000
10-10 17:30:12.966  1769  1798 V APM_AudioPolicyManager: setOutputDevice() changing device
10-10 17:30:12.966  1769  1798 V AudioPolicyService: AudioCommandThread() adding create patch delay 0
10-10 17:30:12.966  1769  1798 V AudioPolicyService: inserting command: 7 at index 0, num commands 0
10-10 17:30:12.966  1769  1792 V AudioPolicyService: AudioCommandThread() processing create audio patch
10-10 17:30:12.966  1769  1792 V AudioFlinger: sendConfigEvent_l() num events 1 event 3
10-10 17:30:12.966  1769  3352 V AudioFlinger: processConfigEvents_l() remaining events 1
10-10 17:30:12.967  1769  3352 V AudioFlinger: sendConfigEvent_l() num events 1 event 0
10-10 17:30:12.967  1769  3352 V AudioFlinger: processConfigEvents_l() remaining events 1
10-10 17:30:12.967  1769  3352 V AudioFlinger: PlaybackThread::ioConfigChanged, thread 0xf1e83280, event 3
10-10 17:30:12.967  1769  3352 V AudioFlinger: processConfigEvents_l() DONE thread 0xf1e83280
10-10 17:30:12.968  1769  1792 V AudioPolicyService: AudioCommandThread() going to sleep
10-10 17:30:12.970  1769  1798 V APM_AudioPolicyManager: setOutputDevice() createAudioPatch returned 0 patchHandle 84num_sources 1 num_sinks 1
10-10 17:30:12.970  1769  1798 V AudioPolicyService: AudioCommandThread() adding update audio patch list
10-10 17:30:12.970  1769  1798 V AudioPolicyService: inserting command: 10 at index 0, num commands 0
10-10 17:30:12.970  1769  1793 V AudioPolicyService: AudioCommandThread() processing update audio patch list
10-10 17:30:12.970  1769  1798 V APM_AudioPolicyManager: checkAndSetVolume() cannot set stream 6 volume with force use = 0 for comm
10-10 17:30:12.970  1769  1798 V APM_AudioPolicyManager: checkOutputsForDevice(): adding output 61
10-10 17:30:12.970  1769  1793 V AudioPolicyService: AudioCommandThread() going to sleep
10-10 17:30:12.971  1769  1798 V APM_AudioPolicyManager: setDeviceConnectionState() checkOutputsForDevice() returned 1 outputs
10-10 17:30:12.971  1769  1798 V APM_AudioPolicyManager: checkOutputForStrategy() strategy 1, moving from output 13 to output 13
10-10 17:30:12.971  1769  1798 V AudioFlinger: invalidateStream() stream 0
10-10 17:30:12.971  1769  1798 V AudioFlinger: MixerThread::invalidateTracks() mixer 0xf3983f80, streamType 0, mTracks.size 2
10-10 17:30:12.971  1769  1798 V AudioFlinger: MixerThread::invalidateTracks() mixer 0xf3803ec0, streamType 0, mTracks.size 0
10-10 17:30:12.971  1769  1798 V AudioFlinger: MixerThread::invalidateTracks() mixer 0xf1e83280, streamType 0, mTracks.size 1
10-10 17:30:12.971  1769  1798 V AudioFlinger: MixerThread::invalidateTracks() mixer 0xf1b03cc0, streamType 0, mTracks.size 0
10-10 17:30:12.971  1769  1798 V AudioFlinger: invalidateStream() stream 6
10-10 17:30:12.971  1769  1798 V AudioFlinger: MixerThread::invalidateTracks() mixer 0xf3983f80, streamType 6, mTracks.size 2
10-10 17:30:12.971  1769  1798 V AudioFlinger: MixerThread::invalidateTracks() mixer 0xf3803ec0, streamType 6, mTracks.size 0
10-10 17:30:12.971  1769  1798 V AudioFlinger: MixerThread::invalidateTracks() mixer 0xf1e83280, streamType 6, mTracks.size 1
10-10 17:30:12.971  1769  1798 V AudioFlinger: MixerThread::invalidateTracks() mixer 0xf1b03cc0, streamType 6, mTracks.size 0
10-10 17:30:12.971  1769  1798 V APM_AudioPolicyManager: checkOutputForStrategy() strategy 5, moving from output 13 to output 13
10-10 17:30:12.971  1769  1798 V AudioFlinger: invalidateStream() stream 7
10-10 17:30:12.971  1769  1798 V AudioFlinger: MixerThread::invalidateTracks() mixer 0xf3983f80, streamType 7, mTracks.size 2
10-10 17:30:12.971  1769  1798 V AudioFlinger: MixerThread::invalidateTracks() mixer 0xf3803ec0, streamType 7, mTracks.size 0
10-10 17:30:12.971  1769  1798 V AudioFlinger: MixerThread::invalidateTracks() mixer 0xf1e83280, streamType 7, mTracks.size 1
10-10 17:30:12.971  1769  1798 V AudioFlinger: MixerThread::invalidateTracks() mixer 0xf1b03cc0, streamType 7, mTracks.size 0
10-10 17:30:12.971  1769  1798 V APM_AudioPolicyManager: checkOutputForStrategy() strategy 2, moving from output 13 to output 13
10-10 17:30:12.971  1769  1798 V AudioFlinger: invalidateStream() stream 2
10-10 17:30:12.971  1769  1798 V AudioFlinger: MixerThread::invalidateTracks() mixer 0xf3983f80, streamType 2, mTracks.size 2
10-10 17:30:12.971  1769  1798 V AudioFlinger: MixerThread::invalidateTracks() mixer 0xf3803ec0, streamType 2, mTracks.size 0
10-10 17:30:12.971  1769  1798 V AudioFlinger: MixerThread::invalidateTracks() mixer 0xf1e83280, streamType 2, mTracks.size 1
10-10 17:30:12.971  1769  1798 V AudioFlinger: MixerThread::invalidateTracks() mixer 0xf1b03cc0, streamType 2, mTracks.size 0
10-10 17:30:12.971  1769  1798 V AudioFlinger: invalidateStream() stream 4
10-10 17:30:12.971  1769  1798 V AudioFlinger: MixerThread::invalidateTracks() mixer 0xf3983f80, streamType 4, mTracks.size 2
10-10 17:30:12.971  1769  1798 V AudioFlinger: MixerThread::invalidateTracks() mixer 0xf3803ec0, streamType 4, mTracks.size 0
10-10 17:30:12.971  1769  1798 V AudioFlinger: MixerThread::invalidateTracks() mixer 0xf1e83280, streamType 4, mTracks.size 1
10-10 17:30:12.971  1769  1798 V AudioFlinger: MixerThread::invalidateTracks() mixer 0xf1b03cc0, streamType 4, mTracks.size 0
10-10 17:30:12.971  1769  1798 V APM_AudioPolicyManager: checkOutputForStrategy() strategy 3, moving from output 13 to output 13
10-10 17:30:12.971  1769  1798 V AudioFlinger: invalidateStream() stream 5
10-10 17:30:12.971  1769  1798 V AudioFlinger: MixerThread::invalidateTracks() mixer 0xf3983f80, streamType 5, mTracks.size 2
10-10 17:30:12.971  1769  1798 V AudioFlinger: MixerThread::invalidateTracks() mixer 0xf3803ec0, streamType 5, mTracks.size 0
10-10 17:30:12.971  1769  1798 V AudioFlinger: MixerThread::invalidateTracks() mixer 0xf1e83280, streamType 5, mTracks.size 1
10-10 17:30:12.971  1769  1798 V AudioFlinger: MixerThread::invalidateTracks() mixer 0xf1b03cc0, streamType 5, mTracks.size 0
10-10 17:30:12.972  1769  1798 V APM_AudioPolicyManager: checkOutputForStrategy() strategy 7, moving from output 13 to output 13
10-10 17:30:12.972  1769  1798 V AudioFlinger: invalidateStream() stream 10
10-10 17:30:12.972  1769  1798 V AudioFlinger: MixerThread::invalidateTracks() mixer 0xf3983f80, streamType 10, mTracks.size 2
10-10 17:30:12.972  1769  1798 V AudioFlinger: MixerThread::invalidateTracks() mixer 0xf3803ec0, streamType 10, mTracks.size 0
10-10 17:30:12.972  1769  1798 V AudioFlinger: MixerThread::invalidateTracks() mixer 0xf1e83280, streamType 10, mTracks.size 1
10-10 17:30:12.972  1769  1798 V AudioFlinger: MixerThread::invalidateTracks() mixer 0xf1b03cc0, streamType 10, mTracks.size 0
10-10 17:30:12.972  1769  1798 V APM_AudioPolicyManager: checkOutputForStrategy() strategy 0, moving from output 13 to output 13
10-10 17:30:12.972  1769  1798 V AudioPolicyService: AudioCommandThread() adding set volume stream 1, volume 0.000000, output 13
10-10 17:30:12.972  1769  1798 V AudioPolicyService: inserting command: 2 at index 0, num commands 0
10-10 17:30:12.972  1769  1792 V AudioPolicyService: AudioCommandThread() processing set volume stream 1,                             volume 0.000000, output 13
10-10 17:30:12.972  1769  1792 V AudioPolicyService: AudioCommandThread() going to sleep
10-10 17:30:12.972  1769  1798 V AudioPolicyService: AudioCommandThread() adding set volume stream 3, volume 0.000000, output 13
10-10 17:30:12.972  1769  1798 V AudioPolicyService: inserting command: 2 at index 0, num commands 0
10-10 17:30:12.972  1769  1792 V AudioPolicyService: AudioCommandThread() processing set volume stream 3,                             volume 0.000000, output 13
10-10 17:30:12.972  1769  1792 V AudioPolicyService: AudioCommandThread() going to sleep
10-10 17:30:12.972  1769  1798 V AudioPolicyService: AudioCommandThread() adding set volume stream 1, volume 1.000000, output 13
10-10 17:30:12.972  1769  1798 V AudioPolicyService: inserting command: 2 at index 0, num commands 0
10-10 17:30:12.972  1769  1792 V AudioPolicyService: AudioCommandThread() going to sleep
10-10 17:30:12.972  1769  1798 V AudioPolicyService: AudioCommandThread() adding set volume stream 3, volume 1.000000, output 13
10-10 17:30:12.972  1769  1798 V AudioPolicyService: inserting command: 2 at index 1, num commands 1
10-10 17:30:12.973  1769  1792 V AudioPolicyService: AudioCommandThread() going to sleep
10-10 17:30:12.973  1769  1798 V APM_AudioPolicyManager: selectOutputForMusicEffects selected output 61
10-10 17:30:12.973  1769  1798 V AudioFlinger: invalidateStream() stream 1
10-10 17:30:12.973  1769  1798 V AudioFlinger: MixerThread::invalidateTracks() mixer 0xf3983f80, streamType 1, mTracks.size 2
10-10 17:30:12.973  1769  1798 V AudioFlinger: MixerThread::invalidateTracks() mixer 0xf3803ec0, streamType 1, mTracks.size 0
10-10 17:30:12.973  1769  1798 V AudioFlinger: MixerThread::invalidateTracks() mixer 0xf1e83280, streamType 1, mTracks.size 1
10-10 17:30:12.973  1769  1798 V AudioFlinger: MixerThread::invalidateTracks() mixer 0xf1b03cc0, streamType 1, mTracks.size 0
10-10 17:30:12.973  1769  1798 V AudioFlinger: invalidateStream() stream 3
10-10 17:30:12.973  1769  1798 V AudioFlinger: MixerThread::invalidateTracks() mixer 0xf3983f80, streamType 3, mTracks.size 2
10-10 17:30:12.973  1769  1798 V AudioFlinger: MixerThread::invalidateTracks() mixer 0xf3803ec0, streamType 3, mTracks.size 0
10-10 17:30:12.973  1769  1798 V AudioFlinger: MixerThread::invalidateTracks() mixer 0xf1e83280, streamType 3, mTracks.size 1
10-10 17:30:12.973  1769  1798 V AudioFlinger: MixerThread::invalidateTracks() mixer 0xf1b03cc0, streamType 3, mTracks.size 0
10-10 17:30:12.973  1769  1798 V APM_AudioPolicyManager: checkOutputForStrategy() strategy 4, moving from output 13 to output 13
10-10 17:30:12.973  1769  1798 V AudioFlinger: invalidateStream() stream 8
10-10 17:30:12.973  1769  1798 V AudioFlinger: MixerThread::invalidateTracks() mixer 0xf3983f80, streamType 8, mTracks.size 2
10-10 17:30:12.973  1769  1798 V AudioFlinger: MixerThread::invalidateTracks() mixer 0xf3803ec0, streamType 8, mTracks.size 0
10-10 17:30:12.973  1769  1798 V AudioFlinger: MixerThread::invalidateTracks() mixer 0xf1e83280, streamType 8, mTracks.size 1
10-10 17:30:12.973  1769  1798 V AudioFlinger: MixerThread::invalidateTracks() mixer 0xf1b03cc0, streamType 8, mTracks.size 0
10-10 17:30:12.973  1769  1798 V APM_AudioPolicyManager: checkOutputForStrategy() strategy 8, moving from output 13 to output 13
10-10 17:30:12.973  1769  1798 V AudioFlinger: invalidateStream() stream 11
10-10 17:30:12.973  1769  1798 V AudioFlinger: MixerThread::invalidateTracks() mixer 0xf3983f80, streamType 11, mTracks.size 2
10-10 17:30:12.973  1769  1798 V AudioFlinger: MixerThread::invalidateTracks() mixer 0xf3803ec0, streamType 11, mTracks.size 0
10-10 17:30:12.973  1769  1798 V AudioFlinger: MixerThread::invalidateTracks() mixer 0xf1e83280, streamType 11, mTracks.size 1
10-10 17:30:12.973  1769  1798 V AudioFlinger: MixerThread::invalidateTracks() mixer 0xf1b03cc0, streamType 11, mTracks.size 0
10-10 17:30:12.973  1769  1798 V APM_AudioPolicyManager: getNewOutputDevice() selected device 8000
10-10 17:30:12.973  1769  1798 V APM_AudioPolicyManager: setOutputDevice() device 8000 delayMs 0
10-10 17:30:12.973  1769  1798 V APM_AudioPolicyManager: getNewOutputDevice() selected device 0
10-10 17:30:12.974  1769  1798 V APM_AudioPolicyManager: setOutputDevice() device 0000 delayMs 0
10-10 17:30:12.974  1769  1798 V APM_AudioPolicyManager: setOutputDevice() prevDevice 0x1000000
10-10 17:30:12.974  1769  1798 V APM_AudioPolicyManager: setOutputDevice() changing device
10-10 17:30:12.974  1769  1798 V APM_AudioPolicyManager: checkAndSetVolume() cannot set stream 6 volume with force use = 0 for comm
10-10 17:30:12.974  1769  1798 V APM_AudioPolicyManager: getNewOutputDevice() selected device 0
10-10 17:30:12.974  1769  1798 V APM_AudioPolicyManager: setOutputDevice() device 0000 delayMs 0
10-10 17:30:12.974  1769  1798 V APM_AudioPolicyManager: setOutputDevice() prevDevice 0x8000
10-10 17:30:12.974  1769  1769 V AudioFlinger: sendConfigEvent_l() num events 1 event 0
10-10 17:30:12.974  1769  1798 V APM_AudioPolicyManager: setOutputDevice() setting same device 0x0000 or null device
10-10 17:30:12.974  1769  1769 V AudioFlinger: sendConfigEvent_l() num events 1 event 0
10-10 17:30:12.974  1769  1769 V AudioFlinger: sendConfigEvent_l() num events 1 event 0
10-10 17:30:12.974  1769  1805 V AudioFlinger: processConfigEvents_l() remaining events 1
10-10 17:30:12.974  1769  1769 V AudioFlinger: sendConfigEvent_l() num events 1 event 0
10-10 17:30:12.974  1769  1805 V AudioFlinger: PlaybackThread::ioConfigChanged, thread 0xf3803ec0, event 0
10-10 17:30:12.974  1769  1769 V AudioFlinger: sendConfigEvent_l() num events 1 event 0
10-10 17:30:12.974  1769  3353 V AudioFlinger: processConfigEvents_l() remaining events 1
10-10 17:30:12.974  1769  3352 V AudioFlinger: processConfigEvents_l() remaining events 1
10-10 17:30:12.974  1769  3352 V AudioFlinger: PlaybackThread::ioConfigChanged, thread 0xf1e83280, event 0
10-10 17:30:12.974  1769  3353 V AudioFlinger: PlaybackThread::ioConfigChanged, thread 0xf1b03cc0, event 0
10-10 17:30:12.974  1769  3351 V AudioFlinger: processConfigEvents_l() remaining events 1
10-10 17:30:12.974  1769  3351 V AudioFlinger: processConfigEvents_l() DONE thread 0xf1f03c00
10-10 17:30:12.974  1769  1805 V AudioFlinger: processConfigEvents_l() DONE thread 0xf3803ec0
10-10 17:30:12.974  1769  3352 V AudioFlinger: processConfigEvents_l() DONE thread 0xf1e83280
10-10 17:30:12.975  1769  1798 V APM_AudioPolicyManager: getNewOutputDevice() selected device 0
10-10 17:30:12.975  1769  1798 V APM_AudioPolicyManager: setOutputDevice() device 0000 delayMs 0
10-10 17:30:12.975  1769  1798 V APM_AudioPolicyManager: setOutputDevice() device 0000 delayMs 0
10-10 17:30:12.975  1769  1798 V APM_AudioPolicyManager: setOutputDevice() prevDevice 0x1000000
10-10 17:30:12.975  1769  3353 V AudioFlinger: processConfigEvents_l() DONE thread 0xf1b03cc0
10-10 17:30:12.975  1769  1798 V APM_AudioPolicyManager: setOutputDevice() setting same device 0x0000 or null device
10-10 17:30:12.975  1769  1798 V APM_AudioPolicyManager: setOutputDevice() device 0000 delayMs 0
10-10 17:30:12.975  1769  1798 V APM_AudioPolicyManager: setOutputDevice() prevDevice 0x8000
10-10 17:30:12.975  1769  1769 V AudioPolicyIntefaceImpl: getOutputForAttr()
10-10 17:30:12.975  1769  1798 V APM_AudioPolicyManager: setOutputDevice() setting same device 0x0000 or null device
10-10 17:30:12.975  1769  1798 V AudioPolicyService: AudioCommandThread() adding update audio port list
10-10 17:30:12.975  1769  1798 V AudioPolicyService: inserting command: 9 at index 0, num commands 0
10-10 17:30:12.975  1769  1798 V APM_AudioPolicyManager: AudioPolicyManager::startInput() input source = 8
10-10 17:30:12.975  1769  1793 V AudioPolicyService: AudioCommandThread() processing update audio port list
10-10 17:30:12.975  1769  1793 V AudioPolicyService: AudioCommandThread() going to sleep
10-10 17:30:12.975  1769  1769 V APM_AudioPolicyMix: getOutputForAttr() querying 2 mixes:
10-10 17:30:12.975  1769  1769 V APM_AudioPolicyMix:  getOutputForAttr: mix 0: inspecting mix criteria 0 of 9
10-10 17:30:12.975  1769  1769 V APM_AudioPolicyMix: 	mix has RULE_MATCH_ATTRIBUTE_USAGE for usage 0
10-10 17:30:12.975  1769  1769 V APM_AudioPolicyMix:  getOutputForAttr: mix 0: inspecting mix criteria 1 of 9
10-10 17:30:12.975  1769  1769 V APM_AudioPolicyMix: 	mix has RULE_MATCH_ATTRIBUTE_USAGE for usage 1
10-10 17:30:12.975  1769  1769 V APM_AudioPolicyMix:  getOutputForAttr: mix 0: inspecting mix criteria 2 of 9
10-10 17:30:12.975  1769  1769 V APM_AudioPolicyMix: 	mix has RULE_MATCH_ATTRIBUTE_USAGE for usage 14
10-10 17:30:12.975  1769  1769 V APM_AudioPolicyMix:  getOutputForAttr: mix 0: inspecting mix criteria 3 of 9
10-10 17:30:12.975  1769  1769 V APM_AudioPolicyMix: 	mix has RULE_MATCH_ATTRIBUTE_USAGE for usage 12
10-10 17:30:12.976  1769  1769 V APM_AudioPolicyMix:  getOutputForAttr: mix 0: inspecting mix criteria 4 of 9
10-10 17:30:12.976  1769  1769 V APM_AudioPolicyMix: 	mix has RULE_MATCH_ATTRIBUTE_USAGE for usage 11
10-10 17:30:12.976  1769  1769 V APM_AudioPolicyMix:  getOutputForAttr: mix 0: inspecting mix criteria 5 of 9
10-10 17:30:12.976  1769  1769 V APM_AudioPolicyMix: 	mix has RULE_MATCH_ATTRIBUTE_USAGE for usage 16
10-10 17:30:12.976  1769  1769 V APM_AudioPolicyMix:  getOutputForAttr: mix 0: inspecting mix criteria 6 of 9
10-10 17:30:12.976  1769  1769 V APM_AudioPolicyMix: 	mix has RULE_MATCH_ATTRIBUTE_USAGE for usage 6
10-10 17:30:12.976  1769  1769 V APM_AudioPolicyMix:  getOutputForAttr: mix 0: inspecting mix criteria 7 of 9
10-10 17:30:12.976  1769  1769 V APM_AudioPolicyMix: 	mix has RULE_MATCH_ATTRIBUTE_USAGE for usage 2
10-10 17:30:12.976  1769  1769 V APM_AudioPolicyMix:  getOutputForAttr: mix 0: inspecting mix criteria 8 of 9
10-10 17:30:12.976  1769  1769 V APM_AudioPolicyMix: 	mix has RULE_MATCH_ATTRIBUTE_USAGE for usage 3
10-10 17:30:12.976  1769  1769 V APM_AudioPolicyMix: 	getOutputForAttr will use mix 0
10-10 17:30:12.976  1769  1769 V APM_AudioPolicyManager: getOutputForAttr() returns output 13
10-10 17:30:12.976  1769  1769 V AudioFlinger: createTrack() sessionId: 33
10-10 17:30:12.976  1769  1769 D AudioFlinger: Client defaulted notificationFrames to 1258 for frameCount 3776
10-10 17:30:12.977  1769  1769 V APM_AudioPolicyManager: listAudioPorts() role 0 type 0 num_ports 0 ports 0xf44171e8
10-10 17:30:12.977  1769  1769 V APM_AudioPolicyManager: listAudioPorts() got 0 ports needed 9
10-10 17:30:12.977  1769  1769 V AudioFlinger: start(2), calling pid 3107 session 33
10-10 17:30:12.978  1769  1769 V AudioFlinger: ? => ACTIVE (2) on thread 0xf4472780
10-10 17:30:12.978  1769  1797 V APM_AudioPolicyManager: listAudioPorts() role 0 type 0 num_ports 0 ports 0xf4417188
10-10 17:30:12.978  1769  1769 V AudioPolicyIntefaceImpl: startOutput()
10-10 17:30:12.978  1769  1797 V APM_AudioPolicyManager: listAudioPorts() got 0 ports needed 9
10-10 17:30:12.978  1769  1769 V APM_AudioPolicyManager: startOutput() output 13, stream 3, session 33
10-10 17:30:12.978  1769  1769 V APM_AudioPolicyManager: setBeaconMute(1) mBeaconMuteRefCount=2 mBeaconPlayingRefCount=0
10-10 17:30:12.978  1769  1769 V APM_AudioPolicyManager: selectOutputForMusicEffects selected output 61
10-10 17:30:12.978  1769  1769 V APM_AudioPolicyManager: setOutputDevice() device 1000000 delayMs 0
10-10 17:30:12.978  1769  1769 V APM_AudioPolicyManager: setOutputDevice() prevDevice 0x1000000
10-10 17:30:12.978  1769  1769 V APM_AudioPolicyManager: setOutputDevice() setting same device 0x1000000 or null device
10-10 17:30:12.978  1769  1769 V AudioPolicyService: AudioCommandThread() adding set volume stream 3, volume 0.077849, output 13
10-10 17:30:12.978  1769  1769 V AudioPolicyService: Filtering out volume command on output 13 for stream 3
10-10 17:30:12.978  1769  1769 V AudioPolicyService: suppressing command: 2
10-10 17:30:12.978  1769  1769 V AudioPolicyService: inserting command: 2 at index 1, num commands 1
10-10 17:30:12.978  1769  1792 V AudioPolicyService: AudioCommandThread() going to sleep
10-10 17:30:12.978  1769  3257 V APM_AudioPolicyManager: listAudioPorts() role 0 type 0 num_ports 9 ports 0xf31fa000
10-10 17:30:12.978  1769  1769 V AudioFlinger: signal playback thread
10-10 17:30:12.978  1769  3257 V APM_AudioPolicyManager: listAudioPorts() got 9 ports needed 9
10-10 17:30:12.979  1769  1797 V APM_AudioPolicyManager: listAudioPorts() role 0 type 0 num_ports 9 ports 0xf3668000
10-10 17:30:12.979  1769  1797 V APM_AudioPolicyManager: listAudioPorts() got 9 ports needed 9
10-10 17:30:12.981  1769  3257 V APM_AudioPolicyManager: listAudioPorts() role 0 type 0 num_ports 0 ports 0xf40b7080
10-10 17:30:12.981  1769  3257 V APM_AudioPolicyManager: listAudioPorts() got 0 ports needed 9
10-10 17:30:12.981  1769  3257 V APM_AudioPolicyManager: listAudioPorts() role 0 type 0 num_ports 0 ports 0xf40b7080
10-10 17:30:12.981  1769  3257 V APM_AudioPolicyManager: listAudioPorts() got 0 ports needed 9
10-10 17:30:12.982  1769  3257 V APM_AudioPolicyManager: listAudioPorts() role 0 type 0 num_ports 9 ports 0xf31fa000
10-10 17:30:12.982  1769  3257 V APM_AudioPolicyManager: listAudioPorts() got 9 ports needed 9
10-10 17:30:12.982  1769  3257 V APM_AudioPolicyManager: listAudioPorts() role 0 type 0 num_ports 9 ports 0xf31fa000
10-10 17:30:12.983  1769  3257 V APM_AudioPolicyManager: listAudioPorts() got 9 ports needed 9
10-10 17:30:12.993  1769  1804 V AudioFlinger: processConfigEvents_l() remaining events 1
10-10 17:30:12.993  1769  1804 V AudioFlinger: PlaybackThread::ioConfigChanged, thread 0xf3983f80, event 0
10-10 17:30:12.993  1769  1804 V AudioFlinger: processConfigEvents_l() DONE thread 0xf3983f80
10-10 17:30:12.993  1769  1804 V AudioFlinger: presentationComplete() mPresentationCompleteFrames 0 framesWritten 9909248
10-10 17:30:12.993  1769  1804 V AudioFlinger: presentationComplete() reset: mPresentationCompleteFrames 9911264 audioHalFrames 2016
10-10 17:30:12.993  1769  1804 D AudioFlinger: updateWakeLockUids_l AudioOut_D uids:10054 
10-10 17:30:12.993  1769  1804 V AudioFlinger: updateWakeLockUids_l() AudioOut_D status 0
10-10 17:30:13.013  1769  1804 V AudioFlinger: presentationComplete() mPresentationCompleteFrames 9911264 framesWritten 9910272
