10-09 10:42:46.639  3462  3484 V AudioFlinger: registerClient() client 0xe771e228, pid 3495
10-09 10:42:46.642  3462  3484 V APM_AudioPolicyManager: getInputForAttr() source 8, sampling rate 48000, format 0x1, channel mask 0xc,session 9, flags 0
10-09 10:42:46.642  3462  3484 I AudioFlinger: openInput() this 0xe7abe000, module 34 Device 0x80000100, SamplingRate 48000, Format 0x000001, Channels 0xc, flags 0,addr 0
10-09 10:42:46.643  3462  3484 V AudioFlinger: openInput_l() openInputStream returned input 0xe7726190, devices 0x80000100, SamplingRate 48000, Format 0x1, Channels 0xc, flags 0, status 0 addr 0
10-09 10:42:46.644  3462  3484 V AudioFlinger: openInput_l() created record thread: ID 30 thread 0xe5a03f80
10-09 10:42:46.644  3462  3484 V APM_AudioPolicyManager: getInputForAttr() returns input 30 type 1 selectedDeviceId 10






10-09 10:42:46.645  3462  3484 V AudioFlinger: createRecord() lSessionId: 9 input 30
10-09 10:42:46.645  3462  3484 V AudioFlinger: getOrphanEffectChain_l session 9 index -2
10-09 10:42:46.645  3462  3474 V APM_AudioPolicyManager: listAudioPorts() role 0 type 0 num_ports 0 ports 0xe7a97188
10-09 10:42:46.645  3462  3474 V APM_AudioPolicyManager: listAudioPorts() got 0 ports needed 7
10-09 10:42:46.645  3462  3474 V APM_AudioPolicyManager: listAudioPorts() role 0 type 0 num_ports 0 ports 0xe7a97188
10-09 10:42:46.645  3462  3474 V APM_AudioPolicyManager: listAudioPorts() got 0 ports needed 7
10-09 10:42:46.645  3462  3501 I AudioFlinger: AudioFlinger's thread 0xe5a03f80 tid=3501 ready to run
10-09 10:42:46.646  3462  3484 V APM_AudioPolicyManager: listAudioPorts() role 0 type 0 num_ports 7 ports 0xe62ef000
10-09 10:42:46.646  3462  3484 V APM_AudioPolicyManager: listAudioPorts() got 7 ports needed 7
10-09 10:42:46.646  3462  3474 V APM_AudioPolicyManager: listAudioPorts() role 0 type 0 num_ports 7 ports 0xe7285800
10-09 10:42:46.646  3462  3474 V APM_AudioPolicyManager: listAudioPorts() got 7 ports needed 7
10-09 10:42:46.649  3462  3474 V AudioFlinger: acquiring 9 from 3495, for -1
10-09 10:42:46.649  3462  3474 V AudioFlinger:  added new entry for 9
10-09 10:42:46.650  3462  3474 V APM_AudioPolicyManager: AudioPolicyManager::startInput(input:30, session:9, silenced:0, concurrency:0)
10-09 10:42:46.652  3462  3474 V APM_AudioPolicyManager: setInputDevice() createAudioPatch returned 0 patchHandle 44
10-09 10:42:46.653  3462  3474 V APM_AudioPolicyManager: setDeviceConnectionStateInt() device: 0x8000, state 1, address 0 name remote-submix
10-09 10:42:46.653  3462  3474 V APM_AudioPolicyManager: setDeviceConnectionState() connecting device 8000
10-09 10:42:46.653  3462  3471 V AudioFlinger: setParameters(): io 0, keyvalue 0=;connect=32768, calling pid 3462 calling uid 1041
10-09 10:42:46.653  3462  3471 V AudioFlinger: setParameters: filtered keyvalue 0=;connect=32768
10-09 10:42:46.654  3462  3474 V APM_AudioPolicyManager: checkOutputsForDevice(): adding profile 0 from module r_submix
10-09 10:42:46.654  3462  3474 V APM_AudioPolicyManager:   found 1 profiles, 0 outputs
10-09 10:42:46.654  3462  3474 V APM_AudioPolicyManager: opening output for device 00008000 with params 0 profile 0xe7ac3640 name r_submix output
10-09 10:42:46.654  3462  3474 I AudioFlinger: openOutput() this 0xe7abe000, module 34 Device 0x8000, SamplingRate 48000, Format 0x000001, Channels 0x3, flags 0,addr 0
10-09 10:42:46.655  3462  3474 V AudioFlinger: openOutput_l() openOutputStream returned output 0xe7aca300, devices 0x8000, SamplingRate 48000, Format 0x1, Channels 0x3, flags 0, status 0 addr 0
10-09 10:42:46.656  3462  3474 I AudioFlinger: HAL output buffer size 1024 frames, normal sink buffer size 1024 frames
10-09 10:42:46.656  3462  3474 V AudioFlinger: openOutput_l() created mixer output: ID 29 thread 0xe5883b40
10-09 10:42:46.657  3462  3502 I AudioFlinger: AudioFlinger's thread 0xe5883b40 tid=3502 ready to run
10-09 10:42:46.658  3462  3471 V AudioFlinger: setParameters(): io 29, keyvalue mix=0, calling pid 3462 calling uid 1041
10-09 10:42:46.658  3462  3471 V AudioFlinger: setParameters: filtered keyvalue mix=0
10-09 10:42:46.659  3462  3502 D AudioFlinger: ro.audio.silent will be ignored for threads on AUDIO_DEVICE_OUT_REMOTE_SUBMIX
10-09 10:42:46.663  3462  3502 D AudioFlinger: ro.audio.silent will be ignored for threads on AUDIO_DEVICE_OUT_REMOTE_SUBMIX
10-09 10:42:46.664  3462  3474 V APM_AudioPolicyManager: checkAndSetVolume() cannot set stream 6 volume with force use = 0 for comm
10-09 10:42:46.665  3462  3471 V AudioFlinger: setParameters(): io 29, keyvalue mono_output=0, calling pid 3462 calling uid 1041
10-09 10:42:46.665  3462  3471 V AudioFlinger: setParameters: filtered keyvalue mono_output=0
10-09 10:42:46.665  3462  3474 V AudioFlinger: moveEffects() session 0, srcOutput 13, dstOutput 29
10-09 10:42:46.665  3462  3474 V AudioFlinger: moveEffectChain_l() session 0 from thread 0xe7003f80 to thread 0xe5883b40
10-09 10:42:46.665  3462  3474 W AudioFlinger: moveEffectChain_l() effect chain for session 0 not on source thread 0xe7003f80
10-09 10:42:46.665  3462  3474 V APM_AudioPolicyManager: selectOutputForMusicEffects selected output 29
10-09 10:42:46.666  3462  3474 I AudioFlinger: HAL output buffer size 1024 frames, normal sink buffer size 1024 frames
10-09 10:42:46.667  3462  3474 W APM_AudioPolicyManager: getDeviceForVolume() invalid device combination: 00000000
10-09 10:42:46.667  3462  3503 I AudioFlinger: AudioFlinger's thread 0xe57036c0 tid=3503 ready to run
10-09 10:42:46.667  3462  3474 W APM_AudioPolicyManager: getDeviceForVolume() invalid device combination: 00000000
10-09 10:42:46.668  3462  3503 D AudioFlinger: ro.audio.silent will be ignored for threads on AUDIO_DEVICE_OUT_REMOTE_SUBMIX
10-09 10:42:46.668  3462  3474 W APM_AudioPolicyManager: getDeviceForVolume() invalid device combination: 00000000
10-09 10:42:46.668  3462  3474 W APM_AudioPolicyManager: getDeviceForVolume() invalid device combination: 00000000
10-09 10:42:46.668  3462  3503 D AudioFlinger: ro.audio.silent will be ignored for threads on AUDIO_DEVICE_OUT_REMOTE_SUBMIX
10-09 10:42:46.668  3462  3474 W APM_AudioPolicyManager: getDeviceForVolume() invalid device combination: 00000000
10-09 10:42:46.668  3462  3474 W APM_AudioPolicyManager: getDeviceForVolume() invalid device combination: 00000000
10-09 10:42:46.668  3462  3474 V APM_AudioPolicyManager: checkAndSetVolume() cannot set stream 6 volume with force use = 0 for comm
10-09 10:42:46.668  3462  3474 W APM_AudioPolicyManager: getDeviceForVolume() invalid device combination: 00000000
10-09 10:42:46.669  3462  3474 I chatty  : uid=1041(audioserver) Binder:3462_2 identical 3 lines
10-09 10:42:46.669  3462  3474 W APM_AudioPolicyManager: getDeviceForVolume() invalid device combination: 00000000
10-09 10:42:46.669  3462  3471 V AudioFlinger: setParameters(): io 37, keyvalue mono_output=0, calling pid 3462 calling uid 1041
10-09 10:42:46.669  3462  3471 V AudioFlinger: setParameters: filtered keyvalue mono_output=0
10-09 10:42:46.669  3462  3474 V APM_AudioPolicyManager: selectOutputForMusicEffects selected output 29
10-09 10:42:46.669  3462  3474 V APM_AudioPolicyManager: checkOutputsForDevice(): setOutputDevice(dev=0x8000, addr=0)
10-09 10:42:46.669  3462  3474 V APM_AudioPolicyManager: setOutputDevice() device 8000 delayMs 0
10-09 10:42:46.669  3462  3474 V APM_AudioPolicyManager: setOutputDevice() prevDevice 0x8000
10-09 10:42:46.669  3462  3474 V APM_AudioPolicyManager: setOutputDevice() changing device
10-09 10:42:46.672  3462  3474 V APM_AudioPolicyManager: setOutputDevice() createAudioPatch returned 0 patchHandle 52num_sources 1 num_sinks 1
10-09 10:42:46.673  3462  3474 V APM_AudioPolicyManager: checkAndSetVolume() cannot set stream 6 volume with force use = 0 for comm
10-09 10:42:46.673  3462  3474 V APM_AudioPolicyManager: checkOutputsForDevice(): adding output 29
10-09 10:42:46.673  3462  3474 V APM_AudioPolicyManager: setDeviceConnectionState() checkOutputsForDevice() returned 1 outputs
10-09 10:42:46.673  3462  3474 V APM_AudioPolicyManager: checkOutputForStrategy() strategy 1, moving from output 13 to output 13
10-09 10:42:46.673  3462  3474 V AudioFlinger: invalidateStream() stream 0
10-09 10:42:46.673  3462  3474 V AudioFlinger: invalidateStream() stream 6
10-09 10:42:46.673  3462  3474 V APM_AudioPolicyManager: checkOutputForStrategy() strategy 5, moving from output 13 to output 13
10-09 10:42:46.673  3462  3474 V AudioFlinger: invalidateStream() stream 7
10-09 10:42:46.673  3462  3474 V APM_AudioPolicyManager: checkOutputForStrategy() strategy 2, moving from output 13 to output 13
10-09 10:42:46.673  3462  3474 V AudioFlinger: invalidateStream() stream 2
10-09 10:42:46.673  3462  3474 V AudioFlinger: invalidateStream() stream 4
10-09 10:42:46.673  3462  3474 V APM_AudioPolicyManager: checkOutputForStrategy() strategy 3, moving from output 13 to output 13
10-09 10:42:46.673  3462  3474 V AudioFlinger: invalidateStream() stream 5
10-09 10:42:46.673  3462  3474 V APM_AudioPolicyManager: checkOutputForStrategy() strategy 7, moving from output 13 to output 13
10-09 10:42:46.673  3462  3474 V AudioFlinger: invalidateStream() stream 10
10-09 10:42:46.673  3462  3474 V APM_AudioPolicyManager: checkOutputForStrategy() strategy 0, moving from output 13 to output 13
10-09 10:42:46.674  3462  3474 V APM_AudioPolicyManager: selectOutputForMusicEffects selected output 29
10-09 10:42:46.674  3462  3474 V AudioFlinger: invalidateStream() stream 1
10-09 10:42:46.674  3462  3474 V AudioFlinger: invalidateStream() stream 3
10-09 10:42:46.674  3462  3474 V APM_AudioPolicyManager: checkOutputForStrategy() strategy 4, moving from output 13 to output 13
10-09 10:42:46.674  3462  3474 V AudioFlinger: invalidateStream() stream 8
10-09 10:42:46.674  3462  3474 V APM_AudioPolicyManager: checkOutputForStrategy() strategy 8, moving from output 13 to output 13
10-09 10:42:46.674  3462  3474 V AudioFlinger: invalidateStream() stream 11
10-09 10:42:46.674  3462  3474 V APM_AudioPolicyManager: getNewOutputDevice() selected device 8000
10-09 10:42:46.674  3462  3474 V APM_AudioPolicyManager: setOutputDevice() device 8000 delayMs 0
10-09 10:42:46.674  3462  3474 V APM_AudioPolicyManager: getNewOutputDevice() selected device 0
10-09 10:42:46.674  3462  3474 V APM_AudioPolicyManager: setOutputDevice() device 0000 delayMs 0
10-09 10:42:46.674  3462  3474 V APM_AudioPolicyManager: setOutputDevice() prevDevice 0x1000000
10-09 10:42:46.674  3462  3474 V APM_AudioPolicyManager: setOutputDevice() setting same device 0x0000 or null device
10-09 10:42:46.674  3462  3474 V APM_AudioPolicyManager: getNewOutputDevice() selected device 0
10-09 10:42:46.674  3462  3474 V APM_AudioPolicyManager: setOutputDevice() device 0000 delayMs 0
10-09 10:42:46.674  3462  3474 V APM_AudioPolicyManager: setOutputDevice() prevDevice 0x8000
10-09 10:42:46.674  3462  3474 V APM_AudioPolicyManager: setOutputDevice() setting same device 0x0000 or null device
10-09 10:42:46.674  3462  3474 V APM_AudioPolicyManager: getNewOutputDevice() selected device 0
10-09 10:42:46.674  3462  3474 V APM_AudioPolicyManager: setOutputDevice() device 0000 delayMs 0
10-09 10:42:46.674  3462  3474 V APM_AudioPolicyManager: setOutputDevice() device 0000 delayMs 0
10-09 10:42:46.674  3462  3474 V APM_AudioPolicyManager: setOutputDevice() prevDevice 0x1000000
10-09 10:42:46.675  3462  3474 V APM_AudioPolicyManager: setOutputDevice() setting same device 0x0000 or null device
10-09 10:42:46.675  3462  3474 V APM_AudioPolicyManager: setOutputDevice() device 0000 delayMs 0
10-09 10:42:46.675  3462  3474 V APM_AudioPolicyManager: setOutputDevice() prevDevice 0x8000
10-09 10:42:46.675  3462  3474 V APM_AudioPolicyManager: setOutputDevice() setting same device 0x0000 or null device
10-09 10:42:46.675  3462  3474 V APM_AudioPolicyManager: AudioPolicyManager::startInput() input source = 8
10-09 10:42:46.675  3462  3484 V APM_AudioPolicyManager: listAudioPorts() role 0 type 0 num_ports 0 ports 0xe7715060
10-09 10:42:46.675  3462  3484 V APM_AudioPolicyManager: listAudioPorts() got 0 ports needed 9
10-09 10:42:46.675  3462  3486 V APM_AudioPolicyManager: listAudioPorts() role 0 type 0 num_ports 0 ports 0xe77150c0
10-09 10:42:46.675  3462  3486 V APM_AudioPolicyManager: listAudioPorts() got 0 ports needed 9
10-09 10:42:46.676  3462  3474 V APM_AudioPolicyManager: listAudioPorts() role 0 type 0 num_ports 9 ports 0xe6cf4000
10-09 10:42:46.676  3462  3474 V APM_AudioPolicyManager: listAudioPorts() got 9 ports needed 9
10-09 10:42:46.677  3462  3486 V APM_AudioPolicyManager: listAudioPorts() role 0 type 0 num_ports 9 ports 0xe6293000
10-09 10:42:46.677  3462  3486 V APM_AudioPolicyManager: listAudioPorts() got 9 ports needed 9
10-09 10:42:46.679  3462  3485 V APM_AudioPolicyManager: getOutputForAttr() returns output 13
10-09 10:42:46.679  3462  3485 V AudioFlinger: createTrack() sessionId: 73
10-09 10:42:46.680  3462  3485 D AudioFlinger: Client defaulted notificationFrames to 1258 for frameCount 3776
10-09 10:42:46.680  3462  3474 V APM_AudioPolicyManager: listAudioPorts() role 0 type 0 num_ports 0 ports 0xe7a97190
10-09 10:42:46.680  3462  3474 V APM_AudioPolicyManager: listAudioPorts() got 0 ports needed 9
10-09 10:42:46.680  3462  3474 V APM_AudioPolicyManager: listAudioPorts() role 0 type 0 num_ports 0 ports 0xe7a97190
10-09 10:42:46.680  3462  3474 V APM_AudioPolicyManager: listAudioPorts() got 0 ports needed 9
10-09 10:42:46.681  3462  3486 V APM_AudioPolicyManager: listAudioPorts() role 0 type 0 num_ports 9 ports 0xe6293000
10-09 10:42:46.681  3462  3486 V APM_AudioPolicyManager: listAudioPorts() got 9 ports needed 9
10-09 10:42:46.684  3462  3484 V APM_AudioPolicyManager: listAudioPorts() role 0 type 0 num_ports 0 ports 0xe7715060
10-09 10:42:46.684  3462  3484 V APM_AudioPolicyManager: listAudioPorts() got 0 ports needed 9
10-09 10:42:46.684  3462  3484 V APM_AudioPolicyManager: listAudioPorts() role 0 type 0 num_ports 9 ports 0xe6334000
10-09 10:42:46.684  3462  3484 V APM_AudioPolicyManager: listAudioPorts() got 9 ports needed 9
10-09 10:42:46.685  3462  3462 V APM_AudioPolicyManager: listAudioPorts() role 0 type 0 num_ports 9 ports 0xe72d2000
10-09 10:42:46.685  3462  3462 V APM_AudioPolicyManager: listAudioPorts() got 9 ports needed 9
10-09 10:42:46.686  3462  3474 V APM_AudioPolicyManager: startOutput() output 13, stream 3, session 73
10-09 10:42:46.686  3462  3474 V APM_AudioPolicyManager: setBeaconMute(1) mBeaconMuteRefCount=2 mBeaconPlayingRefCount=0
10-09 10:42:46.686  3462  3474 V APM_AudioPolicyManager: selectOutputForMusicEffects selected output 29
10-09 10:42:46.686  3462  3474 V APM_AudioPolicyManager: setOutputDevice() device 1000000 delayMs 0
10-09 10:42:46.686  3462  3474 V APM_AudioPolicyManager: setOutputDevice() prevDevice 0x1000000
10-09 10:42:46.686  3462  3474 V APM_AudioPolicyManager: setOutputDevice() setting same device 0x1000000 or null device
10-09 10:42:46.688  3462  3462 V APM_AudioPolicyManager: listAudioPorts() role 0 type 0 num_ports 0 ports 0xe7a97138
10-09 10:42:46.688  3462  3462 V APM_AudioPolicyManager: listAudioPorts() got 0 ports needed 9
10-09 10:42:46.688  3462  3462 V APM_AudioPolicyManager: listAudioPorts() role 0 type 0 num_ports 9 ports 0xe72d2000
10-09 10:42:46.688  3462  3462 V APM_AudioPolicyManager: listAudioPorts() got 9 ports needed 9
10-09 10:42:46.698  3462  3477 E AudioFlinger: no wake lock to update, but system ready!
10-09 10:42:46.742  3462  3477 E AudioFlinger: no wake lock to update, but system ready!
10-09 10:42:46.762  3462  3472 V APM_AudioPolicyManager: stopOutput() output 13, stream 3, session 73
10-09 10:42:46.762  3462  3472 V APM_AudioPolicyManager: setBeaconMute(1) mBeaconMuteRefCount=1 mBeaconPlayingRefCount=0
10-09 10:42:46.762  3462  3472 V APM_AudioPolicyManager: selectOutputForMusicEffects selected output 29
10-09 10:42:46.762  3462  3472 V APM_AudioPolicyManager: releaseOutput() 13
