10-22 09:06:21.343  2962  3000 V APM_AudioPolicyManager: listAudioPorts() got 7 ports needed 7
10-22 09:06:21.358  2962  3000 V APM_AudioPolicyManager: registerPolicyMixes() 1 mix(es)
10-22 09:06:21.358  2962  3000 V APM_AudioPolicyManager:  registerPolicyMixes() mix 0 of 1 is RENDER, dev=0x1000000 addr=bus0_media_out
10-22 09:06:21.364  2962  3000 V APM_AudioPolicyManager: setAudioPortConfig()
10-22 09:06:21.365  2962  3000 V APM_AudioPolicyManager: setAudioPortConfig() on port handle 2
10-22 09:06:21.365  2962  3000 V AudioPolicyService: AudioCommandThread() adding set port config delay 0
10-22 09:06:21.365  2962  3000 V AudioPolicyService: inserting command: 11 at index 0, num commands 0
10-22 09:06:21.365  2962  2997 V AudioPolicyService: AudioCommandThread() processing set port config
10-22 09:06:21.365  2962  2997 V AudioPolicyService: AudioCommandThread() going to sleep
10-22 09:06:21.410  2962  3000 V APM_AudioPolicyManager: unregisterPolicyMixes() num mixes 1
10-22 09:06:21.689  2962  3000 V APM_AudioPolicyManager: listAudioPorts() role 0 type 0 num_ports 0 ports 0xe5898040
10-22 09:06:21.689  2962  3000 V APM_AudioPolicyManager: listAudioPorts() got 0 ports needed 7
10-22 09:06:21.689  2962  3000 V APM_AudioPolicyManager: listAudioPorts() role 0 type 0 num_ports 7 ports 0xe4a13000
10-22 09:06:21.689  2962  3000 V APM_AudioPolicyManager: listAudioPorts() got 7 ports needed 7
10-22 09:06:21.703  2962  3000 V APM_AudioPolicyManager: registerPolicyMixes() 1 mix(es)
10-22 09:06:21.703  2962  3000 V APM_AudioPolicyManager:  registerPolicyMixes() mix 0 of 1 is RENDER, dev=0x1000000 addr=bus0_media_out
10-22 09:06:21.712  2962  3000 V APM_AudioPolicyManager: setAudioPortConfig()
10-22 09:06:21.712  2962  3000 V APM_AudioPolicyManager: setAudioPortConfig() on port handle 2
10-22 09:06:21.712  2962  3000 V AudioPolicyService: AudioCommandThread() adding set port config delay 0
10-22 09:06:21.712  2962  3000 V AudioPolicyService: inserting command: 11 at index 0, num commands 0
10-22 09:06:21.712  2962  2997 V AudioPolicyService: AudioCommandThread() processing set port config
10-22 09:06:21.712  2962  2997 V AudioPolicyService: AudioCommandThread() going to sleep
10-22 09:06:21.769  2962  3000 V APM_AudioPolicyManager: unregisterPolicyMixes() num mixes 1
10-22 09:06:22.064  2962  3000 V APM_AudioPolicyManager: listAudioPorts() role 0 type 0 num_ports 0 ports 0xe5898040
10-22 09:06:22.064  2962  3000 V APM_AudioPolicyManager: listAudioPorts() got 0 ports needed 7
10-22 09:06:22.064  2962  3000 V APM_AudioPolicyManager: listAudioPorts() role 0 type 0 num_ports 7 ports 0xe4a13000
10-22 09:06:22.064  2962  3000 V APM_AudioPolicyManager: listAudioPorts() got 7 ports needed 7
10-22 09:06:22.079  2962 14013 V APM_AudioPolicyManager: registerPolicyMixes() 1 mix(es)
10-22 09:06:22.079  2962 14013 V APM_AudioPolicyManager:  registerPolicyMixes() mix 0 of 1 is RENDER, dev=0x1000000 addr=bus0_media_out
10-22 09:06:22.087  2962  3000 V APM_AudioPolicyManager: setAudioPortConfig()
10-22 09:06:22.087  2962  3000 V APM_AudioPolicyManager: setAudioPortConfig() on port handle 2
10-22 09:06:22.087  2962  3000 V AudioPolicyService: AudioCommandThread() adding set port config delay 0
10-22 09:06:22.087  2962  3000 V AudioPolicyService: inserting command: 11 at index 0, num commands 0
10-22 09:06:22.087  2962  2997 V AudioPolicyService: AudioCommandThread() processing set port config
10-22 09:06:22.087  2962  2997 V AudioPolicyService: AudioCommandThread() going to sleep
10-22 09:06:22.137  2962 14013 V APM_AudioPolicyManager: unregisterPolicyMixes() num mixes 1
10-22 09:06:22.427  2962  3000 V APM_AudioPolicyManager: listAudioPorts() role 0 type 0 num_ports 0 ports 0xe5898040
10-22 09:06:22.427  2962  3000 V APM_AudioPolicyManager: listAudioPorts() got 0 ports needed 7
10-22 09:06:22.427  2962  3000 V APM_AudioPolicyManager: listAudioPorts() role 0 type 0 num_ports 7 ports 0xe4a13000
10-22 09:06:22.427  2962  3000 V APM_AudioPolicyManager: listAudioPorts() got 7 ports needed 7
10-22 09:06:22.442  2962  3000 V APM_AudioPolicyManager: registerPolicyMixes() 1 mix(es)
10-22 09:06:22.442  2962  3000 V APM_AudioPolicyManager:  registerPolicyMixes() mix 0 of 1 is RENDER, dev=0x1000000 addr=bus0_media_out
10-22 09:06:22.450  2962  3000 V APM_AudioPolicyManager: setAudioPortConfig()
10-22 09:06:22.450  2962  3000 V APM_AudioPolicyManager: setAudioPortConfig() on port handle 2
10-22 09:06:22.450  2962  3000 V AudioPolicyService: AudioCommandThread() adding set port config delay 0
10-22 09:06:22.450  2962  3000 V AudioPolicyService: inserting command: 11 at index 0, num commands 0
10-22 09:06:22.450  2962  2997 V AudioPolicyService: AudioCommandThread() processing set port config
10-22 09:06:22.450  2962  2997 V AudioPolicyService: AudioCommandThread() going to sleep
10-22 09:06:22.511  2962  3000 V APM_AudioPolicyManager: unregisterPolicyMixes() num mixes 1
10-22 09:06:22.789  2962  3000 V APM_AudioPolicyManager: listAudioPorts() role 0 type 0 num_ports 0 ports 0xe5898040
10-22 09:06:22.789  2962  3000 V APM_AudioPolicyManager: listAudioPorts() got 0 ports needed 7
10-22 09:06:22.789  2962  3000 V APM_AudioPolicyManager: listAudioPorts() role 0 type 0 num_ports 7 ports 0xe4a13000
10-22 09:06:22.789  2962  3000 V APM_AudioPolicyManager: listAudioPorts() got 7 ports needed 7
10-22 09:06:22.810  2962 14013 V APM_AudioPolicyManager: registerPolicyMixes() 1 mix(es)
10-22 09:06:22.810  2962 14013 V APM_AudioPolicyManager:  registerPolicyMixes() mix 0 of 1 is RENDER, dev=0x1000000 addr=bus0_media_out
10-22 09:06:22.821  2962 14013 V APM_AudioPolicyManager: setAudioPortConfig()
10-22 09:06:22.821  2962 14013 V APM_AudioPolicyManager: setAudioPortConfig() on port handle 2
10-22 09:06:22.821  2962 14013 V AudioPolicyService: AudioCommandThread() adding set port config delay 0
10-22 09:06:22.821  2962 14013 V AudioPolicyService: inserting command: 11 at index 0, num commands 0
10-22 09:06:22.821  2962  2997 V AudioPolicyService: AudioCommandThread() processing set port config
10-22 09:06:22.821  2962  2997 V AudioPolicyService: AudioCommandThread() going to sleep
10-22 09:06:22.883  2962 14013 V APM_AudioPolicyManager: unregisterPolicyMixes() num mixes 1
10-22 09:06:23.185  2962 14013 V APM_AudioPolicyManager: listAudioPorts() role 0 type 0 num_ports 0 ports 0xe58980b0
10-22 09:06:23.185  2962 14013 V APM_AudioPolicyManager: listAudioPorts() got 0 ports needed 7
10-22 09:06:23.185  2962 14013 V APM_AudioPolicyManager: listAudioPorts() role 0 type 0 num_ports 7 ports 0xe4a78000
10-22 09:06:23.186  2962 14013 V APM_AudioPolicyManager: listAudioPorts() got 7 ports needed 7
10-22 09:06:23.199  2962 14013 V APM_AudioPolicyManager: registerPolicyMixes() 1 mix(es)
10-22 09:06:23.199  2962 14013 V APM_AudioPolicyManager:  registerPolicyMixes() mix 0 of 1 is RENDER, dev=0x1000000 addr=bus0_media_out
10-22 09:06:23.207  2962 14013 V APM_AudioPolicyManager: setAudioPortConfig()
10-22 09:06:23.207  2962 14013 V APM_AudioPolicyManager: setAudioPortConfig() on port handle 2
10-22 09:06:23.207  2962 14013 V AudioPolicyService: AudioCommandThread() adding set port config delay 0
10-22 09:06:23.207  2962 14013 V AudioPolicyService: inserting command: 11 at index 0, num commands 0
10-22 09:06:23.207  2962  2997 V AudioPolicyService: AudioCommandThread() processing set port config
10-22 09:06:23.208  2962  2997 V AudioPolicyService: AudioCommandThread() going to sleep
10-22 09:06:23.268  2962  3000 V APM_AudioPolicyManager: unregisterPolicyMixes() num mixes 1
10-22 09:06:23.563  2962  3000 V APM_AudioPolicyManager: listAudioPorts() role 0 type 0 num_ports 0 ports 0xe5898040
10-22 09:06:23.563  2962  3000 V APM_AudioPolicyManager: listAudioPorts() got 0 ports needed 7
10-22 09:06:23.563  2962  3000 V APM_AudioPolicyManager: listAudioPorts() role 0 type 0 num_ports 7 ports 0xe4a13000
10-22 09:06:23.563  2962  3000 V APM_AudioPolicyManager: listAudioPorts() got 7 ports needed 7
10-22 09:06:23.578  2962  3000 V APM_AudioPolicyManager: registerPolicyMixes() 1 mix(es)
10-22 09:06:23.578  2962  3000 V APM_AudioPolicyManager:  registerPolicyMixes() mix 0 of 1 is RENDER, dev=0x1000000 addr=bus0_media_out
10-22 09:06:23.586  2962  3000 V APM_AudioPolicyManager: setAudioPortConfig()
10-22 09:06:23.586  2962  3000 V APM_AudioPolicyManager: setAudioPortConfig() on port handle 2
10-22 09:06:23.586  2962  3000 V AudioPolicyService: AudioCommandThread() adding set port config delay 0
10-22 09:06:23.586  2962  3000 V AudioPolicyService: inserting command: 11 at index 0, num commands 0
10-22 09:06:23.586  2962  2997 V AudioPolicyService: AudioCommandThread() processing set port config
10-22 09:06:23.586  2962  2997 V AudioPolicyService: AudioCommandThread() going to sleep
10-22 09:06:23.635  2962  3000 V APM_AudioPolicyManager: unregisterPolicyMixes() num mixes 1
10-22 09:06:23.930  2962 14013 V APM_AudioPolicyManager: listAudioPorts() role 0 type 0 num_ports 0 ports 0xe58980b0
10-22 09:06:23.930  2962 14013 V APM_AudioPolicyManager: listAudioPorts() got 0 ports needed 7
10-22 09:06:23.931  2962 14013 V APM_AudioPolicyManager: listAudioPorts() role 0 type 0 num_ports 7 ports 0xe4a78000
10-22 09:06:23.931  2962 14013 V APM_AudioPolicyManager: listAudioPorts() got 7 ports needed 7
10-22 09:06:23.946  2962 14013 V APM_AudioPolicyManager: registerPolicyMixes() 1 mix(es)
10-22 09:06:23.947  2962 14013 V APM_AudioPolicyManager:  registerPolicyMixes() mix 0 of 1 is RENDER, dev=0x1000000 addr=bus0_media_out
10-22 09:06:23.955  2962 14013 V APM_AudioPolicyManager: setAudioPortConfig()
10-22 09:06:23.955  2962 14013 V APM_AudioPolicyManager: setAudioPortConfig() on port handle 2
10-22 09:06:23.955  2962 14013 V AudioPolicyService: AudioCommandThread() adding set port config delay 0
10-22 09:06:23.955  2962 14013 V AudioPolicyService: inserting command: 11 at index 0, num commands 0
10-22 09:06:23.955  2962  2997 V AudioPolicyService: AudioCommandThread() processing set port config
10-22 09:06:23.955  2962  2997 V AudioPolicyService: AudioCommandThread() going to sleep
10-22 09:06:24.011  2962  3000 V APM_AudioPolicyManager: unregisterPolicyMixes() num mixes 1
10-22 09:06:24.302  2962 14013 V APM_AudioPolicyManager: listAudioPorts() role 0 type 0 num_ports 0 ports 0xe58980b0
10-22 09:06:24.302  2962 14013 V APM_AudioPolicyManager: listAudioPorts() got 0 ports needed 7
10-22 09:06:24.303  2962 14013 V APM_AudioPolicyManager: listAudioPorts() role 0 type 0 num_ports 7 ports 0xe4a78000
10-22 09:06:24.303  2962 14013 V APM_AudioPolicyManager: listAudioPorts() got 7 ports needed 7
10-22 09:06:24.316  2962 14013 V APM_AudioPolicyManager: registerPolicyMixes() 1 mix(es)
10-22 09:06:24.316  2962 14013 V APM_AudioPolicyManager:  registerPolicyMixes() mix 0 of 1 is RENDER, dev=0x1000000 addr=bus0_media_out
10-22 09:06:24.324  2962 14013 V APM_AudioPolicyManager: setAudioPortConfig()
10-22 09:06:24.324  2962 14013 V APM_AudioPolicyManager: setAudioPortConfig() on port handle 2
10-22 09:06:24.324  2962 14013 V AudioPolicyService: AudioCommandThread() adding set port config delay 0
10-22 09:06:24.324  2962 14013 V AudioPolicyService: inserting command: 11 at index 0, num commands 0
10-22 09:06:24.324  2962  2997 V AudioPolicyService: AudioCommandThread() processing set port config
10-22 09:06:24.325  2962  2997 V AudioPolicyService: AudioCommandThread() going to sleep
10-22 09:06:24.376  2962 14013 V APM_AudioPolicyManager: unregisterPolicyMixes() num mixes 1
10-22 09:06:24.670  2962 14013 V APM_AudioPolicyManager: listAudioPorts() role 0 type 0 num_ports 0 ports 0xe58980b0
10-22 09:06:24.670  2962 14013 V APM_AudioPolicyManager: listAudioPorts() got 0 ports needed 7
10-22 09:06:24.671  2962 14013 V APM_AudioPolicyManager: listAudioPorts() role 0 type 0 num_ports 7 ports 0xe4a78000
10-22 09:06:24.671  2962 14013 V APM_AudioPolicyManager: listAudioPorts() got 7 ports needed 7
10-22 09:06:24.687  2962 14013 V APM_AudioPolicyManager: registerPolicyMixes() 1 mix(es)
10-22 09:06:24.687  2962 14013 V APM_AudioPolicyManager:  registerPolicyMixes() mix 0 of 1 is RENDER, dev=0x1000000 addr=bus0_media_out
10-22 09:06:24.693  2962 14013 V APM_AudioPolicyManager: setAudioPortConfig()
10-22 09:06:24.693  2962 14013 V APM_AudioPolicyManager: setAudioPortConfig() on port handle 2
10-22 09:06:24.693  2962 14013 V AudioPolicyService: AudioCommandThread() adding set port config delay 0
10-22 09:06:24.694  2962 14013 V AudioPolicyService: inserting command: 11 at index 0, num commands 0
10-22 09:06:24.695  2962  2997 V AudioPolicyService: AudioCommandThread() processing set port config
10-22 09:06:24.695  2962  2997 V AudioPolicyService: AudioCommandThread() going to sleep
10-22 09:06:24.750  2962  3000 V APM_AudioPolicyManager: unregisterPolicyMixes() num mixes 1
10-22 09:06:25.055  2962 14013 V APM_AudioPolicyManager: listAudioPorts() role 0 type 0 num_ports 0 ports 0xe58980b0
10-22 09:06:25.055  2962 14013 V APM_AudioPolicyManager: listAudioPorts() got 0 ports needed 7
10-22 09:06:25.055  2962 14013 V APM_AudioPolicyManager: listAudioPorts() role 0 type 0 num_ports 7 ports 0xe4a78000
10-22 09:06:25.055  2962 14013 V APM_AudioPolicyManager: listAudioPorts() got 7 ports needed 7
10-22 09:06:25.070  2962 14013 V APM_AudioPolicyManager: registerPolicyMixes() 1 mix(es)
10-22 09:06:25.070  2962 14013 V APM_AudioPolicyManager:  registerPolicyMixes() mix 0 of 1 is RENDER, dev=0x1000000 addr=bus0_media_out
10-22 09:06:25.077  2962 14013 V APM_AudioPolicyManager: setAudioPortConfig()
10-22 09:06:25.077  2962 14013 V APM_AudioPolicyManager: setAudioPortConfig() on port handle 2
10-22 09:06:25.077  2962 14013 V AudioPolicyService: AudioCommandThread() adding set port config delay 0
10-22 09:06:25.077  2962 14013 V AudioPolicyService: inserting command: 11 at index 0, num commands 0
10-22 09:06:25.077  2962  2997 V AudioPolicyService: AudioCommandThread() processing set port config
10-22 09:06:25.077  2962  2997 V AudioPolicyService: AudioCommandThread() going to sleep
10-22 09:06:25.135  2962 14013 V APM_AudioPolicyManager: unregisterPolicyMixes() num mixes 1
10-22 09:06:25.213  2962  2999 V AudioFlinger_Track: RecordHandle::stop()
10-22 09:06:25.213  2962 14013 V AudioFlinger: 13971 died, releasing its sessions
10-22 09:06:25.213  2962 14013 V AudioFlinger:  pid 10790 @ 0
10-22 09:06:25.213  2962 14013 V AudioFlinger:  pid 10790 @ 1
10-22 09:06:25.213  2962 14013 V AudioFlinger:  pid 13971 @ 2
10-22 09:06:25.214  2962 14013 V AudioFlinger:  removing entry for pid 13971 session 33
10-22 09:06:25.214  2962 14013 V AudioFlinger: purging stale effects
10-22 09:06:25.215  2962  2999 V APM_AudioPolicyManager: stopInput() input 30
10-22 09:06:25.215  2962  2999 V AudioPolicyService: AudioCommandThread() adding recording configuration update event 0, source 8 uid 0
10-22 09:06:25.215  2962  2999 V AudioPolicyService: inserting command: 13 at index 0, num commands 0
10-22 09:06:25.216  2962  2998 V AudioPolicyService: AudioCommandThread() processing recording configuration update
10-22 09:06:25.216  2962  2998 V AudioPolicyService: AudioCommandThread() going to sleep
10-22 09:06:25.216  2962  2999 V APM_AudioPolicyManager: setDeviceConnectionStateInt() device: 0x8000, state 0, address 0 name remote-submix
10-22 09:06:25.216  2962  2999 V APM_AudioPolicyManager: setDeviceConnectionState() disconnecting output device 8000
10-22 09:06:25.216  2962  2999 V AudioPolicyService: AudioCommandThread() adding set parameter string 0=;disconnect=32768, io 0 ,delay 0
10-22 09:06:25.216  2962  2999 V AudioPolicyService: inserting command: 3 at index 0, num commands 0
10-22 09:06:25.216  2962  2997 V AudioPolicyService: AudioCommandThread() processing set parameters string 0=;disconnect=32768, io 0
10-22 09:06:25.217  2962  2997 V AudioFlinger: setParameters(): io 0, keyvalue 0=;disconnect=32768, calling pid 2962 calling uid 1041
10-22 09:06:25.217  2962  2997 V AudioFlinger: setParameters: filtered keyvalue 0=;disconnect=32768
10-22 09:06:25.217  2962  2997 V AudioPolicyService: AudioCommandThread() going to sleep
10-22 09:06:25.217  2962  2999 V APM_AudioPolicyManager: findIoHandlesByAddress(): adding opened output 21 on same address 0
10-22 09:06:25.217  2962  2999 V APM_AudioPolicyManager: checkOutputsForDevice(): clearing direct output profile 0 on module r_submix
10-22 09:06:25.218  2962  2999 V APM_AudioPolicyManager: getDeviceForStrategy() from cache strategy 1, device 1000000
10-22 09:06:25.218  2962  2999 V APM_AudioPolicyManager: getOutputsForDevice() device 1000000
10-22 09:06:25.218  2962  2999 V APM_AudioPolicyManager: output 0 isDuplicated=0 device=1000000
10-22 09:06:25.218  2962  2999 V APM_AudioPolicyManager: getOutputsForDevice() found output 13
10-22 09:06:25.218  2962  2999 V APM_AudioPolicyManager: output 1 isDuplicated=0 device=8000
10-22 09:06:25.218  2962  2999 V APM_AudioPolicyManager: output 2 isDuplicated=1 device=1008000
10-22 09:06:25.218  2962  2999 V APM_AudioPolicyManager: getOutputsForDevice() found output 29
10-22 09:06:25.218  2962  2999 V APM_AudioPolicyManager: getOutputsForDevice() device 1000000
10-22 09:06:25.218  2962  2999 V APM_AudioPolicyManager: output 0 isDuplicated=0 device=1000000
10-22 09:06:25.218  2962  2999 V APM_AudioPolicyManager: getOutputsForDevice() found output 13
10-22 09:06:25.218  2962  2999 V APM_AudioPolicyManager: output 1 isDuplicated=0 device=8000
10-22 09:06:25.218  2962  2999 V APM_AudioPolicyManager: output 2 isDuplicated=1 device=1008000
10-22 09:06:25.218  2962  2999 V APM_AudioPolicyManager: getOutputsForDevice() found output 29
10-22 09:06:25.218  2962  2999 V APM_AudioPolicyManager: checkOutputForStrategy(): policy related outputs
10-22 09:06:25.218  2962  2999 V APM_AudioPolicyManager:  previous outputs: adding 13
10-22 09:06:25.218  2962  2999 V APM_AudioPolicyManager:  new outputs: adding 13
10-22 09:06:25.218  2962  2999 V APM_AudioPolicyManager: getDeviceForStrategy() from cache strategy 5, device 8000
10-22 09:06:25.218  2962  2999 V APM_AudioPolicyManager: getOutputsForDevice() device 8000
10-22 09:06:25.218  2962  2999 V APM_AudioPolicyManager: output 0 isDuplicated=0 device=1000000
10-22 09:06:25.218  2962  2999 V APM_AudioPolicyManager: output 1 isDuplicated=0 device=8000
10-22 09:06:25.218  2962  2999 V APM_AudioPolicyManager: getOutputsForDevice() found output 21
10-22 09:06:25.218  2962  2999 V APM_AudioPolicyManager: output 2 isDuplicated=1 device=1008000
10-22 09:06:25.218  2962  2999 V APM_AudioPolicyManager: getOutputsForDevice() found output 29
10-22 09:06:25.218  2962  2999 V APM_AudioPolicyManager: getOutputsForDevice() device 1000000
10-22 09:06:25.218  2962  2999 V APM_AudioPolicyManager: output 0 isDuplicated=0 device=1000000
10-22 09:06:25.218  2962  2999 V APM_AudioPolicyManager: getOutputsForDevice() found output 13
10-22 09:06:25.218  2962  2999 V APM_AudioPolicyManager: output 1 isDuplicated=0 device=8000
10-22 09:06:25.218  2962  2999 V APM_AudioPolicyManager: output 2 isDuplicated=1 device=1008000
10-22 09:06:25.218  2962  2999 V APM_AudioPolicyManager: getOutputsForDevice() found output 29
10-22 09:06:25.218  2962  2999 V APM_AudioPolicyManager: checkOutputForStrategy(): policy related outputs
10-22 09:06:25.218  2962  2999 V APM_AudioPolicyManager:  previous outputs: adding 13
10-22 09:06:25.218  2962  2999 V APM_AudioPolicyManager:  new outputs: adding 13
10-22 09:06:25.218  2962  2999 V APM_AudioPolicyManager: checkOutputForStrategy() strategy 5, moving from output 13 to output 13
10-22 09:06:25.218  2962  2999 V AudioFlinger: invalidateStream() stream 7
10-22 09:06:25.218  2962  2999 V APM_AudioPolicyManager: getDeviceForStrategy() from cache strategy 2, device 1000000
10-22 09:06:25.218  2962  2999 V APM_AudioPolicyManager: getOutputsForDevice() device 1000000
10-22 09:06:25.218  2962  2999 V APM_AudioPolicyManager: output 0 isDuplicated=0 device=1000000
10-22 09:06:25.218  2962  2999 V APM_AudioPolicyManager: getOutputsForDevice() found output 13
10-22 09:06:25.218  2962  2999 V APM_AudioPolicyManager: output 1 isDuplicated=0 device=8000
10-22 09:06:25.218  2962  2999 V APM_AudioPolicyManager: output 2 isDuplicated=1 device=1008000
10-22 09:06:25.218  2962  2999 V APM_AudioPolicyManager: getOutputsForDevice() found output 29
10-22 09:06:25.218  2962  2999 V APM_AudioPolicyManager: getOutputsForDevice() device 1000000
10-22 09:06:25.218  2962  2999 V APM_AudioPolicyManager: output 0 isDuplicated=0 device=1000000
10-22 09:06:25.218  2962  2999 V APM_AudioPolicyManager: getOutputsForDevice() found output 13
10-22 09:06:25.218  2962  2999 V APM_AudioPolicyManager: output 1 isDuplicated=0 device=8000
10-22 09:06:25.218  2962  2999 V APM_AudioPolicyManager: output 2 isDuplicated=1 device=1008000
10-22 09:06:25.218  2962  2999 V APM_AudioPolicyManager: getOutputsForDevice() found output 29
10-22 09:06:25.218  2962  2999 V APM_AudioPolicyManager: checkOutputForStrategy(): policy related outputs
10-22 09:06:25.218  2962  2999 V APM_AudioPolicyManager:  previous outputs: adding 13
10-22 09:06:25.218  2962  2999 V APM_AudioPolicyManager:  new outputs: adding 13
10-22 09:06:25.218  2962  2999 V APM_AudioPolicyManager: getDeviceForStrategy() from cache strategy 3, device 8000
10-22 09:06:25.218  2962  2999 V APM_AudioPolicyManager: getOutputsForDevice() device 8000
10-22 09:06:25.218  2962  2999 V APM_AudioPolicyManager: output 0 isDuplicated=0 device=1000000
10-22 09:06:25.218  2962  2999 V APM_AudioPolicyManager: output 1 isDuplicated=0 device=8000
10-22 09:06:25.218  2962  2999 V APM_AudioPolicyManager: getOutputsForDevice() found output 21
10-22 09:06:25.218  2962  2999 V APM_AudioPolicyManager: output 2 isDuplicated=1 device=1008000
10-22 09:06:25.218  2962  2999 V APM_AudioPolicyManager: getOutputsForDevice() found output 29
10-22 09:06:25.218  2962  2999 V APM_AudioPolicyManager: getOutputsForDevice() device 1000000
10-22 09:06:25.219  2962  2999 V APM_AudioPolicyManager: output 0 isDuplicated=0 device=1000000
10-22 09:06:25.219  2962  2999 V APM_AudioPolicyManager: getOutputsForDevice() found output 13
10-22 09:06:25.219  2962  2999 V APM_AudioPolicyManager: output 1 isDuplicated=0 device=8000
10-22 09:06:25.219  2962  2999 V APM_AudioPolicyManager: output 2 isDuplicated=1 device=1008000
10-22 09:06:25.219  2962  2999 V APM_AudioPolicyManager: getOutputsForDevice() found output 29
10-22 09:06:25.219  2962  2999 V APM_AudioPolicyManager: checkOutputForStrategy(): policy related outputs
10-22 09:06:25.219  2962  2999 V APM_AudioPolicyManager:  previous outputs: adding 13
10-22 09:06:25.219  2962  2999 V APM_AudioPolicyManager:  new outputs: adding 13
10-22 09:06:25.219  2962  2999 V APM_AudioPolicyManager: checkOutputForStrategy() strategy 3, moving from output 13 to output 13
10-22 09:06:25.219  2962  2999 V AudioFlinger: invalidateStream() stream 5
10-22 09:06:25.219  2962  2999 V APM_AudioPolicyManager: getDeviceForStrategy() from cache strategy 7, device 8000
10-22 09:06:25.219  2962  2999 V APM_AudioPolicyManager: getOutputsForDevice() device 8000
10-22 09:06:25.219  2962  2999 V APM_AudioPolicyManager: output 0 isDuplicated=0 device=1000000
10-22 09:06:25.219  2962  2999 V APM_AudioPolicyManager: output 1 isDuplicated=0 device=8000
10-22 09:06:25.219  2962  2999 V APM_AudioPolicyManager: getOutputsForDevice() found output 21
10-22 09:06:25.219  2962  2999 V APM_AudioPolicyManager: output 2 isDuplicated=1 device=1008000
10-22 09:06:25.219  2962  2999 V APM_AudioPolicyManager: getOutputsForDevice() found output 29
10-22 09:06:25.219  2962  2999 V APM_AudioPolicyManager: getOutputsForDevice() device 1000000
10-22 09:06:25.219  2962  2999 V APM_AudioPolicyManager: output 0 isDuplicated=0 device=1000000
10-22 09:06:25.219  2962  2999 V APM_AudioPolicyManager: getOutputsForDevice() found output 13
10-22 09:06:25.219  2962  2999 V APM_AudioPolicyManager: output 1 isDuplicated=0 device=8000
10-22 09:06:25.219  2962  2999 V APM_AudioPolicyManager: output 2 isDuplicated=1 device=1008000
10-22 09:06:25.219  2962  2999 V APM_AudioPolicyManager: getOutputsForDevice() found output 29
10-22 09:06:25.219  2962  2999 V APM_AudioPolicyManager: checkOutputForStrategy(): policy related outputs
10-22 09:06:25.219  2962  2999 V APM_AudioPolicyManager:  previous outputs: adding 13
10-22 09:06:25.219  2962  2999 V APM_AudioPolicyManager:  new outputs: adding 13
10-22 09:06:25.219  2962  2999 V APM_AudioPolicyManager: checkOutputForStrategy() strategy 7, moving from output 13 to output 13
10-22 09:06:25.219  2962  2999 V AudioFlinger: invalidateStream() stream 10
10-22 09:06:25.219  2962  2999 V APM_AudioPolicyManager: getDeviceForStrategy() from cache strategy 0, device 8000
10-22 09:06:25.219  2962  2999 V APM_AudioPolicyManager: getOutputsForDevice() device 8000
10-22 09:06:25.219  2962  2999 V APM_AudioPolicyManager: output 0 isDuplicated=0 device=1000000
10-22 09:06:25.219  2962  2999 V APM_AudioPolicyManager: output 1 isDuplicated=0 device=8000
10-22 09:06:25.219  2962  2999 V APM_AudioPolicyManager: getOutputsForDevice() found output 21
10-22 09:06:25.219  2962  2999 V APM_AudioPolicyManager: output 2 isDuplicated=1 device=1008000
10-22 09:06:25.219  2962  2999 V APM_AudioPolicyManager: getOutputsForDevice() found output 29
10-22 09:06:25.219  2962  2999 V APM_AudioPolicyManager: getOutputsForDevice() device 1000000
10-22 09:06:25.219  2962  2999 V APM_AudioPolicyManager: output 0 isDuplicated=0 device=1000000
10-22 09:06:25.219  2962  2999 V APM_AudioPolicyManager: getOutputsForDevice() found output 13
10-22 09:06:25.219  2962  2999 V APM_AudioPolicyManager: output 1 isDuplicated=0 device=8000
10-22 09:06:25.219  2962  2999 V APM_AudioPolicyManager: output 2 isDuplicated=1 device=1008000
10-22 09:06:25.219  2962  2999 V APM_AudioPolicyManager: getOutputsForDevice() found output 29
10-22 09:06:25.219  2962  2999 V APM_AudioPolicyManager: checkOutputForStrategy(): policy related outputs
10-22 09:06:25.219  2962  2999 V APM_AudioPolicyManager:  previous outputs: adding 13
10-22 09:06:25.219  2962  2999 V APM_AudioPolicyManager:  new outputs: adding 13
10-22 09:06:25.219  2962  2999 V APM_AudioPolicyManager: checkOutputForStrategy() strategy 0, moving from output 13 to output 13
10-22 09:06:25.219  2962  2999 V APM_AudioPolicyManager: setStrategyMute() strategy 0, mute 1, output ID 14
10-22 09:06:25.219  2962  2999 V APM_AudioPolicyManager: setStreamMute() stream 1, mute 1, mMuteCount 0 device 8000
10-22 09:06:25.219  2962  2999 V AudioPolicyService: AudioCommandThread() adding set volume stream 1, volume 0.000000, output 21
10-22 09:06:25.219  2962  2999 V AudioPolicyService: inserting command: 2 at index 0, num commands 0
10-22 09:06:25.219  2962  2997 V AudioPolicyService: AudioCommandThread() processing set volume stream 1,                             volume 0.000000, output 21
10-22 09:06:25.219  2962  2997 V AudioPolicyService: AudioCommandThread() going to sleep
10-22 09:06:25.220  2962  2999 V APM_AudioPolicyManager: setStreamMute() stream 3, mute 1, mMuteCount 0 device 8000
10-22 09:06:25.220  2962  2999 V AudioPolicyService: AudioCommandThread() adding set volume stream 3, volume 0.000000, output 21
10-22 09:06:25.220  2962  2999 V AudioPolicyService: inserting command: 2 at index 0, num commands 0
10-22 09:06:25.220  2962  2997 V AudioPolicyService: AudioCommandThread() processing set volume stream 3,                             volume 0.000000, output 21
10-22 09:06:25.220  2962  2997 V AudioPolicyService: AudioCommandThread() going to sleep
10-22 09:06:25.220  2962  2999 V APM_AudioPolicyManager: setStrategyMute() strategy 0, mute 0, output ID 14
10-22 09:06:25.220  2962  2999 V APM_AudioPolicyManager: setStreamMute() stream 1, mute 0, mMuteCount 1 device 1000000
10-22 09:06:25.220  2962  2999 V AudioPolicyService: AudioCommandThread() adding set volume stream 1, volume 0.278047, output 21
10-22 09:06:25.220  2962  2999 V AudioPolicyService: inserting command: 2 at index 0, num commands 0
10-22 09:06:25.220  2962  2999 V APM_AudioPolicyManager: setStreamMute() stream 3, mute 0, mMuteCount 1 device 1000000
10-22 09:06:25.220  2962  2997 V AudioPolicyService: AudioCommandThread() going to sleep
10-22 09:06:25.220  2962  2999 V AudioPolicyService: AudioCommandThread() adding set volume stream 3, volume 0.023646, output 21
10-22 09:06:25.220  2962  2999 V AudioPolicyService: inserting command: 2 at index 1, num commands 1
10-22 09:06:25.220  2962  2997 V AudioPolicyService: AudioCommandThread() going to sleep
10-22 09:06:25.220  2962  2999 V APM_AudioPolicyManager: getOutputsForDevice() device 1000000
10-22 09:06:25.220  2962  2999 V APM_AudioPolicyManager: output 0 isDuplicated=0 device=1000000
10-22 09:06:25.220  2962  2999 V APM_AudioPolicyManager: getOutputsForDevice() found output 13
10-22 09:06:25.220  2962  2999 V APM_AudioPolicyManager: output 1 isDuplicated=0 device=8000
10-22 09:06:25.220  2962  2999 V APM_AudioPolicyManager: output 2 isDuplicated=1 device=1008000
10-22 09:06:25.220  2962  2999 V APM_AudioPolicyManager: getOutputsForDevice() found output 29
10-22 09:06:25.220  2962  2999 V AudioFlinger: moveEffects() session 0, srcOutput 21, dstOutput 13
10-22 09:06:25.220  2962  2999 V AudioFlinger: moveEffectChain_l() session 0 from thread 0xe4883740 to thread 0xe5183800
10-22 09:06:25.220  2962  2999 W AudioFlinger: moveEffectChain_l() effect chain for session 0 not on source thread 0xe4883740
10-22 09:06:25.220  2962  2999 V APM_AudioPolicyManager: selectOutputForMusicEffects selected output 13
10-22 09:06:25.220  2962  2999 V AudioFlinger: invalidateStream() stream 1
10-22 09:06:25.220  2962  2999 V AudioFlinger: invalidateStream() stream 3
10-22 09:06:25.220  2962  2999 V APM_AudioPolicyManager: getDeviceForStrategy() from cache strategy 4, device 8000
10-22 09:06:25.220  2962  2999 V APM_AudioPolicyManager: getOutputsForDevice() device 8000
10-22 09:06:25.220  2962  2999 V APM_AudioPolicyManager: output 0 isDuplicated=0 device=1000000
10-22 09:06:25.220  2962  2999 V APM_AudioPolicyManager: output 1 isDuplicated=0 device=8000
10-22 09:06:25.220  2962  2999 V APM_AudioPolicyManager: getOutputsForDevice() found output 21
10-22 09:06:25.220  2962  2999 V APM_AudioPolicyManager: output 2 isDuplicated=1 device=1008000
10-22 09:06:25.220  2962  2999 V APM_AudioPolicyManager: getOutputsForDevice() found output 29
10-22 09:06:25.220  2962  2999 V APM_AudioPolicyManager: getOutputsForDevice() device 1000000
10-22 09:06:25.220  2962  2999 V APM_AudioPolicyManager: output 0 isDuplicated=0 device=1000000
10-22 09:06:25.220  2962  2999 V APM_AudioPolicyManager: getOutputsForDevice() found output 13
10-22 09:06:25.220  2962  2999 V APM_AudioPolicyManager: output 1 isDuplicated=0 device=8000
10-22 09:06:25.220  2962  2999 V APM_AudioPolicyManager: output 2 isDuplicated=1 device=1008000
10-22 09:06:25.220  2962  2999 V APM_AudioPolicyManager: getOutputsForDevice() found output 29
10-22 09:06:25.220  2962  2999 V APM_AudioPolicyManager: checkOutputForStrategy(): policy related outputs
10-22 09:06:25.220  2962  2999 V APM_AudioPolicyManager:  previous outputs: adding 13
10-22 09:06:25.220  2962  2999 V APM_AudioPolicyManager:  new outputs: adding 13
10-22 09:06:25.220  2962  2999 V APM_AudioPolicyManager: checkOutputForStrategy() strategy 4, moving from output 13 to output 13
10-22 09:06:25.220  2962  2999 V AudioFlinger: invalidateStream() stream 8
10-22 09:06:25.220  2962  2999 V APM_AudioPolicyManager: getDeviceForStrategy() from cache strategy 8, device 8000
10-22 09:06:25.220  2962  2999 V APM_AudioPolicyManager: getOutputsForDevice() device 8000
10-22 09:06:25.220  2962  2999 V APM_AudioPolicyManager: output 0 isDuplicated=0 device=1000000
10-22 09:06:25.221  2962  2999 V APM_AudioPolicyManager: output 1 isDuplicated=0 device=8000
10-22 09:06:25.221  2962  2999 V APM_AudioPolicyManager: getOutputsForDevice() found output 21
10-22 09:06:25.221  2962  2999 V APM_AudioPolicyManager: output 2 isDuplicated=1 device=1008000
10-22 09:06:25.221  2962  2999 V APM_AudioPolicyManager: getOutputsForDevice() found output 29
10-22 09:06:25.221  2962  2999 V APM_AudioPolicyManager: getOutputsForDevice() device 1000000
10-22 09:06:25.221  2962  2999 V APM_AudioPolicyManager: output 0 isDuplicated=0 device=1000000
10-22 09:06:25.221  2962  2999 V APM_AudioPolicyManager: getOutputsForDevice() found output 13
10-22 09:06:25.221  2962  2999 V APM_AudioPolicyManager: output 1 isDuplicated=0 device=8000
10-22 09:06:25.221  2962  2999 V APM_AudioPolicyManager: output 2 isDuplicated=1 device=1008000
10-22 09:06:25.221  2962  2999 V APM_AudioPolicyManager: getOutputsForDevice() found output 29
10-22 09:06:25.221  2962  2999 V APM_AudioPolicyManager: checkOutputForStrategy(): policy related outputs
10-22 09:06:25.221  2962  2999 V APM_AudioPolicyManager:  previous outputs: adding 13
10-22 09:06:25.221  2962  2999 V APM_AudioPolicyManager:  new outputs: adding 13
10-22 09:06:25.221  2962  2999 V APM_AudioPolicyManager: checkOutputForStrategy() strategy 8, moving from output 13 to output 13
10-22 09:06:25.221  2962  2999 V AudioFlinger: invalidateStream() stream 11




10-22 09:06:25.221  2962  2999 V APM_AudioPolicyManager: closeOutput(21)
10-22 09:06:25.221  2962  2999 V APM_AudioPolicyManager: closeOutput() closing also duplicated output 29
10-22 09:06:25.221  2962  2999 V AudioFlinger: closeOutput() 29



10-22 09:06:25.223  2962 11203 V AudioPolicyIntefaceImpl: getOutputForAttr()

10-22 09:06:25.224  2962 14012 D AudioFlinger_Thread: ro.audio.silent will be ignored for threads on AUDIO_DEVICE_OUT_REMOTE_SUBMIX
10-22 09:06:25.224  2962  2999 V AudioFlinger_Track: PlaybackThread::Track destructor
10-22 09:06:25.224  2962  2999 V AudioFlinger_Track: PlaybackThread::Track destructor
10-22 09:06:25.224  2962  2999 V APM_AudioPolicyManager: getOutputsForDevice() device 1000000
10-22 09:06:25.224  2962  2999 V APM_AudioPolicyManager: output 0 isDuplicated=0 device=1000000
10-22 09:06:25.224  2962  2999 V APM_AudioPolicyManager: getOutputsForDevice() found output 13
10-22 09:06:25.224  2962  2999 V APM_AudioPolicyManager: output 1 isDuplicated=0 device=8000
10-22 09:06:25.224  2962  2999 V APM_AudioPolicyManager: selectOutputForMusicEffects selected output 13
10-22 09:06:25.224  2962  2999 V AudioPolicyService: AudioCommandThread() adding release patch delay 0
10-22 09:06:25.224  2962  2999 V AudioPolicyService: inserting command: 8 at index 0, num commands 2
10-22 09:06:25.224  2962  2997 V AudioPolicyService: AudioCommandThread() processing release audio patch
10-22 09:06:25.229  2962  2997 V AudioPolicyService: AudioCommandThread() going to sleep
10-22 09:06:25.229  2962  2999 V AudioPolicyService: AudioCommandThread() adding update audio patch list
10-22 09:06:25.229  2962  2999 V AudioPolicyService: inserting command: 10 at index 0, num commands 0
10-22 09:06:25.229  2962  2998 V AudioPolicyService: AudioCommandThread() processing update audio patch list
10-22 09:06:25.229  2962  2998 V AudioPolicyService: AudioCommandThread() going to sleep
10-22 09:06:25.230  2962  2999 V AudioPolicyService: AudioCommandThread() adding set parameter string closing=true, io 21 ,delay 0
10-22 09:06:25.230  2962  2999 V AudioPolicyService: inserting command: 3 at index 0, num commands 2
10-22 09:06:25.230  2962  2997 V AudioPolicyService: AudioCommandThread() processing set parameters string closing=true, io 21
10-22 09:06:25.230  2962  2997 V AudioFlinger: setParameters(): io 21, keyvalue closing=true, calling pid 2962 calling uid 1041
10-22 09:06:25.230  2962  2997 V AudioFlinger: setParameters: filtered keyvalue closing=true
10-22 09:06:25.251  2962  2997 V AudioPolicyService: AudioCommandThread() going to sleep
10-22 09:06:25.251  2962  2999 V AudioFlinger: closeOutput() 21
10-22 09:06:25.275  2962  2999 V APM_AudioPolicyManager: getOutputsForDevice() device 1000000
10-22 09:06:25.275  2962  2999 V APM_AudioPolicyManager: output 0 isDuplicated=0 device=1000000
10-22 09:06:25.275  2962  2999 V APM_AudioPolicyManager: getOutputsForDevice() found output 13
10-22 09:06:25.275  2962  2999 V APM_AudioPolicyManager: selectOutputForMusicEffects selected output 13
10-22 09:06:25.275  2962  2999 V APM_AudioPolicyManager: getNewOutputDevice() selected device 0
10-22 09:06:25.275  2962  2999 V APM_AudioPolicyManager: setOutputDevice() device 0000 delayMs 0
10-22 09:06:25.275  2962  2999 V APM_AudioPolicyManager: setOutputDevice() prevDevice 0x1000000
10-22 09:06:25.275  2962  2999 V APM_AudioPolicyManager: setOutputDevice() changing device
10-22 09:06:25.275  2962  2999 V AudioPolicyService: AudioCommandThread() adding release patch delay 0
10-22 09:06:25.275  2962  2999 V AudioPolicyService: inserting command: 8 at index 0, num commands 2
10-22 09:06:25.276  2962  2997 V AudioPolicyService: AudioCommandThread() processing release audio patch
10-22 09:06:25.276  2962  2997 V AudioPolicyService: AudioCommandThread() going to sleep
10-22 09:06:25.276  2962  2999 V APM_AudioPolicyManager: resetOutputDevice() releaseAudioPatch returned 0
10-22 09:06:25.276  2962  2999 V AudioPolicyService: AudioCommandThread() adding update audio patch list
10-22 09:06:25.276  2962  2999 V AudioPolicyService: inserting command: 10 at index 0, num commands 0
10-22 09:06:25.276  2962  2998 V AudioPolicyService: AudioCommandThread() processing update audio patch list
10-22 09:06:25.277  2962  2998 V AudioPolicyService: AudioCommandThread() going to sleep
10-22 09:06:25.277  2962  2999 V APM_AudioPolicyManager: applyStreamVolumes() for device 00000000
10-22 09:06:25.277  2962  2999 V AudioPolicyService: AudioCommandThread() adding set volume stream 0, volume 0.508023, output 13
10-22 09:06:25.277  2962  2999 V AudioPolicyService: inserting command: 2 at index 0, num commands 2
10-22 09:06:25.277  2962  2997 V AudioPolicyService: AudioCommandThread() processing set volume stream 0,                             volume 0.508023, output 13
10-22 09:06:25.277  2962  2997 V AudioPolicyService: AudioCommandThread() going to sleep
10-22 09:06:25.277  2962  2999 V AudioPolicyService: AudioCommandThread() adding set volume stream 1, volume 0.278047, output 13
10-22 09:06:25.277  2962  2999 V AudioPolicyService: inserting command: 2 at index 0, num commands 2
10-22 09:06:25.277  2962  2997 V AudioPolicyService: AudioCommandThread() processing set volume stream 1,                             volume 0.278047, output 13
10-22 09:06:25.277  2962  2997 V AudioPolicyService: AudioCommandThread() going to sleep
10-22 09:06:25.277  2962  2999 V AudioPolicyService: AudioCommandThread() adding set volume stream 2, volume 0.367283, output 13
10-22 09:06:25.277  2962  2999 V AudioPolicyService: inserting command: 2 at index 0, num commands 2
10-22 09:06:25.277  2962  2997 V AudioPolicyService: AudioCommandThread() processing set volume stream 2,                             volume 0.367283, output 13
10-22 09:06:25.277  2962  2997 V AudioPolicyService: AudioCommandThread() going to sleep
10-22 09:06:25.277  2962  2999 V AudioPolicyService: AudioCommandThread() adding set volume stream 3, volume 0.023646, output 13
10-22 09:06:25.277  2962  2999 V AudioPolicyService: inserting command: 2 at index 0, num commands 2
10-22 09:06:25.277  2962  2997 V AudioPolicyService: AudioCommandThread() processing set volume stream 3,                             volume 0.023646, output 13
10-22 09:06:25.277  2962  2997 V AudioPolicyService: AudioCommandThread() going to sleep
10-22 09:06:25.277  2962  2999 V AudioPolicyService: AudioCommandThread() adding set volume stream 4, volume 0.575441, output 13
10-22 09:06:25.277  2962  2999 V AudioPolicyService: inserting command: 2 at index 0, num commands 2
10-22 09:06:25.278  2962  2997 V AudioPolicyService: AudioCommandThread() processing set volume stream 4,                             volume 0.575441, output 13
10-22 09:06:25.278  2962  2997 V AudioPolicyService: AudioCommandThread() going to sleep
10-22 09:06:25.278  2962  2999 V AudioPolicyService: AudioCommandThread() adding set volume stream 5, volume 0.367283, output 13
10-22 09:06:25.278  2962  2999 V AudioPolicyService: inserting command: 2 at index 0, num commands 2
10-22 09:06:25.278  2962  2997 V AudioPolicyService: AudioCommandThread() processing set volume stream 5,                             volume 0.367283, output 13
10-22 09:06:25.278  2962  2997 V AudioPolicyService: AudioCommandThread() going to sleep
10-22 09:06:25.278  2962  2999 V APM_AudioPolicyManager: checkAndSetVolume() cannot set stream 6 volume with force use = 0 for comm
10-22 09:06:25.278  2962  2999 V AudioPolicyService: AudioCommandThread() adding set volume stream 7, volume 0.278047, output 13
10-22 09:06:25.278  2962  2999 V AudioPolicyService: inserting command: 2 at index 0, num commands 2
10-22 09:06:25.278  2962  2997 V AudioPolicyService: AudioCommandThread() processing set volume stream 7,                             volume 0.278047, output 13
10-22 09:06:25.278  2962  2997 V AudioPolicyService: AudioCommandThread() going to sleep
10-22 09:06:25.278  2962  2999 V AudioPolicyService: AudioCommandThread() adding set volume stream 8, volume 0.289578, output 13
10-22 09:06:25.278  2962  2999 V AudioPolicyService: inserting command: 2 at index 0, num commands 2
10-22 09:06:25.278  2962  2997 V AudioPolicyService: AudioCommandThread() processing set volume stream 8,                             volume 0.289578, output 13
10-22 09:06:25.278  2962  2997 V AudioPolicyService: AudioCommandThread() going to sleep
10-22 09:06:25.278  2962  2999 V APM_AudioPolicyManager: checkAndSetVolume() stream 9 muted count 1
10-22 09:06:25.278  2962  2999 V AudioPolicyService: AudioCommandThread() adding set volume stream 10, volume 0.016983, output 13
10-22 09:06:25.278  2962  2999 V AudioPolicyService: inserting command: 2 at index 0, num commands 2
10-22 09:06:25.278  2962  2997 V AudioPolicyService: AudioCommandThread() processing set volume stream 10,                             volume 0.016983, output 13
10-22 09:06:25.278  2962  2997 V AudioPolicyService: AudioCommandThread() going to sleep
10-22 09:06:25.278  2962  2999 V AudioPolicyService: AudioCommandThread() adding update audio port list
10-22 09:06:25.278  2962  2999 V AudioPolicyService: inserting command: 9 at index 0, num commands 0
10-22 09:06:25.279  2962  2998 V AudioPolicyService: AudioCommandThread() processing update audio port list
10-22 09:06:25.279  2962  2998 V AudioPolicyService: AudioCommandThread() going to sleep
10-22 09:06:25.279  2962  2999 V AudioPolicyService: AudioCommandThread() adding release patch delay 0
10-22 09:06:25.279  2962  2999 V AudioPolicyService: inserting command: 8 at index 0, num commands 2
10-22 09:06:25.279  2962  2997 V AudioPolicyService: AudioCommandThread() processing release audio patch
10-22 09:06:25.280  2962  2997 V AudioPolicyService: AudioCommandThread() going to sleep
10-22 09:06:25.280  2962  2999 V APM_AudioPolicyManager: resetInputDevice() releaseAudioPatch returned 0
10-22 09:06:25.280  2962  2999 V AudioPolicyService: AudioCommandThread() adding update audio patch list
10-22 09:06:25.280  2962  2999 V AudioPolicyService: inserting command: 10 at index 0, num commands 0
10-22 09:06:25.280  2962  2998 V AudioPolicyService: AudioCommandThread() processing update audio patch list
10-22 09:06:25.280  2962  2998 V AudioPolicyService: AudioCommandThread() going to sleep



10-22 09:06:25.280  2962 11203 V APM_AudioPolicyMix: getOutputForAttr() querying 0 mixes:
10-22 09:06:25.280  2962 11203 V APM_AudioPolicyManager: getOutputForAttr() usage=1, content=2, tag= flags=00000200 session 25 selectedDeviceId 0
10-22 09:06:25.280  2962 11203 V APM_AudioPolicyManager: getOutputForAttr() device 0x1000000, sampling rate 44100, format 0x1, channel mask 0x3, flags 0x8
10-22 09:06:25.280  2962 11203 V APM_AudioPolicyManager: getOutputsForDevice() device 1000000
10-22 09:06:25.280  2962 11203 V APM_AudioPolicyManager: output 0 isDuplicated=0 device=1000000
10-22 09:06:25.280  2962 11203 V APM_AudioPolicyManager: getOutputsForDevice() found output 13
10-22 09:06:25.280  2962 11203 V APM_AudioPolicyManager:   getOutputForAttr() returns output 13 selectedDeviceId 2



10-22 09:06:25.280  2962 11203 V AudioFlinger: createTrack() sessionId: 25
10-22 09:06:25.281  2962 11203 W AudioFlinger_Thread: createTrack_l(): mismatch between requested flags (00000008) and output flags (00000006)
10-22 09:06:25.281  2962  3000 V APM_AudioPolicyManager: listAudioPorts() role 0 type 0 num_ports 0 ports 0xe5898040
10-22 09:06:25.281  2962  3000 V APM_AudioPolicyManager: listAudioPorts() got 0 ports needed 5
10-22 09:06:25.281  2962 11203 D AudioFlinger_Thread: Client defaulted notificationFrames to 1772 for frameCount 5316
10-22 09:06:25.281  2962 14013 V APM_AudioPolicyManager: listAudioPorts() role 0 type 0 num_ports 0 ports 0xe58980b0
10-22 09:06:25.281  2962 14013 V APM_AudioPolicyManager: listAudioPorts() got 0 ports needed 5
10-22 09:06:25.282  2962 14013 V APM_AudioPolicyManager: listAudioPorts() role 0 type 0 num_ports 5 ports 0xe58d9400
10-22 09:06:25.282  2962 14013 V APM_AudioPolicyManager: listAudioPorts() got 5 ports needed 5
10-22 09:06:25.282  2962  3000 V APM_AudioPolicyManager: listAudioPorts() role 0 type 0 num_ports 5 ports 0xe58d7800
10-22 09:06:25.282  2962  3000 V APM_AudioPolicyManager: listAudioPorts() got 5 ports needed 5
10-22 09:06:25.284  2962  3000 V APM_AudioPolicyManager: listAudioPorts() role 0 type 0 num_ports 0 ports 0xe5898040
10-22 09:06:25.284  2962  3000 V APM_AudioPolicyManager: listAudioPorts() got 0 ports needed 5
10-22 09:06:25.284  2962  2999 V APM_AudioPolicyManager: releaseInput() 30
10-22 09:06:25.284  2962  2999 V APM_AudioPolicyManager: closeInput(30)
10-22 09:06:25.338  2962 11203 D Track   : #00 pc 0003097f  /system/lib/libaudioflinger.so (android::AudioFlinger::PlaybackThread::Track::Track(android::AudioFlinger::PlaybackThread*, android::sp<android::AudioFlinger::Client> const&, audio_stream_type_t, audio_attributes_t const&, unsigned int, audio_format_t, unsigned int, unsigned int, void*, unsigned int, android::sp<android::IMemory> const&, audio_session_t, unsigned int, audio_output_flags_t, android::AudioFlinger::ThreadBase::TrackBase::track_type, int)+686)
10-22 09:06:25.339  2962 11203 D Track   : #01 pc 0001dd35  /system/lib/libaudioflinger.so (android::AudioFlinger::PlaybackThread::createTrack_l(android::sp<android::AudioFlinger::Client> const&, audio_stream_type_t, audio_attributes_t const&, unsigned int*, audio_format_t, unsigned int, unsigned int*, unsigned int*, unsigned int, float, android::sp<android::IMemory> const&, audio_session_t, audio_output_flags_t*, int, unsigned int, int*, int)+1356)
10-22 09:06:25.339  2962 11203 D Track   : #02 pc 0001382b  /system/lib/libaudioflinger.so (android::AudioFlinger::createTrack(android::IAudioFlinger::CreateTrackInput const&, android::IAudioFlinger::CreateTrackOutput&, int*)+926)
10-22 09:06:25.339  2962 11203 D Track   : #03 pc 0003b9ff  /system/lib/libaudioclient.so (android::BnAudioFlinger::onAudioTransact(unsigned int, android::Parcel const&, android::Parcel*, unsigned int)+3722)
10-22 09:06:25.339  2962 11203 D Track   : #04 pc 0003ab13  /system/lib/libaudioclient.so (android::BnAudioFlinger::onTransact(unsigned int, android::Parcel const&, android::Parcel*, unsigned int)+430)
10-22 09:06:25.339  2962 11203 D Track   : #05 pc 000361cf  /system/lib/libbinder.so (android::BBinder::transact(unsigned int, android::Parcel const&, android::Parcel*, unsigned int)+70)
10-22 09:06:25.339  2962 11203 D Track   : #06 pc 0003da17  /system/lib/libbinder.so (android::IPCThreadState::executeCommand(int)+410)
10-22 09:06:25.339  2962 11203 D Track   : #07 pc 0003d7a3  /system/lib/libbinder.so (android::IPCThreadState::getAndExecuteCommand()+106)
10-22 09:06:25.339  2962 11203 D Track   : #08 pc 0003dccb  /system/lib/libbinder.so (android::IPCThreadState::joinThreadPool(bool)+38)
10-22 09:06:25.339  2962 11203 D Track   : #09 pc 000546fd  /system/lib/libbinder.so (android::PoolThread::threadLoop()+12)
10-22 09:06:25.339  2962 11203 D Track   : #10 pc 0000c147  /system/lib/libutils.so (android::Thread::_threadLoop(void*)+166)
10-22 09:06:25.339  2962 11203 D Track   : #11 pc 00063c85  /system/lib/libc.so (__pthread_start(void*)+22)
10-22 09:06:25.339  2962 11203 D Track   : #12 pc 0001e085  /system/lib/libc.so (__start_thread+22)
10-22 09:06:25.340  2962  2999 V AudioFlinger: closeInput() 30
10-22 09:06:25.341  2962  2999 V AudioPolicyService: AudioCommandThread() adding update audio port list
10-22 09:06:25.341  2962  2999 V AudioPolicyService: inserting command: 9 at index 0, num commands 0
10-22 09:06:25.342  2962  2998 V AudioPolicyService: AudioCommandThread() processing update audio port list
10-22 09:06:25.342  2962  2998 V AudioPolicyService: AudioCommandThread() going to sleep
10-22 09:06:25.342  2962  2999 V APM_AudioPolicyManager: releaseInput() exit
10-22 09:06:25.342  2962  2999 V AudioFlinger_Track: ~RecordTrack






































10-22 09:06:25.342  2962 14013 V APM_AudioPolicyManager: listAudioPorts() role 0 type 0 num_ports 0 ports 0xe58980b0
10-22 09:06:25.342  2962 14013 V APM_AudioPolicyManager: listAudioPorts() got 0 ports needed 4
10-22 09:06:25.342  2962  2999 V AudioFlinger: removeClient_l() pid 13971, calling pid 2962
10-22 09:06:25.342  2962  3000 V APM_AudioPolicyManager: listAudioPorts() role 0 type 0 num_ports 5 ports 0xe58d7800
10-22 09:06:25.342  2962  3000 V APM_AudioPolicyManager: listAudioPorts() got 4 ports needed 4
10-22 09:06:25.343  2962 11203 V APM_AudioPolicyManager: listAudioPorts() role 0 type 0 num_ports 4 ports 0xe58e3800
10-22 09:06:25.343  2962 11203 V APM_AudioPolicyManager: listAudioPorts() got 4 ports needed 4
10-22 09:06:25.343  2962  2999 V APM_AudioPolicyManager: listAudioPorts() role 0 type 0 num_ports 0 ports 0xe58981a0
