10-22 09:06:25.343  2962  2999 V APM_AudioPolicyManager: listAudioPorts() got 0 ports needed 4
10-22 09:06:25.343  2962  3000 V AudioPolicyIntefaceImpl: releaseOutput()
10-22 09:06:25.343  2962  3000 V AudioPolicyService: AudioCommandThread() adding release output 21
10-22 09:06:25.343  2962  3000 V AudioPolicyService: inserting command: 6 at index 0, num commands 0
10-22 09:06:25.343  2962  3000 V AudioFlinger_Track: PlaybackThread::Track destructor
10-22 09:06:25.343  2962  2998 V AudioPolicyService: AudioCommandThread() processing release output 21
10-22 09:06:25.343  2962  2998 V AudioPolicyIntefaceImpl: doReleaseOutput from tid 2998
10-22 09:06:25.343  2962  2998 V APM_AudioPolicyManager: releaseOutput() 21
10-22 09:06:25.343  2962 10902 V AudioFlinger_Track: start(0xe498d280 0), calling pid 10790 session 25
10-22 09:06:25.343  2962  2998 W APM_AudioPolicyManager: releaseOutput() releasing unknown output 21
10-22 09:06:25.343  2962 10902 V AudioFlinger_Track: ? => ACTIVE (0) on thread 0xe498d280
10-22 09:06:25.343  2962  2998 V AudioPolicyService: AudioCommandThread() going to sleep
10-22 09:06:25.343  2962 10902 V AudioPolicyIntefaceImpl: startOutput()
10-22 09:06:25.343  2962 10902 V APM_AudioPolicyManager: startOutput() output 13, stream 3, session 25
10-22 09:06:25.343  2962 10902 V APM_AudioPolicyManager: setBeaconMute(1) mBeaconMuteRefCount=2 mBeaconPlayingRefCount=0
10-22 09:06:25.343  2962 10902 V APM_AudioPolicyManager: getOutputsForDevice() device 1000000
10-22 09:06:25.343  2962 10902 V APM_AudioPolicyManager: output 0 isDuplicated=0 device=1000000
10-22 09:06:25.343  2962 10902 V APM_AudioPolicyManager: getOutputsForDevice() found output 13
10-22 09:06:25.343  2962 10902 V APM_AudioPolicyManager: selectOutputForMusicEffects activeOnly 1 output 13 flags 0x00000002
10-22 09:06:25.343  2962 10902 V APM_AudioPolicyManager: selectOutputForMusicEffects selected output 13
10-22 09:06:25.343  2962 10902 V APM_AudioPolicyManager: setOutputDevice() device 1000000 delayMs 0
10-22 09:06:25.343  2962 10902 V APM_AudioPolicyManager: setOutputDevice() prevDevice 0x1000000
10-22 09:06:25.343  2962 10902 V APM_AudioPolicyManager: setOutputDevice: suppressing checkDeviceMuteStrategies
10-22 09:06:25.343  2962 10902 V APM_AudioPolicyManager: setOutputDevice() changing device
10-22 09:06:25.344  2962 10902 V APM_AudioPolicyManager: applyStreamVolumes() for device 01000000
10-22 09:06:25.344  2962 10902 V APM_AudioPolicyManager: checkAndSetVolume() cannot set stream 6 volume with force use = 0 for comm
10-22 09:06:25.344  2962 10902 V APM_AudioPolicyManager: checkAndSetVolume() stream 9 muted count 1
10-22 09:06:25.344  2962 10902 V APM_AudioPolicyManager: getDeviceForStrategy() from cache strategy 3, device 1000000
10-22 09:06:25.344  2962 10902 V APM_AudioPolicyManager: getOutputsForDevice() device 1000000
10-22 09:06:25.344  2962 10902 V APM_AudioPolicyManager: output 0 isDuplicated=0 device=1000000
10-22 09:06:25.344  2962 10902 V APM_AudioPolicyManager: getOutputsForDevice() found output 13
10-22 09:06:25.344  2962 10902 V APM_AudioPolicyManager: getOutputsForDevice() device 1000000
10-22 09:06:25.344  2962 10902 V APM_AudioPolicyManager: output 0 isDuplicated=0 device=1000000
10-22 09:06:25.344  2962 10902 V APM_AudioPolicyManager: getOutputsForDevice() found output 13
10-22 09:06:25.344  2962 10902 V APM_AudioPolicyManager: checkOutputForStrategy(): policy related outputs
10-22 09:06:25.344  2962 10902 V APM_AudioPolicyManager:  previous outputs: adding 13
10-22 09:06:25.344  2962 10902 V APM_AudioPolicyManager:  new outputs: adding 13
10-22 09:06:25.345  2962 14013 V APM_AudioPolicyManager: listAudioPorts() role 0 type 0 num_ports 0 ports 0xe58980b0
10-22 09:06:25.345  2962 14013 V APM_AudioPolicyManager: listAudioPorts() got 0 ports needed 4
10-22 09:06:25.345  2962 14013 V APM_AudioPolicyManager: listAudioPorts() role 0 type 0 num_ports 4 ports 0xe58e0800
10-22 09:06:25.345  2962 14013 V APM_AudioPolicyManager: listAudioPorts() got 4 ports needed 4
10-22 09:06:25.346  2962 14013 V APM_AudioPolicyManager: listAudioPorts() role 0 type 0 num_ports 0 ports 0xe58980b0
10-22 09:06:25.346  2962 14013 V APM_AudioPolicyManager: listAudioPorts() got 0 ports needed 4
10-22 09:06:25.346  2962  2999 V APM_AudioPolicyManager: listAudioPorts() role 0 type 0 num_ports 4 ports 0xe540c800
10-22 09:06:25.347  2962  2999 V APM_AudioPolicyManager: listAudioPorts() got 4 ports needed 4
10-22 09:06:25.347  2962 14013 V APM_AudioPolicyManager: listAudioPorts() role 0 type 0 num_ports 4 ports 0xe58e0800
10-22 09:06:25.347  2962 14013 V APM_AudioPolicyManager: listAudioPorts() got 4 ports needed 4
10-22 09:06:25.349  2962 11203 V APM_AudioPolicyManager: listAudioPorts() role 0 type 0 num_ports 0 ports 0xe58981f0
10-22 09:06:25.349  2962 11203 V APM_AudioPolicyManager: listAudioPorts() got 0 ports needed 4
10-22 09:06:25.349  2962 14013 V APM_AudioPolicyManager: listAudioPorts() role 0 type 0 num_ports 4 ports 0xe58e0800
10-22 09:06:25.349  2962 14013 V APM_AudioPolicyManager: listAudioPorts() got 4 ports needed 4
10-22 09:06:25.350  2962 14013 V APM_AudioPolicyManager: listAudioPorts() role 0 type 0 num_ports 0 ports 0xe58980b0
10-22 09:06:25.350  2962 14013 V APM_AudioPolicyManager: listAudioPorts() got 0 ports needed 4
10-22 09:06:25.350  2962 14013 V APM_AudioPolicyManager: listAudioPorts() role 0 type 0 num_ports 4 ports 0xe58e0800
10-22 09:06:25.350  2962 14013 V APM_AudioPolicyManager: listAudioPorts() got 4 ports needed 4
10-22 09:06:25.458  2962 11203 V APM_AudioPolicyManager: listAudioPorts() role 0 type 0 num_ports 0 ports 0xe58981f0
10-22 09:06:25.458  2962 11203 V APM_AudioPolicyManager: listAudioPorts() got 0 ports needed 4
10-22 09:06:25.458  2962 11203 V APM_AudioPolicyManager: listAudioPorts() role 0 type 0 num_ports 4 ports 0xe58e3800
10-22 09:06:25.458  2962 11203 V APM_AudioPolicyManager: listAudioPorts() got 4 ports needed 4
10-22 09:06:25.474  2962 11203 V APM_AudioPolicyManager: registerPolicyMixes() 1 mix(es)
10-22 09:06:25.474  2962 11203 V APM_AudioPolicyManager:  registerPolicyMixes() mix 0 of 1 is RENDER, dev=0x1000000 addr=bus0_media_out
10-22 09:06:25.474  2962 11203 E APM_AudioPolicyManager:  Output not found for mix 0 for device 0x1000000 addr bus0_media_out
10-22 09:06:25.474  2962 11203 V APM_AudioPolicyManager: unregisterPolicyMixes() num mixes 1
10-22 09:06:25.474  2962 11203 E APM_AudioPolicyMix: unregisterPolicyMixes(): mix for address bus0_media_out not registered
10-22 09:06:25.481  2962 11203 V APM_AudioPolicyManager: setAudioPortConfig()
10-22 09:06:25.481  2962 11203 V APM_AudioPolicyManager: setAudioPortConfig() on port handle 2
10-22 09:06:25.481  2962 11203 V AudioPolicyService: AudioCommandThread() adding set port config delay 0
10-22 09:06:25.482  2962 11203 V AudioPolicyService: inserting command: 11 at index 0, num commands 2
10-22 09:06:25.482  2962  2997 V AudioPolicyService: AudioCommandThread() processing set port config
10-22 09:06:25.482  2962  2997 V AudioPolicyService: AudioCommandThread() going to sleep
10-22 09:06:25.547  2962 11203 V APM_AudioPolicyManager: unregisterPolicyMixes() num mixes 1
10-22 09:06:25.547  2962 11203 E APM_AudioPolicyMix: unregisterPolicyMixes(): mix for address bus0_media_out not registered
10-22 09:06:25.560  2962  2997 V AudioPolicyService: AudioCommandThread() processing set volume stream 1,                             volume 0.278047, output 21
10-22 09:06:25.560  2962  2997 V AudioPolicyService: AudioCommandThread() processing set volume stream 3,                             volume 0.023646, output 21
10-22 09:06:25.560  2962  2997 V AudioPolicyService: AudioCommandThread() going to sleep
10-22 09:06:25.845  2962 11203 V APM_AudioPolicyManager: listAudioPorts() role 0 type 0 num_ports 0 ports 0xe58981f0
10-22 09:06:25.845  2962 11203 V APM_AudioPolicyManager: listAudioPorts() got 0 ports needed 4
10-22 09:06:25.845  2962 11203 V APM_AudioPolicyManager: listAudioPorts() role 0 type 0 num_ports 4 ports 0xe58e3800
10-22 09:06:25.845  2962 11203 V APM_AudioPolicyManager: listAudioPorts() got 4 ports needed 4
10-22 09:06:25.858  2962 11203 V APM_AudioPolicyManager: registerPolicyMixes() 1 mix(es)
10-22 09:06:25.858  2962 11203 V APM_AudioPolicyManager:  registerPolicyMixes() mix 0 of 1 is RENDER, dev=0x1000000 addr=bus0_media_out
10-22 09:06:25.858  2962 11203 E APM_AudioPolicyManager:  Output not found for mix 0 for device 0x1000000 addr bus0_media_out
10-22 09:06:25.858  2962 11203 V APM_AudioPolicyManager: unregisterPolicyMixes() num mixes 1
10-22 09:06:25.858  2962 11203 E APM_AudioPolicyMix: unregisterPolicyMixes(): mix for address bus0_media_out not registered
10-22 09:06:25.866  2962 11203 V APM_AudioPolicyManager: setAudioPortConfig()
10-22 09:06:25.866  2962 11203 V APM_AudioPolicyManager: setAudioPortConfig() on port handle 2
10-22 09:06:25.866  2962 11203 V AudioPolicyService: AudioCommandThread() adding set port config delay 0
10-22 09:06:25.866  2962 11203 V AudioPolicyService: inserting command: 11 at index 0, num commands 0
10-22 09:06:25.866  2962  2997 V AudioPolicyService: AudioCommandThread() processing set port config
10-22 09:06:25.867  2962  2997 V AudioPolicyService: AudioCommandThread() going to sleep
10-22 09:06:25.923  2962 11203 V APM_AudioPolicyManager: unregisterPolicyMixes() num mixes 1
10-22 09:06:25.923  2962 11203 E APM_AudioPolicyMix: unregisterPolicyMixes(): mix for address bus0_media_out not registered
10-22 09:06:26.215  2962 11203 V APM_AudioPolicyManager: listAudioPorts() role 0 type 0 num_ports 0 ports 0xe58981f0
10-22 09:06:26.215  2962 11203 V APM_AudioPolicyManager: listAudioPorts() got 0 ports needed 4
10-22 09:06:26.216  2962 11203 V APM_AudioPolicyManager: listAudioPorts() role 0 type 0 num_ports 4 ports 0xe58e3800
10-22 09:06:26.216  2962 11203 V APM_AudioPolicyManager: listAudioPorts() got 4 ports needed 4
10-22 09:06:26.229  2962 11203 V APM_AudioPolicyManager: registerPolicyMixes() 1 mix(es)
10-22 09:06:26.229  2962 11203 V APM_AudioPolicyManager:  registerPolicyMixes() mix 0 of 1 is RENDER, dev=0x1000000 addr=bus0_media_out
10-22 09:06:26.229  2962 11203 E APM_AudioPolicyManager:  Output not found for mix 0 for device 0x1000000 addr bus0_media_out
10-22 09:06:26.229  2962 11203 V APM_AudioPolicyManager: unregisterPolicyMixes() num mixes 1
10-22 09:06:26.229  2962 11203 E APM_AudioPolicyMix: unregisterPolicyMixes(): mix for address bus0_media_out not registered
10-22 09:06:26.239  2962 11203 V APM_AudioPolicyManager: setAudioPortConfig()
10-22 09:06:26.239  2962 11203 V APM_AudioPolicyManager: setAudioPortConfig() on port handle 2
10-22 09:06:26.239  2962 11203 V AudioPolicyService: AudioCommandThread() adding set port config delay 0
10-22 09:06:26.239  2962 11203 V AudioPolicyService: inserting command: 11 at index 0, num commands 0
10-22 09:06:26.239  2962  2997 V AudioPolicyService: AudioCommandThread() processing set port config
10-22 09:06:26.240  2962  2997 V AudioPolicyService: AudioCommandThread() going to sleep
10-22 09:06:26.287  2962 11203 V APM_AudioPolicyManager: unregisterPolicyMixes() num mixes 1
10-22 09:06:26.287  2962 11203 E APM_AudioPolicyMix: unregisterPolicyMixes(): mix for address bus0_media_out not registered
10-22 09:06:26.596  2962 11203 V APM_AudioPolicyManager: listAudioPorts() role 0 type 0 num_ports 0 ports 0xe58981f0
10-22 09:06:26.596  2962 11203 V APM_AudioPolicyManager: listAudioPorts() got 0 ports needed 4
10-22 09:06:26.596  2962 11203 V APM_AudioPolicyManager: listAudioPorts() role 0 type 0 num_ports 4 ports 0xe58e3800
10-22 09:06:26.596  2962 11203 V APM_AudioPolicyManager: listAudioPorts() got 4 ports needed 4
10-22 09:06:26.611  2962 11203 V APM_AudioPolicyManager: registerPolicyMixes() 1 mix(es)
10-22 09:06:26.611  2962 11203 V APM_AudioPolicyManager:  registerPolicyMixes() mix 0 of 1 is RENDER, dev=0x1000000 addr=bus0_media_out
10-22 09:06:26.611  2962 11203 E APM_AudioPolicyManager:  Output not found for mix 0 for device 0x1000000 addr bus0_media_out
10-22 09:06:26.611  2962 11203 V APM_AudioPolicyManager: unregisterPolicyMixes() num mixes 1
10-22 09:06:26.611  2962 11203 E APM_AudioPolicyMix: unregisterPolicyMixes(): mix for address bus0_media_out not registered
10-22 09:06:26.621  2962 11203 V APM_AudioPolicyManager: setAudioPortConfig()
10-22 09:06:26.621  2962 11203 V APM_AudioPolicyManager: setAudioPortConfig() on port handle 2
10-22 09:06:26.621  2962 11203 V AudioPolicyService: AudioCommandThread() adding set port config delay 0
10-22 09:06:26.621  2962 11203 V AudioPolicyService: inserting command: 11 at index 0, num commands 0
10-22 09:06:26.621  2962  2997 V AudioPolicyService: AudioCommandThread() processing set port config
10-22 09:06:26.621  2962  2997 V AudioPolicyService: AudioCommandThread() going to sleep
10-22 09:06:26.683  2962 11203 V APM_AudioPolicyManager: unregisterPolicyMixes() num mixes 1
10-22 09:06:26.683  2962 11203 E APM_AudioPolicyMix: unregisterPolicyMixes(): mix for address bus0_media_out not registered
10-22 09:06:26.978  2962 11203 V APM_AudioPolicyManager: listAudioPorts() role 0 type 0 num_ports 0 ports 0xe58981f0
10-22 09:06:26.978  2962 11203 V APM_AudioPolicyManager: listAudioPorts() got 0 ports needed 4
10-22 09:06:26.979  2962 11203 V APM_AudioPolicyManager: listAudioPorts() role 0 type 0 num_ports 4 ports 0xe58e3800
10-22 09:06:26.979  2962 11203 V APM_AudioPolicyManager: listAudioPorts() got 4 ports needed 4
10-22 09:06:26.992  2962 11203 V APM_AudioPolicyManager: registerPolicyMixes() 1 mix(es)
10-22 09:06:26.992  2962 11203 V APM_AudioPolicyManager:  registerPolicyMixes() mix 0 of 1 is RENDER, dev=0x1000000 addr=bus0_media_out
10-22 09:06:26.992  2962 11203 E APM_AudioPolicyManager:  Output not found for mix 0 for device 0x1000000 addr bus0_media_out
10-22 09:06:26.992  2962 11203 V APM_AudioPolicyManager: unregisterPolicyMixes() num mixes 1
10-22 09:06:26.992  2962 11203 E APM_AudioPolicyMix: unregisterPolicyMixes(): mix for address bus0_media_out not registered
10-22 09:06:27.000  2962 11203 V APM_AudioPolicyManager: setAudioPortConfig()
10-22 09:06:27.000  2962 11203 V APM_AudioPolicyManager: setAudioPortConfig() on port handle 2
10-22 09:06:27.000  2962 11203 V AudioPolicyService: AudioCommandThread() adding set port config delay 0
10-22 09:06:27.000  2962 11203 V AudioPolicyService: inserting command: 11 at index 0, num commands 0
10-22 09:06:27.000  2962  2997 V AudioPolicyService: AudioCommandThread() processing set port config
10-22 09:06:27.000  2962  2997 V AudioPolicyService: AudioCommandThread() going to sleep
10-22 09:06:27.055  2962 11203 V APM_AudioPolicyManager: unregisterPolicyMixes() num mixes 1
10-22 09:06:27.055  2962 11203 E APM_AudioPolicyMix: unregisterPolicyMixes(): mix for address bus0_media_out not registered
10-22 09:06:27.365  2962 11203 V APM_AudioPolicyManager: listAudioPorts() role 0 type 0 num_ports 0 ports 0xe58981f0
10-22 09:06:27.365  2962 11203 V APM_AudioPolicyManager: listAudioPorts() got 0 ports needed 4
10-22 09:06:27.366  2962 11203 V APM_AudioPolicyManager: listAudioPorts() role 0 type 0 num_ports 4 ports 0xe58e3800
10-22 09:06:27.366  2962 11203 V APM_AudioPolicyManager: listAudioPorts() got 4 ports needed 4
10-22 09:06:27.379  2962 11203 V APM_AudioPolicyManager: registerPolicyMixes() 1 mix(es)
10-22 09:06:27.379  2962 11203 V APM_AudioPolicyManager:  registerPolicyMixes() mix 0 of 1 is RENDER, dev=0x1000000 addr=bus0_media_out
10-22 09:06:27.379  2962 11203 E APM_AudioPolicyManager:  Output not found for mix 0 for device 0x1000000 addr bus0_media_out
10-22 09:06:27.379  2962 11203 V APM_AudioPolicyManager: unregisterPolicyMixes() num mixes 1
10-22 09:06:27.379  2962 11203 E APM_AudioPolicyMix: unregisterPolicyMixes(): mix for address bus0_media_out not registered
10-22 09:06:27.387  2962 11203 V APM_AudioPolicyManager: setAudioPortConfig()
10-22 09:06:27.387  2962 11203 V APM_AudioPolicyManager: setAudioPortConfig() on port handle 2
10-22 09:06:27.387  2962 11203 V AudioPolicyService: AudioCommandThread() adding set port config delay 0
10-22 09:06:27.387  2962 11203 V AudioPolicyService: inserting command: 11 at index 0, num commands 0
10-22 09:06:27.387  2962  2997 V AudioPolicyService: AudioCommandThread() processing set port config
10-22 09:06:27.387  2962  2997 V AudioPolicyService: AudioCommandThread() going to sleep
10-22 09:06:27.438  2962 11203 V APM_AudioPolicyManager: unregisterPolicyMixes() num mixes 1
10-22 09:06:27.438  2962 11203 E APM_AudioPolicyMix: unregisterPolicyMixes(): mix for address bus0_media_out not registered
10-22 09:06:27.738  2962 11203 V APM_AudioPolicyManager: listAudioPorts() role 0 type 0 num_ports 0 ports 0xe58981f0
10-22 09:06:27.738  2962 11203 V APM_AudioPolicyManager: listAudioPorts() got 0 ports needed 4
10-22 09:06:27.738  2962 11203 V APM_AudioPolicyManager: listAudioPorts() role 0 type 0 num_ports 4 ports 0xe58e3800
10-22 09:06:27.738  2962 11203 V APM_AudioPolicyManager: listAudioPorts() got 4 ports needed 4
10-22 09:06:27.755  2962 11203 V APM_AudioPolicyManager: registerPolicyMixes() 1 mix(es)
10-22 09:06:27.755  2962 11203 V APM_AudioPolicyManager:  registerPolicyMixes() mix 0 of 1 is RENDER, dev=0x1000000 addr=bus0_media_out
10-22 09:06:27.755  2962 11203 E APM_AudioPolicyManager:  Output not found for mix 0 for device 0x1000000 addr bus0_media_out
10-22 09:06:27.755  2962 11203 V APM_AudioPolicyManager: unregisterPolicyMixes() num mixes 1
10-22 09:06:27.755  2962 11203 E APM_AudioPolicyMix: unregisterPolicyMixes(): mix for address bus0_media_out not registered
10-22 09:06:27.765  2962 11203 V APM_AudioPolicyManager: setAudioPortConfig()
10-22 09:06:27.765  2962 11203 V APM_AudioPolicyManager: setAudioPortConfig() on port handle 2
10-22 09:06:27.765  2962 11203 V AudioPolicyService: AudioCommandThread() adding set port config delay 0
10-22 09:06:27.765  2962 11203 V AudioPolicyService: inserting command: 11 at index 0, num commands 0
10-22 09:06:27.765  2962  2997 V AudioPolicyService: AudioCommandThread() processing set port config
10-22 09:06:27.765  2962  2997 V AudioPolicyService: AudioCommandThread() going to sleep
10-22 09:06:27.840  2962 11203 V APM_AudioPolicyManager: unregisterPolicyMixes() num mixes 1
10-22 09:06:27.840  2962 11203 E APM_AudioPolicyMix: unregisterPolicyMixes(): mix for address bus0_media_out not registered
10-22 09:06:28.121  2962 11203 V APM_AudioPolicyManager: listAudioPorts() role 0 type 0 num_ports 0 ports 0xe58981f0
10-22 09:06:28.121  2962 11203 V APM_AudioPolicyManager: listAudioPorts() got 0 ports needed 4
10-22 09:06:28.121  2962 11203 V APM_AudioPolicyManager: listAudioPorts() role 0 type 0 num_ports 4 ports 0xe58e3800
10-22 09:06:28.122  2962 11203 V APM_AudioPolicyManager: listAudioPorts() got 4 ports needed 4
10-22 09:06:28.134  2962 11203 V APM_AudioPolicyManager: registerPolicyMixes() 1 mix(es)
10-22 09:06:28.134  2962 11203 V APM_AudioPolicyManager:  registerPolicyMixes() mix 0 of 1 is RENDER, dev=0x1000000 addr=bus0_media_out
10-22 09:06:28.134  2962 11203 E APM_AudioPolicyManager:  Output not found for mix 0 for device 0x1000000 addr bus0_media_out
10-22 09:06:28.134  2962 11203 V APM_AudioPolicyManager: unregisterPolicyMixes() num mixes 1
10-22 09:06:28.134  2962 11203 E APM_AudioPolicyMix: unregisterPolicyMixes(): mix for address bus0_media_out not registered
10-22 09:06:28.142  2962 11203 V APM_AudioPolicyManager: setAudioPortConfig()
10-22 09:06:28.142  2962 11203 V APM_AudioPolicyManager: setAudioPortConfig() on port handle 2
10-22 09:06:28.142  2962 11203 V AudioPolicyService: AudioCommandThread() adding set port config delay 0
10-22 09:06:28.142  2962 11203 V AudioPolicyService: inserting command: 11 at index 0, num commands 0
10-22 09:06:28.142  2962  2997 V AudioPolicyService: AudioCommandThread() processing set port config
10-22 09:06:28.142  2962  2997 V AudioPolicyService: AudioCommandThread() going to sleep
10-22 09:06:28.190  2962 11203 V APM_AudioPolicyManager: unregisterPolicyMixes() num mixes 1
10-22 09:06:28.190  2962 11203 E APM_AudioPolicyMix: unregisterPolicyMixes(): mix for address bus0_media_out not registered
10-22 09:06:28.507  2962 11203 V APM_AudioPolicyManager: listAudioPorts() role 0 type 0 num_ports 0 ports 0xe58981f0
10-22 09:06:28.507  2962 11203 V APM_AudioPolicyManager: listAudioPorts() got 0 ports needed 4
10-22 09:06:28.507  2962 11203 V APM_AudioPolicyManager: listAudioPorts() role 0 type 0 num_ports 4 ports 0xe58e3800
10-22 09:06:28.507  2962 11203 V APM_AudioPolicyManager: listAudioPorts() got 4 ports needed 4
10-22 09:06:28.520  2962 11203 V APM_AudioPolicyManager: registerPolicyMixes() 1 mix(es)
10-22 09:06:28.520  2962 11203 V APM_AudioPolicyManager:  registerPolicyMixes() mix 0 of 1 is RENDER, dev=0x1000000 addr=bus0_media_out
10-22 09:06:28.520  2962 11203 E APM_AudioPolicyManager:  Output not found for mix 0 for device 0x1000000 addr bus0_media_out
10-22 09:06:28.520  2962 11203 V APM_AudioPolicyManager: unregisterPolicyMixes() num mixes 1
10-22 09:06:28.520  2962 11203 E APM_AudioPolicyMix: unregisterPolicyMixes(): mix for address bus0_media_out not registered
10-22 09:06:28.527  2962 11203 V APM_AudioPolicyManager: setAudioPortConfig()
10-22 09:06:28.528  2962 11203 V APM_AudioPolicyManager: setAudioPortConfig() on port handle 2
10-22 09:06:28.528  2962 11203 V AudioPolicyService: AudioCommandThread() adding set port config delay 0
10-22 09:06:28.528  2962 11203 V AudioPolicyService: inserting command: 11 at index 0, num commands 0
10-22 09:06:28.528  2962  2997 V AudioPolicyService: AudioCommandThread() processing set port config
10-22 09:06:28.528  2962  2997 V AudioPolicyService: AudioCommandThread() going to sleep
10-22 09:06:28.590  2962 11203 V APM_AudioPolicyManager: unregisterPolicyMixes() num mixes 1
10-22 09:06:28.590  2962 11203 E APM_AudioPolicyMix: unregisterPolicyMixes(): mix for address bus0_media_out not registered
10-22 09:06:28.873  2962 11203 V APM_AudioPolicyManager: listAudioPorts() role 0 type 0 num_ports 0 ports 0xe58981f0
10-22 09:06:28.873  2962 11203 V APM_AudioPolicyManager: listAudioPorts() got 0 ports needed 4
10-22 09:06:28.873  2962 11203 V APM_AudioPolicyManager: listAudioPorts() role 0 type 0 num_ports 4 ports 0xe58e3800
10-22 09:06:28.873  2962 11203 V APM_AudioPolicyManager: listAudioPorts() got 4 ports needed 4
10-22 09:06:28.887  2962 11203 V APM_AudioPolicyManager: registerPolicyMixes() 1 mix(es)
10-22 09:06:28.887  2962 11203 V APM_AudioPolicyManager:  registerPolicyMixes() mix 0 of 1 is RENDER, dev=0x1000000 addr=bus0_media_out
10-22 09:06:28.887  2962 11203 E APM_AudioPolicyManager:  Output not found for mix 0 for device 0x1000000 addr bus0_media_out
10-22 09:06:28.887  2962 11203 V APM_AudioPolicyManager: unregisterPolicyMixes() num mixes 1
10-22 09:06:28.887  2962 11203 E APM_AudioPolicyMix: unregisterPolicyMixes(): mix for address bus0_media_out not registered
10-22 09:06:28.895  2962 11203 V APM_AudioPolicyManager: setAudioPortConfig()
10-22 09:06:28.895  2962 11203 V APM_AudioPolicyManager: setAudioPortConfig() on port handle 2
10-22 09:06:28.895  2962 11203 V AudioPolicyService: AudioCommandThread() adding set port config delay 0
10-22 09:06:28.895  2962 11203 V AudioPolicyService: inserting command: 11 at index 0, num commands 0
10-22 09:06:28.895  2962  2997 V AudioPolicyService: AudioCommandThread() processing set port config
10-22 09:06:28.895  2962  2997 V AudioPolicyService: AudioCommandThread() going to sleep
10-22 09:06:28.951  2962 11203 V APM_AudioPolicyManager: unregisterPolicyMixes() num mixes 1
10-22 09:06:28.951  2962 11203 E APM_AudioPolicyMix: unregisterPolicyMixes(): mix for address bus0_media_out not registered
10-22 09:06:29.243  2962 11203 V APM_AudioPolicyManager: listAudioPorts() role 0 type 0 num_ports 0 ports 0xe58981f0
10-22 09:06:29.243  2962 11203 V APM_AudioPolicyManager: listAudioPorts() got 0 ports needed 4
10-22 09:06:29.243  2962 11203 V APM_AudioPolicyManager: listAudioPorts() role 0 type 0 num_ports 4 ports 0xe58e3800
10-22 09:06:29.243  2962 11203 V APM_AudioPolicyManager: listAudioPorts() got 4 ports needed 4
10-22 09:06:29.256  2962 11203 V APM_AudioPolicyManager: registerPolicyMixes() 1 mix(es)
10-22 09:06:29.256  2962 11203 V APM_AudioPolicyManager:  registerPolicyMixes() mix 0 of 1 is RENDER, dev=0x1000000 addr=bus0_media_out
10-22 09:06:29.256  2962 11203 E APM_AudioPolicyManager:  Output not found for mix 0 for device 0x1000000 addr bus0_media_out
10-22 09:06:29.256  2962 11203 V APM_AudioPolicyManager: unregisterPolicyMixes() num mixes 1
10-22 09:06:29.256  2962 11203 E APM_AudioPolicyMix: unregisterPolicyMixes(): mix for address bus0_media_out not registered
10-22 09:06:29.264  2962 11203 V APM_AudioPolicyManager: setAudioPortConfig()
10-22 09:06:29.264  2962 11203 V APM_AudioPolicyManager: setAudioPortConfig() on port handle 2
10-22 09:06:29.264  2962 11203 V AudioPolicyService: AudioCommandThread() adding set port config delay 0
10-22 09:06:29.264  2962 11203 V AudioPolicyService: inserting command: 11 at index 0, num commands 0
10-22 09:06:29.264  2962  2997 V AudioPolicyService: AudioCommandThread() processing set port config
10-22 09:06:29.265  2962  2997 V AudioPolicyService: AudioCommandThread() going to sleep
10-22 09:06:29.324  2962 11203 V APM_AudioPolicyManager: unregisterPolicyMixes() num mixes 1
10-22 09:06:29.324  2962 11203 E APM_AudioPolicyMix: unregisterPolicyMixes(): mix for address bus0_media_out not registered
10-22 09:06:29.608  2962 11203 V APM_AudioPolicyManager: listAudioPorts() role 0 type 0 num_ports 0 ports 0xe58981f0
10-22 09:06:29.608  2962 11203 V APM_AudioPolicyManager: listAudioPorts() got 0 ports needed 4
10-22 09:06:29.609  2962 11203 V APM_AudioPolicyManager: listAudioPorts() role 0 type 0 num_ports 4 ports 0xe58e3800
10-22 09:06:29.609  2962 11203 V APM_AudioPolicyManager: listAudioPorts() got 4 ports needed 4
10-22 09:06:29.623  2962 11203 V APM_AudioPolicyManager: registerPolicyMixes() 1 mix(es)
10-22 09:06:29.623  2962 11203 V APM_AudioPolicyManager:  registerPolicyMixes() mix 0 of 1 is RENDER, dev=0x1000000 addr=bus0_media_out
10-22 09:06:29.623  2962 11203 E APM_AudioPolicyManager:  Output not found for mix 0 for device 0x1000000 addr bus0_media_out
10-22 09:06:29.623  2962 11203 V APM_AudioPolicyManager: unregisterPolicyMixes() num mixes 1
10-22 09:06:29.623  2962 11203 E APM_AudioPolicyMix: unregisterPolicyMixes(): mix for address bus0_media_out not registered
10-22 09:06:29.631  2962 11203 V APM_AudioPolicyManager: setAudioPortConfig()
10-22 09:06:29.631  2962 11203 V APM_AudioPolicyManager: setAudioPortConfig() on port handle 2
10-22 09:06:29.631  2962 11203 V AudioPolicyService: AudioCommandThread() adding set port config delay 0
10-22 09:06:29.631  2962 11203 V AudioPolicyService: inserting command: 11 at index 0, num commands 0
10-22 09:06:29.631  2962  2997 V AudioPolicyService: AudioCommandThread() processing set port config
10-22 09:06:29.631  2962  2997 V AudioPolicyService: AudioCommandThread() going to sleep
10-22 09:06:29.679  2962 11203 V APM_AudioPolicyManager: unregisterPolicyMixes() num mixes 1
10-22 09:06:29.679  2962 11203 E APM_AudioPolicyMix: unregisterPolicyMixes(): mix for address bus0_media_out not registered
10-22 09:06:29.971  2962 11203 V APM_AudioPolicyManager: listAudioPorts() role 0 type 0 num_ports 0 ports 0xe58981f0
10-22 09:06:29.971  2962 11203 V APM_AudioPolicyManager: listAudioPorts() got 0 ports needed 4
10-22 09:06:29.972  2962 11203 V APM_AudioPolicyManager: listAudioPorts() role 0 type 0 num_ports 4 ports 0xe58e3800
10-22 09:06:29.972  2962 11203 V APM_AudioPolicyManager: listAudioPorts() got 4 ports needed 4
10-22 09:06:29.987  2962 11203 V APM_AudioPolicyManager: registerPolicyMixes() 1 mix(es)
10-22 09:06:29.987  2962 11203 V APM_AudioPolicyManager:  registerPolicyMixes() mix 0 of 1 is RENDER, dev=0x1000000 addr=bus0_media_out
10-22 09:06:29.987  2962 11203 E APM_AudioPolicyManager:  Output not found for mix 0 for device 0x1000000 addr bus0_media_out
10-22 09:06:29.987  2962 11203 V APM_AudioPolicyManager: unregisterPolicyMixes() num mixes 1
10-22 09:06:29.987  2962 11203 E APM_AudioPolicyMix: unregisterPolicyMixes(): mix for address bus0_media_out not registered
10-22 09:06:29.995  2962 11203 V APM_AudioPolicyManager: setAudioPortConfig()
10-22 09:06:29.995  2962 11203 V APM_AudioPolicyManager: setAudioPortConfig() on port handle 2
10-22 09:06:29.995  2962 11203 V AudioPolicyService: AudioCommandThread() adding set port config delay 0
10-22 09:06:29.995  2962 11203 V AudioPolicyService: inserting command: 11 at index 0, num commands 0
10-22 09:06:29.995  2962  2997 V AudioPolicyService: AudioCommandThread() processing set port config
10-22 09:06:29.995  2962  2997 V AudioPolicyService: AudioCommandThread() going to sleep
10-22 09:06:30.047  2962 11203 V APM_AudioPolicyManager: unregisterPolicyMixes() num mixes 1
10-22 09:06:30.047  2962 11203 E APM_AudioPolicyMix: unregisterPolicyMixes(): mix for address bus0_media_out not registered
10-22 09:06:30.328  2962 11203 V APM_AudioPolicyManager: listAudioPorts() role 0 type 0 num_ports 0 ports 0xe58981f0
10-22 09:06:30.328  2962 11203 V APM_AudioPolicyManager: listAudioPorts() got 0 ports needed 4
10-22 09:06:30.328  2962 11203 V APM_AudioPolicyManager: listAudioPorts() role 0 type 0 num_ports 4 ports 0xe58e3800
10-22 09:06:30.328  2962 11203 V APM_AudioPolicyManager: listAudioPorts() got 4 ports needed 4
10-22 09:06:30.342  2962 11203 V APM_AudioPolicyManager: registerPolicyMixes() 1 mix(es)
10-22 09:06:30.342  2962 11203 V APM_AudioPolicyManager:  registerPolicyMixes() mix 0 of 1 is RENDER, dev=0x1000000 addr=bus0_media_out
10-22 09:06:30.342  2962 11203 E APM_AudioPolicyManager:  Output not found for mix 0 for device 0x1000000 addr bus0_media_out
10-22 09:06:30.342  2962 11203 V APM_AudioPolicyManager: unregisterPolicyMixes() num mixes 1
10-22 09:06:30.342  2962 11203 E APM_AudioPolicyMix: unregisterPolicyMixes(): mix for address bus0_media_out not registered
10-22 09:06:30.349  2962 11203 V APM_AudioPolicyManager: setAudioPortConfig()
10-22 09:06:30.349  2962 11203 V APM_AudioPolicyManager: setAudioPortConfig() on port handle 2
10-22 09:06:30.350  2962 11203 V AudioPolicyService: AudioCommandThread() adding set port config delay 0
10-22 09:06:30.350  2962 11203 V AudioPolicyService: inserting command: 11 at index 0, num commands 0
10-22 09:06:30.350  2962  2997 V AudioPolicyService: AudioCommandThread() processing set port config
10-22 09:06:30.350  2962  2997 V AudioPolicyService: AudioCommandThread() going to sleep
10-22 09:06:30.398  2962 11203 V APM_AudioPolicyManager: unregisterPolicyMixes() num mixes 1
10-22 09:06:30.398  2962 11203 E APM_AudioPolicyMix: unregisterPolicyMixes(): mix for address bus0_media_out not registered
10-22 09:06:30.703  2962 11203 V APM_AudioPolicyManager: listAudioPorts() role 0 type 0 num_ports 0 ports 0xe58981f0
10-22 09:06:30.703  2962 11203 V APM_AudioPolicyManager: listAudioPorts() got 0 ports needed 4
10-22 09:06:30.703  2962 11203 V APM_AudioPolicyManager: listAudioPorts() role 0 type 0 num_ports 4 ports 0xe58e3800
10-22 09:06:30.703  2962 11203 V APM_AudioPolicyManager: listAudioPorts() got 4 ports needed 4
10-22 09:06:30.717  2962 11203 V APM_AudioPolicyManager: registerPolicyMixes() 1 mix(es)
10-22 09:06:30.717  2962 11203 V APM_AudioPolicyManager:  registerPolicyMixes() mix 0 of 1 is RENDER, dev=0x1000000 addr=bus0_media_out
10-22 09:06:30.717  2962 11203 E APM_AudioPolicyManager:  Output not found for mix 0 for device 0x1000000 addr bus0_media_out
10-22 09:06:30.717  2962 11203 V APM_AudioPolicyManager: unregisterPolicyMixes() num mixes 1
10-22 09:06:30.717  2962 11203 E APM_AudioPolicyMix: unregisterPolicyMixes(): mix for address bus0_media_out not registered
10-22 09:06:30.725  2962 11203 V APM_AudioPolicyManager: setAudioPortConfig()
10-22 09:06:30.725  2962 11203 V APM_AudioPolicyManager: setAudioPortConfig() on port handle 2
10-22 09:06:30.725  2962 11203 V AudioPolicyService: AudioCommandThread() adding set port config delay 0
10-22 09:06:30.725  2962 11203 V AudioPolicyService: inserting command: 11 at index 0, num commands 0
10-22 09:06:30.725  2962  2997 V AudioPolicyService: AudioCommandThread() processing set port config
10-22 09:06:30.725  2962  2997 V AudioPolicyService: AudioCommandThread() going to sleep
10-22 09:06:30.789  2962 11203 V APM_AudioPolicyManager: unregisterPolicyMixes() num mixes 1
10-22 09:06:30.790  2962 11203 E APM_AudioPolicyMix: unregisterPolicyMixes(): mix for address bus0_media_out not registered
10-22 09:06:31.086  2962 11203 V APM_AudioPolicyManager: listAudioPorts() role 0 type 0 num_ports 0 ports 0xe58981f0
10-22 09:06:31.086  2962 11203 V APM_AudioPolicyManager: listAudioPorts() got 0 ports needed 4
10-22 09:06:31.087  2962 11203 V APM_AudioPolicyManager: listAudioPorts() role 0 type 0 num_ports 4 ports 0xe58e3800
10-22 09:06:31.087  2962 11203 V APM_AudioPolicyManager: listAudioPorts() got 4 ports needed 4
10-22 09:06:31.099  2962 11203 V APM_AudioPolicyManager: registerPolicyMixes() 1 mix(es)
10-22 09:06:31.099  2962 11203 V APM_AudioPolicyManager:  registerPolicyMixes() mix 0 of 1 is RENDER, dev=0x1000000 addr=bus0_media_out
10-22 09:06:31.099  2962 11203 E APM_AudioPolicyManager:  Output not found for mix 0 for device 0x1000000 addr bus0_media_out
10-22 09:06:31.099  2962 11203 V APM_AudioPolicyManager: unregisterPolicyMixes() num mixes 1
10-22 09:06:31.099  2962 11203 E APM_AudioPolicyMix: unregisterPolicyMixes(): mix for address bus0_media_out not registered
10-22 09:06:31.106  2962 11203 V APM_AudioPolicyManager: setAudioPortConfig()
10-22 09:06:31.106  2962 11203 V APM_AudioPolicyManager: setAudioPortConfig() on port handle 2
10-22 09:06:31.106  2962 11203 V AudioPolicyService: AudioCommandThread() adding set port config delay 0
10-22 09:06:31.106  2962 11203 V AudioPolicyService: inserting command: 11 at index 0, num commands 0
10-22 09:06:31.106  2962  2997 V AudioPolicyService: AudioCommandThread() processing set port config
10-22 09:06:31.107  2962  2997 V AudioPolicyService: AudioCommandThread() going to sleep
10-22 09:06:31.166  2962 11203 V APM_AudioPolicyManager: unregisterPolicyMixes() num mixes 1
10-22 09:06:31.166  2962 11203 E APM_AudioPolicyMix: unregisterPolicyMixes(): mix for address bus0_media_out not registered
10-22 09:06:31.467  2962 11203 V APM_AudioPolicyManager: listAudioPorts() role 0 type 0 num_ports 0 ports 0xe58981f0
10-22 09:06:31.467  2962 11203 V APM_AudioPolicyManager: listAudioPorts() got 0 ports needed 4
10-22 09:06:31.467  2962 11203 V APM_AudioPolicyManager: listAudioPorts() role 0 type 0 num_ports 4 ports 0xe58e3800
10-22 09:06:31.467  2962 11203 V APM_AudioPolicyManager: listAudioPorts() got 4 ports needed 4
10-22 09:06:31.481  2962 11203 V APM_AudioPolicyManager: registerPolicyMixes() 1 mix(es)
10-22 09:06:31.481  2962 11203 V APM_AudioPolicyManager:  registerPolicyMixes() mix 0 of 1 is RENDER, dev=0x1000000 addr=bus0_media_out
10-22 09:06:31.481  2962 11203 E APM_AudioPolicyManager:  Output not found for mix 0 for device 0x1000000 addr bus0_media_out
10-22 09:06:31.481  2962 11203 V APM_AudioPolicyManager: unregisterPolicyMixes() num mixes 1
10-22 09:06:31.481  2962 11203 E APM_AudioPolicyMix: unregisterPolicyMixes(): mix for address bus0_media_out not registered
10-22 09:06:31.490  2962 11203 V APM_AudioPolicyManager: setAudioPortConfig()
10-22 09:06:31.490  2962 11203 V APM_AudioPolicyManager: setAudioPortConfig() on port handle 2
10-22 09:06:31.490  2962 11203 V AudioPolicyService: AudioCommandThread() adding set port config delay 0
10-22 09:06:31.490  2962 11203 V AudioPolicyService: inserting command: 11 at index 0, num commands 0
10-22 09:06:31.490  2962  2997 V AudioPolicyService: AudioCommandThread() processing set port config
10-22 09:06:31.491  2962  2997 V AudioPolicyService: AudioCommandThread() going to sleep
10-22 09:06:31.543  2962 11203 V APM_AudioPolicyManager: unregisterPolicyMixes() num mixes 1
10-22 09:06:31.543  2962 11203 E APM_AudioPolicyMix: unregisterPolicyMixes(): mix for address bus0_media_out not registered
10-22 09:06:31.827  2962 11203 V APM_AudioPolicyManager: listAudioPorts() role 0 type 0 num_ports 0 ports 0xe58981f0
10-22 09:06:31.827  2962 11203 V APM_AudioPolicyManager: listAudioPorts() got 0 ports needed 4
10-22 09:06:31.827  2962 11203 V APM_AudioPolicyManager: listAudioPorts() role 0 type 0 num_ports 4 ports 0xe58e3800
10-22 09:06:31.827  2962 11203 V APM_AudioPolicyManager: listAudioPorts() got 4 ports needed 4
10-22 09:06:31.841  2962 11203 V APM_AudioPolicyManager: registerPolicyMixes() 1 mix(es)
10-22 09:06:31.841  2962 11203 V APM_AudioPolicyManager:  registerPolicyMixes() mix 0 of 1 is RENDER, dev=0x1000000 addr=bus0_media_out
10-22 09:06:31.841  2962 11203 E APM_AudioPolicyManager:  Output not found for mix 0 for device 0x1000000 addr bus0_media_out
10-22 09:06:31.841  2962 11203 V APM_AudioPolicyManager: unregisterPolicyMixes() num mixes 1
10-22 09:06:31.841  2962 11203 E APM_AudioPolicyMix: unregisterPolicyMixes(): mix for address bus0_media_out not registered
10-22 09:06:31.849  2962 11203 V APM_AudioPolicyManager: setAudioPortConfig()
10-22 09:06:31.849  2962 11203 V APM_AudioPolicyManager: setAudioPortConfig() on port handle 2
10-22 09:06:31.849  2962 11203 V AudioPolicyService: AudioCommandThread() adding set port config delay 0
10-22 09:06:31.849  2962 11203 V AudioPolicyService: inserting command: 11 at index 0, num commands 0
10-22 09:06:31.849  2962  2997 V AudioPolicyService: AudioCommandThread() processing set port config
10-22 09:06:31.849  2962  2997 V AudioPolicyService: AudioCommandThread() going to sleep
10-22 09:06:31.902  2962 11203 V APM_AudioPolicyManager: unregisterPolicyMixes() num mixes 1
10-22 09:06:31.902  2962 11203 E APM_AudioPolicyMix: unregisterPolicyMixes(): mix for address bus0_media_out not registered
10-22 09:06:32.187  2962 11203 V APM_AudioPolicyManager: listAudioPorts() role 0 type 0 num_ports 0 ports 0xe58981f0
10-22 09:06:32.187  2962 11203 V APM_AudioPolicyManager: listAudioPorts() got 0 ports needed 4
10-22 09:06:32.187  2962 11203 V APM_AudioPolicyManager: listAudioPorts() role 0 type 0 num_ports 4 ports 0xe58e3800
10-22 09:06:32.187  2962 11203 V APM_AudioPolicyManager: listAudioPorts() got 4 ports needed 4
10-22 09:06:32.201  2962 11203 V APM_AudioPolicyManager: registerPolicyMixes() 1 mix(es)
10-22 09:06:32.201  2962 11203 V APM_AudioPolicyManager:  registerPolicyMixes() mix 0 of 1 is RENDER, dev=0x1000000 addr=bus0_media_out
10-22 09:06:32.201  2962 11203 E APM_AudioPolicyManager:  Output not found for mix 0 for device 0x1000000 addr bus0_media_out
10-22 09:06:32.201  2962 11203 V APM_AudioPolicyManager: unregisterPolicyMixes() num mixes 1
10-22 09:06:32.201  2962 11203 E APM_AudioPolicyMix: unregisterPolicyMixes(): mix for address bus0_media_out not registered
10-22 09:06:32.209  2962 11203 V APM_AudioPolicyManager: setAudioPortConfig()
10-22 09:06:32.209  2962 11203 V APM_AudioPolicyManager: setAudioPortConfig() on port handle 2
10-22 09:06:32.210  2962 11203 V AudioPolicyService: AudioCommandThread() adding set port config delay 0
10-22 09:06:32.210  2962 11203 V AudioPolicyService: inserting command: 11 at index 0, num commands 0
10-22 09:06:32.210  2962  2997 V AudioPolicyService: AudioCommandThread() processing set port config
10-22 09:06:32.210  2962  2997 V AudioPolicyService: AudioCommandThread() going to sleep
10-22 09:06:32.266  2962 11203 V APM_AudioPolicyManager: unregisterPolicyMixes() num mixes 1
10-22 09:06:32.267  2962 11203 E APM_AudioPolicyMix: unregisterPolicyMixes(): mix for address bus0_media_out not registered
10-22 09:06:32.566  2962 11203 V APM_AudioPolicyManager: listAudioPorts() role 0 type 0 num_ports 0 ports 0xe58981f0
10-22 09:06:32.566  2962 11203 V APM_AudioPolicyManager: listAudioPorts() got 0 ports needed 4
10-22 09:06:32.566  2962 11203 V APM_AudioPolicyManager: listAudioPorts() role 0 type 0 num_ports 4 ports 0xe58e3800
10-22 09:06:32.566  2962 11203 V APM_AudioPolicyManager: listAudioPorts() got 4 ports needed 4
10-22 09:06:32.582  2962 11203 V APM_AudioPolicyManager: registerPolicyMixes() 1 mix(es)
10-22 09:06:32.582  2962 11203 V APM_AudioPolicyManager:  registerPolicyMixes() mix 0 of 1 is RENDER, dev=0x1000000 addr=bus0_media_out
10-22 09:06:32.582  2962 11203 E APM_AudioPolicyManager:  Output not found for mix 0 for device 0x1000000 addr bus0_media_out
10-22 09:06:32.582  2962 11203 V APM_AudioPolicyManager: unregisterPolicyMixes() num mixes 1
10-22 09:06:32.582  2962 11203 E APM_AudioPolicyMix: unregisterPolicyMixes(): mix for address bus0_media_out not registered
10-22 09:06:32.593  2962 11203 V APM_AudioPolicyManager: setAudioPortConfig()
10-22 09:06:32.593  2962 11203 V APM_AudioPolicyManager: setAudioPortConfig() on port handle 2
10-22 09:06:32.593  2962 11203 V AudioPolicyService: AudioCommandThread() adding set port config delay 0
10-22 09:06:32.593  2962 11203 V AudioPolicyService: inserting command: 11 at index 0, num commands 0
10-22 09:06:32.593  2962  2997 V AudioPolicyService: AudioCommandThread() processing set port config
10-22 09:06:32.594  2962  2997 V AudioPolicyService: AudioCommandThread() going to sleep
10-22 09:06:32.647  2962 11203 V APM_AudioPolicyManager: unregisterPolicyMixes() num mixes 1
10-22 09:06:32.647  2962 11203 E APM_AudioPolicyMix: unregisterPolicyMixes(): mix for address bus0_media_out not registered
10-22 09:06:32.936  2962 11203 V APM_AudioPolicyManager: listAudioPorts() role 0 type 0 num_ports 0 ports 0xe58981f0
10-22 09:06:32.936  2962 11203 V APM_AudioPolicyManager: listAudioPorts() got 0 ports needed 4
10-22 09:06:32.936  2962 11203 V APM_AudioPolicyManager: listAudioPorts() role 0 type 0 num_ports 4 ports 0xe58e3800
10-22 09:06:32.936  2962 11203 V APM_AudioPolicyManager: listAudioPorts() got 4 ports needed 4
10-22 09:06:32.950  2962 11203 V APM_AudioPolicyManager: registerPolicyMixes() 1 mix(es)
10-22 09:06:32.950  2962 11203 V APM_AudioPolicyManager:  registerPolicyMixes() mix 0 of 1 is RENDER, dev=0x1000000 addr=bus0_media_out
10-22 09:06:32.950  2962 11203 E APM_AudioPolicyManager:  Output not found for mix 0 for device 0x1000000 addr bus0_media_out
10-22 09:06:32.950  2962 11203 V APM_AudioPolicyManager: unregisterPolicyMixes() num mixes 1
10-22 09:06:32.950  2962 11203 E APM_AudioPolicyMix: unregisterPolicyMixes(): mix for address bus0_media_out not registered
10-22 09:06:32.957  2962 11203 V APM_AudioPolicyManager: setAudioPortConfig()
10-22 09:06:32.957  2962 11203 V APM_AudioPolicyManager: setAudioPortConfig() on port handle 2
10-22 09:06:32.957  2962 11203 V AudioPolicyService: AudioCommandThread() adding set port config delay 0
10-22 09:06:32.957  2962 11203 V AudioPolicyService: inserting command: 11 at index 0, num commands 0
10-22 09:06:32.957  2962  2997 V AudioPolicyService: AudioCommandThread() processing set port config
10-22 09:06:32.957  2962  2997 V AudioPolicyService: AudioCommandThread() going to sleep
10-22 09:06:33.006  2962 11203 V APM_AudioPolicyManager: unregisterPolicyMixes() num mixes 1
10-22 09:06:33.007  2962 11203 E APM_AudioPolicyMix: unregisterPolicyMixes(): mix for address bus0_media_out not registered
10-22 09:06:33.306  2962 11203 V APM_AudioPolicyManager: listAudioPorts() role 0 type 0 num_ports 0 ports 0xe58981f0
10-22 09:06:33.306  2962 11203 V APM_AudioPolicyManager: listAudioPorts() got 0 ports needed 4
10-22 09:06:33.306  2962 11203 V APM_AudioPolicyManager: listAudioPorts() role 0 type 0 num_ports 4 ports 0xe58e3800
10-22 09:06:33.306  2962 11203 V APM_AudioPolicyManager: listAudioPorts() got 4 ports needed 4
10-22 09:06:33.324  2962 11203 V APM_AudioPolicyManager: registerPolicyMixes() 1 mix(es)
10-22 09:06:33.324  2962 11203 V APM_AudioPolicyManager:  registerPolicyMixes() mix 0 of 1 is RENDER, dev=0x1000000 addr=bus0_media_out
10-22 09:06:33.324  2962 11203 E APM_AudioPolicyManager:  Output not found for mix 0 for device 0x1000000 addr bus0_media_out
10-22 09:06:33.324  2962 11203 V APM_AudioPolicyManager: unregisterPolicyMixes() num mixes 1
10-22 09:06:33.324  2962 11203 E APM_AudioPolicyMix: unregisterPolicyMixes(): mix for address bus0_media_out not registered
10-22 09:06:33.336  2962 11203 V APM_AudioPolicyManager: setAudioPortConfig()
10-22 09:06:33.336  2962 11203 V APM_AudioPolicyManager: setAudioPortConfig() on port handle 2
10-22 09:06:33.336  2962 11203 V AudioPolicyService: AudioCommandThread() adding set port config delay 0
10-22 09:06:33.336  2962 11203 V AudioPolicyService: inserting command: 11 at index 0, num commands 0
10-22 09:06:33.336  2962  2997 V AudioPolicyService: AudioCommandThread() processing set port config
10-22 09:06:33.336  2962  2997 V AudioPolicyService: AudioCommandThread() going to sleep
10-22 09:06:33.403  2962 11203 V APM_AudioPolicyManager: unregisterPolicyMixes() num mixes 1
10-22 09:06:33.403  2962 11203 E APM_AudioPolicyMix: unregisterPolicyMixes(): mix for address bus0_media_out not registered
10-22 09:06:33.706  2962 11203 V APM_AudioPolicyManager: listAudioPorts() role 0 type 0 num_ports 0 ports 0xe58981f0
10-22 09:06:33.706  2962 11203 V APM_AudioPolicyManager: listAudioPorts() got 0 ports needed 4
10-22 09:06:33.706  2962 11203 V APM_AudioPolicyManager: listAudioPorts() role 0 type 0 num_ports 4 ports 0xe58e3800
10-22 09:06:33.706  2962 11203 V APM_AudioPolicyManager: listAudioPorts() got 4 ports needed 4
10-22 09:06:33.720  2962 11203 V APM_AudioPolicyManager: registerPolicyMixes() 1 mix(es)
10-22 09:06:33.720  2962 11203 V APM_AudioPolicyManager:  registerPolicyMixes() mix 0 of 1 is RENDER, dev=0x1000000 addr=bus0_media_out
10-22 09:06:33.720  2962 11203 E APM_AudioPolicyManager:  Output not found for mix 0 for device 0x1000000 addr bus0_media_out
10-22 09:06:33.720  2962 11203 V APM_AudioPolicyManager: unregisterPolicyMixes() num mixes 1
10-22 09:06:33.720  2962 11203 E APM_AudioPolicyMix: unregisterPolicyMixes(): mix for address bus0_media_out not registered
10-22 09:06:33.727  2962 11203 V APM_AudioPolicyManager: setAudioPortConfig()
10-22 09:06:33.727  2962 11203 V APM_AudioPolicyManager: setAudioPortConfig() on port handle 2
10-22 09:06:33.727  2962 11203 V AudioPolicyService: AudioCommandThread() adding set port config delay 0
10-22 09:06:33.727  2962 11203 V AudioPolicyService: inserting command: 11 at index 0, num commands 0
10-22 09:06:33.727  2962  2997 V AudioPolicyService: AudioCommandThread() processing set port config
10-22 09:06:33.728  2962  2997 V AudioPolicyService: AudioCommandThread() going to sleep
10-22 09:06:33.786  2962 11203 V APM_AudioPolicyManager: unregisterPolicyMixes() num mixes 1
10-22 09:06:33.786  2962 11203 E APM_AudioPolicyMix: unregisterPolicyMixes(): mix for address bus0_media_out not registered
