2018-12-18 17:26:33.766 7895-8004/com.example.asus1.funcamera D/VideoMediaMuxer: writeSampleData: 1
2018-12-18 17:26:33.771 7895-8003/com.example.asus1.funcamera D/VideoMediaMuxer: writeSampleData: 0
2018-12-18 17:26:33.784 7895-8004/com.example.asus1.funcamera D/VideoMediaMuxer: writeSampleData: 1
2018-12-18 17:26:33.794 7895-8003/com.example.asus1.funcamera D/VideoMediaMuxer: writeSampleData: 0
2018-12-18 17:26:33.803 7895-8004/com.example.asus1.funcamera D/VideoMediaMuxer: writeSampleData: 1
2018-12-18 17:26:33.824 7895-8004/com.example.asus1.funcamera D/VideoMediaMuxer: writeSampleData: 1
2018-12-18 17:26:33.830 7895-8003/com.example.asus1.funcamera D/VideoMediaMuxer: writeSampleData: 0
2018-12-18 17:26:33.847 7895-8004/com.example.asus1.funcamera D/VideoMediaMuxer: writeSampleData: 1
2018-12-18 17:26:33.867 7895-8004/com.example.asus1.funcamera D/VideoMediaMuxer: writeSampleData: 1
2018-12-18 17:26:33.870 7895-8003/com.example.asus1.funcamera D/VideoMediaMuxer: writeSampleData: 0
2018-12-18 17:26:33.896 7895-8003/com.example.asus1.funcamera D/VideoMediaMuxer: writeSampleData: 0
2018-12-18 17:26:33.904 7895-8004/com.example.asus1.funcamera D/VideoMediaMuxer: writeSampleData: 1
2018-12-18 17:26:33.924 7895-8004/com.example.asus1.funcamera D/VideoMediaMuxer: writeSampleData: 1
2018-12-18 17:26:33.928 7895-8003/com.example.asus1.funcamera D/VideoMediaMuxer: writeSampleData: 0
2018-12-18 17:26:33.946 7895-8004/com.example.asus1.funcamera D/VideoMediaMuxer: writeSampleData: 1
2018-12-18 17:26:33.963 7895-8003/com.example.asus1.funcamera D/VideoMediaMuxer: writeSampleData: 0
2018-12-18 17:26:33.967 7895-8004/com.example.asus1.funcamera D/VideoMediaMuxer: writeSampleData: 1
2018-12-18 17:26:33.986 7895-8004/com.example.asus1.funcamera D/VideoMediaMuxer: writeSampleData: 1
2018-12-18 17:26:34.004 7895-8004/com.example.asus1.funcamera D/VideoMediaMuxer: writeSampleData: 1
2018-12-18 17:26:34.010 7895-8003/com.example.asus1.funcamera D/VideoMediaMuxer: writeSampleData: 0
2018-12-18 17:26:34.024 7895-8004/com.example.asus1.funcamera D/VideoMediaMuxer: writeSampleData: 1
2018-12-18 17:26:34.029 7895-8003/com.example.asus1.funcamera D/VideoMediaMuxer: writeSampleData: 0
2018-12-18 17:26:34.032 7895-7905/com.example.asus1.funcamera I/zygote64: Do full code cache collection, code=124KB, data=89KB
2018-12-18 17:26:34.033 7895-7905/com.example.asus1.funcamera I/zygote64: After code cache collection, code=91KB, data=52KB
2018-12-18 17:26:34.065 7895-8003/com.example.asus1.funcamera D/VideoMediaMuxer: writeSampleData: 0
2018-12-18 17:26:34.067 7895-8004/com.example.asus1.funcamera D/VideoMediaMuxer: writeSampleData: 1
2018-12-18 17:26:34.084 7895-8004/com.example.asus1.funcamera D/VideoMediaMuxer: writeSampleData: 1
2018-12-18 17:26:34.107 7895-8003/com.example.asus1.funcamera D/VideoMediaMuxer: writeSampleData: 0
2018-12-18 17:26:34.116 7895-8004/com.example.asus1.funcamera D/VideoMediaMuxer: writeSampleData: 1
2018-12-18 17:26:34.129 7895-8003/com.example.asus1.funcamera D/VideoMediaMuxer: writeSampleData: 0
2018-12-18 17:26:34.133 7895-8004/com.example.asus1.funcamera D/VideoMediaMuxer: writeSampleData: 1
2018-12-18 17:26:34.154 7895-8004/com.example.asus1.funcamera D/VideoMediaMuxer: writeSampleData: 1
2018-12-18 17:26:34.164 7895-8003/com.example.asus1.funcamera D/VideoMediaMuxer: writeSampleData: 0
2018-12-18 17:26:34.177 7895-8004/com.example.asus1.funcamera D/VideoMediaMuxer: writeSampleData: 1
2018-12-18 17:26:34.195 7895-8004/com.example.asus1.funcamera D/VideoMediaMuxer: writeSampleData: 1
2018-12-18 17:26:34.197 7895-8003/com.example.asus1.funcamera D/VideoMediaMuxer: writeSampleData: 0
2018-12-18 17:26:34.234 7895-8004/com.example.asus1.funcamera D/VideoMediaMuxer: writeSampleData: 1
2018-12-18 17:26:34.238 7895-8003/com.example.asus1.funcamera D/VideoMediaMuxer: writeSampleData: 0
2018-12-18 17:26:34.254 7895-8004/com.example.asus1.funcamera D/VideoMediaMuxer: writeSampleData: 1
2018-12-18 17:26:34.272 7895-8003/com.example.asus1.funcamera D/VideoMediaMuxer: writeSampleData: 0
2018-12-18 17:26:34.274 7895-8004/com.example.asus1.funcamera D/VideoMediaMuxer: writeSampleData: 1
2018-12-18 17:26:34.293 7895-8004/com.example.asus1.funcamera D/VideoMediaMuxer: writeSampleData: 1
2018-12-18 17:26:34.311 7895-8003/com.example.asus1.funcamera D/VideoMediaMuxer: writeSampleData: 0
2018-12-18 17:26:34.315 7895-8004/com.example.asus1.funcamera D/VideoMediaMuxer: writeSampleData: 1
2018-12-18 17:26:34.334 7895-8004/com.example.asus1.funcamera D/VideoMediaMuxer: writeSampleData: 1
2018-12-18 17:26:34.338 7895-8003/com.example.asus1.funcamera D/VideoMediaMuxer: writeSampleData: 0
2018-12-18 17:26:34.355 7895-8004/com.example.asus1.funcamera D/VideoMediaMuxer: writeSampleData: 1
2018-12-18 17:26:34.380 7895-8003/com.example.asus1.funcamera D/VideoMediaMuxer: writeSampleData: 0
2018-12-18 17:26:34.393 7895-8004/com.example.asus1.funcamera D/VideoMediaMuxer: writeSampleData: 1
2018-12-18 17:26:34.406 7895-8003/com.example.asus1.funcamera D/VideoMediaMuxer: writeSampleData: 0
2018-12-18 17:26:34.414 7895-8004/com.example.asus1.funcamera D/VideoMediaMuxer: writeSampleData: 1
2018-12-18 17:26:34.431 7895-8003/com.example.asus1.funcamera D/VideoMediaMuxer: writeSampleData: 0
2018-12-18 17:26:34.434 7895-8004/com.example.asus1.funcamera D/VideoMediaMuxer: writeSampleData: 1
2018-12-18 17:26:34.453 7895-8004/com.example.asus1.funcamera D/VideoMediaMuxer: writeSampleData: 1
2018-12-18 17:26:34.472 7895-8003/com.example.asus1.funcamera D/VideoMediaMuxer: writeSampleData: 0
2018-12-18 17:26:34.479 7895-8004/com.example.asus1.funcamera D/VideoMediaMuxer: writeSampleData: 1
2018-12-18 17:26:34.494 7895-8004/com.example.asus1.funcamera D/VideoMediaMuxer: writeSampleData: 1
2018-12-18 17:26:34.499 7895-8003/com.example.asus1.funcamera D/VideoMediaMuxer: writeSampleData: 0
2018-12-18 17:26:34.514 7895-8004/com.example.asus1.funcamera D/VideoMediaMuxer: writeSampleData: 1
2018-12-18 17:26:34.530 7895-8003/com.example.asus1.funcamera D/VideoMediaMuxer: writeSampleData: 0
2018-12-18 17:26:34.553 7895-8004/com.example.asus1.funcamera D/VideoMediaMuxer: writeSampleData: 1
2018-12-18 17:26:34.567 7895-8003/com.example.asus1.funcamera D/VideoMediaMuxer: writeSampleData: 0
2018-12-18 17:26:34.573 7895-8004/com.example.asus1.funcamera D/VideoMediaMuxer: writeSampleData: 1
2018-12-18 17:26:34.593 7895-8004/com.example.asus1.funcamera D/VideoMediaMuxer: writeSampleData: 1
2018-12-18 17:26:34.611 7895-8003/com.example.asus1.funcamera D/VideoMediaMuxer: writeSampleData: 0
2018-12-18 17:26:34.615 7895-8004/com.example.asus1.funcamera D/VideoMediaMuxer: writeSampleData: 1
2018-12-18 17:26:34.631 7895-8003/com.example.asus1.funcamera D/VideoMediaMuxer: writeSampleData: 0
2018-12-18 17:26:34.633 7895-8004/com.example.asus1.funcamera D/VideoMediaMuxer: writeSampleData: 1
2018-12-18 17:26:34.654 7895-8004/com.example.asus1.funcamera D/VideoMediaMuxer: writeSampleData: 1
2018-12-18 17:26:34.673 7895-8003/com.example.asus1.funcamera D/VideoMediaMuxer: writeSampleData: 0
2018-12-18 17:26:34.686 7895-8004/com.example.asus1.funcamera D/VideoMediaMuxer: writeSampleData: 1
2018-12-18 17:26:34.698 7895-8003/com.example.asus1.funcamera D/VideoMediaMuxer: writeSampleData: 0
2018-12-18 17:26:34.724 7895-8004/com.example.asus1.funcamera D/VideoMediaMuxer: writeSampleData: 1
2018-12-18 17:26:34.731 7895-8003/com.example.asus1.funcamera D/VideoMediaMuxer: writeSampleData: 0
2018-12-18 17:26:34.748 7895-8004/com.example.asus1.funcamera D/VideoMediaMuxer: writeSampleData: 1
2018-12-18 17:26:34.765 7895-8004/com.example.asus1.funcamera D/VideoMediaMuxer: writeSampleData: 1
2018-12-18 17:26:34.775 7895-8003/com.example.asus1.funcamera D/VideoMediaMuxer: writeSampleData: 0
2018-12-18 17:26:34.783 7895-8004/com.example.asus1.funcamera D/VideoMediaMuxer: writeSampleData: 1
2018-12-18 17:26:34.790 7895-7895/com.example.asus1.funcamera D/RecordActivtiy: setRecord: 
2018-12-18 17:26:34.790 7895-7895/com.example.asus1.funcamera D/RecordButtonView: setClick: false
2018-12-18 17:26:34.803 7895-8004/com.example.asus1.funcamera W/MediaAnalyticsItem: Unable to record: (codec:0:-1:-11:0:6:android.media.mediacodec.mime=audio/mp4a-latm:android.media.mediacodec.mode=audio:android.media.mediacodec.encoder=1:android.media.mediacodec.codec=OMX.google.aac.encoder:android.media.mediacodec.secure=0:android.media.mediacodec.bytesin=897024:) [forcenew=0]
2018-12-18 17:26:34.823 7895-8003/com.example.asus1.funcamera W/MediaAnalyticsItem: Unable to record: (codec:0:-1:-11:0:8:android.media.mediacodec.mime=video/avc:android.media.mediacodec.mode=video:android.media.mediacodec.encoder=1:android.media.mediacodec.codec=OMX.qcom.video.encoder.avc:android.media.mediacodec.secure=0:android.media.mediacodec.width=1280:android.media.mediacodec.height=720:android.media.mediacodec.rotation-degrees=0:) [forcenew=0]
2018-12-18 17:26:34.824 7895-8003/com.example.asus1.funcamera D/MPEG4Writer: Video track stopping. Stop source
2018-12-18 17:26:34.824 7895-8024/com.example.asus1.funcamera I/MPEG4Writer: Received total/0-length (312/0) buffers and encoded 311 frames. - Video
2018-12-18 17:26:34.824 7895-8003/com.example.asus1.funcamera D/MPEG4Writer: Video track source stopping
2018-12-18 17:26:34.824 7895-8003/com.example.asus1.funcamera D/MPEG4Writer: Video track source stopped
2018-12-18 17:26:34.824 7895-8025/com.example.asus1.funcamera I/MPEG4Writer: Received total/0-length (439/0) buffers and encoded 439 frames. - Audio
2018-12-18 17:26:34.825 7895-8003/com.example.asus1.funcamera D/MPEG4Writer: Video track stopped. Stop source
2018-12-18 17:26:34.826 7895-8025/com.example.asus1.funcamera I/MPEG4Writer: Audio track drift time: 0 us
2018-12-18 17:26:34.826 7895-8003/com.example.asus1.funcamera D/MPEG4Writer: Audio track stopping. Stop source
2018-12-18 17:26:34.826 7895-8003/com.example.asus1.funcamera D/MPEG4Writer: Audio track source stopping
2018-12-18 17:26:34.826 7895-8003/com.example.asus1.funcamera D/MPEG4Writer: Audio track source stopped
2018-12-18 17:26:34.827 7895-8003/com.example.asus1.funcamera D/MPEG4Writer: Audio track stopped. Stop source
2018-12-18 17:26:34.827 7895-8003/com.example.asus1.funcamera D/MPEG4Writer: Duration from tracks range is [10167056, 10184361] us
2018-12-18 17:26:34.827 7895-8003/com.example.asus1.funcamera D/MPEG4Writer: Stopping writer thread
2018-12-18 17:26:34.827 7895-8023/com.example.asus1.funcamera D/MPEG4Writer: 0 chunks are written in the last batch
2018-12-18 17:26:34.828 7895-8003/com.example.asus1.funcamera D/MPEG4Writer: Writer thread stopped
2018-12-18 17:26:34.828 7895-8003/com.example.asus1.funcamera I/MPEG4Writer: Ajust the moov start time from 15359557547 us -> 15359557547 us
2018-12-18 17:26:34.829 7895-8003/com.example.asus1.funcamera I/MPEG4Writer: The mp4 file will not be streamable.
2018-12-18 17:26:34.830 7895-8003/com.example.asus1.funcamera D/MPEG4Writer: Video track stopping. Stop source
2018-12-18 17:26:34.830 7895-8003/com.example.asus1.funcamera D/MPEG4Writer: Audio track stopping. Stop source
2018-12-18 17:26:46.454 7895-7895/com.example.asus1.funcamera D/RecordActivtiy: onPause: 
2018-12-18 17:26:46.791 7895-7895/com.example.asus1.funcamera D/RecordActivtiy: onStop: 