2018-12-18 17:25:51.820 7895-7895/? W/main: type=1400 audit(0.0:71285): avc: denied { create } for name="cgroup.procs" scontext=u:r:zygote:s0 tcontext=u:object_r:cgroup:s0 tclass=file permissive=0
2018-12-18 17:25:51.820 7895-7895/? W/main: type=1400 audit(0.0:71286): avc: denied { search } for name="blkio" dev="tmpfs" ino=17764 scontext=u:r:zygote:s0 tcontext=u:object_r:blkio_device:s0 tclass=dir permissive=0
2018-12-18 17:25:51.838 7895-7895/? I/zygote64: Late-enabling -Xcheck:jni
2018-12-18 17:25:51.883 7895-7907/? I/zygote64: Debugger is no longer active
2018-12-18 17:25:51.883 7895-7907/? I/zygote64: Waiting for a blocking GC Instrumentation
2018-12-18 17:25:51.896 7895-7907/? I/zygote64: WaitForGcToComplete blocked Instrumentation on HeapTrim for 12.352ms
2018-12-18 17:25:51.908 7895-7895/? W/ActivityThread: Application com.example.asus1.funcamera is waiting for the debugger on port 8100...
2018-12-18 17:25:51.908 7895-7895/? I/System.out: Sending WAIT chunk
2018-12-18 17:25:57.546 7895-7907/com.example.asus1.funcamera I/zygote64: Debugger is active
2018-12-18 17:25:57.741 7895-7895/com.example.asus1.funcamera I/System.out: Debugger has connected
2018-12-18 17:25:57.741 7895-7895/com.example.asus1.funcamera I/System.out: waiting for debugger to settle...
2018-12-18 17:25:58.749 7895-7895/com.example.asus1.funcamera I/chatty: uid=10196(com.example.asus1.funcamera) identical 5 lines
2018-12-18 17:25:58.950 7895-7895/com.example.asus1.funcamera I/System.out: waiting for debugger to settle...
2018-12-18 17:25:59.152 7895-7895/com.example.asus1.funcamera I/System.out: debugger has settled (1356)
2018-12-18 17:26:00.451 7895-7895/com.example.asus1.funcamera D/AccessibilityManager: AccessibilityManager status: mPackageName = com.example.asus1.funcamera, mOptimizeEnabled = true, mIsEnabled = false, mIsUiAutomationEnabled = false, mIsInterestedPackage =false
2018-12-18 17:26:00.811 7895-7971/com.example.asus1.funcamera I/zygote64: The ClassLoaderContext is a special shared library.
2018-12-18 17:26:01.430 7895-7971/com.example.asus1.funcamera I/zygote64: The ClassLoaderContext is a special shared library.
2018-12-18 17:26:01.940 7895-7895/com.example.asus1.funcamera W/Binder:intercep: type=1400 audit(0.0:71288): avc: denied { getattr } for path="/data/data/com.miui.contentcatcher" dev="mmcblk0p81" ino=655676 scontext=u:r:untrusted_app:s0:c512,c768 tcontext=u:object_r:system_app_data_file:s0 tclass=dir permissive=0
2018-12-18 17:26:02.015 7895-7895/com.example.asus1.funcamera I/zygote64: Rejecting re-init on previously-failed class java.lang.Class<android.support.v4.view.ViewCompat$OnUnhandledKeyEventListenerWrapper>: java.lang.NoClassDefFoundError: Failed resolution of: Landroid/view/View$OnUnhandledKeyEventListener;
2018-12-18 17:26:02.015 7895-7895/com.example.asus1.funcamera I/zygote64:     at void android.support.v4.view.ViewCompat.setOnApplyWindowInsetsListener(android.view.View, android.support.v4.view.OnApplyWindowInsetsListener) (ViewCompat.java:2203)
2018-12-18 17:26:02.015 7895-7895/com.example.asus1.funcamera I/zygote64:     at android.view.ViewGroup android.support.v7.app.AppCompatDelegateImpl.createSubDecor() (AppCompatDelegateImpl.java:637)
2018-12-18 17:26:02.015 7895-7895/com.example.asus1.funcamera I/zygote64:     at void android.support.v7.app.AppCompatDelegateImpl.ensureSubDecor() (AppCompatDelegateImpl.java:518)
2018-12-18 17:26:02.015 7895-7895/com.example.asus1.funcamera I/zygote64:     at void android.support.v7.app.AppCompatDelegateImpl.onPostCreate(android.os.Bundle) (AppCompatDelegateImpl.java:299)
2018-12-18 17:26:02.015 7895-7895/com.example.asus1.funcamera I/zygote64:     at void android.support.v7.app.AppCompatActivity.onPostCreate(android.os.Bundle) (AppCompatActivity.java:98)
2018-12-18 17:26:02.015 7895-7895/com.example.asus1.funcamera I/zygote64:     at void android.app.Instrumentation.callActivityOnPostCreate(android.app.Activity, android.os.Bundle) (Instrumentation.java:1286)
2018-12-18 17:26:02.015 7895-7895/com.example.asus1.funcamera I/zygote64:     at android.app.Activity android.app.ActivityThread.performLaunchActivity(android.app.ActivityThread$ActivityClientRecord, android.content.Intent) (ActivityThread.java:2797)
2018-12-18 17:26:02.015 7895-7895/com.example.asus1.funcamera I/zygote64:     at void android.app.ActivityThread.handleLaunchActivity(android.app.ActivityThread$ActivityClientRecord, android.content.Intent, java.lang.String) (ActivityThread.java:2893)
2018-12-18 17:26:02.016 7895-7895/com.example.asus1.funcamera I/zygote64:     at void android.app.ActivityThread.-wrap11(android.app.ActivityThread, android.app.ActivityThread$ActivityClientRecord, android.content.Intent, java.lang.String) (ActivityThread.java:-1)
2018-12-18 17:26:02.016 7895-7895/com.example.asus1.funcamera I/zygote64:     at void android.app.ActivityThread$H.handleMessage(android.os.Message) (ActivityThread.java:1614)
2018-12-18 17:26:02.016 7895-7895/com.example.asus1.funcamera I/zygote64:     at void android.os.Handler.dispatchMessage(android.os.Message) (Handler.java:106)
2018-12-18 17:26:02.016 7895-7895/com.example.asus1.funcamera I/zygote64:     at void android.os.Looper.loop() (Looper.java:171)
2018-12-18 17:26:02.016 7895-7895/com.example.asus1.funcamera I/zygote64:     at void android.app.ActivityThread.main(java.lang.String[]) (ActivityThread.java:6649)
2018-12-18 17:26:02.016 7895-7895/com.example.asus1.funcamera I/zygote64:     at java.lang.Object java.lang.reflect.Method.invoke(java.lang.Object, java.lang.Object[]) (Method.java:-2)
2018-12-18 17:26:02.016 7895-7895/com.example.asus1.funcamera I/zygote64:     at void com.android.internal.os.RuntimeInit$MethodAndArgsCaller.run() (RuntimeInit.java:547)
2018-12-18 17:26:02.016 7895-7895/com.example.asus1.funcamera I/zygote64:     at void com.android.internal.os.ZygoteInit.main(java.lang.String[]) (ZygoteInit.java:824)
2018-12-18 17:26:02.016 7895-7895/com.example.asus1.funcamera I/zygote64: Caused by: java.lang.ClassNotFoundException: Didn't find class "android.view.View$OnUnhandledKeyEventListener" on path: DexPathList[[zip file "/data/app/com.example.asus1.funcamera-PeSuaToHh6t3i2eH-jHICg==/base.apk"],nativeLibraryDirectories=[/data/app/com.example.asus1.funcamera-PeSuaToHh6t3i2eH-jHICg==/lib/arm64, /system/lib64, /vendor/lib64]]
2018-12-18 17:26:02.016 7895-7895/com.example.asus1.funcamera I/zygote64:     at java.lang.Class dalvik.system.BaseDexClassLoader.findClass(java.lang.String) (BaseDexClassLoader.java:125)
2018-12-18 17:26:02.016 7895-7895/com.example.asus1.funcamera I/zygote64:     at java.lang.Class java.lang.ClassLoader.loadClass(java.lang.String, boolean) (ClassLoader.java:379)
2018-12-18 17:26:02.016 7895-7895/com.example.asus1.funcamera I/zygote64:     at java.lang.Class java.lang.ClassLoader.loadClass(java.lang.String) (ClassLoader.java:312)
2018-12-18 17:26:02.016 7895-7895/com.example.asus1.funcamera I/zygote64:     at void android.support.v4.view.ViewCompat.setOnApplyWindowInsetsListener(android.view.View, android.support.v4.view.OnApplyWindowInsetsListener) (ViewCompat.java:2203)
2018-12-18 17:26:02.016 7895-7895/com.example.asus1.funcamera I/zygote64:     at android.view.ViewGroup android.support.v7.app.AppCompatDelegateImpl.createSubDecor() (AppCompatDelegateImpl.java:637)
2018-12-18 17:26:02.016 7895-7895/com.example.asus1.funcamera I/zygote64:     at void android.support.v7.app.AppCompatDelegateImpl.ensureSubDecor() (AppCompatDelegateImpl.java:518)
2018-12-18 17:26:02.016 7895-7895/com.example.asus1.funcamera I/zygote64:     at void android.support.v7.app.AppCompatDelegateImpl.onPostCreate(android.os.Bundle) (AppCompatDelegateImpl.java:299)
2018-12-18 17:26:02.016 7895-7895/com.example.asus1.funcamera I/zygote64:     at void android.support.v7.app.AppCompatActivity.onPostCreate(android.os.Bundle) (AppCompatActivity.java:98)
2018-12-18 17:26:02.016 7895-7895/com.example.asus1.funcamera I/zygote64:     at void android.app.Instrumentation.callActivityOnPostCreate(android.app.Activity, android.os.Bundle) (Instrumentation.java:1286)
2018-12-18 17:26:02.016 7895-7895/com.example.asus1.funcamera I/zygote64:     at android.app.Activity android.app.ActivityThread.performLaunchActivity(android.app.ActivityThread$ActivityClientRecord, android.content.Intent) (ActivityThread.java:2797)
2018-12-18 17:26:02.016 7895-7895/com.example.asus1.funcamera I/zygote64:     at void android.app.ActivityThread.handleLaunchActivity(android.app.ActivityThread$ActivityClientRecord, android.content.Intent, java.lang.String) (ActivityThread.java:2893)
2018-12-18 17:26:02.016 7895-7895/com.example.asus1.funcamera I/zygote64:     at void android.app.ActivityThread.-wrap11(android.app.ActivityThread, android.app.ActivityThread$ActivityClientRecord, android.content.Intent, java.lang.String) (ActivityThread.java:-1)
2018-12-18 17:26:02.016 7895-7895/com.example.asus1.funcamera I/zygote64:     at void android.app.ActivityThread$H.handleMessage(android.os.Message) (ActivityThread.java:1614)
2018-12-18 17:26:02.016 7895-7895/com.example.asus1.funcamera I/zygote64:     at void android.os.Handler.dispatchMessage(android.os.Message) (Handler.java:106)
2018-12-18 17:26:02.016 7895-7895/com.example.asus1.funcamera I/zygote64:     at void android.os.Looper.loop() (Looper.java:171)
2018-12-18 17:26:02.016 7895-7895/com.example.asus1.funcamera I/zygote64:     at void android.app.ActivityThread.main(java.lang.String[]) (ActivityThread.java:6649)
2018-12-18 17:26:02.016 7895-7895/com.example.asus1.funcamera I/zygote64:     at java.lang.Object java.lang.reflect.Method.invoke(java.lang.Object, java.lang.Object[]) (Method.java:-2)
2018-12-18 17:26:02.016 7895-7895/com.example.asus1.funcamera I/zygote64:     at void com.android.internal.os.RuntimeInit$MethodAndArgsCaller.run() (RuntimeInit.java:547)
2018-12-18 17:26:02.016 7895-7895/com.example.asus1.funcamera I/zygote64:     at void com.android.internal.os.ZygoteInit.main(java.lang.String[]) (ZygoteInit.java:824)
2018-12-18 17:26:02.016 7895-7895/com.example.asus1.funcamera I/zygote64: Rejecting re-init on previously-failed class java.lang.Class<android.support.v4.view.ViewCompat$OnUnhandledKeyEventListenerWrapper>: java.lang.NoClassDefFoundError: Failed resolution of: Landroid/view/View$OnUnhandledKeyEventListener;
2018-12-18 17:26:02.016 7895-7895/com.example.asus1.funcamera I/zygote64:     at void android.support.v4.view.ViewCompat.setOnApplyWindowInsetsListener(android.view.View, android.support.v4.view.OnApplyWindowInsetsListener) (ViewCompat.java:2203)
2018-12-18 17:26:02.016 7895-7895/com.example.asus1.funcamera I/zygote64:     at android.view.ViewGroup android.support.v7.app.AppCompatDelegateImpl.createSubDecor() (AppCompatDelegateImpl.java:637)
2018-12-18 17:26:02.016 7895-7895/com.example.asus1.funcamera I/zygote64:     at void android.support.v7.app.AppCompatDelegateImpl.ensureSubDecor() (AppCompatDelegateImpl.java:518)
2018-12-18 17:26:02.016 7895-7895/com.example.asus1.funcamera I/zygote64:     at void android.support.v7.app.AppCompatDelegateImpl.onPostCreate(android.os.Bundle) (AppCompatDelegateImpl.java:299)
2018-12-18 17:26:02.016 7895-7895/com.example.asus1.funcamera I/zygote64:     at void android.support.v7.app.AppCompatActivity.onPostCreate(android.os.Bundle) (AppCompatActivity.java:98)
2018-12-18 17:26:02.016 7895-7895/com.example.asus1.funcamera I/zygote64:     at void android.app.Instrumentation.callActivityOnPostCreate(android.app.Activity, android.os.Bundle) (Instrumentation.java:1286)
2018-12-18 17:26:02.016 7895-7895/com.example.asus1.funcamera I/zygote64:     at android.app.Activity android.app.ActivityThread.performLaunchActivity(android.app.ActivityThread$ActivityClientRecord, android.content.Intent) (ActivityThread.java:2797)
2018-12-18 17:26:02.016 7895-7895/com.example.asus1.funcamera I/zygote64:     at void android.app.ActivityThread.handleLaunchActivity(android.app.ActivityThread$ActivityClientRecord, android.content.Intent, java.lang.String) (ActivityThread.java:2893)
2018-12-18 17:26:02.016 7895-7895/com.example.asus1.funcamera I/zygote64:     at void android.app.ActivityThread.-wrap11(android.app.ActivityThread, android.app.ActivityThread$ActivityClientRecord, android.content.Intent, java.lang.String) (ActivityThread.java:-1)
2018-12-18 17:26:02.016 7895-7895/com.example.asus1.funcamera I/zygote64:     at void android.app.ActivityThread$H.handleMessage(android.os.Message) (ActivityThread.java:1614)
2018-12-18 17:26:02.016 7895-7895/com.example.asus1.funcamera I/zygote64:     at void android.os.Handler.dispatchMessage(android.os.Message) (Handler.java:106)
2018-12-18 17:26:02.016 7895-7895/com.example.asus1.funcamera I/zygote64:     at void android.os.Looper.loop() (Looper.java:171)
2018-12-18 17:26:02.016 7895-7895/com.example.asus1.funcamera I/zygote64:     at void android.app.ActivityThread.main(java.lang.String[]) (ActivityThread.java:6649)
2018-12-18 17:26:02.016 7895-7895/com.example.asus1.funcamera I/zygote64:     at java.lang.Object java.lang.reflect.Method.invoke(java.lang.Object, java.lang.Object[]) (Method.java:-2)
2018-12-18 17:26:02.016 7895-7895/com.example.asus1.funcamera I/zygote64:     at void com.android.internal.os.RuntimeInit$MethodAndArgsCaller.run() (RuntimeInit.java:547)
2018-12-18 17:26:02.016 7895-7895/com.example.asus1.funcamera I/zygote64:     at void com.android.internal.os.ZygoteInit.main(java.lang.String[]) (ZygoteInit.java:824)
2018-12-18 17:26:02.016 7895-7895/com.example.asus1.funcamera I/zygote64: Caused by: java.lang.ClassNotFoundException: Didn't find class "android.view.View$OnUnhandledKeyEventListener" on path: DexPathList[[zip file "/data/app/com.example.asus1.funcamera-PeSuaToHh6t3i2eH-jHICg==/base.apk"],nativeLibraryDirectories=[/data/app/com.example.asus1.funcamera-PeSuaToHh6t3i2eH-jHICg==/lib/arm64, /system/lib64, /vendor/lib64]]
2018-12-18 17:26:02.016 7895-7895/com.example.asus1.funcamera I/zygote64:     at java.lang.Class dalvik.system.BaseDexClassLoader.findClass(java.lang.String) (BaseDexClassLoader.java:125)
2018-12-18 17:26:02.016 7895-7895/com.example.asus1.funcamera I/zygote64:     at java.lang.Class java.lang.ClassLoader.loadClass(java.lang.String, boolean) (ClassLoader.java:379)
2018-12-18 17:26:02.016 7895-7895/com.example.asus1.funcamera I/zygote64:     at java.lang.Class java.lang.ClassLoader.loadClass(java.lang.String) (ClassLoader.java:312)
2018-12-18 17:26:02.016 7895-7895/com.example.asus1.funcamera I/zygote64:     at void android.support.v4.view.ViewCompat.setOnApplyWindowInsetsListener(android.view.View, android.support.v4.view.OnApplyWindowInsetsListener) (ViewCompat.java:2203)
2018-12-18 17:26:02.016 7895-7895/com.example.asus1.funcamera I/zygote64:     at android.view.ViewGroup android.support.v7.app.AppCompatDelegateImpl.createSubDecor() (AppCompatDelegateImpl.java:637)
2018-12-18 17:26:02.016 7895-7895/com.example.asus1.funcamera I/zygote64:     at void android.support.v7.app.AppCompatDelegateImpl.ensureSubDecor() (AppCompatDelegateImpl.java:518)
2018-12-18 17:26:02.016 7895-7895/com.example.asus1.funcamera I/zygote64:     at void android.support.v7.app.AppCompatDelegateImpl.onPostCreate(android.os.Bundle) (AppCompatDelegateImpl.java:299)
2018-12-18 17:26:02.016 7895-7895/com.example.asus1.funcamera I/zygote64:     at void android.support.v7.app.AppCompatActivity.onPostCreate(android.os.Bundle) (AppCompatActivity.java:98)
2018-12-18 17:26:02.016 7895-7895/com.example.asus1.funcamera I/zygote64:     at void android.app.Instrumentation.callActivityOnPostCreate(android.app.Activity, android.os.Bundle) (Instrumentation.java:1286)
2018-12-18 17:26:02.016 7895-7895/com.example.asus1.funcamera I/zygote64:     at android.app.Activity android.app.ActivityThread.performLaunchActivity(android.app.ActivityThread$ActivityClientRecord, android.content.Intent) (ActivityThread.java:2797)
2018-12-18 17:26:02.016 7895-7895/com.example.asus1.funcamera I/zygote64:     at void android.app.ActivityThread.handleLaunchActivity(android.app.ActivityThread$ActivityClientRecord, android.content.Intent, java.lang.String) (ActivityThread.java:2893)
2018-12-18 17:26:02.016 7895-7895/com.example.asus1.funcamera I/zygote64:     at void android.app.ActivityThread.-wrap11(android.app.ActivityThread, android.app.ActivityThread$ActivityClientRecord, android.content.Intent, java.lang.String) (ActivityThread.java:-1)
2018-12-18 17:26:02.016 7895-7895/com.example.asus1.funcamera I/zygote64:     at void android.app.ActivityThread$H.handleMessage(android.os.Message) (ActivityThread.java:1614)
2018-12-18 17:26:02.016 7895-7895/com.example.asus1.funcamera I/zygote64:     at void android.os.Handler.dispatchMessage(android.os.Message) (Handler.java:106)
2018-12-18 17:26:02.016 7895-7895/com.example.asus1.funcamera I/zygote64:     at void android.os.Looper.loop() (Looper.java:171)
2018-12-18 17:26:02.016 7895-7895/com.example.asus1.funcamera I/zygote64:     at void android.app.ActivityThread.main(java.lang.String[]) (ActivityThread.java:6649)
2018-12-18 17:26:02.016 7895-7895/com.example.asus1.funcamera I/zygote64:     at java.lang.Object java.lang.reflect.Method.invoke(java.lang.Object, java.lang.Object[]) (Method.java:-2)
2018-12-18 17:26:02.016 7895-7895/com.example.asus1.funcamera I/zygote64:     at void com.android.internal.os.RuntimeInit$MethodAndArgsCaller.run() (RuntimeInit.java:547)
2018-12-18 17:26:02.016 7895-7895/com.example.asus1.funcamera I/zygote64:     at void com.android.internal.os.ZygoteInit.main(java.lang.String[]) (ZygoteInit.java:824)
2018-12-18 17:26:02.017 7895-7895/com.example.asus1.funcamera I/zygote64: Rejecting re-init on previously-failed class java.lang.Class<android.support.v4.view.ViewCompat$OnUnhandledKeyEventListenerWrapper>: java.lang.NoClassDefFoundError: Failed resolution of: Landroid/view/View$OnUnhandledKeyEventListener;
2018-12-18 17:26:02.017 7895-7895/com.example.asus1.funcamera I/zygote64:     at void android.support.v4.view.ViewCompat.setOnApplyWindowInsetsListener(android.view.View, android.support.v4.view.OnApplyWindowInsetsListener) (ViewCompat.java:2203)
2018-12-18 17:26:02.017 7895-7895/com.example.asus1.funcamera I/zygote64:     at android.view.ViewGroup android.support.v7.app.AppCompatDelegateImpl.createSubDecor() (AppCompatDelegateImpl.java:637)
2018-12-18 17:26:02.017 7895-7895/com.example.asus1.funcamera I/zygote64:     at void android.support.v7.app.AppCompatDelegateImpl.ensureSubDecor() (AppCompatDelegateImpl.java:518)
2018-12-18 17:26:02.017 7895-7895/com.example.asus1.funcamera I/zygote64:     at void android.support.v7.app.AppCompatDelegateImpl.onPostCreate(android.os.Bundle) (AppCompatDelegateImpl.java:299)
2018-12-18 17:26:02.017 7895-7895/com.example.asus1.funcamera I/zygote64:     at void android.support.v7.app.AppCompatActivity.onPostCreate(android.os.Bundle) (AppCompatActivity.java:98)
2018-12-18 17:26:02.017 7895-7895/com.example.asus1.funcamera I/zygote64:     at void android.app.Instrumentation.callActivityOnPostCreate(android.app.Activity, android.os.Bundle) (Instrumentation.java:1286)
2018-12-18 17:26:02.017 7895-7895/com.example.asus1.funcamera I/zygote64:     at android.app.Activity android.app.ActivityThread.performLaunchActivity(android.app.ActivityThread$ActivityClientRecord, android.content.Intent) (ActivityThread.java:2797)
2018-12-18 17:26:02.017 7895-7895/com.example.asus1.funcamera I/zygote64:     at void android.app.ActivityThread.handleLaunchActivity(android.app.ActivityThread$ActivityClientRecord, android.content.Intent, java.lang.String) (ActivityThread.java:2893)
2018-12-18 17:26:02.017 7895-7895/com.example.asus1.funcamera I/zygote64:     at void android.app.ActivityThread.-wrap11(android.app.ActivityThread, android.app.ActivityThread$ActivityClientRecord, android.content.Intent, java.lang.String) (ActivityThread.java:-1)
2018-12-18 17:26:02.017 7895-7895/com.example.asus1.funcamera I/zygote64:     at void android.app.ActivityThread$H.handleMessage(android.os.Message) (ActivityThread.java:1614)
2018-12-18 17:26:02.017 7895-7895/com.example.asus1.funcamera I/zygote64:     at void android.os.Handler.dispatchMessage(android.os.Message) (Handler.java:106)
2018-12-18 17:26:02.017 7895-7895/com.example.asus1.funcamera I/zygote64:     at void android.os.Looper.loop() (Looper.java:171)
2018-12-18 17:26:02.017 7895-7895/com.example.asus1.funcamera I/zygote64:     at void android.app.ActivityThread.main(java.lang.String[]) (ActivityThread.java:6649)
2018-12-18 17:26:02.017 7895-7895/com.example.asus1.funcamera I/zygote64:     at java.lang.Object java.lang.reflect.Method.invoke(java.lang.Object, java.lang.Object[]) (Method.java:-2)
2018-12-18 17:26:02.017 7895-7895/com.example.asus1.funcamera I/zygote64:     at void com.android.internal.os.RuntimeInit$MethodAndArgsCaller.run() (RuntimeInit.java:547)
2018-12-18 17:26:02.017 7895-7895/com.example.asus1.funcamera I/zygote64:     at void com.android.internal.os.ZygoteInit.main(java.lang.String[]) (ZygoteInit.java:824)
2018-12-18 17:26:02.017 7895-7895/com.example.asus1.funcamera I/zygote64: Caused by: java.lang.ClassNotFoundException: Didn't find class "android.view.View$OnUnhandledKeyEventListener" on path: DexPathList[[zip file "/data/app/com.example.asus1.funcamera-PeSuaToHh6t3i2eH-jHICg==/base.apk"],nativeLibraryDirectories=[/data/app/com.example.asus1.funcamera-PeSuaToHh6t3i2eH-jHICg==/lib/arm64, /system/lib64, /vendor/lib64]]
2018-12-18 17:26:02.017 7895-7895/com.example.asus1.funcamera I/zygote64:     at java.lang.Class dalvik.system.BaseDexClassLoader.findClass(java.lang.String) (BaseDexClassLoader.java:125)
2018-12-18 17:26:02.017 7895-7895/com.example.asus1.funcamera I/zygote64:     at java.lang.Class java.lang.ClassLoader.loadClass(java.lang.String, boolean) (ClassLoader.java:379)
2018-12-18 17:26:02.017 7895-7895/com.example.asus1.funcamera I/zygote64:     at java.lang.Class java.lang.ClassLoader.loadClass(java.lang.String) (ClassLoader.java:312)
2018-12-18 17:26:02.017 7895-7895/com.example.asus1.funcamera I/zygote64:     at void android.support.v4.view.ViewCompat.setOnApplyWindowInsetsListener(android.view.View, android.support.v4.view.OnApplyWindowInsetsListener) (ViewCompat.java:2203)
2018-12-18 17:26:02.017 7895-7895/com.example.asus1.funcamera I/zygote64:     at android.view.ViewGroup android.support.v7.app.AppCompatDelegateImpl.createSubDecor() (AppCompatDelegateImpl.java:637)
2018-12-18 17:26:02.017 7895-7895/com.example.asus1.funcamera I/zygote64:     at void android.support.v7.app.AppCompatDelegateImpl.ensureSubDecor() (AppCompatDelegateImpl.java:518)
2018-12-18 17:26:02.017 7895-7895/com.example.asus1.funcamera I/zygote64:     at void android.support.v7.app.AppCompatDelegateImpl.onPostCreate(android.os.Bundle) (AppCompatDelegateImpl.java:299)
2018-12-18 17:26:02.017 7895-7895/com.example.asus1.funcamera I/zygote64:     at void android.support.v7.app.AppCompatActivity.onPostCreate(android.os.Bundle) (AppCompatActivity.java:98)
2018-12-18 17:26:02.017 7895-7895/com.example.asus1.funcamera I/zygote64:     at void android.app.Instrumentation.callActivityOnPostCreate(android.app.Activity, android.os.Bundle) (Instrumentation.java:1286)
2018-12-18 17:26:02.017 7895-7895/com.example.asus1.funcamera I/zygote64:     at android.app.Activity android.app.ActivityThread.performLaunchActivity(android.app.ActivityThread$ActivityClientRecord, android.content.Intent) (ActivityThread.java:2797)
2018-12-18 17:26:02.017 7895-7895/com.example.asus1.funcamera I/zygote64:     at void android.app.ActivityThread.handleLaunchActivity(android.app.ActivityThread$ActivityClientRecord, android.content.Intent, java.lang.String) (ActivityThread.java:2893)
2018-12-18 17:26:02.017 7895-7895/com.example.asus1.funcamera I/zygote64:     at void android.app.ActivityThread.-wrap11(android.app.ActivityThread, android.app.ActivityThread$ActivityClientRecord, android.content.Intent, java.lang.String) (ActivityThread.java:-1)
2018-12-18 17:26:02.017 7895-7895/com.example.asus1.funcamera I/zygote64:     at void android.app.ActivityThread$H.handleMessage(android.os.Message) (ActivityThread.java:1614)
2018-12-18 17:26:02.017 7895-7895/com.example.asus1.funcamera I/zygote64:     at void android.os.Handler.dispatchMessage(android.os.Message) (Handler.java:106)
2018-12-18 17:26:02.017 7895-7895/com.example.asus1.funcamera I/zygote64:     at void android.os.Looper.loop() (Looper.java:171)
2018-12-18 17:26:02.017 7895-7895/com.example.asus1.funcamera I/zygote64:     at void android.app.ActivityThread.main(java.lang.String[]) (ActivityThread.java:6649)
2018-12-18 17:26:02.017 7895-7895/com.example.asus1.funcamera I/zygote64:     at java.lang.Object java.lang.reflect.Method.invoke(java.lang.Object, java.lang.Object[]) (Method.java:-2)
2018-12-18 17:26:02.017 7895-7895/com.example.asus1.funcamera I/zygote64:     at void com.android.internal.os.RuntimeInit$MethodAndArgsCaller.run() (RuntimeInit.java:547)
2018-12-18 17:26:02.017 7895-7895/com.example.asus1.funcamera I/zygote64:     at void com.android.internal.os.ZygoteInit.main(java.lang.String[]) (ZygoteInit.java:824)
2018-12-18 17:26:02.040 7895-7975/com.example.asus1.funcamera D/OpenGLRenderer: HWUI GL Pipeline
2018-12-18 17:26:02.079 7895-7975/com.example.asus1.funcamera I/Adreno: QUALCOMM build                   : 4c0032d, I6248d6d1da
    Build Date                       : 07/14/18
    OpenGL ES Shader Compiler Version: EV031.23.02.01
    Local Branch                     : 
    Remote Branch                    : 
    Remote Branch                    : 
    Reconstruct Branch               : 
2018-12-18 17:26:03.410 7895-7975/com.example.asus1.funcamera I/Adreno: PFP: 0x016ee164, ME: 0x00000000
2018-12-18 17:26:03.422 7895-7975/com.example.asus1.funcamera I/zygote64: android::hardware::configstore::V1_0::ISurfaceFlingerConfigs::hasWideColorDisplay retrieved: 0
2018-12-18 17:26:03.423 7895-7975/com.example.asus1.funcamera I/OpenGLRenderer: Initialized EGL, version 1.4
2018-12-18 17:26:03.423 7895-7975/com.example.asus1.funcamera D/OpenGLRenderer: Swap behavior 2
2018-12-18 17:26:05.747 7895-7895/com.example.asus1.funcamera D/SplashActivity: onRequestPermissionsResult: 100
2018-12-18 17:26:05.749 7895-7895/com.example.asus1.funcamera I/Timeline: Timeline: Activity_launch_request time:15340673
2018-12-18 17:26:05.878 7895-7905/com.example.asus1.funcamera I/zygote64: Do partial code cache collection, code=30KB, data=21KB
2018-12-18 17:26:05.878 7895-7905/com.example.asus1.funcamera I/zygote64: After code cache collection, code=30KB, data=21KB
2018-12-18 17:26:05.878 7895-7905/com.example.asus1.funcamera I/zygote64: Increasing code cache capacity to 128KB
2018-12-18 17:26:06.013 7895-7991/com.example.asus1.funcamera I/CameraManagerGlobal: Connecting to camera service
2018-12-18 17:26:06.020 7895-7991/com.example.asus1.funcamera W/CameraManagerGlobal: [soar.cts] ignore the status update of camera: 2
2018-12-18 17:26:06.021 7895-7991/com.example.asus1.funcamera W/CameraManagerGlobal: [soar.cts] ignore the status update of camera: 3
2018-12-18 17:26:06.021 7895-7991/com.example.asus1.funcamera W/CameraManagerGlobal: [soar.cts] ignore the status update of camera: 4
2018-12-18 17:26:06.024 7895-7913/com.example.asus1.funcamera W/CameraManagerGlobal: ignore the torch status update of camera: 3
2018-12-18 17:26:06.024 7895-7913/com.example.asus1.funcamera W/CameraManagerGlobal: ignore the torch status update of camera: 4
2018-12-18 17:26:06.020 7895-7895/com.example.asus1.funcamera W/Thread-4: type=1400 audit(0.0:71289): avc: denied { read } for name="u:object_r:camera_prop:s0" dev="tmpfs" ino=19954 scontext=u:r:untrusted_app:s0:c512,c768 tcontext=u:object_r:camera_prop:s0 tclass=file permissive=0
2018-12-18 17:26:06.034 7895-7991/com.example.asus1.funcamera E/libc: Access denied finding property "persist.camera.privapp.list"
2018-12-18 17:26:15.389 7895-7905/com.example.asus1.funcamera I/zygote64: Do partial code cache collection, code=61KB, data=44KB
2018-12-18 17:26:15.389 7895-7905/com.example.asus1.funcamera I/zygote64: After code cache collection, code=61KB, data=44KB
2018-12-18 17:26:15.390 7895-7905/com.example.asus1.funcamera I/zygote64: Increasing code cache capacity to 256KB
2018-12-18 17:26:23.211 7895-7895/com.example.asus1.funcamera D/RecordActivtiy: setRecord: 
2018-12-18 17:26:23.211 7895-7895/com.example.asus1.funcamera D/RecordButtonView: setClick: true
2018-12-18 17:26:23.211 7895-7895/com.example.asus1.funcamera D/RecordActivtiy: startRecording: 
2018-12-18 17:26:23.236 7895-8003/com.example.asus1.funcamera D/VideoRecordEncode: run: Thread-6
2018-12-18 17:26:23.236 7895-8003/com.example.asus1.funcamera D/VideoRecordEncode: run: wait
2018-12-18 17:26:23.242 7895-7895/com.example.asus1.funcamera D/VideoRecordEncode: prepare: main
2018-12-18 17:26:23.242 7895-8004/com.example.asus1.funcamera D/AudioRecordEncode: run: wait
2018-12-18 17:26:23.256 7895-8006/com.example.asus1.funcamera I/OMXClient: Treble IOmx obtained
2018-12-18 17:26:23.310 7895-7895/com.example.asus1.funcamera I/VideoRecordEncode: bitrate= 5.49[Mbps]
2018-12-18 17:26:23.314 7895-8006/com.example.asus1.funcamera I/ExtendedACodec: setupVideoEncoder()
2018-12-18 17:26:23.315 7895-8006/com.example.asus1.funcamera W/OMXUtils: do not know color format 0x7fa30c06 = 2141391878
2018-12-18 17:26:23.316 7895-8006/com.example.asus1.funcamera W/OMXUtils: do not know color format 0x7fa30c04 = 2141391876
2018-12-18 17:26:23.316 7895-8006/com.example.asus1.funcamera W/OMXUtils: do not know color format 0x7fa30c00 = 2141391872
2018-12-18 17:26:23.316 7895-8006/com.example.asus1.funcamera W/OMXUtils: do not know color format 0x7fa30c09 = 2141391881
2018-12-18 17:26:23.317 7895-8006/com.example.asus1.funcamera W/OMXUtils: do not know color format 0x7fa30c0a = 2141391882
2018-12-18 17:26:23.317 7895-8006/com.example.asus1.funcamera W/OMXUtils: do not know color format 0x7fa30c08 = 2141391880
2018-12-18 17:26:23.318 7895-8006/com.example.asus1.funcamera W/OMXUtils: do not know color format 0x7fa30c07 = 2141391879
2018-12-18 17:26:23.318 7895-8006/com.example.asus1.funcamera W/OMXUtils: do not know color format 0x7f000789 = 2130708361
2018-12-18 17:26:23.326 7895-8006/com.example.asus1.funcamera I/ACodec: setupAVCEncoderParameters with [profile: Baseline] [level: Level1]
2018-12-18 17:26:23.327 7895-8006/com.example.asus1.funcamera I/ACodec: [OMX.qcom.video.encoder.avc] cannot encode HDR static metadata. Ignoring.
2018-12-18 17:26:23.327 7895-8006/com.example.asus1.funcamera I/ACodec: setupVideoEncoder succeeded
2018-12-18 17:26:23.327 7895-8006/com.example.asus1.funcamera I/ExtendedACodec: [OMX.qcom.video.encoder.avc] configure, AMessage : AMessage(what = 'conf', target = 1) = {
      int32_t color-format = 2130708361
      int32_t i-frame-interval = 10
      string mime = "video/avc"
      int32_t width = 1280
      int32_t bitrate = 5760000
      int32_t frame-rate = 25
      int32_t height = 720
      int32_t encoder = 1
    }
2018-12-18 17:26:23.327 7895-8006/com.example.asus1.funcamera W/OMXUtils: do not know color format 0x7f000789 = 2130708361
2018-12-18 17:26:23.861 7895-8012/com.example.asus1.funcamera I/OMXClient: Treble IOmx obtained
2018-12-18 17:26:23.868 7895-8012/com.example.asus1.funcamera W/ExtendedACodec: Failed to get extension for extradata parameter
2018-12-18 17:26:23.879 7895-8004/com.example.asus1.funcamera D/AudioRecordEncode: run: wait
2018-12-18 17:26:23.879 7895-7895/com.example.asus1.funcamera D/RecordActivtiy: startRecordUI: 
2018-12-18 17:26:23.890 7895-8002/com.example.asus1.funcamera D/EGLHelper: init: 1280---720
2018-12-18 17:26:24.434 7895-8006/com.example.asus1.funcamera D/ACodec: dataspace changed to 0x10c10000 (R:2(Limited), P:3(BT601_6_625), M:3(BT601_6), T:3(SMPTE170M)) (R:2(Limited), S:1(BT709), T:3(SMPTE_170M))
2018-12-18 17:26:24.481 7895-8003/com.example.asus1.funcamera D/VideoRecordEncode: drain: -2
2018-12-18 17:26:24.482 7895-8003/com.example.asus1.funcamera D/VideoMediaMuxer: start: 1
2018-12-18 17:26:24.625 7895-8004/com.example.asus1.funcamera D/AudioRecordEncode: drain: -2
2018-12-18 17:26:24.627 7895-8004/com.example.asus1.funcamera D/VideoMediaMuxer: start: 2
2018-12-18 17:26:24.629 7895-8004/com.example.asus1.funcamera I/MPEG4Writer: limits: 4294967295/0 bytes/us, bit rate: -1 bps and the estimated moov size 3195 bytes
2018-12-18 17:26:24.633 7895-8004/com.example.asus1.funcamera D/VideoMediaMuxer: writeSampleData: 1
2018-12-18 17:26:24.633 7895-8003/com.example.asus1.funcamera D/VideoMediaMuxer: writeSampleData: 0
2018-12-18 17:26:24.634 7895-8025/com.example.asus1.funcamera I/MPEG4Writer: setStartTimestampUs: 15359557547
2018-12-18 17:26:24.634 7895-8025/com.example.asus1.funcamera I/MPEG4Writer: Earliest track starting time: 15359557547
2018-12-18 17:26:24.637 7895-8024/com.example.asus1.funcamera D/MPEG4Writer: Video skip non-key frame
2018-12-18 17:26:24.639 7895-8003/com.example.asus1.funcamera D/VideoMediaMuxer: writeSampleData: 0
2018-12-18 17:26:24.640 7895-8024/com.example.asus1.funcamera I/MPEG4Writer: setStartTimestampUs: 15359562824
2018-12-18 17:26:24.642 7895-8003/com.example.asus1.funcamera D/VideoMediaMuxer: writeSampleData: 0
2018-12-18 17:26:24.646 7895-8004/com.example.asus1.funcamera D/VideoMediaMuxer: writeSampleData: 1
2018-12-18 17:26:24.646 7895-8003/com.example.asus1.funcamera D/VideoMediaMuxer: writeSampleData: 0
2018-12-18 17:26:24.657 7895-8003/com.example.asus1.funcamera I/chatty: uid=10196(com.example.asus1.funcamera) Thread-6 identical 5 lines
2018-12-18 17:26:24.659 7895-8003/com.example.asus1.funcamera D/VideoMediaMuxer: writeSampleData: 0
2018-12-18 17:26:24.664 7895-8004/com.example.asus1.funcamera D/VideoMediaMuxer: writeSampleData: 1
2018-12-18 17:26:24.684 7895-8004/com.example.asus1.funcamera D/VideoMediaMuxer: writeSampleData: 1
2018-12-18 17:26:24.691 7895-8003/com.example.asus1.funcamera D/VideoMediaMuxer: writeSampleData: 0
2018-12-18 17:26:24.703 7895-8004/com.example.asus1.funcamera D/VideoMediaMuxer: writeSampleData: 1
2018-12-18 17:26:24.723 7895-8003/com.example.asus1.funcamera D/VideoMediaMuxer: writeSampleData: 0
2018-12-18 17:26:24.725 7895-8004/com.example.asus1.funcamera D/VideoMediaMuxer: writeSampleData: 1
2018-12-18 17:26:24.744 7895-8004/com.example.asus1.funcamera D/VideoMediaMuxer: writeSampleData: 1
2018-12-18 17:26:24.755 7895-8003/com.example.asus1.funcamera D/VideoMediaMuxer: writeSampleData: 0
2018-12-18 17:26:24.765 7895-8004/com.example.asus1.funcamera D/VideoMediaMuxer: writeSampleData: 1
2018-12-18 17:26:24.790 7895-8003/com.example.asus1.funcamera D/VideoMediaMuxer: writeSampleData: 0
2018-12-18 17:26:24.805 7895-8004/com.example.asus1.funcamera D/VideoMediaMuxer: writeSampleData: 1
2018-12-18 17:26:24.823 7895-8003/com.example.asus1.funcamera D/VideoMediaMuxer: writeSampleData: 0
2018-12-18 17:26:24.823 7895-8004/com.example.asus1.funcamera D/VideoMediaMuxer: writeSampleData: 1
2018-12-18 17:26:24.844 7895-8004/com.example.asus1.funcamera D/VideoMediaMuxer: writeSampleData: 1
2018-12-18 17:26:24.858 7895-8003/com.example.asus1.funcamera D/VideoMediaMuxer: writeSampleData: 0
2018-12-18 17:26:24.863 7895-8004/com.example.asus1.funcamera D/VideoMediaMuxer: writeSampleData: 1
2018-12-18 17:26:24.886 7895-8004/com.example.asus1.funcamera D/VideoMediaMuxer: writeSampleData: 1
2018-12-18 17:26:24.889 7895-8003/com.example.asus1.funcamera D/VideoMediaMuxer: writeSampleData: 0
2018-12-18 17:26:24.907 7895-8004/com.example.asus1.funcamera D/VideoMediaMuxer: writeSampleData: 1
2018-12-18 17:26:24.931 7895-8004/com.example.asus1.funcamera D/VideoMediaMuxer: writeSampleData: 1
2018-12-18 17:26:24.938 7895-8003/com.example.asus1.funcamera D/VideoMediaMuxer: writeSampleData: 0
2018-12-18 17:26:24.964 7895-8004/com.example.asus1.funcamera D/VideoMediaMuxer: writeSampleData: 1
2018-12-18 17:26:24.972 7895-8003/com.example.asus1.funcamera D/VideoMediaMuxer: writeSampleData: 0
2018-12-18 17:26:24.986 7895-8004/com.example.asus1.funcamera D/VideoMediaMuxer: writeSampleData: 1
2018-12-18 17:26:25.007 7895-8003/com.example.asus1.funcamera D/VideoMediaMuxer: writeSampleData: 0
2018-12-18 17:26:25.007 7895-8004/com.example.asus1.funcamera D/VideoMediaMuxer: writeSampleData: 1
2018-12-18 17:26:25.026 7895-8004/com.example.asus1.funcamera D/VideoMediaMuxer: writeSampleData: 1
2018-12-18 17:26:25.038 7895-8003/com.example.asus1.funcamera D/VideoMediaMuxer: writeSampleData: 0
2018-12-18 17:26:25.045 7895-8004/com.example.asus1.funcamera D/VideoMediaMuxer: writeSampleData: 1
2018-12-18 17:26:25.064 7895-8004/com.example.asus1.funcamera D/VideoMediaMuxer: writeSampleData: 1
2018-12-18 17:26:25.071 7895-8003/com.example.asus1.funcamera D/VideoMediaMuxer: writeSampleData: 0
2018-12-18 17:26:25.086 7895-8004/com.example.asus1.funcamera D/VideoMediaMuxer: writeSampleData: 1
2018-12-18 17:26:25.104 7895-8003/com.example.asus1.funcamera D/VideoMediaMuxer: writeSampleData: 0
2018-12-18 17:26:25.125 7895-8004/com.example.asus1.funcamera D/VideoMediaMuxer: writeSampleData: 1
2018-12-18 17:26:25.139 7895-8003/com.example.asus1.funcamera D/VideoMediaMuxer: writeSampleData: 0
2018-12-18 17:26:25.143 7895-8004/com.example.asus1.funcamera D/VideoMediaMuxer: writeSampleData: 1
2018-12-18 17:26:25.173 7895-8004/com.example.asus1.funcamera D/VideoMediaMuxer: writeSampleData: 1
2018-12-18 17:26:25.173 7895-8003/com.example.asus1.funcamera D/VideoMediaMuxer: writeSampleData: 0
2018-12-18 17:26:25.194 7895-8004/com.example.asus1.funcamera D/VideoMediaMuxer: writeSampleData: 1
2018-12-18 17:26:25.207 7895-8003/com.example.asus1.funcamera D/VideoMediaMuxer: writeSampleData: 0
2018-12-18 17:26:25.214 7895-8004/com.example.asus1.funcamera D/VideoMediaMuxer: writeSampleData: 1
2018-12-18 17:26:25.235 7895-8004/com.example.asus1.funcamera D/VideoMediaMuxer: writeSampleData: 1
2018-12-18 17:26:25.241 7895-8003/com.example.asus1.funcamera D/VideoMediaMuxer: writeSampleData: 0
2018-12-18 17:26:25.255 7895-8004/com.example.asus1.funcamera D/VideoMediaMuxer: writeSampleData: 1
2018-12-18 17:26:25.281 7895-8003/com.example.asus1.funcamera D/VideoMediaMuxer: writeSampleData: 0
2018-12-18 17:26:25.294 7895-8004/com.example.asus1.funcamera D/VideoMediaMuxer: writeSampleData: 1
2018-12-18 17:26:25.307 7895-8003/com.example.asus1.funcamera D/VideoMediaMuxer: writeSampleData: 0
2018-12-18 17:26:25.313 7895-8004/com.example.asus1.funcamera D/VideoMediaMuxer: writeSampleData: 1
2018-12-18 17:26:25.334 7895-8004/com.example.asus1.funcamera D/VideoMediaMuxer: writeSampleData: 1
2018-12-18 17:26:25.342 7895-8003/com.example.asus1.funcamera D/VideoMediaMuxer: writeSampleData: 0
2018-12-18 17:26:25.354 7895-8004/com.example.asus1.funcamera D/VideoMediaMuxer: writeSampleData: 1
2018-12-18 17:26:25.373 7895-8003/com.example.asus1.funcamera D/VideoMediaMuxer: writeSampleData: 0
2018-12-18 17:26:25.378 7895-8004/com.example.asus1.funcamera D/VideoMediaMuxer: writeSampleData: 1
2018-12-18 17:26:25.396 7895-8004/com.example.asus1.funcamera D/VideoMediaMuxer: writeSampleData: 1
2018-12-18 17:26:25.405 7895-8003/com.example.asus1.funcamera D/VideoMediaMuxer: writeSampleData: 0
2018-12-18 17:26:25.414 7895-8004/com.example.asus1.funcamera D/VideoMediaMuxer: writeSampleData: 1
2018-12-18 17:26:25.441 7895-8003/com.example.asus1.funcamera D/VideoMediaMuxer: writeSampleData: 0
2018-12-18 17:26:25.454 7895-8004/com.example.asus1.funcamera D/VideoMediaMuxer: writeSampleData: 1
2018-12-18 17:26:25.474 7895-8003/com.example.asus1.funcamera D/VideoMediaMuxer: writeSampleData: 0
2018-12-18 17:26:25.475 7895-8004/com.example.asus1.funcamera D/VideoMediaMuxer: writeSampleData: 1
2018-12-18 17:26:25.497 7895-8004/com.example.asus1.funcamera D/VideoMediaMuxer: writeSampleData: 1
2018-12-18 17:26:25.513 7895-8004/com.example.asus1.funcamera D/VideoMediaMuxer: writeSampleData: 1
2018-12-18 17:26:25.515 7895-8003/com.example.asus1.funcamera D/VideoMediaMuxer: writeSampleData: 0
2018-12-18 17:26:25.534 7895-8004/com.example.asus1.funcamera D/VideoMediaMuxer: writeSampleData: 1
2018-12-18 17:26:25.541 7895-8003/com.example.asus1.funcamera D/VideoMediaMuxer: writeSampleData: 0
2018-12-18 17:26:25.558 7895-8004/com.example.asus1.funcamera D/VideoMediaMuxer: writeSampleData: 1
2018-12-18 17:26:25.576 7895-8003/com.example.asus1.funcamera D/VideoMediaMuxer: writeSampleData: 0
2018-12-18 17:26:25.577 7895-8004/com.example.asus1.funcamera D/VideoMediaMuxer: writeSampleData: 1
2018-12-18 17:26:25.613 7895-8004/com.example.asus1.funcamera D/VideoMediaMuxer: writeSampleData: 1
2018-12-18 17:26:25.614 7895-8003/com.example.asus1.funcamera D/VideoMediaMuxer: writeSampleData: 0
2018-12-18 17:26:25.633 7895-8004/com.example.asus1.funcamera D/VideoMediaMuxer: writeSampleData: 1
2018-12-18 17:26:25.648 7895-8003/com.example.asus1.funcamera D/VideoMediaMuxer: writeSampleData: 0
2018-12-18 17:26:25.657 7895-8004/com.example.asus1.funcamera D/VideoMediaMuxer: writeSampleData: 1
2018-12-18 17:26:25.673 7895-8004/com.example.asus1.funcamera D/VideoMediaMuxer: writeSampleData: 1
2018-12-18 17:26:25.674 7895-8003/com.example.asus1.funcamera D/VideoMediaMuxer: writeSampleData: 0
2018-12-18 17:26:25.694 7895-8004/com.example.asus1.funcamera D/VideoMediaMuxer: writeSampleData: 1
2018-12-18 17:26:25.705 7895-8003/com.example.asus1.funcamera D/VideoMediaMuxer: writeSampleData: 0
2018-12-18 17:26:25.714 7895-8004/com.example.asus1.funcamera D/VideoMediaMuxer: writeSampleData: 1
2018-12-18 17:26:25.742 7895-8003/com.example.asus1.funcamera D/VideoMediaMuxer: writeSampleData: 0
2018-12-18 17:26:25.746 7895-8004/com.example.asus1.funcamera D/VideoMediaMuxer: writeSampleData: 1
2018-12-18 17:26:25.774 7895-8003/com.example.asus1.funcamera D/VideoMediaMuxer: writeSampleData: 0
2018-12-18 17:26:25.785 7895-8004/com.example.asus1.funcamera D/VideoMediaMuxer: writeSampleData: 1
2018-12-18 17:26:25.804 7895-8004/com.example.asus1.funcamera D/VideoMediaMuxer: writeSampleData: 1
2018-12-18 17:26:25.808 7895-8003/com.example.asus1.funcamera D/VideoMediaMuxer: writeSampleData: 0
2018-12-18 17:26:25.827 7895-8004/com.example.asus1.funcamera D/VideoMediaMuxer: writeSampleData: 1
2018-12-18 17:26:25.846 7895-8003/com.example.asus1.funcamera D/VideoMediaMuxer: writeSampleData: 0
2018-12-18 17:26:25.855 7895-8004/com.example.asus1.funcamera D/VideoMediaMuxer: writeSampleData: 1
2018-12-18 17:26:25.870 7895-8004/com.example.asus1.funcamera D/VideoMediaMuxer: writeSampleData: 1
2018-12-18 17:26:25.884 7895-8004/com.example.asus1.funcamera D/VideoMediaMuxer: writeSampleData: 1
2018-12-18 17:26:25.891 7895-8003/com.example.asus1.funcamera D/VideoMediaMuxer: writeSampleData: 0
2018-12-18 17:26:25.903 7895-8004/com.example.asus1.funcamera D/VideoMediaMuxer: writeSampleData: 1
2018-12-18 17:26:25.906 7895-8003/com.example.asus1.funcamera D/VideoMediaMuxer: writeSampleData: 0
2018-12-18 17:26:25.942 7895-8003/com.example.asus1.funcamera D/VideoMediaMuxer: writeSampleData: 0
2018-12-18 17:26:25.944 7895-8004/com.example.asus1.funcamera D/VideoMediaMuxer: writeSampleData: 1
2018-12-18 17:26:25.964 7895-8004/com.example.asus1.funcamera D/VideoMediaMuxer: writeSampleData: 1
2018-12-18 17:26:25.983 7895-8004/com.example.asus1.funcamera D/VideoMediaMuxer: writeSampleData: 1
2018-12-18 17:26:25.983 7895-8003/com.example.asus1.funcamera D/VideoMediaMuxer: writeSampleData: 0
2018-12-18 17:26:26.004 7895-8004/com.example.asus1.funcamera D/VideoMediaMuxer: writeSampleData: 1
2018-12-18 17:26:26.017 7895-8003/com.example.asus1.funcamera D/VideoMediaMuxer: writeSampleData: 0
2018-12-18 17:26:26.031 7895-8004/com.example.asus1.funcamera D/VideoMediaMuxer: writeSampleData: 1
2018-12-18 17:26:26.045 7895-8004/com.example.asus1.funcamera D/VideoMediaMuxer: writeSampleData: 1
2018-12-18 17:26:26.049 7895-8003/com.example.asus1.funcamera D/VideoMediaMuxer: writeSampleData: 0
2018-12-18 17:26:26.065 7895-8004/com.example.asus1.funcamera D/VideoMediaMuxer: writeSampleData: 1
2018-12-18 17:26:26.084 7895-8003/com.example.asus1.funcamera D/VideoMediaMuxer: writeSampleData: 0
2018-12-18 17:26:26.103 7895-8004/com.example.asus1.funcamera D/VideoMediaMuxer: writeSampleData: 1
2018-12-18 17:26:26.116 7895-8003/com.example.asus1.funcamera D/VideoMediaMuxer: writeSampleData: 0
2018-12-18 17:26:26.127 7895-8004/com.example.asus1.funcamera D/VideoMediaMuxer: writeSampleData: 1
2018-12-18 17:26:26.143 7895-8003/com.example.asus1.funcamera D/VideoMediaMuxer: writeSampleData: 0
2018-12-18 17:26:26.144 7895-8004/com.example.asus1.funcamera D/VideoMediaMuxer: writeSampleData: 1
2018-12-18 17:26:26.164 7895-8004/com.example.asus1.funcamera D/VideoMediaMuxer: writeSampleData: 1
2018-12-18 17:26:26.172 7895-8003/com.example.asus1.funcamera D/VideoMediaMuxer: writeSampleData: 0
2018-12-18 17:26:26.185 7895-8004/com.example.asus1.funcamera D/VideoMediaMuxer: writeSampleData: 1
2018-12-18 17:26:26.205 7895-8004/com.example.asus1.funcamera D/VideoMediaMuxer: writeSampleData: 1
2018-12-18 17:26:26.211 7895-8003/com.example.asus1.funcamera D/VideoMediaMuxer: writeSampleData: 0
2018-12-18 17:26:26.229 7895-8004/com.example.asus1.funcamera D/VideoMediaMuxer: writeSampleData: 1
2018-12-18 17:26:26.242 7895-8003/com.example.asus1.funcamera D/VideoMediaMuxer: writeSampleData: 0
2018-12-18 17:26:26.265 7895-8004/com.example.asus1.funcamera D/VideoMediaMuxer: writeSampleData: 1
2018-12-18 17:26:26.284 7895-8003/com.example.asus1.funcamera D/VideoMediaMuxer: writeSampleData: 0
2018-12-18 17:26:26.295 7895-8004/com.example.asus1.funcamera D/VideoMediaMuxer: writeSampleData: 1
2018-12-18 17:26:26.312 7895-8003/com.example.asus1.funcamera D/VideoMediaMuxer: writeSampleData: 0
2018-12-18 17:26:26.316 7895-8004/com.example.asus1.funcamera D/VideoMediaMuxer: writeSampleData: 1
2018-12-18 17:26:26.334 7895-8004/com.example.asus1.funcamera D/VideoMediaMuxer: writeSampleData: 1
2018-12-18 17:26:26.344 7895-8003/com.example.asus1.funcamera D/VideoMediaMuxer: writeSampleData: 0
2018-12-18 17:26:26.353 7895-8004/com.example.asus1.funcamera D/VideoMediaMuxer: writeSampleData: 1
2018-12-18 17:26:26.376 7895-8004/com.example.asus1.funcamera D/VideoMediaMuxer: writeSampleData: 1
2018-12-18 17:26:26.385 7895-8003/com.example.asus1.funcamera D/VideoMediaMuxer: writeSampleData: 0
2018-12-18 17:26:26.394 7895-8004/com.example.asus1.funcamera D/VideoMediaMuxer: writeSampleData: 1
2018-12-18 17:26:26.408 7895-8003/com.example.asus1.funcamera D/VideoMediaMuxer: writeSampleData: 0
2018-12-18 17:26:26.435 7895-8004/com.example.asus1.funcamera D/VideoMediaMuxer: writeSampleData: 1
2018-12-18 17:26:26.443 7895-8003/com.example.asus1.funcamera D/VideoMediaMuxer: writeSampleData: 0
2018-12-18 17:26:26.453 7895-8004/com.example.asus1.funcamera D/VideoMediaMuxer: writeSampleData: 1
2018-12-18 17:26:26.473 7895-8004/com.example.asus1.funcamera D/VideoMediaMuxer: writeSampleData: 1
2018-12-18 17:26:26.476 7895-8003/com.example.asus1.funcamera D/VideoMediaMuxer: writeSampleData: 0
2018-12-18 17:26:26.493 7895-8004/com.example.asus1.funcamera D/VideoMediaMuxer: writeSampleData: 1
2018-12-18 17:26:26.514 7895-8004/com.example.asus1.funcamera D/VideoMediaMuxer: writeSampleData: 1
2018-12-18 17:26:26.518 7895-8003/com.example.asus1.funcamera D/VideoMediaMuxer: writeSampleData: 0
2018-12-18 17:26:26.536 7895-8004/com.example.asus1.funcamera D/VideoMediaMuxer: writeSampleData: 1
2018-12-18 17:26:26.544 7895-8003/com.example.asus1.funcamera D/VideoMediaMuxer: writeSampleData: 0
2018-12-18 17:26:26.555 7895-8004/com.example.asus1.funcamera D/VideoMediaMuxer: writeSampleData: 1
2018-12-18 17:26:26.585 7895-8003/com.example.asus1.funcamera D/VideoMediaMuxer: writeSampleData: 0
2018-12-18 17:26:26.593 7895-8004/com.example.asus1.funcamera D/VideoMediaMuxer: writeSampleData: 1
2018-12-18 17:26:26.613 7895-8004/com.example.asus1.funcamera D/VideoMediaMuxer: writeSampleData: 1
2018-12-18 17:26:26.618 7895-8003/com.example.asus1.funcamera D/VideoMediaMuxer: writeSampleData: 0
2018-12-18 17:26:26.634 7895-8004/com.example.asus1.funcamera D/VideoMediaMuxer: writeSampleData: 1
2018-12-18 17:26:26.653 7895-8003/com.example.asus1.funcamera D/VideoMediaMuxer: writeSampleData: 0
2018-12-18 17:26:26.654 7895-8004/com.example.asus1.funcamera D/VideoMediaMuxer: writeSampleData: 1
2018-12-18 17:26:26.677 7895-8004/com.example.asus1.funcamera D/VideoMediaMuxer: writeSampleData: 1
2018-12-18 17:26:26.685 7895-8003/com.example.asus1.funcamera D/VideoMediaMuxer: writeSampleData: 0
2018-12-18 17:26:26.695 7895-8004/com.example.asus1.funcamera D/VideoMediaMuxer: writeSampleData: 1
2018-12-18 17:26:26.711 7895-8003/com.example.asus1.funcamera D/VideoMediaMuxer: writeSampleData: 0
2018-12-18 17:26:26.715 7895-8004/com.example.asus1.funcamera D/VideoMediaMuxer: writeSampleData: 1
2018-12-18 17:26:26.743 7895-8003/com.example.asus1.funcamera D/VideoMediaMuxer: writeSampleData: 0
2018-12-18 17:26:26.753 7895-8004/com.example.asus1.funcamera D/VideoMediaMuxer: writeSampleData: 1
2018-12-18 17:26:26.774 7895-8004/com.example.asus1.funcamera D/VideoMediaMuxer: writeSampleData: 1
2018-12-18 17:26:26.779 7895-8003/com.example.asus1.funcamera D/VideoMediaMuxer: writeSampleData: 0
2018-12-18 17:26:26.789 7895-8004/com.example.asus1.funcamera D/VideoMediaMuxer: writeSampleData: 1
2018-12-18 17:26:26.810 7895-8004/com.example.asus1.funcamera D/VideoMediaMuxer: writeSampleData: 1
2018-12-18 17:26:26.819 7895-8003/com.example.asus1.funcamera D/VideoMediaMuxer: writeSampleData: 0
2018-12-18 17:26:26.832 7895-8004/com.example.asus1.funcamera D/VideoMediaMuxer: writeSampleData: 1
2018-12-18 17:26:26.857 7895-8003/com.example.asus1.funcamera D/VideoMediaMuxer: writeSampleData: 0
2018-12-18 17:26:26.863 7895-8004/com.example.asus1.funcamera D/VideoMediaMuxer: writeSampleData: 1
2018-12-18 17:26:26.880 7895-8004/com.example.asus1.funcamera D/VideoMediaMuxer: writeSampleData: 1
2018-12-18 17:26:26.885 7895-8003/com.example.asus1.funcamera D/VideoMediaMuxer: writeSampleData: 0
